
> ai-code-review-dashboard@0.1.0 mobile:build
> node scripts/build-mobile.js

[Mobile Build] Starting mobile build process...
[Mobile Build] 
[Mobile Build] Backing up API routes...
[Mobile Build] API routes backed up outside app directory
[Mobile Build] Backing up middleware...
[Mobile Build] Middleware backed up outside app directory
[Mobile Build] Backing up dynamic route pages...
[Mobile Build] Backed up 0 dynamic route directories outside app directory
[Mobile Build] Replacing @clerk/nextjs imports with @clerk/clerk-react...
[Mobile Build] Replaced Clerk imports in 0 files
[Mobile Build] Replacing files with mobile-compatible versions...
[Mobile Build]   Replaced: app/layout.tsx
[Mobile Build]   Replaced: app/page.tsx
[Mobile Build]   Replaced: app/dashboard/layout.tsx
[Mobile Build]   Replaced: app/dashboard/admin/layout.tsx
[Mobile Build]   Replaced: app/dashboard/page.tsx
[Mobile Build]   Replaced: app/auth/page.tsx
[Mobile Build]   Replaced: lib/auth.ts
[Mobile Build]   Replaced: lib/backend-admin.ts
[Mobile Build]   Replaced: lib/github.ts
[Mobile Build]   Replaced: lib/clerk-runtime.ts
[Mobile Build] Backing up Next.js config...
[Mobile Build] Switching to mobile config...
[Mobile Build] Cleaning build directories...
[Mobile Build] Running Next.js build...
  ▲ Next.js 14.2.35
  - Environments: .env.local

   Creating an optimized production build ...
2026-04-06T23:16:52.902Z next:build:webpack-build building all compilers in same process
2026-04-06T23:17:04.162Z next:jsconfig-paths-plugin tsconfig.json or jsconfig.json paths: { '@/*': [ './*' ] }
2026-04-06T23:17:04.162Z next:jsconfig-paths-plugin resolved baseUrl: {
  baseUrl: 'C:\\Users\\Ahmed Amin Bejoui\\Desktop\\ai-code-review-platform\\apps\\dashboard',
  isImplicit: true
}
2026-04-06T23:17:04.853Z next:jsconfig-paths-plugin tsconfig.json or jsconfig.json paths: { '@/*': [ './*' ] }
2026-04-06T23:17:04.853Z next:jsconfig-paths-plugin resolved baseUrl: {
  baseUrl: 'C:\\Users\\Ahmed Amin Bejoui\\Desktop\\ai-code-review-platform\\apps\\dashboard',
  isImplicit: true
}
2026-04-06T23:17:05.035Z next:jsconfig-paths-plugin tsconfig.json or jsconfig.json paths: { '@/*': [ './*' ] }
2026-04-06T23:17:05.035Z next:jsconfig-paths-plugin resolved baseUrl: {
  baseUrl: 'C:\\Users\\Ahmed Amin Bejoui\\Desktop\\ai-code-review-platform\\apps\\dashboard',
  isImplicit: true
}
2026-04-06T23:17:05.874Z next:build:webpack-build starting compiler null
2026-04-06T23:17:05.875Z next:build:webpack-build starting server compiler
2026-04-06T23:17:07.289Z next:jsconfig-paths-plugin moduleName did not match any paths pattern next-route-loader
2026-04-06T23:17:07.293Z next:jsconfig-paths-plugin moduleName did not match any paths pattern next-app-loader
2026-04-06T23:17:07.293Z next:jsconfig-paths-plugin moduleName did not match any paths pattern next-app-loader
2026-04-06T23:17:07.294Z next:jsconfig-paths-plugin moduleName did not match any paths pattern next-app-loader
2026-04-06T23:17:07.294Z next:jsconfig-paths-plugin moduleName did not match any paths pattern next-app-loader
2026-04-06T23:17:07.294Z next:jsconfig-paths-plugin moduleName did not match any paths pattern next-app-loader
2026-04-06T23:17:07.295Z next:jsconfig-paths-plugin moduleName did not match any paths pattern next-app-loader
2026-04-06T23:17:07.295Z next:jsconfig-paths-plugin moduleName did not match any paths pattern next-app-loader
2026-04-06T23:17:07.296Z next:jsconfig-paths-plugin moduleName did not match any paths pattern next-app-loader
2026-04-06T23:17:07.296Z next:jsconfig-paths-plugin moduleName did not match any paths pattern next-app-loader
2026-04-06T23:17:07.296Z next:jsconfig-paths-plugin moduleName did not match any paths pattern next-app-loader
2026-04-06T23:17:07.297Z next:jsconfig-paths-plugin moduleName did not match any paths pattern next-app-loader
2026-04-06T23:17:07.297Z next:jsconfig-paths-plugin moduleName did not match any paths pattern next-app-loader
2026-04-06T23:17:07.297Z next:jsconfig-paths-plugin moduleName did not match any paths pattern next-app-loader
2026-04-06T23:17:07.297Z next:jsconfig-paths-plugin moduleName did not match any paths pattern next-app-loader
2026-04-06T23:17:07.297Z next:jsconfig-paths-plugin moduleName did not match any paths pattern next-app-loader
2026-04-06T23:17:07.298Z next:jsconfig-paths-plugin moduleName did not match any paths pattern next-app-loader
2026-04-06T23:17:07.298Z next:jsconfig-paths-plugin moduleName did not match any paths pattern next-app-loader
2026-04-06T23:17:07.298Z next:jsconfig-paths-plugin moduleName did not match any paths pattern next-app-loader
2026-04-06T23:17:07.298Z next:jsconfig-paths-plugin moduleName did not match any paths pattern next-app-loader
2026-04-06T23:17:07.298Z next:jsconfig-paths-plugin moduleName did not match any paths pattern next-app-loader
2026-04-06T23:17:07.299Z next:jsconfig-paths-plugin moduleName did not match any paths pattern next-app-loader
2026-04-06T23:17:07.299Z next:jsconfig-paths-plugin moduleName did not match any paths pattern next-app-loader
2026-04-06T23:17:07.299Z next:jsconfig-paths-plugin moduleName did not match any paths pattern next-app-loader
2026-04-06T23:17:07.300Z next:jsconfig-paths-plugin moduleName did not match any paths pattern next-app-loader
2026-04-06T23:17:07.300Z next:jsconfig-paths-plugin moduleName did not match any paths pattern next-app-loader
2026-04-06T23:17:07.300Z next:jsconfig-paths-plugin moduleName did not match any paths pattern next-app-loader
2026-04-06T23:17:07.300Z next:jsconfig-paths-plugin moduleName did not match any paths pattern next-app-loader
2026-04-06T23:17:07.300Z next:jsconfig-paths-plugin moduleName did not match any paths pattern next-app-loader
2026-04-06T23:17:07.300Z next:jsconfig-paths-plugin moduleName did not match any paths pattern next-app-loader
2026-04-06T23:17:07.301Z next:jsconfig-paths-plugin moduleName did not match any paths pattern next-app-loader
2026-04-06T23:17:07.301Z next:jsconfig-paths-plugin moduleName did not match any paths pattern next-app-loader
2026-04-06T23:17:07.301Z next:jsconfig-paths-plugin moduleName did not match any paths pattern next-app-loader
2026-04-06T23:17:07.301Z next:jsconfig-paths-plugin moduleName did not match any paths pattern next-app-loader
2026-04-06T23:17:07.302Z next:jsconfig-paths-plugin moduleName did not match any paths pattern next-app-loader
2026-04-06T23:17:07.302Z next:jsconfig-paths-plugin moduleName did not match any paths pattern next-app-loader
2026-04-06T23:17:07.302Z next:jsconfig-paths-plugin moduleName did not match any paths pattern next/dist/pages/_app
2026-04-06T23:17:07.323Z next:jsconfig-paths-plugin skipping request as it is an absolute path C:\Users\Ahmed Amin Bejoui\Desktop\ai-code-review-platform\apps\dashboard\node_modules\next/dist/pages/_app
2026-04-06T23:17:07.325Z next:jsconfig-paths-plugin moduleName did not match any paths pattern next/dist/pages/_document
2026-04-06T23:17:07.325Z next:jsconfig-paths-plugin skipping request as it is an absolute path C:\Users\Ahmed Amin Bejoui\Desktop\ai-code-review-platform\apps\dashboard\node_modules\next/dist/pages/_document
2026-04-06T23:17:08.052Z next:jsconfig-paths-plugin moduleName did not match any paths pattern next-route-loader
2026-04-06T23:17:08.056Z next:jsconfig-paths-plugin moduleName did not match any paths pattern next-route-loader
2026-04-06T23:17:08.066Z next:jsconfig-paths-plugin moduleName did not match any paths pattern next-route-loader
2026-04-06T23:17:08.077Z next:jsconfig-paths-plugin moduleName did not match any paths pattern next-route-loader
2026-04-06T23:17:08.082Z next:jsconfig-paths-plugin moduleName did not match any paths pattern next-route-loader
2026-04-06T23:17:08.105Z next:jsconfig-paths-plugin moduleName did not match any paths pattern next-app-loader
2026-04-06T23:17:08.105Z next:jsconfig-paths-plugin moduleName did not match any paths pattern next-app-loader
2026-04-06T23:17:08.106Z next:jsconfig-paths-plugin moduleName did not match any paths pattern next-app-loader
2026-04-06T23:17:08.106Z next:jsconfig-paths-plugin moduleName did not match any paths pattern next-app-loader
2026-04-06T23:17:08.108Z next:jsconfig-paths-plugin moduleName did not match any paths pattern next-app-loader
2026-04-06T23:17:08.108Z next:jsconfig-paths-plugin moduleName did not match any paths pattern next-app-loader
2026-04-06T23:17:08.108Z next:jsconfig-paths-plugin moduleName did not match any paths pattern next-app-loader
2026-04-06T23:17:08.108Z next:jsconfig-paths-plugin moduleName did not match any paths pattern next-app-loader
2026-04-06T23:17:08.109Z next:jsconfig-paths-plugin moduleName did not match any paths pattern next-app-loader
2026-04-06T23:17:08.109Z next:jsconfig-paths-plugin moduleName did not match any paths pattern next-app-loader
2026-04-06T23:17:08.110Z next:jsconfig-paths-plugin moduleName did not match any paths pattern next-app-loader
2026-04-06T23:17:08.110Z next:jsconfig-paths-plugin moduleName did not match any paths pattern next-app-loader
2026-04-06T23:17:08.110Z next:jsconfig-paths-plugin moduleName did not match any paths pattern next-app-loader
2026-04-06T23:17:08.110Z next:jsconfig-paths-plugin moduleName did not match any paths pattern next-app-loader
2026-04-06T23:17:08.112Z next:jsconfig-paths-plugin moduleName did not match any paths pattern next-app-loader
2026-04-06T23:17:08.112Z next:jsconfig-paths-plugin moduleName did not match any paths pattern next-app-loader
2026-04-06T23:17:08.112Z next:jsconfig-paths-plugin moduleName did not match any paths pattern next-app-loader
2026-04-06T23:17:08.112Z next:jsconfig-paths-plugin moduleName did not match any paths pattern next-app-loader
2026-04-06T23:17:08.112Z next:jsconfig-paths-plugin moduleName did not match any paths pattern next-app-loader
2026-04-06T23:17:08.113Z next:jsconfig-paths-plugin moduleName did not match any paths pattern next-app-loader
2026-04-06T23:17:08.113Z next:jsconfig-paths-plugin moduleName did not match any paths pattern next-app-loader
2026-04-06T23:17:08.114Z next:jsconfig-paths-plugin moduleName did not match any paths pattern next-app-loader
2026-04-06T23:17:08.115Z next:jsconfig-paths-plugin moduleName did not match any paths pattern next-app-loader
2026-04-06T23:17:08.115Z next:jsconfig-paths-plugin moduleName did not match any paths pattern next-app-loader
2026-04-06T23:17:08.115Z next:jsconfig-paths-plugin moduleName did not match any paths pattern next-app-loader
2026-04-06T23:17:08.115Z next:jsconfig-paths-plugin moduleName did not match any paths pattern next-app-loader
2026-04-06T23:17:08.115Z next:jsconfig-paths-plugin moduleName did not match any paths pattern next-app-loader
2026-04-06T23:17:08.115Z next:jsconfig-paths-plugin moduleName did not match any paths pattern next-app-loader
2026-04-06T23:17:08.116Z next:jsconfig-paths-plugin moduleName did not match any paths pattern next-app-loader
2026-04-06T23:17:08.116Z next:jsconfig-paths-plugin moduleName did not match any paths pattern next-app-loader
2026-04-06T23:17:08.116Z next:jsconfig-paths-plugin moduleName did not match any paths pattern next-app-loader
2026-04-06T23:17:08.116Z next:jsconfig-paths-plugin moduleName did not match any paths pattern next-app-loader
2026-04-06T23:17:08.117Z next:jsconfig-paths-plugin moduleName did not match any paths pattern next-app-loader
2026-04-06T23:17:08.117Z next:jsconfig-paths-plugin moduleName did not match any paths pattern next-app-loader
2026-04-06T23:17:08.117Z next:jsconfig-paths-plugin moduleName did not match any paths pattern next-app-loader
2026-04-06T23:17:08.190Z next:jsconfig-paths-plugin moduleName did not match any paths pattern next-app-loader
2026-04-06T23:17:08.192Z next:jsconfig-paths-plugin moduleName did not match any paths pattern next-app-loader
2026-04-06T23:17:08.192Z next:jsconfig-paths-plugin moduleName did not match any paths pattern next-app-loader
2026-04-06T23:17:08.193Z next:jsconfig-paths-plugin moduleName did not match any paths pattern next-app-loader
2026-04-06T23:17:08.193Z next:jsconfig-paths-plugin moduleName did not match any paths pattern next-app-loader
2026-04-06T23:17:08.193Z next:jsconfig-paths-plugin moduleName did not match any paths pattern next-app-loader
2026-04-06T23:17:08.193Z next:jsconfig-paths-plugin moduleName did not match any paths pattern next-app-loader
2026-04-06T23:17:08.194Z next:jsconfig-paths-plugin moduleName did not match any paths pattern next-app-loader
2026-04-06T23:17:08.194Z next:jsconfig-paths-plugin moduleName did not match any paths pattern next-app-loader
2026-04-06T23:17:08.194Z next:jsconfig-paths-plugin moduleName did not match any paths pattern next-app-loader
2026-04-06T23:17:08.195Z next:jsconfig-paths-plugin moduleName did not match any paths pattern next-app-loader
2026-04-06T23:17:08.196Z next:jsconfig-paths-plugin moduleName did not match any paths pattern next-app-loader
2026-04-06T23:17:08.196Z next:jsconfig-paths-plugin moduleName did not match any paths pattern next-app-loader
2026-04-06T23:17:08.196Z next:jsconfig-paths-plugin moduleName did not match any paths pattern next-app-loader
2026-04-06T23:17:08.197Z next:jsconfig-paths-plugin moduleName did not match any paths pattern next-app-loader
2026-04-06T23:17:08.197Z next:jsconfig-paths-plugin moduleName did not match any paths pattern next-app-loader
2026-04-06T23:17:08.197Z next:jsconfig-paths-plugin moduleName did not match any paths pattern next-app-loader
2026-04-06T23:17:08.197Z next:jsconfig-paths-plugin moduleName did not match any paths pattern next-app-loader
2026-04-06T23:17:08.197Z next:jsconfig-paths-plugin moduleName did not match any paths pattern next-app-loader
2026-04-06T23:17:08.198Z next:jsconfig-paths-plugin moduleName did not match any paths pattern next-app-loader
2026-04-06T23:17:08.198Z next:jsconfig-paths-plugin moduleName did not match any paths pattern next-app-loader
2026-04-06T23:17:08.198Z next:jsconfig-paths-plugin moduleName did not match any paths pattern next-app-loader
2026-04-06T23:17:08.198Z next:jsconfig-paths-plugin moduleName did not match any paths pattern next-app-loader
2026-04-06T23:17:08.198Z next:jsconfig-paths-plugin moduleName did not match any paths pattern next-app-loader
2026-04-06T23:17:08.199Z next:jsconfig-paths-plugin moduleName did not match any paths pattern next-app-loader
2026-04-06T23:17:08.200Z next:jsconfig-paths-plugin moduleName did not match any paths pattern next-app-loader
2026-04-06T23:17:08.239Z next:jsconfig-paths-plugin moduleName did not match any paths pattern next-app-loader
2026-04-06T23:17:08.240Z next:jsconfig-paths-plugin moduleName did not match any paths pattern next-app-loader
2026-04-06T23:17:08.240Z next:jsconfig-paths-plugin moduleName did not match any paths pattern next-app-loader
2026-04-06T23:17:08.240Z next:jsconfig-paths-plugin moduleName did not match any paths pattern next-app-loader
2026-04-06T23:17:08.240Z next:jsconfig-paths-plugin moduleName did not match any paths pattern next-app-loader
2026-04-06T23:17:08.240Z next:jsconfig-paths-plugin moduleName did not match any paths pattern next-app-loader
2026-04-06T23:17:08.240Z next:jsconfig-paths-plugin moduleName did not match any paths pattern next-app-loader
2026-04-06T23:17:08.241Z next:jsconfig-paths-plugin moduleName did not match any paths pattern next-app-loader
2026-04-06T23:17:08.241Z next:jsconfig-paths-plugin moduleName did not match any paths pattern next-app-loader
2026-04-06T23:17:08.487Z next:jsconfig-paths-plugin moduleName did not match any paths pattern next-app-loader
2026-04-06T23:17:08.487Z next:jsconfig-paths-plugin moduleName did not match any paths pattern next-app-loader
2026-04-06T23:17:08.487Z next:jsconfig-paths-plugin moduleName did not match any paths pattern next-app-loader
2026-04-06T23:17:08.488Z next:jsconfig-paths-plugin moduleName did not match any paths pattern next-app-loader
2026-04-06T23:17:08.488Z next:jsconfig-paths-plugin moduleName did not match any paths pattern next-app-loader
2026-04-06T23:17:08.488Z next:jsconfig-paths-plugin moduleName did not match any paths pattern next-app-loader
2026-04-06T23:17:08.488Z next:jsconfig-paths-plugin moduleName did not match any paths pattern next-app-loader
2026-04-06T23:17:08.488Z next:jsconfig-paths-plugin moduleName did not match any paths pattern next-app-loader
2026-04-06T23:17:08.488Z next:jsconfig-paths-plugin moduleName did not match any paths pattern next-app-loader
2026-04-06T23:17:08.488Z next:jsconfig-paths-plugin moduleName did not match any paths pattern next-app-loader
2026-04-06T23:17:08.488Z next:jsconfig-paths-plugin moduleName did not match any paths pattern next-app-loader
2026-04-06T23:17:08.499Z next:jsconfig-paths-plugin moduleName did not match any paths pattern next-app-loader
2026-04-06T23:17:08.500Z next:jsconfig-paths-plugin moduleName did not match any paths pattern next-app-loader
2026-04-06T23:17:08.500Z next:jsconfig-paths-plugin moduleName did not match any paths pattern next-app-loader
2026-04-06T23:17:08.500Z next:jsconfig-paths-plugin moduleName did not match any paths pattern next-app-loader
2026-04-06T23:17:08.500Z next:jsconfig-paths-plugin moduleName did not match any paths pattern next-app-loader
2026-04-06T23:17:08.500Z next:jsconfig-paths-plugin moduleName did not match any paths pattern next-app-loader
2026-04-06T23:17:08.500Z next:jsconfig-paths-plugin moduleName did not match any paths pattern next-app-loader
2026-04-06T23:17:08.500Z next:jsconfig-paths-plugin moduleName did not match any paths pattern next-app-loader
2026-04-06T23:17:08.501Z next:jsconfig-paths-plugin moduleName did not match any paths pattern next-app-loader
2026-04-06T23:17:08.501Z next:jsconfig-paths-plugin moduleName did not match any paths pattern next-app-loader
2026-04-06T23:17:08.502Z next:jsconfig-paths-plugin moduleName did not match any paths pattern next-app-loader
2026-04-06T23:17:08.502Z next:jsconfig-paths-plugin moduleName did not match any paths pattern next-app-loader
2026-04-06T23:17:08.508Z next:jsconfig-paths-plugin moduleName did not match any paths pattern next-app-loader
2026-04-06T23:17:08.508Z next:jsconfig-paths-plugin moduleName did not match any paths pattern next-app-loader
2026-04-06T23:17:08.509Z next:jsconfig-paths-plugin moduleName did not match any paths pattern next-app-loader
2026-04-06T23:17:08.509Z next:jsconfig-paths-plugin moduleName did not match any paths pattern next-app-loader
2026-04-06T23:17:08.509Z next:jsconfig-paths-plugin moduleName did not match any paths pattern next-app-loader
2026-04-06T23:17:08.509Z next:jsconfig-paths-plugin moduleName did not match any paths pattern next-app-loader
2026-04-06T23:17:08.509Z next:jsconfig-paths-plugin moduleName did not match any paths pattern next-app-loader
2026-04-06T23:17:08.509Z next:jsconfig-paths-plugin moduleName did not match any paths pattern next-app-loader
2026-04-06T23:17:08.509Z next:jsconfig-paths-plugin moduleName did not match any paths pattern next-app-loader
2026-04-06T23:17:08.510Z next:jsconfig-paths-plugin moduleName did not match any paths pattern next-app-loader
2026-04-06T23:17:08.510Z next:jsconfig-paths-plugin moduleName did not match any paths pattern next-app-loader
2026-04-06T23:17:08.510Z next:jsconfig-paths-plugin moduleName did not match any paths pattern next-app-loader
2026-04-06T23:17:08.928Z next:jsconfig-paths-plugin moduleName did not match any paths pattern next-app-loader
2026-04-06T23:17:08.928Z next:jsconfig-paths-plugin moduleName did not match any paths pattern next-app-loader
2026-04-06T23:17:08.928Z next:jsconfig-paths-plugin moduleName did not match any paths pattern next-app-loader
2026-04-06T23:17:08.928Z next:jsconfig-paths-plugin moduleName did not match any paths pattern next-app-loader
2026-04-06T23:17:08.928Z next:jsconfig-paths-plugin moduleName did not match any paths pattern next-app-loader
2026-04-06T23:17:08.928Z next:jsconfig-paths-plugin moduleName did not match any paths pattern next-app-loader
2026-04-06T23:17:08.928Z next:jsconfig-paths-plugin moduleName did not match any paths pattern next-app-loader
2026-04-06T23:17:08.929Z next:jsconfig-paths-plugin moduleName did not match any paths pattern next-app-loader
2026-04-06T23:17:08.929Z next:jsconfig-paths-plugin moduleName did not match any paths pattern next-app-loader
2026-04-06T23:17:08.929Z next:jsconfig-paths-plugin moduleName did not match any paths pattern next-app-loader
2026-04-06T23:17:08.929Z next:jsconfig-paths-plugin moduleName did not match any paths pattern next-app-loader
2026-04-06T23:17:08.929Z next:jsconfig-paths-plugin moduleName did not match any paths pattern next-app-loader
2026-04-06T23:17:08.930Z next:jsconfig-paths-plugin moduleName did not match any paths pattern next-app-loader
2026-04-06T23:17:08.930Z next:jsconfig-paths-plugin moduleName did not match any paths pattern next-app-loader
2026-04-06T23:17:08.930Z next:jsconfig-paths-plugin moduleName did not match any paths pattern next-app-loader
2026-04-06T23:17:08.930Z next:jsconfig-paths-plugin moduleName did not match any paths pattern next-app-loader
2026-04-06T23:17:08.930Z next:jsconfig-paths-plugin moduleName did not match any paths pattern next-app-loader
2026-04-06T23:17:08.930Z next:jsconfig-paths-plugin moduleName did not match any paths pattern next-app-loader
2026-04-06T23:17:08.930Z next:jsconfig-paths-plugin moduleName did not match any paths pattern next-app-loader
2026-04-06T23:17:08.930Z next:jsconfig-paths-plugin moduleName did not match any paths pattern next-app-loader
2026-04-06T23:17:08.930Z next:jsconfig-paths-plugin moduleName did not match any paths pattern next-app-loader
2026-04-06T23:17:08.931Z next:jsconfig-paths-plugin moduleName did not match any paths pattern next-app-loader
2026-04-06T23:17:08.931Z next:jsconfig-paths-plugin moduleName did not match any paths pattern next-app-loader
2026-04-06T23:17:08.931Z next:jsconfig-paths-plugin moduleName did not match any paths pattern next-app-loader
2026-04-06T23:17:08.931Z next:jsconfig-paths-plugin moduleName did not match any paths pattern next-app-loader
2026-04-06T23:17:08.931Z next:jsconfig-paths-plugin moduleName did not match any paths pattern next-app-loader
2026-04-06T23:17:08.931Z next:jsconfig-paths-plugin moduleName did not match any paths pattern next-app-loader
2026-04-06T23:17:08.931Z next:jsconfig-paths-plugin moduleName did not match any paths pattern next-app-loader
2026-04-06T23:17:08.931Z next:jsconfig-paths-plugin moduleName did not match any paths pattern next-app-loader
2026-04-06T23:17:08.931Z next:jsconfig-paths-plugin moduleName did not match any paths pattern next-app-loader
2026-04-06T23:17:08.932Z next:jsconfig-paths-plugin moduleName did not match any paths pattern next-app-loader
2026-04-06T23:17:08.935Z next:jsconfig-paths-plugin moduleName did not match any paths pattern next-app-loader
2026-04-06T23:17:08.935Z next:jsconfig-paths-plugin moduleName did not match any paths pattern next-app-loader
2026-04-06T23:17:08.936Z next:jsconfig-paths-plugin moduleName did not match any paths pattern next-app-loader
2026-04-06T23:17:08.936Z next:jsconfig-paths-plugin moduleName did not match any paths pattern next-app-loader
2026-04-06T23:17:09.185Z next:jsconfig-paths-plugin moduleName did not match any paths pattern next-app-loader
2026-04-06T23:17:09.189Z next:jsconfig-paths-plugin moduleName did not match any paths pattern next-app-loader
2026-04-06T23:17:09.189Z next:jsconfig-paths-plugin moduleName did not match any paths pattern next-app-loader
2026-04-06T23:17:09.190Z next:jsconfig-paths-plugin moduleName did not match any paths pattern next-app-loader
2026-04-06T23:17:09.190Z next:jsconfig-paths-plugin moduleName did not match any paths pattern next-app-loader
2026-04-06T23:17:09.190Z next:jsconfig-paths-plugin moduleName did not match any paths pattern next-app-loader
2026-04-06T23:17:09.222Z next:jsconfig-paths-plugin moduleName did not match any paths pattern next-app-loader
2026-04-06T23:17:09.222Z next:jsconfig-paths-plugin moduleName did not match any paths pattern next-app-loader
2026-04-06T23:17:09.222Z next:jsconfig-paths-plugin moduleName did not match any paths pattern next-app-loader
2026-04-06T23:17:09.223Z next:jsconfig-paths-plugin moduleName did not match any paths pattern next-app-loader
2026-04-06T23:17:09.223Z next:jsconfig-paths-plugin moduleName did not match any paths pattern next-app-loader
2026-04-06T23:17:09.223Z next:jsconfig-paths-plugin moduleName did not match any paths pattern next-app-loader
2026-04-06T23:17:09.223Z next:jsconfig-paths-plugin moduleName did not match any paths pattern next-app-loader
2026-04-06T23:17:09.223Z next:jsconfig-paths-plugin moduleName did not match any paths pattern next-app-loader
2026-04-06T23:17:09.223Z next:jsconfig-paths-plugin moduleName did not match any paths pattern next-app-loader
2026-04-06T23:17:09.223Z next:jsconfig-paths-plugin moduleName did not match any paths pattern next-app-loader
2026-04-06T23:17:09.223Z next:jsconfig-paths-plugin moduleName did not match any paths pattern next-app-loader
2026-04-06T23:17:09.223Z next:jsconfig-paths-plugin moduleName did not match any paths pattern next-app-loader
2026-04-06T23:17:09.223Z next:jsconfig-paths-plugin moduleName did not match any paths pattern next-app-loader
2026-04-06T23:17:09.224Z next:jsconfig-paths-plugin moduleName did not match any paths pattern next-app-loader
2026-04-06T23:17:09.224Z next:jsconfig-paths-plugin moduleName did not match any paths pattern next-app-loader
2026-04-06T23:17:09.224Z next:jsconfig-paths-plugin moduleName did not match any paths pattern next-app-loader
2026-04-06T23:17:09.224Z next:jsconfig-paths-plugin moduleName did not match any paths pattern next-app-loader
2026-04-06T23:17:09.224Z next:jsconfig-paths-plugin moduleName did not match any paths pattern next-app-loader
2026-04-06T23:17:09.224Z next:jsconfig-paths-plugin moduleName did not match any paths pattern next-app-loader
2026-04-06T23:17:09.224Z next:jsconfig-paths-plugin moduleName did not match any paths pattern next-app-loader
2026-04-06T23:17:09.224Z next:jsconfig-paths-plugin moduleName did not match any paths pattern next-app-loader
2026-04-06T23:17:09.254Z next:jsconfig-paths-plugin moduleName did not match any paths pattern next-app-loader
2026-04-06T23:17:09.254Z next:jsconfig-paths-plugin moduleName did not match any paths pattern next-app-loader
2026-04-06T23:17:09.254Z next:jsconfig-paths-plugin moduleName did not match any paths pattern next-app-loader
2026-04-06T23:17:09.255Z next:jsconfig-paths-plugin moduleName did not match any paths pattern next-app-loader
2026-04-06T23:17:09.255Z next:jsconfig-paths-plugin moduleName did not match any paths pattern next-app-loader
2026-04-06T23:17:09.256Z next:jsconfig-paths-plugin moduleName did not match any paths pattern next-app-loader
2026-04-06T23:17:09.256Z next:jsconfig-paths-plugin moduleName did not match any paths pattern next-app-loader
2026-04-06T23:17:09.256Z next:jsconfig-paths-plugin moduleName did not match any paths pattern next-app-loader
2026-04-06T23:17:12.241Z next:jsconfig-paths-plugin skipping request as it is inside node_modules ../shared/lib/utils
2026-04-06T23:17:12.241Z next:jsconfig-paths-plugin skipping request as it is inside node_modules ../shared/lib/constants
2026-04-06T23:17:12.242Z next:jsconfig-paths-plugin skipping request as it is inside node_modules ../server/get-page-files
2026-04-06T23:17:12.242Z next:jsconfig-paths-plugin skipping request as it is inside node_modules ../server/htmlescape
2026-04-06T23:17:12.242Z next:jsconfig-paths-plugin skipping request as it is inside node_modules ../lib/is-error
2026-04-06T23:17:12.242Z next:jsconfig-paths-plugin skipping request as it is inside node_modules ../shared/lib/html-context.shared-runtime
2026-04-06T23:17:12.243Z next:jsconfig-paths-plugin skipping request as it is inside node_modules ../shared/lib/encode-uri-path
2026-04-06T23:17:12.243Z next:jsconfig-paths-plugin skipping request as it is inside node_modules ../server/utils
2026-04-06T23:17:12.243Z next:jsconfig-paths-plugin skipping request as it is inside node_modules ../lib/pretty-bytes
2026-04-06T23:17:12.244Z next:jsconfig-paths-plugin skipping request as it is inside node_modules @swc/helpers/_/_interop_require_default
2026-04-06T23:17:12.244Z next:jsconfig-paths-plugin skipping request as it is inside node_modules C:\Users\Ahmed Amin Bejoui\Desktop\ai-code-review-platform\apps\dashboard\node_modules\@swc\helpers\_/_interop_require_default
2026-04-06T23:17:12.365Z next:jsconfig-paths-plugin moduleName did not match any paths pattern next-metadata-route-loader
2026-04-06T23:17:12.365Z next:jsconfig-paths-plugin moduleName did not match any paths pattern next/dist/server/future/route-modules/app-route/module.compiled
2026-04-06T23:17:12.366Z next:jsconfig-paths-plugin skipping request as it is an absolute path C:\Users\Ahmed Amin Bejoui\Desktop\ai-code-review-platform\apps\dashboard\node_modules\next/dist/server/future/route-modules/app-route/module.compiled
2026-04-06T23:17:12.367Z next:jsconfig-paths-plugin moduleName did not match any paths pattern next/dist/server/future/route-kind
2026-04-06T23:17:12.367Z next:jsconfig-paths-plugin skipping request as it is an absolute path C:\Users\Ahmed Amin Bejoui\Desktop\ai-code-review-platform\apps\dashboard\node_modules\next/dist/server/future/route-kind
2026-04-06T23:17:12.367Z next:jsconfig-paths-plugin moduleName did not match any paths pattern next/dist/server/lib/patch-fetch
2026-04-06T23:17:12.368Z next:jsconfig-paths-plugin skipping request as it is an absolute path C:\Users\Ahmed Amin Bejoui\Desktop\ai-code-review-platform\apps\dashboard\node_modules\next/dist/server/lib/patch-fetch
2026-04-06T23:17:12.368Z next:jsconfig-paths-plugin moduleName did not match any paths pattern next/dist/server/future/route-modules/pages/module.compiled
2026-04-06T23:17:12.368Z next:jsconfig-paths-plugin skipping request as it is an absolute path C:\Users\Ahmed Amin Bejoui\Desktop\ai-code-review-platform\apps\dashboard\node_modules\next/dist/server/future/route-modules/pages/module.compiled
2026-04-06T23:17:12.369Z next:jsconfig-paths-plugin moduleName did not match any paths pattern next/dist/server/future/route-kind
2026-04-06T23:17:12.369Z next:jsconfig-paths-plugin skipping request as it is an absolute path C:\Users\Ahmed Amin Bejoui\Desktop\ai-code-review-platform\apps\dashboard\node_modules\next/dist/server/future/route-kind
2026-04-06T23:17:12.369Z next:jsconfig-paths-plugin moduleName did not match any paths pattern next/dist/build/templates/helpers
2026-04-06T23:17:12.369Z next:jsconfig-paths-plugin skipping request as it is an absolute path C:\Users\Ahmed Amin Bejoui\Desktop\ai-code-review-platform\apps\dashboard\node_modules\next/dist/build/templates/helpers
2026-04-06T23:17:12.369Z next:jsconfig-paths-plugin moduleName did not match any paths pattern next/dist/pages/_document
2026-04-06T23:17:12.369Z next:jsconfig-paths-plugin skipping request as it is an absolute path C:\Users\Ahmed Amin Bejoui\Desktop\ai-code-review-platform\apps\dashboard\node_modules\next/dist/pages/_document
2026-04-06T23:17:12.369Z next:jsconfig-paths-plugin moduleName did not match any paths pattern next/dist/pages/_app
2026-04-06T23:17:12.369Z next:jsconfig-paths-plugin skipping request as it is an absolute path C:\Users\Ahmed Amin Bejoui\Desktop\ai-code-review-platform\apps\dashboard\node_modules\next/dist/pages/_app
2026-04-06T23:17:12.370Z next:jsconfig-paths-plugin moduleName did not match any paths pattern next/dist/pages/_error
2026-04-06T23:17:12.370Z next:jsconfig-paths-plugin skipping request as it is an absolute path C:\Users\Ahmed Amin Bejoui\Desktop\ai-code-review-platform\apps\dashboard\node_modules\next/dist/pages/_error
2026-04-06T23:17:13.806Z next:jsconfig-paths-plugin skipping request as it is inside node_modules ../server/get-page-files
2026-04-06T23:17:13.807Z next:jsconfig-paths-plugin skipping request as it is inside node_modules ../server/htmlescape
2026-04-06T23:17:13.807Z next:jsconfig-paths-plugin skipping request as it is inside node_modules ../server/utils
2026-04-06T23:17:13.915Z next:jsconfig-paths-plugin skipping request as it is inside node_modules ../lib/pretty-bytes
2026-04-06T23:17:13.915Z next:jsconfig-paths-plugin skipping request as it is inside node_modules ../lib/is-error
2026-04-06T23:17:14.409Z next:jsconfig-paths-plugin skipping request as it is inside node_modules ../shared/lib/utils
2026-04-06T23:17:14.410Z next:jsconfig-paths-plugin skipping request as it is inside node_modules ../shared/lib/constants
2026-04-06T23:17:14.410Z next:jsconfig-paths-plugin skipping request as it is inside node_modules ../shared/lib/encode-uri-path
2026-04-06T23:17:14.410Z next:jsconfig-paths-plugin skipping request as it is inside node_modules next/dist/server/future/route-modules/pages/vendored/contexts/html-context
2026-04-06T23:17:14.410Z next:jsconfig-paths-plugin skipping request as it is inside node_modules C:\Users\Ahmed Amin Bejoui\Desktop\ai-code-review-platform\apps\dashboard\node_modules\next/dist/server/future/route-modules/pages/vendored/contexts/html-context
2026-04-06T23:17:14.431Z next:jsconfig-paths-plugin skipping request as it is inside node_modules ../shared/lib/head
2026-04-06T23:17:16.464Z next:jsconfig-paths-plugin moduleName did not match any paths pattern next-metadata-route-loader
2026-04-06T23:17:16.466Z next:jsconfig-paths-plugin moduleName did not match any paths pattern next-metadata-route-loader
2026-04-06T23:17:16.469Z next:jsconfig-paths-plugin moduleName did not match any paths pattern next-metadata-route-loader
2026-04-06T23:17:16.474Z next:jsconfig-paths-plugin moduleName did not match any paths pattern next-metadata-route-loader
2026-04-06T23:17:16.475Z next:jsconfig-paths-plugin moduleName did not match any paths pattern next-metadata-route-loader
2026-04-06T23:17:17.315Z next:jsconfig-paths-plugin skipping request as it is inside node_modules ../shared/lib/head
2026-04-06T23:17:17.323Z next:jsconfig-paths-plugin skipping request as it is inside node_modules ../shared/lib/page-path/denormalize-page-path
2026-04-06T23:17:17.324Z next:jsconfig-paths-plugin skipping request as it is inside node_modules ../shared/lib/page-path/normalize-page-path
2026-04-06T23:17:17.324Z next:jsconfig-paths-plugin skipping request as it is inside node_modules ../shared/lib/is-plain-object
2026-04-06T23:17:17.324Z next:jsconfig-paths-plugin skipping request as it is inside node_modules ../shared/lib/constants
2026-04-06T23:17:17.324Z next:jsconfig-paths-plugin skipping request as it is inside node_modules ./modern-browserslist-target
2026-04-06T23:17:17.327Z next:jsconfig-paths-plugin skipping request as it is inside node_modules @swc/helpers/_/_interop_require_default
2026-04-06T23:17:17.327Z next:jsconfig-paths-plugin skipping request as it is inside node_modules C:\Users\Ahmed Amin Bejoui\Desktop\ai-code-review-platform\apps\dashboard\node_modules\@swc\helpers\_/_interop_require_default
2026-04-06T23:17:17.328Z next:jsconfig-paths-plugin skipping request as it is inside node_modules ../shared/lib/constants
2026-04-06T23:17:18.419Z next:jsconfig-paths-plugin skipping request as it is inside node_modules ../shared/lib/is-plain-object
2026-04-06T23:17:18.478Z next:jsconfig-paths-plugin skipping request as it is inside node_modules ./side-effect
2026-04-06T23:17:18.478Z next:jsconfig-paths-plugin skipping request as it is inside node_modules ./amp-context.shared-runtime
2026-04-06T23:17:18.528Z next:jsconfig-paths-plugin skipping request as it is inside node_modules ./head-manager-context.shared-runtime
2026-04-06T23:17:18.530Z next:jsconfig-paths-plugin skipping request as it is inside node_modules ./amp-mode
2026-04-06T23:17:18.530Z next:jsconfig-paths-plugin skipping request as it is inside node_modules ./utils/warn-once
2026-04-06T23:17:18.530Z next:jsconfig-paths-plugin skipping request as it is inside node_modules @swc/helpers/_/_interop_require_wildcard
2026-04-06T23:17:18.531Z next:jsconfig-paths-plugin skipping request as it is inside node_modules C:\Users\Ahmed Amin Bejoui\Desktop\ai-code-review-platform\apps\dashboard\node_modules\@swc\helpers\_/_interop_require_wildcard
2026-04-06T23:17:18.533Z next:jsconfig-paths-plugin skipping request as it is inside node_modules ./modern-browserslist-target
2026-04-06T23:17:18.837Z next:jsconfig-paths-plugin skipping request as it is inside node_modules ../shared/lib/page-path/denormalize-page-path
2026-04-06T23:17:18.837Z next:jsconfig-paths-plugin skipping request as it is inside node_modules ../shared/lib/page-path/normalize-page-path
2026-04-06T23:17:19.101Z next:jsconfig-paths-plugin skipping request as it is inside node_modules ./side-effect
2026-04-06T23:17:19.147Z next:jsconfig-paths-plugin skipping request as it is inside node_modules next/dist/server/future/route-modules/pages/vendored/contexts/amp-context
2026-04-06T23:17:19.194Z next:jsconfig-paths-plugin skipping request as it is inside node_modules C:\Users\Ahmed Amin Bejoui\Desktop\ai-code-review-platform\apps\dashboard\node_modules\next/dist/server/future/route-modules/pages/vendored/contexts/amp-context
2026-04-06T23:17:19.196Z next:jsconfig-paths-plugin skipping request as it is inside node_modules ./amp-mode
2026-04-06T23:17:19.198Z next:jsconfig-paths-plugin skipping request as it is inside node_modules next/dist/server/future/route-modules/pages/vendored/contexts/head-manager-context
2026-04-06T23:17:19.198Z next:jsconfig-paths-plugin skipping request as it is inside node_modules C:\Users\Ahmed Amin Bejoui\Desktop\ai-code-review-platform\apps\dashboard\node_modules\next/dist/server/future/route-modules/pages/vendored/contexts/head-manager-context
2026-04-06T23:17:19.487Z next:jsconfig-paths-plugin skipping request as it is inside node_modules ./ensure-leading-slash
2026-04-06T23:17:19.487Z next:jsconfig-paths-plugin skipping request as it is inside node_modules ../router/utils
2026-04-06T23:17:19.520Z next:jsconfig-paths-plugin skipping request as it is inside node_modules ../utils
2026-04-06T23:17:19.548Z next:jsconfig-paths-plugin skipping request as it is inside node_modules ./normalize-path-sep
2026-04-06T23:17:19.549Z next:jsconfig-paths-plugin skipping request as it is inside node_modules ../utils
2026-04-06T23:17:19.673Z next:jsconfig-paths-plugin skipping request as it is inside node_modules ./utils/warn-once
2026-04-06T23:17:20.084Z next:jsconfig-paths-plugin skipping request as it is inside node_modules ./trace/constants
2026-04-06T23:17:20.085Z next:jsconfig-paths-plugin skipping request as it is inside node_modules ./trace/tracer
2026-04-06T23:17:20.085Z next:jsconfig-paths-plugin skipping request as it is inside node_modules ../../lib/constants
2026-04-06T23:17:20.085Z next:jsconfig-paths-plugin skipping request as it is inside node_modules ../../build/output/log
2026-04-06T23:17:20.086Z next:jsconfig-paths-plugin skipping request as it is inside node_modules ../app-render/dynamic-rendering
2026-04-06T23:17:20.086Z next:jsconfig-paths-plugin skipping request as it is inside node_modules ./dedupe-fetch
2026-04-06T23:17:20.086Z next:jsconfig-paths-plugin skipping request as it is inside node_modules ./clone-response
2026-04-06T23:17:20.360Z next:jsconfig-paths-plugin skipping request as it is inside node_modules ../../module.compiled
2026-04-06T23:17:20.398Z next:jsconfig-paths-plugin skipping request as it is inside node_modules ../../module.compiled
2026-04-06T23:17:20.561Z next:jsconfig-paths-plugin skipping request as it is inside node_modules ./ensure-leading-slash
2026-04-06T23:17:20.583Z next:jsconfig-paths-plugin skipping request as it is inside node_modules ./normalize-path-sep
2026-04-06T23:17:20.631Z next:jsconfig-paths-plugin skipping request as it is inside node_modules ../../lib/constants
2026-04-06T23:17:20.636Z next:jsconfig-paths-plugin skipping request as it is inside node_modules ./dedupe-fetch
2026-04-06T23:17:20.637Z next:jsconfig-paths-plugin skipping request as it is inside node_modules ./clone-response
2026-04-06T23:17:21.004Z next:jsconfig-paths-plugin moduleName did not match any paths pattern next/server
2026-04-06T23:17:21.036Z next:jsconfig-paths-plugin skipping request as it is inside node_modules ./trace/constants
2026-04-06T23:17:21.037Z next:jsconfig-paths-plugin skipping request as it is inside node_modules ./trace/tracer
2026-04-06T23:17:21.041Z next:jsconfig-paths-plugin skipping request as it is inside node_modules ../app-render/dynamic-rendering
2026-04-06T23:17:21.043Z next:jsconfig-paths-plugin skipping request as it is inside node_modules ../../build/output/log
2026-04-06T23:17:21.341Z next:jsconfig-paths-plugin moduleName did not match any paths pattern next/server
2026-04-06T23:17:21.341Z next:jsconfig-paths-plugin moduleName did not match any paths pattern next/server
2026-04-06T23:17:21.342Z next:jsconfig-paths-plugin moduleName did not match any paths pattern next/server
2026-04-06T23:17:21.342Z next:jsconfig-paths-plugin skipping request as it is an absolute path C:\Users\Ahmed Amin Bejoui\Desktop\ai-code-review-platform\apps\dashboard\node_modules\next/server
2026-04-06T23:17:21.518Z next:jsconfig-paths-plugin skipping request as it is inside node_modules next/dist/api/server
2026-04-06T23:17:21.518Z next:jsconfig-paths-plugin skipping request as it is inside node_modules C:\Users\Ahmed Amin Bejoui\Desktop\ai-code-review-platform\apps\dashboard\node_modules\next/dist/api/server
2026-04-06T23:17:21.683Z next:jsconfig-paths-plugin skipping request as it is inside node_modules react
2026-04-06T23:17:21.684Z next:jsconfig-paths-plugin skipping request as it is inside node_modules next/dist/server/future/route-modules/app-page/vendored/rsc/react
2026-04-06T23:17:21.684Z next:jsconfig-paths-plugin skipping request as it is inside node_modules C:\Users\Ahmed Amin Bejoui\Desktop\ai-code-review-platform\apps\dashboard\node_modules\next/dist/server/future/route-modules/app-page/vendored/rsc/react
2026-04-06T23:17:21.775Z next:jsconfig-paths-plugin skipping request as it is an absolute path C:\Users\Ahmed Amin Bejoui\Desktop\ai-code-review-platform\apps\dashboard\app\page.tsx
2026-04-06T23:17:21.788Z next:jsconfig-paths-plugin skipping request as it is an absolute path C:\Users\Ahmed Amin Bejoui\Desktop\ai-code-review-platform\apps\dashboard\app\layout.tsx
2026-04-06T23:17:21.789Z next:jsconfig-paths-plugin skipping request as it is an absolute path C:\Users\Ahmed Amin Bejoui\Desktop\ai-code-review-platform\apps\dashboard\app\not-found.tsx
2026-04-06T23:17:21.789Z next:jsconfig-paths-plugin moduleName did not match any paths pattern next-metadata-image-loader
2026-04-06T23:17:21.789Z next:jsconfig-paths-plugin moduleName did not match any paths pattern next/dist/server/future/route-modules/app-page/module.compiled
2026-04-06T23:17:21.789Z next:jsconfig-paths-plugin skipping request as it is an absolute path C:\Users\Ahmed Amin Bejoui\Desktop\ai-code-review-platform\apps\dashboard\node_modules\next/dist/server/future/route-modules/app-page/module.compiled
2026-04-06T23:17:21.801Z next:jsconfig-paths-plugin moduleName did not match any paths pattern next/dist/client/components/error-boundary
2026-04-06T23:17:21.801Z next:jsconfig-paths-plugin skipping request as it is an absolute path C:\Users\Ahmed Amin Bejoui\Desktop\ai-code-review-platform\apps\dashboard\node_modules\next/dist/client/components/error-boundary
2026-04-06T23:17:21.801Z next:jsconfig-paths-plugin moduleName did not match any paths pattern next/dist/server/app-render/entry-base
2026-04-06T23:17:21.802Z next:jsconfig-paths-plugin skipping request as it is an absolute path C:\Users\Ahmed Amin Bejoui\Desktop\ai-code-review-platform\apps\dashboard\node_modules\next/dist/server/app-render/entry-base
2026-04-06T23:17:21.910Z next:jsconfig-paths-plugin skipping request as it is inside node_modules ../router/utils
2026-04-06T23:17:22.063Z next:jsconfig-paths-plugin skipping request as it is inside node_modules ../../lib/picocolors
2026-04-06T23:17:22.064Z next:jsconfig-paths-plugin skipping request as it is inside node_modules react
2026-04-06T23:17:22.065Z next:jsconfig-paths-plugin skipping request as it is inside node_modules ../../client/components/hooks-server-context
2026-04-06T23:17:22.070Z next:jsconfig-paths-plugin skipping request as it is inside node_modules ../../client/components/static-generation-bailout
2026-04-06T23:17:22.071Z next:jsconfig-paths-plugin skipping request as it is inside node_modules ../../lib/url
2026-04-06T23:17:22.073Z next:jsconfig-paths-plugin skipping request as it is inside node_modules ./constants
2026-04-06T23:17:22.073Z next:jsconfig-paths-plugin skipping request as it is inside node_modules @opentelemetry/api
2026-04-06T23:17:22.073Z next:jsconfig-paths-plugin skipping request as it is inside node_modules next/dist/compiled/@opentelemetry/api
2026-04-06T23:17:22.073Z next:jsconfig-paths-plugin skipping request as it is inside node_modules next/dist/server/future/route-modules/app-page/vendored/rsc/react
2026-04-06T23:17:22.074Z next:jsconfig-paths-plugin skipping request as it is inside node_modules next/dist/compiled/@opentelemetry/api
2026-04-06T23:17:22.074Z next:jsconfig-paths-plugin skipping request as it is inside node_modules C:\Users\Ahmed Amin Bejoui\Desktop\ai-code-review-platform\apps\dashboard\node_modules\next/dist/compiled/@opentelemetry/api
2026-04-06T23:17:22.074Z next:jsconfig-paths-plugin skipping request as it is inside node_modules C:\Users\Ahmed Amin Bejoui\Desktop\ai-code-review-platform\apps\dashboard\node_modules\next/dist/server/future/route-modules/app-page/vendored/rsc/react
2026-04-06T23:17:22.074Z next:jsconfig-paths-plugin skipping request as it is inside node_modules C:\Users\Ahmed Amin Bejoui\Desktop\ai-code-review-platform\apps\dashboard\node_modules\next/dist/compiled/@opentelemetry/api
2026-04-06T23:17:22.079Z next:jsconfig-paths-plugin skipping request as it is inside node_modules ./constants
2026-04-06T23:17:22.860Z next:jsconfig-paths-plugin moduleName did not match any paths pattern next/server
2026-04-06T23:17:22.863Z next:jsconfig-paths-plugin skipping request as it is inside node_modules ../../lib/picocolors
2026-04-06T23:17:22.867Z next:jsconfig-paths-plugin skipping request as it is inside node_modules ../../lib/url
2026-04-06T23:17:23.234Z next:jsconfig-paths-plugin moduleName did not match any paths pattern next/server
2026-04-06T23:17:23.234Z next:jsconfig-paths-plugin skipping request as it is an absolute path C:\Users\Ahmed Amin Bejoui\Desktop\ai-code-review-platform\apps\dashboard\node_modules\next/server
2026-04-06T23:17:23.235Z next:jsconfig-paths-plugin skipping request as it is inside node_modules next/dist/api/server
2026-04-06T23:17:23.235Z next:jsconfig-paths-plugin skipping request as it is inside node_modules C:\Users\Ahmed Amin Bejoui\Desktop\ai-code-review-platform\apps\dashboard\node_modules\next/dist/api/server
2026-04-06T23:17:23.360Z next:jsconfig-paths-plugin moduleName did not match any paths pattern react
2026-04-06T23:17:23.398Z next:jsconfig-paths-plugin skipping request as it is inside node_modules ../../client/components/hooks-server-context
2026-04-06T23:17:23.399Z next:jsconfig-paths-plugin skipping request as it is inside node_modules ../../client/components/static-generation-bailout
2026-04-06T23:17:23.528Z next:jsconfig-paths-plugin skipping request as it is inside node_modules react-server-dom-webpack/server.edge
2026-04-06T23:17:23.529Z next:jsconfig-paths-plugin skipping request as it is inside node_modules ../../client/components/app-router
2026-04-06T23:17:23.529Z next:jsconfig-paths-plugin skipping request as it is inside node_modules ../../client/components/layout-router
2026-04-06T23:17:23.529Z next:jsconfig-paths-plugin skipping request as it is inside node_modules ../../client/components/render-from-template-context
2026-04-06T23:17:23.530Z next:jsconfig-paths-plugin skipping request as it is inside node_modules ../../client/components/static-generation-async-storage.external
2026-04-06T23:17:23.530Z next:jsconfig-paths-plugin skipping request as it is inside node_modules ../../client/components/request-async-storage.external
2026-04-06T23:17:23.530Z next:jsconfig-paths-plugin skipping request as it is inside node_modules ../../client/components/action-async-storage.external
2026-04-06T23:17:23.530Z next:jsconfig-paths-plugin skipping request as it is inside node_modules ../../client/components/client-page
2026-04-06T23:17:23.530Z next:jsconfig-paths-plugin skipping request as it is inside node_modules ../../client/components/search-params
2026-04-06T23:17:23.530Z next:jsconfig-paths-plugin skipping request as it is inside node_modules ../../client/components/not-found-boundary
2026-04-06T23:17:23.530Z next:jsconfig-paths-plugin skipping request as it is inside node_modules ../lib/patch-fetch
2026-04-06T23:17:23.530Z next:jsconfig-paths-plugin skipping request as it is inside node_modules ../../client/components/error-boundary
2026-04-06T23:17:23.531Z next:jsconfig-paths-plugin skipping request as it is inside node_modules ../../server/app-render/rsc/preloads
2026-04-06T23:17:23.531Z next:jsconfig-paths-plugin skipping request as it is inside node_modules ../../server/app-render/rsc/postpone
2026-04-06T23:17:23.531Z next:jsconfig-paths-plugin skipping request as it is inside node_modules ../../server/app-render/rsc/taint
2026-04-06T23:17:23.531Z next:jsconfig-paths-plugin skipping request as it is inside node_modules next/dist/server/future/route-modules/app-page/vendored/rsc/react-server-dom-webpack-server-edge
2026-04-06T23:17:23.532Z next:jsconfig-paths-plugin skipping request as it is inside node_modules C:\Users\Ahmed Amin Bejoui\Desktop\ai-code-review-platform\apps\dashboard\node_modules\next/dist/server/future/route-modules/app-page/vendored/rsc/react-server-dom-webpack-server-edge
2026-04-06T23:17:23.534Z next:jsconfig-paths-plugin skipping request as it is inside node_modules ../lib/patch-fetch
2026-04-06T23:17:23.534Z next:jsconfig-paths-plugin skipping request as it is inside node_modules ../../client/components/error-boundary
2026-04-06T23:17:23.537Z next:jsconfig-paths-plugin moduleName did not match any paths pattern next-metadata-image-loader
2026-04-06T23:17:23.538Z next:jsconfig-paths-plugin moduleName did not match any paths pattern next-metadata-image-loader
2026-04-06T23:17:23.539Z next:jsconfig-paths-plugin moduleName did not match any paths pattern next-metadata-image-loader
2026-04-06T23:17:23.542Z next:jsconfig-paths-plugin moduleName did not match any paths pattern next-metadata-image-loader
2026-04-06T23:17:23.543Z next:jsconfig-paths-plugin moduleName did not match any paths pattern next-metadata-image-loader
2026-04-06T23:17:23.544Z next:jsconfig-paths-plugin skipping request as it is an absolute path C:\Users\Ahmed Amin Bejoui\Desktop\ai-code-review-platform\apps\dashboard\app\icon.svg
2026-04-06T23:17:23.910Z next:jsconfig-paths-plugin skipping request as it is inside node_modules ./sorted-routes
2026-04-06T23:17:23.910Z next:jsconfig-paths-plugin skipping request as it is inside node_modules ./is-dynamic
2026-04-06T23:17:24.009Z next:jsconfig-paths-plugin skipping request as it is inside node_modules next/dist/build/webpack/loaders/next-flight-loader/module-proxy
2026-04-06T23:17:24.009Z next:jsconfig-paths-plugin skipping request as it is inside node_modules C:\Users\Ahmed Amin Bejoui\Desktop\ai-code-review-platform\apps\dashboard\node_modules\next/dist/build/webpack/loaders/next-flight-loader/module-proxy
2026-04-06T23:17:24.043Z next:jsconfig-paths-plugin skipping request as it is inside node_modules ../../client/components/app-router
2026-04-06T23:17:24.044Z next:jsconfig-paths-plugin skipping request as it is inside node_modules ../../client/components/layout-router
2026-04-06T23:17:24.047Z next:jsconfig-paths-plugin skipping request as it is inside node_modules ../../client/components/render-from-template-context
2026-04-06T23:17:24.050Z next:jsconfig-paths-plugin skipping request as it is inside node_modules ../../client/components/client-page
2026-04-06T23:17:24.052Z next:jsconfig-paths-plugin skipping request as it is inside node_modules ../../client/components/search-params
2026-04-06T23:17:24.053Z next:jsconfig-paths-plugin skipping request as it is inside node_modules ../../client/components/not-found-boundary
2026-04-06T23:17:24.055Z next:jsconfig-paths-plugin moduleName did not match any paths pattern react-server-dom-webpack/server.edge
2026-04-06T23:17:24.095Z next:jsconfig-paths-plugin skipping request as it is inside node_modules ../server/web/exports/index
2026-04-06T23:17:24.249Z next:jsconfig-paths-plugin skipping request as it is inside node_modules ./sorted-routes
2026-04-06T23:17:24.252Z next:jsconfig-paths-plugin skipping request as it is inside node_modules ./is-dynamic
2026-04-06T23:17:24.788Z next:jsconfig-paths-plugin skipping request as it is inside node_modules ../../server/app-render/rsc/preloads
2026-04-06T23:17:24.789Z next:jsconfig-paths-plugin skipping request as it is inside node_modules ../../server/app-render/rsc/postpone
2026-04-06T23:17:24.789Z next:jsconfig-paths-plugin skipping request as it is inside node_modules ../../server/app-render/rsc/taint
2026-04-06T23:17:24.802Z next:jsconfig-paths-plugin moduleName did not match any paths pattern react-server-dom-webpack/server.edge
2026-04-06T23:17:24.803Z next:jsconfig-paths-plugin moduleName did not match any paths pattern react-server-dom-webpack/server.edge
2026-04-06T23:17:24.804Z next:jsconfig-paths-plugin skipping request as it is inside node_modules react-server-dom-webpack/server.edge
2026-04-06T23:17:24.804Z next:jsconfig-paths-plugin skipping request as it is inside node_modules next/dist/server/future/route-modules/app-page/vendored/rsc/react-server-dom-webpack-server-edge
2026-04-06T23:17:24.804Z next:jsconfig-paths-plugin skipping request as it is inside node_modules C:\Users\Ahmed Amin Bejoui\Desktop\ai-code-review-platform\apps\dashboard\node_modules\next/dist/server/future/route-modules/app-page/vendored/rsc/react-server-dom-webpack-server-edge
2026-04-06T23:17:24.966Z next:jsconfig-paths-plugin skipping request as it is inside node_modules ../server/web/exports/index
2026-04-06T23:17:24.966Z next:jsconfig-paths-plugin skipping request as it is inside node_modules ../server/web/exports/index
2026-04-06T23:17:24.967Z next:jsconfig-paths-plugin skipping request as it is inside node_modules ../server/web/exports/index
2026-04-06T23:17:25.022Z next:jsconfig-paths-plugin skipping request as it is inside node_modules ./static-generation-async-storage.external
2026-04-06T23:17:25.023Z next:jsconfig-paths-plugin skipping request as it is inside node_modules ../../server/app-render/dynamic-rendering
2026-04-06T23:17:25.023Z next:jsconfig-paths-plugin skipping request as it is inside node_modules ../../server/web/spec-extension/adapters/reflect
2026-04-06T23:17:25.023Z next:jsconfig-paths-plugin skipping request as it is inside node_modules ../../../../server/future/helpers/interception-routes
2026-04-06T23:17:25.063Z next:jsconfig-paths-plugin skipping request as it is inside node_modules ../../server/app-render/dynamic-rendering
2026-04-06T23:17:25.385Z next:jsconfig-paths-plugin moduleName did not match any paths pattern next-metadata-image-loader
2026-04-06T23:17:25.386Z next:jsconfig-paths-plugin moduleName did not match any paths pattern next-metadata-image-loader
2026-04-06T23:17:25.391Z next:jsconfig-paths-plugin moduleName did not match any paths pattern next-metadata-image-loader
2026-04-06T23:17:25.400Z next:jsconfig-paths-plugin skipping request as it is an absolute path C:\Users\Ahmed Amin Bejoui\Desktop\ai-code-review-platform\apps\dashboard\app\auth\page.tsx
2026-04-06T23:17:25.401Z next:jsconfig-paths-plugin moduleName did not match any paths pattern next-metadata-image-loader
2026-04-06T23:17:25.490Z next:jsconfig-paths-plugin moduleName did not match any paths pattern @opentelemetry/api
2026-04-06T23:17:25.642Z next:jsconfig-paths-plugin skipping request as it is inside node_modules ../server/web/exports/index
2026-04-06T23:17:25.647Z next:jsconfig-paths-plugin skipping request as it is inside node_modules react
2026-04-06T23:17:25.648Z next:jsconfig-paths-plugin skipping request as it is inside node_modules react
2026-04-06T23:17:25.648Z next:jsconfig-paths-plugin skipping request as it is inside node_modules next/dist/server/future/route-modules/app-page/vendored/rsc/react
2026-04-06T23:17:25.648Z next:jsconfig-paths-plugin skipping request as it is inside node_modules next/dist/server/future/route-modules/app-page/vendored/rsc/react
2026-04-06T23:17:25.650Z next:jsconfig-paths-plugin skipping request as it is inside node_modules C:\Users\Ahmed Amin Bejoui\Desktop\ai-code-review-platform\apps\dashboard\node_modules\next/dist/server/future/route-modules/app-page/vendored/rsc/react
2026-04-06T23:17:25.650Z next:jsconfig-paths-plugin skipping request as it is inside node_modules C:\Users\Ahmed Amin Bejoui\Desktop\ai-code-review-platform\apps\dashboard\node_modules\next/dist/server/future/route-modules/app-page/vendored/rsc/react
2026-04-06T23:17:25.655Z next:jsconfig-paths-plugin skipping request as it is inside node_modules ../dynamic-rendering
2026-04-06T23:17:25.655Z next:jsconfig-paths-plugin skipping request as it is inside node_modules react-dom
2026-04-06T23:17:25.655Z next:jsconfig-paths-plugin skipping request as it is inside node_modules react
2026-04-06T23:17:25.655Z next:jsconfig-paths-plugin skipping request as it is inside node_modules react-server-dom-webpack/server.edge
2026-04-06T23:17:25.656Z next:jsconfig-paths-plugin skipping request as it is inside node_modules next/dist/server/future/route-modules/app-page/vendored/rsc/react-dom
2026-04-06T23:17:25.656Z next:jsconfig-paths-plugin skipping request as it is inside node_modules next/dist/server/future/route-modules/app-page/vendored/rsc/react
2026-04-06T23:17:25.656Z next:jsconfig-paths-plugin skipping request as it is inside node_modules next/dist/server/future/route-modules/app-page/vendored/rsc/react-server-dom-webpack-server-edge
2026-04-06T23:17:25.656Z next:jsconfig-paths-plugin skipping request as it is inside node_modules C:\Users\Ahmed Amin Bejoui\Desktop\ai-code-review-platform\apps\dashboard\node_modules\next/dist/server/future/route-modules/app-page/vendored/rsc/react-dom
2026-04-06T23:17:25.656Z next:jsconfig-paths-plugin skipping request as it is inside node_modules C:\Users\Ahmed Amin Bejoui\Desktop\ai-code-review-platform\apps\dashboard\node_modules\next/dist/server/future/route-modules/app-page/vendored/rsc/react
2026-04-06T23:17:25.657Z next:jsconfig-paths-plugin skipping request as it is inside node_modules C:\Users\Ahmed Amin Bejoui\Desktop\ai-code-review-platform\apps\dashboard\node_modules\next/dist/server/future/route-modules/app-page/vendored/rsc/react-server-dom-webpack-server-edge
2026-04-06T23:17:25.658Z next:jsconfig-paths-plugin moduleName did not match any paths pattern react-server-dom-webpack/server.edge
2026-04-06T23:17:25.659Z next:jsconfig-paths-plugin skipping request as it is inside node_modules ../dynamic-rendering
2026-04-06T23:17:25.659Z next:jsconfig-paths-plugin skipping request as it is inside node_modules react
2026-04-06T23:17:25.659Z next:jsconfig-paths-plugin skipping request as it is inside node_modules next/dist/server/future/route-modules/app-page/vendored/rsc/react
2026-04-06T23:17:25.661Z next:jsconfig-paths-plugin skipping request as it is inside node_modules C:\Users\Ahmed Amin Bejoui\Desktop\ai-code-review-platform\apps\dashboard\node_modules\next/dist/server/future/route-modules/app-page/vendored/rsc/react
2026-04-06T23:17:25.661Z next:jsconfig-paths-plugin moduleName did not match any paths pattern react-server-dom-webpack/server.edge
2026-04-06T23:17:25.664Z next:jsconfig-paths-plugin skipping request as it is inside node_modules react-server-dom-webpack/server.edge
2026-04-06T23:17:25.665Z next:jsconfig-paths-plugin skipping request as it is inside node_modules next/dist/server/future/route-modules/app-page/vendored/rsc/react-server-dom-webpack-server-edge
2026-04-06T23:17:25.665Z next:jsconfig-paths-plugin skipping request as it is inside node_modules C:\Users\Ahmed Amin Bejoui\Desktop\ai-code-review-platform\apps\dashboard\node_modules\next/dist/server/future/route-modules/app-page/vendored/rsc/react-server-dom-webpack-server-edge
2026-04-06T23:17:25.699Z next:jsconfig-paths-plugin skipping request as it is inside node_modules ../../../../server/future/helpers/interception-routes
2026-04-06T23:17:25.724Z next:jsconfig-paths-plugin skipping request as it is inside node_modules ../../module.compiled
2026-04-06T23:17:25.727Z next:jsconfig-paths-plugin skipping request as it is inside node_modules ../../module.compiled
2026-04-06T23:17:25.801Z next:jsconfig-paths-plugin skipping request as it is inside node_modules ../../server/web/spec-extension/adapters/reflect
2026-04-06T23:17:25.944Z next:jsconfig-paths-plugin moduleName did not match any paths pattern react-dom
2026-04-06T23:17:26.135Z next:jsconfig-paths-plugin skipping request as it is inside node_modules ../spec-extension/image-response
2026-04-06T23:17:26.136Z next:jsconfig-paths-plugin skipping request as it is inside node_modules ../spec-extension/request
2026-04-06T23:17:26.136Z next:jsconfig-paths-plugin skipping request as it is inside node_modules ../spec-extension/response
2026-04-06T23:17:26.136Z next:jsconfig-paths-plugin skipping request as it is inside node_modules ../spec-extension/user-agent
2026-04-06T23:17:26.136Z next:jsconfig-paths-plugin skipping request as it is inside node_modules ../spec-extension/url-pattern
2026-04-06T23:17:26.216Z next:jsconfig-paths-plugin skipping request as it is inside node_modules ../../../shared/lib/router/utils/app-paths
2026-04-06T23:17:26.375Z next:jsconfig-paths-plugin skipping request as it is inside node_modules ../spec-extension/image-response
2026-04-06T23:17:26.377Z next:jsconfig-paths-plugin skipping request as it is inside node_modules ../spec-extension/request
2026-04-06T23:17:26.379Z next:jsconfig-paths-plugin skipping request as it is inside node_modules ../spec-extension/response
2026-04-06T23:17:26.381Z next:jsconfig-paths-plugin skipping request as it is inside node_modules ../spec-extension/user-agent
2026-04-06T23:17:26.384Z next:jsconfig-paths-plugin skipping request as it is inside node_modules ../spec-extension/url-pattern
2026-04-06T23:17:26.409Z next:jsconfig-paths-plugin skipping request as it is inside node_modules ../../../shared/lib/router/utils/app-paths
2026-04-06T23:17:26.445Z next:jsconfig-paths-plugin moduleName did not match any paths pattern next-metadata-image-loader
2026-04-06T23:17:26.446Z next:jsconfig-paths-plugin moduleName did not match any paths pattern next-metadata-image-loader
2026-04-06T23:17:26.458Z next:jsconfig-paths-plugin moduleName did not match any paths pattern next-metadata-image-loader
2026-04-06T23:17:26.459Z next:jsconfig-paths-plugin skipping request as it is an absolute path C:\Users\Ahmed Amin Bejoui\Desktop\ai-code-review-platform\apps\dashboard\app\dashboard\page.tsx
2026-04-06T23:17:26.459Z next:jsconfig-paths-plugin skipping request as it is an absolute path C:\Users\Ahmed Amin Bejoui\Desktop\ai-code-review-platform\apps\dashboard\app\dashboard\layout.tsx
2026-04-06T23:17:26.461Z next:jsconfig-paths-plugin moduleName did not match any paths pattern next-metadata-image-loader
2026-04-06T23:17:26.492Z next:jsconfig-paths-plugin moduleName did not match any paths pattern @opentelemetry/api
2026-04-06T23:17:26.492Z next:jsconfig-paths-plugin moduleName did not match any paths pattern @opentelemetry/api
2026-04-06T23:17:26.509Z next:jsconfig-paths-plugin skipping request as it is inside node_modules @opentelemetry/api
2026-04-06T23:17:26.509Z next:jsconfig-paths-plugin skipping request as it is inside node_modules next/dist/compiled/@opentelemetry/api
2026-04-06T23:17:26.509Z next:jsconfig-paths-plugin skipping request as it is inside node_modules C:\Users\Ahmed Amin Bejoui\Desktop\ai-code-review-platform\apps\dashboard\node_modules\next/dist/compiled/@opentelemetry/api
2026-04-06T23:17:26.688Z next:jsconfig-paths-plugin skipping request as it is inside node_modules ../../page-path/ensure-leading-slash
2026-04-06T23:17:26.688Z next:jsconfig-paths-plugin skipping request as it is inside node_modules ../../segment
2026-04-06T23:17:26.699Z next:jsconfig-paths-plugin skipping request as it is inside node_modules ../../page-path/ensure-leading-slash
2026-04-06T23:17:26.807Z next:jsconfig-paths-plugin skipping request as it is inside node_modules ../next-url
2026-04-06T23:17:26.807Z next:jsconfig-paths-plugin skipping request as it is inside node_modules ../utils
2026-04-06T23:17:26.808Z next:jsconfig-paths-plugin skipping request as it is inside node_modules ../error
2026-04-06T23:17:26.808Z next:jsconfig-paths-plugin skipping request as it is inside node_modules ./cookies
2026-04-06T23:17:26.808Z next:jsconfig-paths-plugin skipping request as it is inside node_modules ../../web/spec-extension/cookies
2026-04-06T23:17:26.808Z next:jsconfig-paths-plugin skipping request as it is inside node_modules ./adapters/reflect
2026-04-06T23:17:26.808Z next:jsconfig-paths-plugin skipping request as it is inside node_modules next/dist/compiled/ua-parser-js
2026-04-06T23:17:26.808Z next:jsconfig-paths-plugin skipping request as it is inside node_modules C:\Users\Ahmed Amin Bejoui\Desktop\ai-code-review-platform\apps\dashboard\node_modules\next/dist/compiled/ua-parser-js
2026-04-06T23:17:26.810Z next:jsconfig-paths-plugin skipping request as it is inside node_modules ./adapters/reflect
2026-04-06T23:17:26.997Z next:jsconfig-paths-plugin skipping request as it is inside node_modules ../../segment
2026-04-06T23:17:27.003Z next:jsconfig-paths-plugin skipping request as it is inside node_modules react-dom
2026-04-06T23:17:27.003Z next:jsconfig-paths-plugin skipping request as it is inside node_modules next/dist/server/future/route-modules/app-page/vendored/rsc/react-dom
2026-04-06T23:17:27.004Z next:jsconfig-paths-plugin skipping request as it is inside node_modules C:\Users\Ahmed Amin Bejoui\Desktop\ai-code-review-platform\apps\dashboard\node_modules\next/dist/server/future/route-modules/app-page/vendored/rsc/react-dom
2026-04-06T23:17:27.295Z next:jsconfig-paths-plugin skipping request as it is inside node_modules ../next-url
2026-04-06T23:17:27.300Z next:jsconfig-paths-plugin skipping request as it is inside node_modules ./cookies
2026-04-06T23:17:27.301Z next:jsconfig-paths-plugin skipping request as it is inside node_modules ../../web/spec-extension/cookies
2026-04-06T23:17:27.308Z next:jsconfig-paths-plugin skipping request as it is inside node_modules ../utils
2026-04-06T23:17:27.310Z next:jsconfig-paths-plugin skipping request as it is inside node_modules ../error
2026-04-06T23:17:27.665Z next:jsconfig-paths-plugin skipping request as it is inside node_modules ../../shared/lib/i18n/detect-domain-locale
2026-04-06T23:17:27.666Z next:jsconfig-paths-plugin skipping request as it is inside node_modules ../../shared/lib/router/utils/format-next-pathname-info
2026-04-06T23:17:27.666Z next:jsconfig-paths-plugin skipping request as it is inside node_modules ../../shared/lib/get-hostname
2026-04-06T23:17:27.667Z next:jsconfig-paths-plugin skipping request as it is inside node_modules ../../shared/lib/router/utils/get-next-pathname-info
2026-04-06T23:17:27.667Z next:jsconfig-paths-plugin skipping request as it is inside node_modules ../../lib/constants
2026-04-06T23:17:27.667Z next:jsconfig-paths-plugin skipping request as it is inside node_modules next/dist/compiled/@edge-runtime/cookies
2026-04-06T23:17:27.668Z next:jsconfig-paths-plugin skipping request as it is inside node_modules C:\Users\Ahmed Amin Bejoui\Desktop\ai-code-review-platform\apps\dashboard\node_modules\next/dist/compiled/@edge-runtime/cookies
2026-04-06T23:17:27.668Z next:jsconfig-paths-plugin skipping request as it is inside node_modules ../../lib/constants
2026-04-06T23:17:27.762Z next:jsconfig-paths-plugin moduleName did not match any paths pattern next-metadata-image-loader
2026-04-06T23:17:27.763Z next:jsconfig-paths-plugin moduleName did not match any paths pattern next-metadata-image-loader
2026-04-06T23:17:27.769Z next:jsconfig-paths-plugin moduleName did not match any paths pattern next-metadata-image-loader
2026-04-06T23:17:27.769Z next:jsconfig-paths-plugin skipping request as it is an absolute path C:\Users\Ahmed Amin Bejoui\Desktop\ai-code-review-platform\apps\dashboard\app\auth\role-redirect\page.tsx
2026-04-06T23:17:27.786Z next:jsconfig-paths-plugin moduleName did not match any paths pattern next-metadata-image-loader
2026-04-06T23:17:28.017Z next:jsconfig-paths-plugin skipping request as it is inside node_modules ../../shared/lib/router/utils/format-next-pathname-info
2026-04-06T23:17:28.018Z next:jsconfig-paths-plugin skipping request as it is inside node_modules ../../shared/lib/get-hostname
2026-04-06T23:17:28.022Z next:jsconfig-paths-plugin skipping request as it is inside node_modules ../../shared/lib/router/utils/get-next-pathname-info
2026-04-06T23:17:28.086Z next:jsconfig-paths-plugin skipping request as it is inside node_modules ../../shared/lib/i18n/detect-domain-locale
2026-04-06T23:17:28.202Z next:jsconfig-paths-plugin skipping request as it is inside node_modules ./remove-trailing-slash
2026-04-06T23:17:28.203Z next:jsconfig-paths-plugin skipping request as it is inside node_modules ./add-path-prefix
2026-04-06T23:17:28.203Z next:jsconfig-paths-plugin skipping request as it is inside node_modules ./add-path-suffix
2026-04-06T23:17:28.203Z next:jsconfig-paths-plugin skipping request as it is inside node_modules ./add-locale
2026-04-06T23:17:28.203Z next:jsconfig-paths-plugin skipping request as it is inside node_modules ../../i18n/normalize-locale-path
2026-04-06T23:17:28.203Z next:jsconfig-paths-plugin skipping request as it is inside node_modules ./remove-path-prefix
2026-04-06T23:17:28.203Z next:jsconfig-paths-plugin skipping request as it is inside node_modules ./path-has-prefix
2026-04-06T23:17:28.436Z next:jsconfig-paths-plugin skipping request as it is inside node_modules ../../i18n/normalize-locale-path
2026-04-06T23:17:28.437Z next:jsconfig-paths-plugin skipping request as it is inside node_modules ./remove-trailing-slash
2026-04-06T23:17:28.439Z next:jsconfig-paths-plugin skipping request as it is inside node_modules ./add-path-prefix
2026-04-06T23:17:28.441Z next:jsconfig-paths-plugin skipping request as it is inside node_modules ./add-path-suffix
2026-04-06T23:17:28.442Z next:jsconfig-paths-plugin skipping request as it is inside node_modules ./add-locale
2026-04-06T23:17:28.443Z next:jsconfig-paths-plugin skipping request as it is inside node_modules ./remove-path-prefix
2026-04-06T23:17:28.445Z next:jsconfig-paths-plugin skipping request as it is inside node_modules ./path-has-prefix
2026-04-06T23:17:28.888Z next:jsconfig-paths-plugin skipping request as it is inside node_modules ./parse-path
2026-04-06T23:17:29.140Z next:jsconfig-paths-plugin skipping request as it is inside node_modules ./parse-path
2026-04-06T23:17:29.198Z next:jsconfig-paths-plugin moduleName did not match any paths pattern next-metadata-image-loader
2026-04-06T23:17:29.199Z next:jsconfig-paths-plugin moduleName did not match any paths pattern next-metadata-image-loader
2026-04-06T23:17:29.214Z next:jsconfig-paths-plugin moduleName did not match any paths pattern next-metadata-image-loader
2026-04-06T23:17:29.215Z next:jsconfig-paths-plugin skipping request as it is an absolute path C:\Users\Ahmed Amin Bejoui\Desktop\ai-code-review-platform\apps\dashboard\app\dashboard\analyses\page.tsx
2026-04-06T23:17:29.216Z next:jsconfig-paths-plugin moduleName did not match any paths pattern next-metadata-image-loader
2026-04-06T23:17:29.981Z next:jsconfig-paths-plugin moduleName did not match any paths pattern next-metadata-image-loader
2026-04-06T23:17:29.982Z next:jsconfig-paths-plugin moduleName did not match any paths pattern next-metadata-image-loader
2026-04-06T23:17:30.027Z next:jsconfig-paths-plugin moduleName did not match any paths pattern next-metadata-image-loader
2026-04-06T23:17:30.027Z next:jsconfig-paths-plugin skipping request as it is an absolute path C:\Users\Ahmed Amin Bejoui\Desktop\ai-code-review-platform\apps\dashboard\app\dashboard\knowledge-base\page.tsx
2026-04-06T23:17:30.028Z next:jsconfig-paths-plugin moduleName did not match any paths pattern next-metadata-image-loader
2026-04-06T23:17:30.417Z next:jsconfig-paths-plugin moduleName did not match any paths pattern next-metadata-image-loader
2026-04-06T23:17:30.438Z next:jsconfig-paths-plugin moduleName did not match any paths pattern next-metadata-image-loader
2026-04-06T23:17:30.478Z next:jsconfig-paths-plugin moduleName did not match any paths pattern next-metadata-image-loader
2026-04-06T23:17:30.479Z next:jsconfig-paths-plugin skipping request as it is an absolute path C:\Users\Ahmed Amin Bejoui\Desktop\ai-code-review-platform\apps\dashboard\app\dashboard\evaluation\page.tsx
2026-04-06T23:17:30.494Z next:jsconfig-paths-plugin moduleName did not match any paths pattern next-metadata-image-loader
2026-04-06T23:17:31.400Z next:jsconfig-paths-plugin moduleName did not match any paths pattern next-metadata-image-loader
2026-04-06T23:17:31.403Z next:jsconfig-paths-plugin moduleName did not match any paths pattern next-metadata-image-loader
2026-04-06T23:17:31.406Z next:jsconfig-paths-plugin moduleName did not match any paths pattern next-metadata-image-loader
2026-04-06T23:17:31.407Z next:jsconfig-paths-plugin skipping request as it is an absolute path C:\Users\Ahmed Amin Bejoui\Desktop\ai-code-review-platform\apps\dashboard\app\dashboard\projects\page.tsx
2026-04-06T23:17:31.408Z next:jsconfig-paths-plugin moduleName did not match any paths pattern next-metadata-image-loader
2026-04-06T23:17:32.302Z next:jsconfig-paths-plugin moduleName did not match any paths pattern next-metadata-image-loader
2026-04-06T23:17:32.304Z next:jsconfig-paths-plugin moduleName did not match any paths pattern next-metadata-image-loader
2026-04-06T23:17:32.310Z next:jsconfig-paths-plugin moduleName did not match any paths pattern next-metadata-image-loader
2026-04-06T23:17:32.310Z next:jsconfig-paths-plugin skipping request as it is an absolute path C:\Users\Ahmed Amin Bejoui\Desktop\ai-code-review-platform\apps\dashboard\app\dashboard\reports\page.tsx
2026-04-06T23:17:32.311Z next:jsconfig-paths-plugin moduleName did not match any paths pattern next-metadata-image-loader
2026-04-06T23:17:32.898Z next:jsconfig-paths-plugin moduleName did not match any paths pattern next-metadata-image-loader
2026-04-06T23:17:32.898Z next:jsconfig-paths-plugin moduleName did not match any paths pattern next-metadata-image-loader
2026-04-06T23:17:32.937Z next:jsconfig-paths-plugin moduleName did not match any paths pattern next-metadata-image-loader
2026-04-06T23:17:32.937Z next:jsconfig-paths-plugin skipping request as it is an absolute path C:\Users\Ahmed Amin Bejoui\Desktop\ai-code-review-platform\apps\dashboard\app\dashboard\repositories\page.tsx
2026-04-06T23:17:32.938Z next:jsconfig-paths-plugin moduleName did not match any paths pattern next-metadata-image-loader
2026-04-06T23:17:33.687Z next:jsconfig-paths-plugin moduleName did not match any paths pattern next-metadata-image-loader
2026-04-06T23:17:33.715Z next:jsconfig-paths-plugin moduleName did not match any paths pattern next-metadata-image-loader
2026-04-06T23:17:33.729Z next:jsconfig-paths-plugin moduleName did not match any paths pattern next-metadata-image-loader
2026-04-06T23:17:33.729Z next:jsconfig-paths-plugin skipping request as it is an absolute path C:\Users\Ahmed Amin Bejoui\Desktop\ai-code-review-platform\apps\dashboard\app\dashboard\demo\page.tsx
2026-04-06T23:17:33.732Z next:jsconfig-paths-plugin moduleName did not match any paths pattern next-metadata-image-loader
2026-04-06T23:17:34.031Z next:jsconfig-paths-plugin moduleName did not match any paths pattern next-metadata-image-loader
2026-04-06T23:17:34.031Z next:jsconfig-paths-plugin moduleName did not match any paths pattern next-metadata-image-loader
2026-04-06T23:17:34.069Z next:jsconfig-paths-plugin moduleName did not match any paths pattern next-metadata-image-loader
2026-04-06T23:17:34.069Z next:jsconfig-paths-plugin skipping request as it is an absolute path C:\Users\Ahmed Amin Bejoui\Desktop\ai-code-review-platform\apps\dashboard\app\dashboard\reviewer\page.tsx
2026-04-06T23:17:34.070Z next:jsconfig-paths-plugin moduleName did not match any paths pattern next-metadata-image-loader
2026-04-06T23:17:34.629Z next:jsconfig-paths-plugin moduleName did not match any paths pattern next-metadata-image-loader
2026-04-06T23:17:34.630Z next:jsconfig-paths-plugin moduleName did not match any paths pattern next-metadata-image-loader
2026-04-06T23:17:34.694Z next:jsconfig-paths-plugin moduleName did not match any paths pattern next-metadata-image-loader
2026-04-06T23:17:34.695Z next:jsconfig-paths-plugin skipping request as it is an absolute path C:\Users\Ahmed Amin Bejoui\Desktop\ai-code-review-platform\apps\dashboard\app\dashboard\statistics\page.tsx
2026-04-06T23:17:34.717Z next:jsconfig-paths-plugin moduleName did not match any paths pattern next-metadata-image-loader
2026-04-06T23:17:35.237Z next:jsconfig-paths-plugin moduleName did not match any paths pattern next-metadata-image-loader
2026-04-06T23:17:35.238Z next:jsconfig-paths-plugin moduleName did not match any paths pattern next-metadata-image-loader
2026-04-06T23:17:35.243Z next:jsconfig-paths-plugin moduleName did not match any paths pattern next-metadata-image-loader
2026-04-06T23:17:35.244Z next:jsconfig-paths-plugin skipping request as it is an absolute path C:\Users\Ahmed Amin Bejoui\Desktop\ai-code-review-platform\apps\dashboard\app\dashboard\teams\page.tsx
2026-04-06T23:17:35.245Z next:jsconfig-paths-plugin moduleName did not match any paths pattern next-metadata-image-loader
2026-04-06T23:17:35.876Z next:jsconfig-paths-plugin moduleName did not match any paths pattern next-metadata-image-loader
2026-04-06T23:17:35.877Z next:jsconfig-paths-plugin moduleName did not match any paths pattern next-metadata-image-loader
2026-04-06T23:17:35.880Z next:jsconfig-paths-plugin moduleName did not match any paths pattern next-metadata-image-loader
2026-04-06T23:17:35.880Z next:jsconfig-paths-plugin skipping request as it is an absolute path C:\Users\Ahmed Amin Bejoui\Desktop\ai-code-review-platform\apps\dashboard\app\dashboard\security\page.tsx
2026-04-06T23:17:35.882Z next:jsconfig-paths-plugin moduleName did not match any paths pattern next-metadata-image-loader
2026-04-06T23:17:36.662Z next:jsconfig-paths-plugin skipping request as it is an absolute path C:\Users\Ahmed Amin Bejoui\Desktop\ai-code-review-platform\apps\dashboard\app\page.tsx
2026-04-06T23:17:36.662Z next:jsconfig-paths-plugin skipping request as it is an absolute path C:\Users\Ahmed Amin Bejoui\Desktop\ai-code-review-platform\apps\dashboard\app\layout.tsx
2026-04-06T23:17:36.662Z next:jsconfig-paths-plugin skipping request as it is an absolute path C:\Users\Ahmed Amin Bejoui\Desktop\ai-code-review-platform\apps\dashboard\app\not-found.tsx
2026-04-06T23:17:37.110Z next:jsconfig-paths-plugin moduleName did not match any paths pattern next-metadata-image-loader
2026-04-06T23:17:37.114Z next:jsconfig-paths-plugin moduleName did not match any paths pattern next-metadata-image-loader
2026-04-06T23:17:37.121Z next:jsconfig-paths-plugin moduleName did not match any paths pattern next-metadata-image-loader
2026-04-06T23:17:37.121Z next:jsconfig-paths-plugin skipping request as it is an absolute path C:\Users\Ahmed Amin Bejoui\Desktop\ai-code-review-platform\apps\dashboard\app\dashboard\admin\page.tsx
2026-04-06T23:17:37.123Z next:jsconfig-paths-plugin skipping request as it is an absolute path C:\Users\Ahmed Amin Bejoui\Desktop\ai-code-review-platform\apps\dashboard\app\dashboard\admin\layout.tsx
2026-04-06T23:17:37.125Z next:jsconfig-paths-plugin moduleName did not match any paths pattern next-metadata-image-loader
2026-04-06T23:17:38.295Z next:jsconfig-paths-plugin moduleName did not match any paths pattern next/dist/lib/metadata/get-metadata-route
2026-04-06T23:17:38.296Z next:jsconfig-paths-plugin moduleName did not match any paths pattern next/dist/build/webpack/loaders/next-flight-loader/module-proxy
2026-04-06T23:17:38.296Z next:jsconfig-paths-plugin skipping request as it is an absolute path C:\Users\Ahmed Amin Bejoui\Desktop\ai-code-review-platform\apps\dashboard\node_modules\next/dist/lib/metadata/get-metadata-route
2026-04-06T23:17:38.296Z next:jsconfig-paths-plugin skipping request as it is an absolute path C:\Users\Ahmed Amin Bejoui\Desktop\ai-code-review-platform\apps\dashboard\node_modules\next/dist/build/webpack/loaders/next-flight-loader/module-proxy
2026-04-06T23:17:38.997Z next:jsconfig-paths-plugin skipping request as it is inside node_modules ./is-metadata-route
2026-04-06T23:17:38.997Z next:jsconfig-paths-plugin skipping request as it is inside node_modules ../../shared/lib/isomorphic/path
2026-04-06T23:17:38.998Z next:jsconfig-paths-plugin skipping request as it is inside node_modules ../../server/server-utils
2026-04-06T23:17:38.998Z next:jsconfig-paths-plugin skipping request as it is inside node_modules ../../shared/lib/router/utils/route-regex
2026-04-06T23:17:38.998Z next:jsconfig-paths-plugin skipping request as it is inside node_modules ../../shared/lib/hash
2026-04-06T23:17:38.998Z next:jsconfig-paths-plugin skipping request as it is inside node_modules ../../shared/lib/router/utils/app-paths
2026-04-06T23:17:38.998Z next:jsconfig-paths-plugin skipping request as it is inside node_modules ../../shared/lib/page-path/normalize-path-sep
2026-04-06T23:17:39.000Z next:jsconfig-paths-plugin skipping request as it is inside node_modules ../../shared/lib/page-path/normalize-path-sep
2026-04-06T23:17:39.000Z next:jsconfig-paths-plugin skipping request as it is inside node_modules ../../shared/lib/router/utils/app-paths
2026-04-06T23:17:39.076Z next:jsconfig-paths-plugin moduleName did not match any paths pattern next-metadata-image-loader
2026-04-06T23:17:39.077Z next:jsconfig-paths-plugin moduleName did not match any paths pattern next-metadata-image-loader
2026-04-06T23:17:39.083Z next:jsconfig-paths-plugin moduleName did not match any paths pattern next-metadata-image-loader
2026-04-06T23:17:39.083Z next:jsconfig-paths-plugin skipping request as it is an absolute path C:\Users\Ahmed Amin Bejoui\Desktop\ai-code-review-platform\apps\dashboard\app\dashboard\projects\new\page.tsx
2026-04-06T23:17:39.084Z next:jsconfig-paths-plugin moduleName did not match any paths pattern next-metadata-image-loader
2026-04-06T23:17:39.179Z next:jsconfig-paths-plugin skipping request as it is inside node_modules ../../server/server-utils
2026-04-06T23:17:39.206Z next:jsconfig-paths-plugin skipping request as it is inside node_modules ./is-metadata-route
2026-04-06T23:17:39.231Z next:jsconfig-paths-plugin skipping request as it is inside node_modules ../../shared/lib/hash
2026-04-06T23:17:39.233Z next:jsconfig-paths-plugin skipping request as it is inside node_modules ../../shared/lib/router/utils/route-regex
2026-04-06T23:17:39.239Z next:jsconfig-paths-plugin skipping request as it is inside node_modules ../../page-path/ensure-leading-slash
2026-04-06T23:17:39.239Z next:jsconfig-paths-plugin skipping request as it is inside node_modules ../../segment
2026-04-06T23:17:39.240Z next:jsconfig-paths-plugin skipping request as it is inside node_modules ../../segment
2026-04-06T23:17:39.240Z next:jsconfig-paths-plugin skipping request as it is inside node_modules ../../page-path/ensure-leading-slash
2026-04-06T23:17:39.369Z next:jsconfig-paths-plugin skipping request as it is inside node_modules ../../shared/lib/isomorphic/path
2026-04-06T23:17:39.618Z next:jsconfig-paths-plugin skipping request as it is inside node_modules ../shared/lib/i18n/normalize-locale-path
2026-04-06T23:17:39.619Z next:jsconfig-paths-plugin skipping request as it is inside node_modules ../shared/lib/router/utils/path-match
2026-04-06T23:17:39.619Z next:jsconfig-paths-plugin skipping request as it is inside node_modules ../shared/lib/router/utils/route-regex
2026-04-06T23:17:39.619Z next:jsconfig-paths-plugin skipping request as it is inside node_modules ../shared/lib/router/utils/route-matcher
2026-04-06T23:17:39.619Z next:jsconfig-paths-plugin skipping request as it is inside node_modules ../shared/lib/router/utils/prepare-destination
2026-04-06T23:17:39.619Z next:jsconfig-paths-plugin skipping request as it is inside node_modules ../shared/lib/router/utils/remove-trailing-slash
2026-04-06T23:17:39.620Z next:jsconfig-paths-plugin skipping request as it is inside node_modules ../shared/lib/router/utils/app-paths
2026-04-06T23:17:39.620Z next:jsconfig-paths-plugin skipping request as it is inside node_modules ../lib/constants
2026-04-06T23:17:39.620Z next:jsconfig-paths-plugin skipping request as it is inside node_modules ../../../../lib/constants
2026-04-06T23:17:39.620Z next:jsconfig-paths-plugin skipping request as it is inside node_modules ../../../../server/future/helpers/interception-routes
2026-04-06T23:17:39.620Z next:jsconfig-paths-plugin skipping request as it is inside node_modules ../../escape-regexp
2026-04-06T23:17:39.662Z next:jsconfig-paths-plugin skipping request as it is inside node_modules ../lib/constants
2026-04-06T23:17:39.662Z next:jsconfig-paths-plugin skipping request as it is inside node_modules ../shared/lib/i18n/normalize-locale-path
2026-04-06T23:17:39.662Z next:jsconfig-paths-plugin skipping request as it is inside node_modules ../shared/lib/router/utils/route-regex
2026-04-06T23:17:39.662Z next:jsconfig-paths-plugin skipping request as it is inside node_modules ../shared/lib/router/utils/remove-trailing-slash
2026-04-06T23:17:39.663Z next:jsconfig-paths-plugin skipping request as it is inside node_modules ../shared/lib/router/utils/app-paths
2026-04-06T23:17:39.664Z next:jsconfig-paths-plugin skipping request as it is inside node_modules ../../../../lib/constants
2026-04-06T23:17:39.664Z next:jsconfig-paths-plugin skipping request as it is inside node_modules ../../../../server/future/helpers/interception-routes
2026-04-06T23:17:39.810Z next:jsconfig-paths-plugin skipping request as it is inside node_modules ../shared/lib/router/utils/path-match
2026-04-06T23:17:39.826Z next:jsconfig-paths-plugin skipping request as it is inside node_modules ../shared/lib/router/utils/route-matcher
2026-04-06T23:17:39.827Z next:jsconfig-paths-plugin skipping request as it is inside node_modules ../shared/lib/router/utils/prepare-destination
2026-04-06T23:17:39.858Z next:jsconfig-paths-plugin skipping request as it is inside node_modules ../../escape-regexp
2026-04-06T23:17:39.861Z next:jsconfig-paths-plugin skipping request as it is inside node_modules ../../../shared/lib/router/utils/app-paths
2026-04-06T23:17:39.862Z next:jsconfig-paths-plugin skipping request as it is inside node_modules ../../../shared/lib/router/utils/app-paths
2026-04-06T23:17:40.171Z next:jsconfig-paths-plugin skipping request as it is inside node_modules ../../utils
2026-04-06T23:17:40.202Z next:jsconfig-paths-plugin skipping request as it is inside node_modules ../../utils
2026-04-06T23:17:40.338Z next:jsconfig-paths-plugin skipping request as it is inside node_modules next/dist/compiled/path-to-regexp
2026-04-06T23:17:40.339Z next:jsconfig-paths-plugin skipping request as it is inside node_modules C:\Users\Ahmed Amin Bejoui\Desktop\ai-code-review-platform\apps\dashboard\node_modules\next/dist/compiled/path-to-regexp
2026-04-06T23:17:40.745Z next:jsconfig-paths-plugin moduleName did not match any paths pattern next-metadata-image-loader
2026-04-06T23:17:40.746Z next:jsconfig-paths-plugin moduleName did not match any paths pattern next-metadata-image-loader
2026-04-06T23:17:40.753Z next:jsconfig-paths-plugin moduleName did not match any paths pattern next-metadata-image-loader
2026-04-06T23:17:40.754Z next:jsconfig-paths-plugin skipping request as it is an absolute path C:\Users\Ahmed Amin Bejoui\Desktop\ai-code-review-platform\apps\dashboard\app\dashboard\reviewer\my-reviews\page.tsx
2026-04-06T23:17:40.755Z next:jsconfig-paths-plugin skipping request as it is inside node_modules ./parse-url
2026-04-06T23:17:40.755Z next:jsconfig-paths-plugin skipping request as it is inside node_modules ../../../../client/components/app-router-headers
2026-04-06T23:17:40.756Z next:jsconfig-paths-plugin skipping request as it is inside node_modules ../../../../server/api-utils/get-cookie-parser
2026-04-06T23:17:40.756Z next:jsconfig-paths-plugin moduleName did not match any paths pattern next-metadata-image-loader
2026-04-06T23:17:40.855Z next:jsconfig-paths-plugin skipping request as it is inside node_modules ../../../../client/components/app-router-headers
2026-04-06T23:17:40.873Z next:jsconfig-paths-plugin skipping request as it is inside node_modules ./parse-url
2026-04-06T23:17:40.978Z next:jsconfig-paths-plugin skipping request as it is inside node_modules ../../../../server/api-utils/get-cookie-parser
2026-04-06T23:17:40.986Z next:jsconfig-paths-plugin skipping request as it is inside node_modules ./querystring
2026-04-06T23:17:40.986Z next:jsconfig-paths-plugin skipping request as it is inside node_modules ./parse-relative-url
2026-04-06T23:17:41.162Z next:jsconfig-paths-plugin skipping request as it is inside node_modules ./parse-relative-url
2026-04-06T23:17:41.186Z next:jsconfig-paths-plugin skipping request as it is inside node_modules ./querystring
2026-04-06T23:17:41.301Z next:jsconfig-paths-plugin skipping request as it is inside node_modules next/dist/compiled/cookie
2026-04-06T23:17:41.302Z next:jsconfig-paths-plugin skipping request as it is inside node_modules C:\Users\Ahmed Amin Bejoui\Desktop\ai-code-review-platform\apps\dashboard\node_modules\next/dist/compiled/cookie
2026-04-06T23:17:42.167Z next:jsconfig-paths-plugin moduleName did not match any paths pattern next-metadata-image-loader
2026-04-06T23:17:42.186Z next:jsconfig-paths-plugin moduleName did not match any paths pattern next-metadata-image-loader
2026-04-06T23:17:42.250Z next:jsconfig-paths-plugin moduleName did not match any paths pattern next-metadata-image-loader
2026-04-06T23:17:42.251Z next:jsconfig-paths-plugin skipping request as it is an absolute path C:\Users\Ahmed Amin Bejoui\Desktop\ai-code-review-platform\apps\dashboard\app\dashboard\settings\general\page.tsx
2026-04-06T23:17:42.264Z next:jsconfig-paths-plugin moduleName did not match any paths pattern next-metadata-image-loader
2026-04-06T23:17:42.607Z next:jsconfig-paths-plugin moduleName did not match any paths pattern next-metadata-image-loader
2026-04-06T23:17:42.636Z next:jsconfig-paths-plugin moduleName did not match any paths pattern next-metadata-image-loader
2026-04-06T23:17:42.703Z next:jsconfig-paths-plugin moduleName did not match any paths pattern next-metadata-image-loader
2026-04-06T23:17:42.703Z next:jsconfig-paths-plugin skipping request as it is an absolute path C:\Users\Ahmed Amin Bejoui\Desktop\ai-code-review-platform\apps\dashboard\app\dashboard\reviewer\settings\page.tsx
2026-04-06T23:17:42.705Z next:jsconfig-paths-plugin moduleName did not match any paths pattern next-metadata-image-loader
2026-04-06T23:17:43.308Z next:jsconfig-paths-plugin moduleName did not match any paths pattern next-metadata-image-loader
2026-04-06T23:17:43.310Z next:jsconfig-paths-plugin moduleName did not match any paths pattern next-metadata-image-loader
2026-04-06T23:17:43.329Z next:jsconfig-paths-plugin moduleName did not match any paths pattern next-metadata-image-loader
2026-04-06T23:17:43.329Z next:jsconfig-paths-plugin skipping request as it is an absolute path C:\Users\Ahmed Amin Bejoui\Desktop\ai-code-review-platform\apps\dashboard\app\dashboard\reviewer\analytics\page.tsx
2026-04-06T23:17:43.339Z next:jsconfig-paths-plugin moduleName did not match any paths pattern next-metadata-image-loader
2026-04-06T23:17:43.999Z next:jsconfig-paths-plugin moduleName did not match any paths pattern next-metadata-image-loader
2026-04-06T23:17:44.040Z next:jsconfig-paths-plugin moduleName did not match any paths pattern next-metadata-image-loader
2026-04-06T23:17:44.044Z next:jsconfig-paths-plugin moduleName did not match any paths pattern next-metadata-image-loader
2026-04-06T23:17:44.044Z next:jsconfig-paths-plugin skipping request as it is an absolute path C:\Users\Ahmed Amin Bejoui\Desktop\ai-code-review-platform\apps\dashboard\app\dashboard\reviewer\team-analytics\page.tsx
2026-04-06T23:17:44.046Z next:jsconfig-paths-plugin moduleName did not match any paths pattern next-metadata-image-loader
2026-04-06T23:17:44.650Z next:jsconfig-paths-plugin moduleName did not match any paths pattern next-metadata-image-loader
2026-04-06T23:17:44.677Z next:jsconfig-paths-plugin moduleName did not match any paths pattern next-metadata-image-loader
2026-04-06T23:17:44.682Z next:jsconfig-paths-plugin moduleName did not match any paths pattern next-metadata-image-loader
2026-04-06T23:17:44.682Z next:jsconfig-paths-plugin skipping request as it is an absolute path C:\Users\Ahmed Amin Bejoui\Desktop\ai-code-review-platform\apps\dashboard\app\dashboard\settings\integrations\page.tsx
2026-04-06T23:17:44.683Z next:jsconfig-paths-plugin moduleName did not match any paths pattern next-metadata-image-loader
2026-04-06T23:17:45.562Z next:jsconfig-paths-plugin moduleName did not match any paths pattern next-metadata-image-loader
2026-04-06T23:17:45.563Z next:jsconfig-paths-plugin moduleName did not match any paths pattern next-metadata-image-loader
2026-04-06T23:17:45.568Z next:jsconfig-paths-plugin moduleName did not match any paths pattern next-metadata-image-loader
2026-04-06T23:17:45.569Z next:jsconfig-paths-plugin skipping request as it is an absolute path C:\Users\Ahmed Amin Bejoui\Desktop\ai-code-review-platform\apps\dashboard\app\dashboard\settings\profile\page.tsx
2026-04-06T23:17:45.571Z next:jsconfig-paths-plugin moduleName did not match any paths pattern next-metadata-image-loader
2026-04-06T23:17:46.008Z next:jsconfig-paths-plugin moduleName did not match any paths pattern next-metadata-image-loader
2026-04-06T23:17:46.047Z next:jsconfig-paths-plugin moduleName did not match any paths pattern next-metadata-image-loader
2026-04-06T23:17:46.056Z next:jsconfig-paths-plugin moduleName did not match any paths pattern next-metadata-image-loader
2026-04-06T23:17:46.057Z next:jsconfig-paths-plugin skipping request as it is an absolute path C:\Users\Ahmed Amin Bejoui\Desktop\ai-code-review-platform\apps\dashboard\app\dashboard\reviewer\templates\page.tsx
2026-04-06T23:17:46.063Z next:jsconfig-paths-plugin moduleName did not match any paths pattern next-metadata-image-loader
2026-04-06T23:17:46.824Z next:jsconfig-paths-plugin moduleName did not match any paths pattern next-metadata-image-loader
2026-04-06T23:17:46.845Z next:jsconfig-paths-plugin moduleName did not match any paths pattern next-metadata-image-loader
2026-04-06T23:17:46.851Z next:jsconfig-paths-plugin moduleName did not match any paths pattern next-metadata-image-loader
2026-04-06T23:17:46.852Z next:jsconfig-paths-plugin skipping request as it is an absolute path C:\Users\Ahmed Amin Bejoui\Desktop\ai-code-review-platform\apps\dashboard\app\dashboard\settings\notifications\page.tsx
2026-04-06T23:17:46.853Z next:jsconfig-paths-plugin moduleName did not match any paths pattern next-metadata-image-loader
2026-04-06T23:17:47.486Z next:jsconfig-paths-plugin moduleName did not match any paths pattern next-metadata-image-loader
2026-04-06T23:17:47.487Z next:jsconfig-paths-plugin moduleName did not match any paths pattern next-metadata-image-loader
2026-04-06T23:17:47.492Z next:jsconfig-paths-plugin moduleName did not match any paths pattern next-metadata-image-loader
2026-04-06T23:17:47.492Z next:jsconfig-paths-plugin skipping request as it is an absolute path C:\Users\Ahmed Amin Bejoui\Desktop\ai-code-review-platform\apps\dashboard\app\dashboard\settings\security\page.tsx
2026-04-06T23:17:47.495Z next:jsconfig-paths-plugin moduleName did not match any paths pattern next-metadata-image-loader
2026-04-06T23:17:48.227Z next:jsconfig-paths-plugin moduleName did not match any paths pattern next-metadata-image-loader
2026-04-06T23:17:48.260Z next:jsconfig-paths-plugin moduleName did not match any paths pattern next-metadata-image-loader
2026-04-06T23:17:48.345Z next:jsconfig-paths-plugin moduleName did not match any paths pattern next-metadata-image-loader
2026-04-06T23:17:48.345Z next:jsconfig-paths-plugin skipping request as it is an absolute path C:\Users\Ahmed Amin Bejoui\Desktop\ai-code-review-platform\apps\dashboard\app\dashboard\reviewer\queue\page.tsx
2026-04-06T23:17:48.362Z next:jsconfig-paths-plugin moduleName did not match any paths pattern next-metadata-image-loader
2026-04-06T23:17:48.982Z next:jsconfig-paths-plugin moduleName did not match any paths pattern next-metadata-image-loader
2026-04-06T23:17:48.982Z next:jsconfig-paths-plugin moduleName did not match any paths pattern next-metadata-image-loader
2026-04-06T23:17:48.986Z next:jsconfig-paths-plugin moduleName did not match any paths pattern next-metadata-image-loader
2026-04-06T23:17:48.986Z next:jsconfig-paths-plugin skipping request as it is an absolute path C:\Users\Ahmed Amin Bejoui\Desktop\ai-code-review-platform\apps\dashboard\app\dashboard\admin\knowledge-base\page.tsx
2026-04-06T23:17:48.987Z next:jsconfig-paths-plugin moduleName did not match any paths pattern next-metadata-image-loader
2026-04-06T23:17:49.411Z next:jsconfig-paths-plugin moduleName did not match any paths pattern next-metadata-image-loader
2026-04-06T23:17:49.416Z next:jsconfig-paths-plugin moduleName did not match any paths pattern next-metadata-image-loader
2026-04-06T23:17:49.433Z next:jsconfig-paths-plugin moduleName did not match any paths pattern next-metadata-image-loader
2026-04-06T23:17:49.433Z next:jsconfig-paths-plugin skipping request as it is an absolute path C:\Users\Ahmed Amin Bejoui\Desktop\ai-code-review-platform\apps\dashboard\app\dashboard\admin\integrations\page.tsx
2026-04-06T23:17:49.443Z next:jsconfig-paths-plugin moduleName did not match any paths pattern next-metadata-image-loader
2026-04-06T23:17:50.202Z next:jsconfig-paths-plugin moduleName did not match any paths pattern next-metadata-image-loader
2026-04-06T23:17:50.224Z next:jsconfig-paths-plugin moduleName did not match any paths pattern next-metadata-image-loader
2026-04-06T23:17:50.230Z next:jsconfig-paths-plugin moduleName did not match any paths pattern next-metadata-image-loader
2026-04-06T23:17:50.231Z next:jsconfig-paths-plugin skipping request as it is an absolute path C:\Users\Ahmed Amin Bejoui\Desktop\ai-code-review-platform\apps\dashboard\app\dashboard\admin\policies\page.tsx
2026-04-06T23:17:50.235Z next:jsconfig-paths-plugin moduleName did not match any paths pattern next-metadata-image-loader
2026-04-06T23:17:51.153Z next:jsconfig-paths-plugin moduleName did not match any paths pattern next-metadata-image-loader
2026-04-06T23:17:51.155Z next:jsconfig-paths-plugin moduleName did not match any paths pattern next-metadata-image-loader
2026-04-06T23:17:51.161Z next:jsconfig-paths-plugin moduleName did not match any paths pattern next-metadata-image-loader
2026-04-06T23:17:51.161Z next:jsconfig-paths-plugin skipping request as it is an absolute path C:\Users\Ahmed Amin Bejoui\Desktop\ai-code-review-platform\apps\dashboard\app\dashboard\admin\observability\page.tsx
2026-04-06T23:17:51.162Z next:jsconfig-paths-plugin moduleName did not match any paths pattern next-metadata-image-loader
2026-04-06T23:17:51.276Z next:jsconfig-paths-plugin skipping request as it is an absolute path C:\Users\Ahmed Amin Bejoui\Desktop\ai-code-review-platform\apps\dashboard\app\auth\page.tsx
2026-04-06T23:17:51.291Z next:jsconfig-paths-plugin skipping request as it is an absolute path C:\Users\Ahmed Amin Bejoui\Desktop\ai-code-review-platform\apps\dashboard\app\dashboard\page.tsx
2026-04-06T23:17:51.291Z next:jsconfig-paths-plugin skipping request as it is an absolute path C:\Users\Ahmed Amin Bejoui\Desktop\ai-code-review-platform\apps\dashboard\app\dashboard\layout.tsx
2026-04-06T23:17:51.302Z next:jsconfig-paths-plugin skipping request as it is an absolute path C:\Users\Ahmed Amin Bejoui\Desktop\ai-code-review-platform\apps\dashboard\app\auth\role-redirect\page.tsx
2026-04-06T23:17:51.302Z next:jsconfig-paths-plugin skipping request as it is an absolute path C:\Users\Ahmed Amin Bejoui\Desktop\ai-code-review-platform\apps\dashboard\app\dashboard\analyses\page.tsx
2026-04-06T23:17:51.303Z next:jsconfig-paths-plugin skipping request as it is an absolute path C:\Users\Ahmed Amin Bejoui\Desktop\ai-code-review-platform\apps\dashboard\app\dashboard\knowledge-base\page.tsx
2026-04-06T23:17:51.321Z next:jsconfig-paths-plugin moduleName did not match any paths pattern next-metadata-image-loader
2026-04-06T23:17:51.332Z next:jsconfig-paths-plugin moduleName did not match any paths pattern next-metadata-image-loader
2026-04-06T23:17:51.418Z next:jsconfig-paths-plugin moduleName did not match any paths pattern next-metadata-image-loader
2026-04-06T23:17:51.418Z next:jsconfig-paths-plugin skipping request as it is an absolute path C:\Users\Ahmed Amin Bejoui\Desktop\ai-code-review-platform\apps\dashboard\app\dashboard\admin\users\page.tsx
2026-04-06T23:17:51.419Z next:jsconfig-paths-plugin moduleName did not match any paths pattern next-metadata-image-loader
2026-04-06T23:17:51.420Z next:jsconfig-paths-plugin skipping request as it is an absolute path C:\Users\Ahmed Amin Bejoui\Desktop\ai-code-review-platform\apps\dashboard\app\dashboard\evaluation\page.tsx
2026-04-06T23:17:51.442Z next:jsconfig-paths-plugin skipping request as it is an absolute path C:\Users\Ahmed Amin Bejoui\Desktop\ai-code-review-platform\apps\dashboard\app\dashboard\projects\page.tsx
2026-04-06T23:17:51.443Z next:jsconfig-paths-plugin skipping request as it is an absolute path C:\Users\Ahmed Amin Bejoui\Desktop\ai-code-review-platform\apps\dashboard\app\dashboard\reports\page.tsx
2026-04-06T23:17:51.444Z next:jsconfig-paths-plugin skipping request as it is an absolute path C:\Users\Ahmed Amin Bejoui\Desktop\ai-code-review-platform\apps\dashboard\app\dashboard\demo\page.tsx
2026-04-06T23:17:51.444Z next:jsconfig-paths-plugin skipping request as it is an absolute path C:\Users\Ahmed Amin Bejoui\Desktop\ai-code-review-platform\apps\dashboard\app\dashboard\repositories\page.tsx
2026-04-06T23:17:51.445Z next:jsconfig-paths-plugin skipping request as it is an absolute path C:\Users\Ahmed Amin Bejoui\Desktop\ai-code-review-platform\apps\dashboard\app\dashboard\reviewer\page.tsx
2026-04-06T23:17:51.446Z next:jsconfig-paths-plugin skipping request as it is an absolute path C:\Users\Ahmed Amin Bejoui\Desktop\ai-code-review-platform\apps\dashboard\app\dashboard\statistics\page.tsx
2026-04-06T23:17:51.448Z next:jsconfig-paths-plugin skipping request as it is an absolute path C:\Users\Ahmed Amin Bejoui\Desktop\ai-code-review-platform\apps\dashboard\app\dashboard\teams\page.tsx
2026-04-06T23:17:51.449Z next:jsconfig-paths-plugin skipping request as it is an absolute path C:\Users\Ahmed Amin Bejoui\Desktop\ai-code-review-platform\apps\dashboard\app\dashboard\security\page.tsx
2026-04-06T23:17:51.451Z next:jsconfig-paths-plugin skipping request as it is an absolute path C:\Users\Ahmed Amin Bejoui\Desktop\ai-code-review-platform\apps\dashboard\app\dashboard\admin\page.tsx
2026-04-06T23:17:51.451Z next:jsconfig-paths-plugin skipping request as it is an absolute path C:\Users\Ahmed Amin Bejoui\Desktop\ai-code-review-platform\apps\dashboard\app\dashboard\admin\layout.tsx
2026-04-06T23:17:51.510Z next:jsconfig-paths-plugin skipping request as it is an absolute path C:\Users\Ahmed Amin Bejoui\Desktop\ai-code-review-platform\apps\dashboard\app\dashboard\projects\new\page.tsx
2026-04-06T23:17:51.512Z next:jsconfig-paths-plugin skipping request as it is an absolute path C:\Users\Ahmed Amin Bejoui\Desktop\ai-code-review-platform\apps\dashboard\app\dashboard\reviewer\my-reviews\page.tsx
2026-04-06T23:17:51.513Z next:jsconfig-paths-plugin skipping request as it is an absolute path C:\Users\Ahmed Amin Bejoui\Desktop\ai-code-review-platform\apps\dashboard\app\dashboard\settings\general\page.tsx
2026-04-06T23:17:51.516Z next:jsconfig-paths-plugin skipping request as it is an absolute path C:\Users\Ahmed Amin Bejoui\Desktop\ai-code-review-platform\apps\dashboard\app\dashboard\reviewer\settings\page.tsx
2026-04-06T23:17:51.609Z next:jsconfig-paths-plugin skipping request as it is an absolute path C:\Users\Ahmed Amin Bejoui\Desktop\ai-code-review-platform\apps\dashboard\app\dashboard\reviewer\analytics\page.tsx
2026-04-06T23:17:51.611Z next:jsconfig-paths-plugin skipping request as it is an absolute path C:\Users\Ahmed Amin Bejoui\Desktop\ai-code-review-platform\apps\dashboard\app\dashboard\reviewer\team-analytics\page.tsx
2026-04-06T23:17:51.614Z next:jsconfig-paths-plugin skipping request as it is an absolute path C:\Users\Ahmed Amin Bejoui\Desktop\ai-code-review-platform\apps\dashboard\app\dashboard\settings\integrations\page.tsx
2026-04-06T23:17:51.615Z next:jsconfig-paths-plugin skipping request as it is an absolute path C:\Users\Ahmed Amin Bejoui\Desktop\ai-code-review-platform\apps\dashboard\app\dashboard\settings\profile\page.tsx
2026-04-06T23:17:51.617Z next:jsconfig-paths-plugin skipping request as it is an absolute path C:\Users\Ahmed Amin Bejoui\Desktop\ai-code-review-platform\apps\dashboard\app\dashboard\reviewer\templates\page.tsx
2026-04-06T23:17:51.625Z next:jsconfig-paths-plugin moduleName did not match any paths pattern next/dist/build/webpack/loaders/next-flight-loader/module-proxy
2026-04-06T23:17:51.625Z next:jsconfig-paths-plugin moduleName did not match any paths pattern next/dist/build/webpack/loaders/next-flight-loader/module-proxy
2026-04-06T23:17:51.625Z next:jsconfig-paths-plugin moduleName did not match any paths pattern next/dist/build/webpack/loaders/next-flight-loader/module-proxy
2026-04-06T23:17:51.625Z next:jsconfig-paths-plugin moduleName did not match any paths pattern next/dist/build/webpack/loaders/next-flight-loader/module-proxy
2026-04-06T23:17:51.626Z next:jsconfig-paths-plugin moduleName did not match any paths pattern next/dist/build/webpack/loaders/next-flight-loader/module-proxy
2026-04-06T23:17:51.626Z next:jsconfig-paths-plugin moduleName did not match any paths pattern next/dist/build/webpack/loaders/next-flight-loader/module-proxy
2026-04-06T23:17:51.626Z next:jsconfig-paths-plugin skipping request as it is an absolute path C:\Users\Ahmed Amin Bejoui\Desktop\ai-code-review-platform\apps\dashboard\node_modules\next/dist/build/webpack/loaders/next-flight-loader/module-proxy
2026-04-06T23:17:51.626Z next:jsconfig-paths-plugin skipping request as it is an absolute path C:\Users\Ahmed Amin Bejoui\Desktop\ai-code-review-platform\apps\dashboard\node_modules\next/dist/build/webpack/loaders/next-flight-loader/module-proxy
2026-04-06T23:17:51.626Z next:jsconfig-paths-plugin skipping request as it is an absolute path C:\Users\Ahmed Amin Bejoui\Desktop\ai-code-review-platform\apps\dashboard\node_modules\next/dist/build/webpack/loaders/next-flight-loader/module-proxy
2026-04-06T23:17:51.626Z next:jsconfig-paths-plugin skipping request as it is an absolute path C:\Users\Ahmed Amin Bejoui\Desktop\ai-code-review-platform\apps\dashboard\node_modules\next/dist/build/webpack/loaders/next-flight-loader/module-proxy
2026-04-06T23:17:51.626Z next:jsconfig-paths-plugin skipping request as it is an absolute path C:\Users\Ahmed Amin Bejoui\Desktop\ai-code-review-platform\apps\dashboard\node_modules\next/dist/build/webpack/loaders/next-flight-loader/module-proxy
2026-04-06T23:17:51.626Z next:jsconfig-paths-plugin skipping request as it is an absolute path C:\Users\Ahmed Amin Bejoui\Desktop\ai-code-review-platform\apps\dashboard\node_modules\next/dist/build/webpack/loaders/next-flight-loader/module-proxy
2026-04-06T23:17:51.709Z next:jsconfig-paths-plugin moduleName did not match any paths pattern react/jsx-runtime
2026-04-06T23:17:51.712Z next:jsconfig-paths-plugin moduleName did not match any paths pattern react/jsx-runtime
2026-04-06T23:17:51.712Z next:jsconfig-paths-plugin moduleName did not match any paths pattern react/jsx-runtime
2026-04-06T23:17:51.712Z next:jsconfig-paths-plugin moduleName did not match any paths pattern react/jsx-runtime
2026-04-06T23:17:51.716Z next:jsconfig-paths-plugin moduleName did not match any paths pattern next/dist/build/webpack/loaders/next-flight-loader/module-proxy
2026-04-06T23:17:51.716Z next:jsconfig-paths-plugin moduleName did not match any paths pattern next/dist/build/webpack/loaders/next-flight-loader/module-proxy
2026-04-06T23:17:51.716Z next:jsconfig-paths-plugin moduleName did not match any paths pattern next/dist/build/webpack/loaders/next-flight-loader/module-proxy
2026-04-06T23:17:51.716Z next:jsconfig-paths-plugin moduleName did not match any paths pattern next/dist/build/webpack/loaders/next-flight-loader/module-proxy
2026-04-06T23:17:51.716Z next:jsconfig-paths-plugin moduleName did not match any paths pattern lucide-react
2026-04-06T23:17:51.716Z next:jsconfig-paths-plugin moduleName did not match any paths pattern next/dist/build/webpack/loaders/next-flight-loader/module-proxy
2026-04-06T23:17:51.717Z next:jsconfig-paths-plugin moduleName did not match any paths pattern next/dist/build/webpack/loaders/next-flight-loader/module-proxy
2026-04-06T23:17:51.717Z next:jsconfig-paths-plugin moduleName did not match any paths pattern next/dist/build/webpack/loaders/next-flight-loader/module-proxy
2026-04-06T23:17:51.717Z next:jsconfig-paths-plugin moduleName did not match any paths pattern next/dist/build/webpack/loaders/next-flight-loader/module-proxy
2026-04-06T23:17:51.717Z next:jsconfig-paths-plugin moduleName did not match any paths pattern next/dist/build/webpack/loaders/next-flight-loader/module-proxy
2026-04-06T23:17:51.717Z next:jsconfig-paths-plugin skipping request as it is an absolute path C:\Users\Ahmed Amin Bejoui\Desktop\ai-code-review-platform\apps\dashboard\components\review\InlineCodeReview
2026-04-06T23:17:51.722Z next:jsconfig-paths-plugin skipping request as it is an absolute path C:\Users\Ahmed Amin Bejoui\Desktop\ai-code-review-platform\apps\dashboard\components\reviewer\ReviewerDashboard
2026-04-06T23:17:51.722Z next:jsconfig-paths-plugin skipping request as it is an absolute path C:\Users\Ahmed Amin Bejoui\Desktop\ai-code-review-platform\apps\dashboard\components\dashboard\AdminOverview
2026-04-06T23:17:51.723Z next:jsconfig-paths-plugin skipping request as it is an absolute path C:\Users\Ahmed Amin Bejoui\Desktop\ai-code-review-platform\apps\dashboard\components\ui\severity-indicator
2026-04-06T23:17:51.723Z next:jsconfig-paths-plugin skipping request as it is an absolute path C:\Users\Ahmed Amin Bejoui\Desktop\ai-code-review-platform\apps\dashboard\components\security\SecurityIssueTable
2026-04-06T23:17:51.723Z next:jsconfig-paths-plugin skipping request as it is an absolute path C:\Users\Ahmed Amin Bejoui\Desktop\ai-code-review-platform\apps\dashboard\components\ui\card
2026-04-06T23:17:51.723Z next:jsconfig-paths-plugin skipping request as it is an absolute path C:\Users\Ahmed Amin Bejoui\Desktop\ai-code-review-platform\apps\dashboard\node_modules\next/dist/build/webpack/loaders/next-flight-loader/module-proxy
2026-04-06T23:17:51.723Z next:jsconfig-paths-plugin skipping request as it is an absolute path C:\Users\Ahmed Amin Bejoui\Desktop\ai-code-review-platform\apps\dashboard\node_modules\next/dist/build/webpack/loaders/next-flight-loader/module-proxy
2026-04-06T23:17:51.723Z next:jsconfig-paths-plugin skipping request as it is an absolute path C:\Users\Ahmed Amin Bejoui\Desktop\ai-code-review-platform\apps\dashboard\node_modules\next/dist/build/webpack/loaders/next-flight-loader/module-proxy
2026-04-06T23:17:51.723Z next:jsconfig-paths-plugin skipping request as it is an absolute path C:\Users\Ahmed Amin Bejoui\Desktop\ai-code-review-platform\apps\dashboard\node_modules\next/dist/build/webpack/loaders/next-flight-loader/module-proxy
2026-04-06T23:17:51.724Z next:jsconfig-paths-plugin skipping request as it is an absolute path C:\Users\Ahmed Amin Bejoui\Desktop\ai-code-review-platform\apps\dashboard\node_modules\lucide-react\dist\esm\lucide-react.js
2026-04-06T23:17:51.753Z next:jsconfig-paths-plugin skipping request as it is an absolute path C:\Users\Ahmed Amin Bejoui\Desktop\ai-code-review-platform\apps\dashboard\node_modules\next/dist/build/webpack/loaders/next-flight-loader/module-proxy
2026-04-06T23:17:51.753Z next:jsconfig-paths-plugin skipping request as it is an absolute path C:\Users\Ahmed Amin Bejoui\Desktop\ai-code-review-platform\apps\dashboard\node_modules\next/dist/build/webpack/loaders/next-flight-loader/module-proxy
2026-04-06T23:17:51.753Z next:jsconfig-paths-plugin skipping request as it is an absolute path C:\Users\Ahmed Amin Bejoui\Desktop\ai-code-review-platform\apps\dashboard\node_modules\next/dist/build/webpack/loaders/next-flight-loader/module-proxy
2026-04-06T23:17:51.754Z next:jsconfig-paths-plugin skipping request as it is an absolute path C:\Users\Ahmed Amin Bejoui\Desktop\ai-code-review-platform\apps\dashboard\node_modules\next/dist/build/webpack/loaders/next-flight-loader/module-proxy
2026-04-06T23:17:51.757Z next:jsconfig-paths-plugin skipping request as it is an absolute path C:\Users\Ahmed Amin Bejoui\Desktop\ai-code-review-platform\apps\dashboard\node_modules\next/dist/build/webpack/loaders/next-flight-loader/module-proxy
2026-04-06T23:17:52.109Z next:jsconfig-paths-plugin moduleName did not match any paths pattern next/dist/build/webpack/loaders/next-flight-loader/module-proxy
2026-04-06T23:17:52.109Z next:jsconfig-paths-plugin moduleName did not match any paths pattern next/dist/build/webpack/loaders/next-flight-loader/module-proxy
2026-04-06T23:17:52.110Z next:jsconfig-paths-plugin moduleName did not match any paths pattern next/dist/build/webpack/loaders/next-flight-loader/module-proxy
2026-04-06T23:17:52.110Z next:jsconfig-paths-plugin moduleName did not match any paths pattern next/dist/build/webpack/loaders/next-flight-loader/module-proxy
2026-04-06T23:17:52.110Z next:jsconfig-paths-plugin moduleName did not match any paths pattern next/dist/build/webpack/loaders/next-flight-loader/module-proxy
2026-04-06T23:17:52.110Z next:jsconfig-paths-plugin moduleName did not match any paths pattern next/dist/build/webpack/loaders/next-flight-loader/module-proxy
2026-04-06T23:17:52.110Z next:jsconfig-paths-plugin skipping request as it is an absolute path C:\Users\Ahmed Amin Bejoui\Desktop\ai-code-review-platform\apps\dashboard\node_modules\next/dist/build/webpack/loaders/next-flight-loader/module-proxy
2026-04-06T23:17:52.110Z next:jsconfig-paths-plugin skipping request as it is an absolute path C:\Users\Ahmed Amin Bejoui\Desktop\ai-code-review-platform\apps\dashboard\node_modules\next/dist/build/webpack/loaders/next-flight-loader/module-proxy
2026-04-06T23:17:52.110Z next:jsconfig-paths-plugin skipping request as it is an absolute path C:\Users\Ahmed Amin Bejoui\Desktop\ai-code-review-platform\apps\dashboard\node_modules\next/dist/build/webpack/loaders/next-flight-loader/module-proxy
2026-04-06T23:17:52.110Z next:jsconfig-paths-plugin skipping request as it is an absolute path C:\Users\Ahmed Amin Bejoui\Desktop\ai-code-review-platform\apps\dashboard\node_modules\next/dist/build/webpack/loaders/next-flight-loader/module-proxy
2026-04-06T23:17:52.110Z next:jsconfig-paths-plugin skipping request as it is an absolute path C:\Users\Ahmed Amin Bejoui\Desktop\ai-code-review-platform\apps\dashboard\node_modules\next/dist/build/webpack/loaders/next-flight-loader/module-proxy
2026-04-06T23:17:52.110Z next:jsconfig-paths-plugin skipping request as it is an absolute path C:\Users\Ahmed Amin Bejoui\Desktop\ai-code-review-platform\apps\dashboard\node_modules\next/dist/build/webpack/loaders/next-flight-loader/module-proxy
2026-04-06T23:17:53.160Z next:jsconfig-paths-plugin skipping request as it is an absolute path C:\Users\Ahmed Amin Bejoui\Desktop\ai-code-review-platform\apps\dashboard\app\dashboard\settings\notifications\page.tsx
2026-04-06T23:17:53.163Z next:jsconfig-paths-plugin skipping request as it is an absolute path C:\Users\Ahmed Amin Bejoui\Desktop\ai-code-review-platform\apps\dashboard\app\dashboard\settings\security\page.tsx
2026-04-06T23:17:53.165Z next:jsconfig-paths-plugin skipping request as it is an absolute path C:\Users\Ahmed Amin Bejoui\Desktop\ai-code-review-platform\apps\dashboard\app\dashboard\reviewer\queue\page.tsx
2026-04-06T23:17:53.166Z next:jsconfig-paths-plugin skipping request as it is an absolute path C:\Users\Ahmed Amin Bejoui\Desktop\ai-code-review-platform\apps\dashboard\app\dashboard\admin\knowledge-base\page.tsx
2026-04-06T23:17:53.168Z next:jsconfig-paths-plugin skipping request as it is an absolute path C:\Users\Ahmed Amin Bejoui\Desktop\ai-code-review-platform\apps\dashboard\app\dashboard\admin\integrations\page.tsx
2026-04-06T23:17:53.170Z next:jsconfig-paths-plugin skipping request as it is an absolute path C:\Users\Ahmed Amin Bejoui\Desktop\ai-code-review-platform\apps\dashboard\app\dashboard\admin\policies\page.tsx
2026-04-06T23:17:53.171Z next:jsconfig-paths-plugin skipping request as it is an absolute path C:\Users\Ahmed Amin Bejoui\Desktop\ai-code-review-platform\apps\dashboard\app\dashboard\admin\observability\page.tsx
2026-04-06T23:17:53.173Z next:jsconfig-paths-plugin skipping request as it is an absolute path C:\Users\Ahmed Amin Bejoui\Desktop\ai-code-review-platform\apps\dashboard\app\dashboard\admin\users\page.tsx
2026-04-06T23:17:53.178Z next:jsconfig-paths-plugin moduleName did not match any paths pattern react/jsx-runtime
2026-04-06T23:17:53.180Z next:jsconfig-paths-plugin moduleName did not match any paths pattern react/jsx-runtime
2026-04-06T23:17:53.180Z next:jsconfig-paths-plugin moduleName did not match any paths pattern react/jsx-runtime
2026-04-06T23:17:53.180Z next:jsconfig-paths-plugin moduleName did not match any paths pattern react/jsx-runtime
2026-04-06T23:17:53.181Z next:jsconfig-paths-plugin moduleName did not match any paths pattern react/jsx-runtime
2026-04-06T23:17:53.181Z next:jsconfig-paths-plugin moduleName did not match any paths pattern next/dist/server/future/route-modules/app-page/vendored/rsc/react-jsx-runtime
2026-04-06T23:17:53.181Z next:jsconfig-paths-plugin moduleName did not match any paths pattern next/dist/server/future/route-modules/app-page/vendored/rsc/react-jsx-runtime
2026-04-06T23:17:53.181Z next:jsconfig-paths-plugin moduleName did not match any paths pattern next/dist/server/future/route-modules/app-page/vendored/rsc/react-jsx-runtime
2026-04-06T23:17:53.181Z next:jsconfig-paths-plugin moduleName did not match any paths pattern next/dist/server/future/route-modules/app-page/vendored/rsc/react-jsx-runtime
2026-04-06T23:17:53.181Z next:jsconfig-paths-plugin skipping request as it is an absolute path C:\Users\Ahmed Amin Bejoui\Desktop\ai-code-review-platform\apps\dashboard\node_modules\next/dist/server/future/route-modules/app-page/vendored/rsc/react-jsx-runtime
2026-04-06T23:17:53.181Z next:jsconfig-paths-plugin skipping request as it is an absolute path C:\Users\Ahmed Amin Bejoui\Desktop\ai-code-review-platform\apps\dashboard\node_modules\next/dist/server/future/route-modules/app-page/vendored/rsc/react-jsx-runtime
2026-04-06T23:17:53.181Z next:jsconfig-paths-plugin skipping request as it is an absolute path C:\Users\Ahmed Amin Bejoui\Desktop\ai-code-review-platform\apps\dashboard\node_modules\next/dist/server/future/route-modules/app-page/vendored/rsc/react-jsx-runtime
2026-04-06T23:17:53.182Z next:jsconfig-paths-plugin skipping request as it is an absolute path C:\Users\Ahmed Amin Bejoui\Desktop\ai-code-review-platform\apps\dashboard\node_modules\next/dist/server/future/route-modules/app-page/vendored/rsc/react-jsx-runtime
2026-04-06T23:17:53.184Z next:jsconfig-paths-plugin moduleName did not match any paths pattern next-metadata-image-loader
2026-04-06T23:17:53.185Z next:jsconfig-paths-plugin moduleName did not match any paths pattern next-metadata-image-loader
2026-04-06T23:17:53.192Z next:jsconfig-paths-plugin moduleName did not match any paths pattern next-metadata-image-loader
2026-04-06T23:17:53.192Z next:jsconfig-paths-plugin moduleName did not match any paths pattern next/dist/client/components/not-found-error
2026-04-06T23:17:53.192Z next:jsconfig-paths-plugin skipping request as it is an absolute path C:\Users\Ahmed Amin Bejoui\Desktop\ai-code-review-platform\apps\dashboard\node_modules\next/dist/client/components/not-found-error
2026-04-06T23:17:53.193Z next:jsconfig-paths-plugin moduleName did not match any paths pattern next-metadata-image-loader
2026-04-06T23:17:53.196Z next:jsconfig-paths-plugin skipping request as it is an absolute path C:\Users\Ahmed Amin Bejoui\Desktop\ai-code-review-platform\apps\dashboard\components\review\InlineCodeReview
2026-04-06T23:17:53.197Z next:jsconfig-paths-plugin skipping request as it is an absolute path C:\Users\Ahmed Amin Bejoui\Desktop\ai-code-review-platform\apps\dashboard\components\review\InlineCodeReview
2026-04-06T23:17:53.198Z next:jsconfig-paths-plugin skipping request as it is an absolute path C:\Users\Ahmed Amin Bejoui\Desktop\ai-code-review-platform\apps\dashboard\components\review\InlineCodeReview
2026-04-06T23:17:53.201Z next:jsconfig-paths-plugin skipping request as it is an absolute path C:\Users\Ahmed Amin Bejoui\Desktop\ai-code-review-platform\apps\dashboard\components\review\InlineCodeReview
2026-04-06T23:17:53.202Z next:jsconfig-paths-plugin skipping request as it is an absolute path C:\Users\Ahmed Amin Bejoui\Desktop\ai-code-review-platform\apps\dashboard\components\reviewer\ReviewerDashboard
2026-04-06T23:17:53.203Z next:jsconfig-paths-plugin skipping request as it is an absolute path C:\Users\Ahmed Amin Bejoui\Desktop\ai-code-review-platform\apps\dashboard\components\reviewer\ReviewerDashboard
2026-04-06T23:17:53.204Z next:jsconfig-paths-plugin skipping request as it is an absolute path C:\Users\Ahmed Amin Bejoui\Desktop\ai-code-review-platform\apps\dashboard\components\reviewer\ReviewerDashboard
2026-04-06T23:17:53.206Z next:jsconfig-paths-plugin skipping request as it is an absolute path C:\Users\Ahmed Amin Bejoui\Desktop\ai-code-review-platform\apps\dashboard\components\reviewer\ReviewerDashboard
2026-04-06T23:17:53.206Z next:jsconfig-paths-plugin skipping request as it is an absolute path C:\Users\Ahmed Amin Bejoui\Desktop\ai-code-review-platform\apps\dashboard\components\dashboard\AdminOverview
2026-04-06T23:17:53.207Z next:jsconfig-paths-plugin skipping request as it is an absolute path C:\Users\Ahmed Amin Bejoui\Desktop\ai-code-review-platform\apps\dashboard\components\dashboard\AdminOverview
2026-04-06T23:17:53.207Z next:jsconfig-paths-plugin skipping request as it is an absolute path C:\Users\Ahmed Amin Bejoui\Desktop\ai-code-review-platform\apps\dashboard\components\dashboard\AdminOverview
2026-04-06T23:17:53.208Z next:jsconfig-paths-plugin skipping request as it is an absolute path C:\Users\Ahmed Amin Bejoui\Desktop\ai-code-review-platform\apps\dashboard\components\dashboard\AdminOverview
2026-04-06T23:17:53.209Z next:jsconfig-paths-plugin skipping request as it is an absolute path C:\Users\Ahmed Amin Bejoui\Desktop\ai-code-review-platform\apps\dashboard\components\security\SecurityIssueTable
2026-04-06T23:17:53.209Z next:jsconfig-paths-plugin skipping request as it is an absolute path C:\Users\Ahmed Amin Bejoui\Desktop\ai-code-review-platform\apps\dashboard\components\security\SecurityIssueTable
2026-04-06T23:17:53.210Z next:jsconfig-paths-plugin skipping request as it is an absolute path C:\Users\Ahmed Amin Bejoui\Desktop\ai-code-review-platform\apps\dashboard\components\security\SecurityIssueTable
2026-04-06T23:17:53.211Z next:jsconfig-paths-plugin skipping request as it is an absolute path C:\Users\Ahmed Amin Bejoui\Desktop\ai-code-review-platform\apps\dashboard\components\security\SecurityIssueTable
2026-04-06T23:17:53.225Z next:jsconfig-paths-plugin skipping request as it is an absolute path C:\Users\Ahmed Amin Bejoui\Desktop\ai-code-review-platform\apps\dashboard\components\ui\severity-indicator
2026-04-06T23:17:53.226Z next:jsconfig-paths-plugin skipping request as it is an absolute path C:\Users\Ahmed Amin Bejoui\Desktop\ai-code-review-platform\apps\dashboard\components\ui\card
2026-04-06T23:17:53.226Z next:jsconfig-paths-plugin skipping request as it is an absolute path C:\Users\Ahmed Amin Bejoui\Desktop\ai-code-review-platform\apps\dashboard\components\ui\severity-indicator
2026-04-06T23:17:53.226Z next:jsconfig-paths-plugin skipping request as it is an absolute path C:\Users\Ahmed Amin Bejoui\Desktop\ai-code-review-platform\apps\dashboard\components\ui\card
2026-04-06T23:17:53.229Z next:jsconfig-paths-plugin skipping request as it is an absolute path C:\Users\Ahmed Amin Bejoui\Desktop\ai-code-review-platform\apps\dashboard\components\ui\severity-indicator
2026-04-06T23:17:53.229Z next:jsconfig-paths-plugin skipping request as it is an absolute path C:\Users\Ahmed Amin Bejoui\Desktop\ai-code-review-platform\apps\dashboard\components\ui\card
2026-04-06T23:17:53.230Z next:jsconfig-paths-plugin skipping request as it is an absolute path C:\Users\Ahmed Amin Bejoui\Desktop\ai-code-review-platform\apps\dashboard\components\ui\severity-indicator
2026-04-06T23:17:53.230Z next:jsconfig-paths-plugin skipping request as it is an absolute path C:\Users\Ahmed Amin Bejoui\Desktop\ai-code-review-platform\apps\dashboard\components\ui\card
2026-04-06T23:17:53.260Z next:jsconfig-paths-plugin moduleName did not match any paths pattern react/jsx-runtime
2026-04-06T23:17:53.261Z next:jsconfig-paths-plugin moduleName did not match any paths pattern react/jsx-runtime
2026-04-06T23:17:53.261Z next:jsconfig-paths-plugin skipping request as it is an absolute path C:\Users\Ahmed Amin Bejoui\Desktop\ai-code-review-platform\apps\dashboard\components\dashboard\KnowledgeBase
2026-04-06T23:17:53.261Z next:jsconfig-paths-plugin skipping request as it is an absolute path C:\Users\Ahmed Amin Bejoui\Desktop\ai-code-review-platform\apps\dashboard\components\reviewer\ReviewQueue
2026-04-06T23:17:53.376Z next:jsconfig-paths-plugin moduleName did not match any paths pattern react/jsx-runtime
2026-04-06T23:17:53.376Z next:jsconfig-paths-plugin moduleName did not match any paths pattern react/jsx-runtime
2026-04-06T23:17:53.383Z next:jsconfig-paths-plugin moduleName did not match any paths pattern react/jsx-runtime
2026-04-06T23:17:53.413Z next:jsconfig-paths-plugin moduleName did not match any paths pattern react/jsx-runtime
2026-04-06T23:17:53.414Z next:jsconfig-paths-plugin moduleName did not match any paths pattern next/link
2026-04-06T23:17:53.414Z next:jsconfig-paths-plugin skipping request as it is an absolute path C:\Users\Ahmed Amin Bejoui\Desktop\ai-code-review-platform\apps\dashboard\components\dashboard\PoliciesRules
2026-04-06T23:17:53.414Z next:jsconfig-paths-plugin skipping request as it is an absolute path C:\Users\Ahmed Amin Bejoui\Desktop\ai-code-review-platform\apps\dashboard\components\dashboard\Integrations
2026-04-06T23:17:53.415Z next:jsconfig-paths-plugin skipping request as it is an absolute path C:\Users\Ahmed Amin Bejoui\Desktop\ai-code-review-platform\apps\dashboard\components\dashboard\Observability
2026-04-06T23:17:53.422Z next:jsconfig-paths-plugin skipping request as it is an absolute path C:\Users\Ahmed Amin Bejoui\Desktop\ai-code-review-platform\apps\dashboard\components\dashboard\UserManagement
2026-04-06T23:17:53.422Z next:jsconfig-paths-plugin skipping request as it is an absolute path C:\Users\Ahmed Amin Bejoui\Desktop\ai-code-review-platform\apps\dashboard\components\ui\button
2026-04-06T23:17:53.422Z next:jsconfig-paths-plugin skipping request as it is an absolute path C:\Users\Ahmed Amin Bejoui\Desktop\ai-code-review-platform\apps\dashboard\node_modules\next/link
2026-04-06T23:17:53.424Z next:jsconfig-paths-plugin skipping request as it is an absolute path C:\Users\Ahmed Amin Bejoui\Desktop\ai-code-review-platform\apps\dashboard\components\dashboard\KnowledgeBase
2026-04-06T23:17:53.428Z next:jsconfig-paths-plugin skipping request as it is an absolute path C:\Users\Ahmed Amin Bejoui\Desktop\ai-code-review-platform\apps\dashboard\components\reviewer\ReviewQueue
2026-04-06T23:17:53.430Z next:jsconfig-paths-plugin moduleName did not match any paths pattern react/jsx-runtime
2026-04-06T23:17:53.430Z next:jsconfig-paths-plugin moduleName did not match any paths pattern react/jsx-runtime
2026-04-06T23:17:53.430Z next:jsconfig-paths-plugin moduleName did not match any paths pattern next/dist/server/future/route-modules/app-page/vendored/rsc/react-jsx-runtime
2026-04-06T23:17:53.431Z next:jsconfig-paths-plugin moduleName did not match any paths pattern next/dist/server/future/route-modules/app-page/vendored/rsc/react-jsx-runtime
2026-04-06T23:17:53.431Z next:jsconfig-paths-plugin skipping request as it is an absolute path C:\Users\Ahmed Amin Bejoui\Desktop\ai-code-review-platform\apps\dashboard\components\dashboard\KnowledgeBase
2026-04-06T23:17:53.431Z next:jsconfig-paths-plugin skipping request as it is an absolute path C:\Users\Ahmed Amin Bejoui\Desktop\ai-code-review-platform\apps\dashboard\components\reviewer\ReviewQueue
2026-04-06T23:17:53.431Z next:jsconfig-paths-plugin skipping request as it is an absolute path C:\Users\Ahmed Amin Bejoui\Desktop\ai-code-review-platform\apps\dashboard\node_modules\next/dist/server/future/route-modules/app-page/vendored/rsc/react-jsx-runtime
2026-04-06T23:17:53.431Z next:jsconfig-paths-plugin skipping request as it is an absolute path C:\Users\Ahmed Amin Bejoui\Desktop\ai-code-review-platform\apps\dashboard\node_modules\next/dist/server/future/route-modules/app-page/vendored/rsc/react-jsx-runtime
2026-04-06T23:17:53.436Z next:jsconfig-paths-plugin skipping request as it is an absolute path C:\Users\Ahmed Amin Bejoui\Desktop\ai-code-review-platform\apps\dashboard\components\dashboard\KnowledgeBase
2026-04-06T23:17:53.436Z next:jsconfig-paths-plugin skipping request as it is an absolute path C:\Users\Ahmed Amin Bejoui\Desktop\ai-code-review-platform\apps\dashboard\components\reviewer\ReviewQueue
2026-04-06T23:17:53.438Z next:jsconfig-paths-plugin skipping request as it is an absolute path C:\Users\Ahmed Amin Bejoui\Desktop\ai-code-review-platform\apps\dashboard\components\dashboard\KnowledgeBase
2026-04-06T23:17:53.438Z next:jsconfig-paths-plugin skipping request as it is an absolute path C:\Users\Ahmed Amin Bejoui\Desktop\ai-code-review-platform\apps\dashboard\components\reviewer\ReviewQueue
2026-04-06T23:17:53.453Z next:jsconfig-paths-plugin moduleName did not match any paths pattern next/dist/build/webpack/loaders/next-flight-loader/module-proxy
2026-04-06T23:17:53.453Z next:jsconfig-paths-plugin moduleName did not match any paths pattern next/dist/build/webpack/loaders/next-flight-loader/module-proxy
2026-04-06T23:17:53.453Z next:jsconfig-paths-plugin skipping request as it is an absolute path C:\Users\Ahmed Amin Bejoui\Desktop\ai-code-review-platform\apps\dashboard\node_modules\next/dist/build/webpack/loaders/next-flight-loader/module-proxy
2026-04-06T23:17:53.454Z next:jsconfig-paths-plugin skipping request as it is an absolute path C:\Users\Ahmed Amin Bejoui\Desktop\ai-code-review-platform\apps\dashboard\node_modules\next/dist/build/webpack/loaders/next-flight-loader/module-proxy
2026-04-06T23:17:53.462Z next:jsconfig-paths-plugin skipping request as it is an absolute path C:\Users\Ahmed Amin Bejoui\Desktop\ai-code-review-platform\apps\dashboard\components\review\InlineCodeReview
2026-04-06T23:17:53.462Z next:jsconfig-paths-plugin skipping request as it is an absolute path C:\Users\Ahmed Amin Bejoui\Desktop\ai-code-review-platform\apps\dashboard\components\reviewer\ReviewerDashboard
2026-04-06T23:17:53.463Z next:jsconfig-paths-plugin skipping request as it is an absolute path C:\Users\Ahmed Amin Bejoui\Desktop\ai-code-review-platform\apps\dashboard\components\dashboard\AdminOverview
2026-04-06T23:17:53.463Z next:jsconfig-paths-plugin skipping request as it is an absolute path C:\Users\Ahmed Amin Bejoui\Desktop\ai-code-review-platform\apps\dashboard\components\security\SecurityIssueTable
2026-04-06T23:17:53.463Z next:jsconfig-paths-plugin skipping request as it is an absolute path C:\Users\Ahmed Amin Bejoui\Desktop\ai-code-review-platform\apps\dashboard\components\ui\severity-indicator
2026-04-06T23:17:53.463Z next:jsconfig-paths-plugin skipping request as it is an absolute path C:\Users\Ahmed Amin Bejoui\Desktop\ai-code-review-platform\apps\dashboard\components\ui\card
2026-04-06T23:17:53.463Z next:jsconfig-paths-plugin skipping request as it is an absolute path C:\Users\Ahmed Amin Bejoui\Desktop\ai-code-review-platform\apps\dashboard\components\dashboard\PoliciesRules
2026-04-06T23:17:53.463Z next:jsconfig-paths-plugin skipping request as it is an absolute path C:\Users\Ahmed Amin Bejoui\Desktop\ai-code-review-platform\apps\dashboard\components\dashboard\Integrations
2026-04-06T23:17:53.463Z next:jsconfig-paths-plugin skipping request as it is an absolute path C:\Users\Ahmed Amin Bejoui\Desktop\ai-code-review-platform\apps\dashboard\components\dashboard\Observability
2026-04-06T23:17:53.463Z next:jsconfig-paths-plugin skipping request as it is an absolute path C:\Users\Ahmed Amin Bejoui\Desktop\ai-code-review-platform\apps\dashboard\components\dashboard\UserManagement
2026-04-06T23:17:53.463Z next:jsconfig-paths-plugin skipping request as it is an absolute path C:\Users\Ahmed Amin Bejoui\Desktop\ai-code-review-platform\apps\dashboard\components\ui\button
2026-04-06T23:17:53.464Z next:jsconfig-paths-plugin moduleName did not match any paths pattern react/jsx-runtime
2026-04-06T23:17:53.464Z next:jsconfig-paths-plugin moduleName did not match any paths pattern react/jsx-runtime
2026-04-06T23:17:53.467Z next:jsconfig-paths-plugin moduleName did not match any paths pattern react/jsx-runtime
2026-04-06T23:17:53.467Z next:jsconfig-paths-plugin moduleName did not match any paths pattern react/jsx-runtime
2026-04-06T23:17:53.470Z next:jsconfig-paths-plugin moduleName did not match any paths pattern next/dist/server/future/route-modules/app-page/vendored/rsc/react-jsx-runtime
2026-04-06T23:17:53.470Z next:jsconfig-paths-plugin moduleName did not match any paths pattern next/dist/server/future/route-modules/app-page/vendored/rsc/react-jsx-runtime
2026-04-06T23:17:53.470Z next:jsconfig-paths-plugin moduleName did not match any paths pattern next/dist/server/future/route-modules/app-page/vendored/rsc/react-jsx-runtime
2026-04-06T23:17:53.470Z next:jsconfig-paths-plugin moduleName did not match any paths pattern next/dist/server/future/route-modules/app-page/vendored/rsc/react-jsx-runtime
2026-04-06T23:17:53.472Z next:jsconfig-paths-plugin skipping request as it is an absolute path C:\Users\Ahmed Amin Bejoui\Desktop\ai-code-review-platform\apps\dashboard\components\dashboard\PoliciesRules
2026-04-06T23:17:53.472Z next:jsconfig-paths-plugin skipping request as it is an absolute path C:\Users\Ahmed Amin Bejoui\Desktop\ai-code-review-platform\apps\dashboard\components\dashboard\Integrations
2026-04-06T23:17:53.472Z next:jsconfig-paths-plugin skipping request as it is an absolute path C:\Users\Ahmed Amin Bejoui\Desktop\ai-code-review-platform\apps\dashboard\components\dashboard\Observability
2026-04-06T23:17:53.473Z next:jsconfig-paths-plugin skipping request as it is an absolute path C:\Users\Ahmed Amin Bejoui\Desktop\ai-code-review-platform\apps\dashboard\components\dashboard\UserManagement
2026-04-06T23:17:53.473Z next:jsconfig-paths-plugin skipping request as it is an absolute path C:\Users\Ahmed Amin Bejoui\Desktop\ai-code-review-platform\apps\dashboard\components\ui\button
2026-04-06T23:17:53.473Z next:jsconfig-paths-plugin skipping request as it is an absolute path C:\Users\Ahmed Amin Bejoui\Desktop\ai-code-review-platform\apps\dashboard\components\review\InlineCodeReview
2026-04-06T23:17:53.473Z next:jsconfig-paths-plugin skipping request as it is an absolute path C:\Users\Ahmed Amin Bejoui\Desktop\ai-code-review-platform\apps\dashboard\components\reviewer\ReviewerDashboard
2026-04-06T23:17:53.473Z next:jsconfig-paths-plugin skipping request as it is an absolute path C:\Users\Ahmed Amin Bejoui\Desktop\ai-code-review-platform\apps\dashboard\components\dashboard\AdminOverview
2026-04-06T23:17:53.473Z next:jsconfig-paths-plugin skipping request as it is an absolute path C:\Users\Ahmed Amin Bejoui\Desktop\ai-code-review-platform\apps\dashboard\components\security\SecurityIssueTable
2026-04-06T23:17:53.474Z next:jsconfig-paths-plugin skipping request as it is an absolute path C:\Users\Ahmed Amin Bejoui\Desktop\ai-code-review-platform\apps\dashboard\components\ui\severity-indicator
2026-04-06T23:17:53.474Z next:jsconfig-paths-plugin skipping request as it is an absolute path C:\Users\Ahmed Amin Bejoui\Desktop\ai-code-review-platform\apps\dashboard\components\ui\card
2026-04-06T23:17:53.474Z next:jsconfig-paths-plugin skipping request as it is an absolute path C:\Users\Ahmed Amin Bejoui\Desktop\ai-code-review-platform\apps\dashboard\node_modules\next/dist/server/future/route-modules/app-page/vendored/rsc/react-jsx-runtime
2026-04-06T23:17:53.474Z next:jsconfig-paths-plugin skipping request as it is an absolute path C:\Users\Ahmed Amin Bejoui\Desktop\ai-code-review-platform\apps\dashboard\node_modules\next/dist/server/future/route-modules/app-page/vendored/rsc/react-jsx-runtime
2026-04-06T23:17:53.475Z next:jsconfig-paths-plugin skipping request as it is an absolute path C:\Users\Ahmed Amin Bejoui\Desktop\ai-code-review-platform\apps\dashboard\node_modules\next/dist/server/future/route-modules/app-page/vendored/rsc/react-jsx-runtime
2026-04-06T23:17:53.475Z next:jsconfig-paths-plugin skipping request as it is an absolute path C:\Users\Ahmed Amin Bejoui\Desktop\ai-code-review-platform\apps\dashboard\node_modules\next/dist/server/future/route-modules/app-page/vendored/rsc/react-jsx-runtime
2026-04-06T23:17:53.489Z next:jsconfig-paths-plugin skipping request as it is an absolute path C:\Users\Ahmed Amin Bejoui\Desktop\ai-code-review-platform\apps\dashboard\components\dashboard\PoliciesRules
2026-04-06T23:17:53.489Z next:jsconfig-paths-plugin skipping request as it is an absolute path C:\Users\Ahmed Amin Bejoui\Desktop\ai-code-review-platform\apps\dashboard\components\dashboard\Integrations
2026-04-06T23:17:53.490Z next:jsconfig-paths-plugin skipping request as it is an absolute path C:\Users\Ahmed Amin Bejoui\Desktop\ai-code-review-platform\apps\dashboard\components\dashboard\Observability
2026-04-06T23:17:53.490Z next:jsconfig-paths-plugin skipping request as it is an absolute path C:\Users\Ahmed Amin Bejoui\Desktop\ai-code-review-platform\apps\dashboard\components\dashboard\UserManagement
2026-04-06T23:17:53.490Z next:jsconfig-paths-plugin skipping request as it is an absolute path C:\Users\Ahmed Amin Bejoui\Desktop\ai-code-review-platform\apps\dashboard\components\ui\button
2026-04-06T23:17:53.490Z next:jsconfig-paths-plugin skipping request as it is an absolute path C:\Users\Ahmed Amin Bejoui\Desktop\ai-code-review-platform\apps\dashboard\components\review\InlineCodeReview
2026-04-06T23:17:53.490Z next:jsconfig-paths-plugin skipping request as it is an absolute path C:\Users\Ahmed Amin Bejoui\Desktop\ai-code-review-platform\apps\dashboard\components\reviewer\ReviewerDashboard
2026-04-06T23:17:53.490Z next:jsconfig-paths-plugin skipping request as it is an absolute path C:\Users\Ahmed Amin Bejoui\Desktop\ai-code-review-platform\apps\dashboard\components\dashboard\AdminOverview
2026-04-06T23:17:53.490Z next:jsconfig-paths-plugin skipping request as it is an absolute path C:\Users\Ahmed Amin Bejoui\Desktop\ai-code-review-platform\apps\dashboard\components\security\SecurityIssueTable
2026-04-06T23:17:53.490Z next:jsconfig-paths-plugin skipping request as it is an absolute path C:\Users\Ahmed Amin Bejoui\Desktop\ai-code-review-platform\apps\dashboard\components\ui\severity-indicator
2026-04-06T23:17:53.491Z next:jsconfig-paths-plugin skipping request as it is an absolute path C:\Users\Ahmed Amin Bejoui\Desktop\ai-code-review-platform\apps\dashboard\components\ui\card
2026-04-06T23:17:53.526Z next:jsconfig-paths-plugin skipping request as it is an absolute path C:\Users\Ahmed Amin Bejoui\Desktop\ai-code-review-platform\apps\dashboard\components\review\InlineCodeReview
2026-04-06T23:17:53.526Z next:jsconfig-paths-plugin skipping request as it is an absolute path C:\Users\Ahmed Amin Bejoui\Desktop\ai-code-review-platform\apps\dashboard\components\reviewer\ReviewerDashboard
2026-04-06T23:17:53.526Z next:jsconfig-paths-plugin skipping request as it is an absolute path C:\Users\Ahmed Amin Bejoui\Desktop\ai-code-review-platform\apps\dashboard\components\dashboard\AdminOverview
2026-04-06T23:17:53.526Z next:jsconfig-paths-plugin skipping request as it is an absolute path C:\Users\Ahmed Amin Bejoui\Desktop\ai-code-review-platform\apps\dashboard\components\security\SecurityIssueTable
2026-04-06T23:17:53.543Z next:jsconfig-paths-plugin skipping request as it is an absolute path C:\Users\Ahmed Amin Bejoui\Desktop\ai-code-review-platform\apps\dashboard\components\ui\severity-indicator
2026-04-06T23:17:53.543Z next:jsconfig-paths-plugin skipping request as it is an absolute path C:\Users\Ahmed Amin Bejoui\Desktop\ai-code-review-platform\apps\dashboard\components\ui\card
2026-04-06T23:17:53.543Z next:jsconfig-paths-plugin skipping request as it is an absolute path C:\Users\Ahmed Amin Bejoui\Desktop\ai-code-review-platform\apps\dashboard\components\dashboard\PoliciesRules
2026-04-06T23:17:53.543Z next:jsconfig-paths-plugin skipping request as it is an absolute path C:\Users\Ahmed Amin Bejoui\Desktop\ai-code-review-platform\apps\dashboard\components\dashboard\Integrations
2026-04-06T23:17:53.543Z next:jsconfig-paths-plugin skipping request as it is an absolute path C:\Users\Ahmed Amin Bejoui\Desktop\ai-code-review-platform\apps\dashboard\components\dashboard\Observability
2026-04-06T23:17:53.543Z next:jsconfig-paths-plugin skipping request as it is an absolute path C:\Users\Ahmed Amin Bejoui\Desktop\ai-code-review-platform\apps\dashboard\components\dashboard\UserManagement
2026-04-06T23:17:53.543Z next:jsconfig-paths-plugin skipping request as it is an absolute path C:\Users\Ahmed Amin Bejoui\Desktop\ai-code-review-platform\apps\dashboard\components\ui\button
2026-04-06T23:17:53.564Z next:jsconfig-paths-plugin skipping request as it is inside node_modules next/dist/api/link
2026-04-06T23:17:53.564Z next:jsconfig-paths-plugin skipping request as it is inside node_modules C:\Users\Ahmed Amin Bejoui\Desktop\ai-code-review-platform\apps\dashboard\node_modules\next/dist/api/link
2026-04-06T23:17:53.623Z next:jsconfig-paths-plugin skipping request as it is inside node_modules react/jsx-runtime
2026-04-06T23:17:53.624Z next:jsconfig-paths-plugin skipping request as it is inside node_modules react
2026-04-06T23:17:53.624Z next:jsconfig-paths-plugin skipping request as it is inside node_modules @swc/helpers/_/_interop_require_default
2026-04-06T23:17:53.624Z next:jsconfig-paths-plugin skipping request as it is inside node_modules next/dist/server/future/route-modules/app-page/vendored/rsc/react-jsx-runtime
2026-04-06T23:17:53.624Z next:jsconfig-paths-plugin skipping request as it is inside node_modules next/dist/server/future/route-modules/app-page/vendored/rsc/react
2026-04-06T23:17:53.624Z next:jsconfig-paths-plugin skipping request as it is inside node_modules C:\Users\Ahmed Amin Bejoui\Desktop\ai-code-review-platform\apps\dashboard\node_modules\@swc\helpers\_/_interop_require_default
2026-04-06T23:17:53.625Z next:jsconfig-paths-plugin skipping request as it is inside node_modules C:\Users\Ahmed Amin Bejoui\Desktop\ai-code-review-platform\apps\dashboard\node_modules\next/dist/server/future/route-modules/app-page/vendored/rsc/react-jsx-runtime
2026-04-06T23:17:53.625Z next:jsconfig-paths-plugin skipping request as it is inside node_modules C:\Users\Ahmed Amin Bejoui\Desktop\ai-code-review-platform\apps\dashboard\node_modules\next/dist/server/future/route-modules/app-page/vendored/rsc/react
2026-04-06T23:17:53.633Z next:jsconfig-paths-plugin moduleName did not match any paths pattern react/jsx-runtime
2026-04-06T23:17:53.641Z next:jsconfig-paths-plugin skipping request as it is inside node_modules react
2026-04-06T23:17:53.641Z next:jsconfig-paths-plugin skipping request as it is inside node_modules next/dist/server/future/route-modules/app-page/vendored/rsc/react
2026-04-06T23:17:53.641Z next:jsconfig-paths-plugin skipping request as it is inside node_modules C:\Users\Ahmed Amin Bejoui\Desktop\ai-code-review-platform\apps\dashboard\node_modules\next/dist/server/future/route-modules/app-page/vendored/rsc/react
2026-04-06T23:17:53.646Z next:jsconfig-paths-plugin skipping request as it is inside node_modules react/jsx-runtime
2026-04-06T23:17:53.646Z next:jsconfig-paths-plugin skipping request as it is inside node_modules next/dist/server/future/route-modules/app-page/vendored/rsc/react-jsx-runtime
2026-04-06T23:17:53.646Z next:jsconfig-paths-plugin skipping request as it is inside node_modules C:\Users\Ahmed Amin Bejoui\Desktop\ai-code-review-platform\apps\dashboard\node_modules\next/dist/server/future/route-modules/app-page/vendored/rsc/react-jsx-runtime
2026-04-06T23:17:53.679Z next:jsconfig-paths-plugin skipping request as it is an absolute path C:\Users\Ahmed Amin Bejoui\Desktop\ai-code-review-platform\apps\dashboard\components\dashboard\KnowledgeBase
2026-04-06T23:17:53.680Z next:jsconfig-paths-plugin skipping request as it is an absolute path C:\Users\Ahmed Amin Bejoui\Desktop\ai-code-review-platform\apps\dashboard\components\reviewer\ReviewQueue
2026-04-06T23:17:53.688Z next:jsconfig-paths-plugin skipping request as it is an absolute path C:\Users\Ahmed Amin Bejoui\Desktop\ai-code-review-platform\apps\dashboard\components\dashboard\KnowledgeBase
2026-04-06T23:17:53.689Z next:jsconfig-paths-plugin skipping request as it is an absolute path C:\Users\Ahmed Amin Bejoui\Desktop\ai-code-review-platform\apps\dashboard\components\reviewer\ReviewQueue
2026-04-06T23:17:53.711Z next:jsconfig-paths-plugin skipping request as it is an absolute path C:\Users\Ahmed Amin Bejoui\Desktop\ai-code-review-platform\apps\dashboard\components\dashboard\KnowledgeBase
2026-04-06T23:17:53.711Z next:jsconfig-paths-plugin skipping request as it is an absolute path C:\Users\Ahmed Amin Bejoui\Desktop\ai-code-review-platform\apps\dashboard\components\reviewer\ReviewQueue
2026-04-06T23:17:53.747Z next:jsconfig-paths-plugin skipping request as it is an absolute path C:\Users\Ahmed Amin Bejoui\Desktop\ai-code-review-platform\apps\dashboard\components\dashboard\KnowledgeBase
2026-04-06T23:17:53.747Z next:jsconfig-paths-plugin skipping request as it is an absolute path C:\Users\Ahmed Amin Bejoui\Desktop\ai-code-review-platform\apps\dashboard\components\reviewer\ReviewQueue
2026-04-06T23:17:53.815Z next:jsconfig-paths-plugin skipping request as it is an absolute path C:\Users\Ahmed Amin Bejoui\Desktop\ai-code-review-platform\apps\dashboard\components\dashboard\PoliciesRules
2026-04-06T23:17:53.816Z next:jsconfig-paths-plugin skipping request as it is an absolute path C:\Users\Ahmed Amin Bejoui\Desktop\ai-code-review-platform\apps\dashboard\components\dashboard\Integrations
2026-04-06T23:17:53.816Z next:jsconfig-paths-plugin skipping request as it is an absolute path C:\Users\Ahmed Amin Bejoui\Desktop\ai-code-review-platform\apps\dashboard\components\dashboard\Observability
2026-04-06T23:17:53.816Z next:jsconfig-paths-plugin skipping request as it is an absolute path C:\Users\Ahmed Amin Bejoui\Desktop\ai-code-review-platform\apps\dashboard\components\dashboard\UserManagement
2026-04-06T23:17:53.816Z next:jsconfig-paths-plugin skipping request as it is an absolute path C:\Users\Ahmed Amin Bejoui\Desktop\ai-code-review-platform\apps\dashboard\components\ui\button
2026-04-06T23:17:53.827Z next:jsconfig-paths-plugin skipping request as it is an absolute path C:\Users\Ahmed Amin Bejoui\Desktop\ai-code-review-platform\apps\dashboard\components\dashboard\PoliciesRules
2026-04-06T23:17:53.828Z next:jsconfig-paths-plugin skipping request as it is an absolute path C:\Users\Ahmed Amin Bejoui\Desktop\ai-code-review-platform\apps\dashboard\components\dashboard\Integrations
2026-04-06T23:17:53.833Z next:jsconfig-paths-plugin skipping request as it is an absolute path C:\Users\Ahmed Amin Bejoui\Desktop\ai-code-review-platform\apps\dashboard\components\dashboard\Observability
2026-04-06T23:17:53.833Z next:jsconfig-paths-plugin skipping request as it is an absolute path C:\Users\Ahmed Amin Bejoui\Desktop\ai-code-review-platform\apps\dashboard\components\dashboard\UserManagement
2026-04-06T23:17:53.833Z next:jsconfig-paths-plugin skipping request as it is an absolute path C:\Users\Ahmed Amin Bejoui\Desktop\ai-code-review-platform\apps\dashboard\components\ui\button
2026-04-06T23:17:53.859Z next:jsconfig-paths-plugin skipping request as it is an absolute path C:\Users\Ahmed Amin Bejoui\Desktop\ai-code-review-platform\apps\dashboard\components\dashboard\PoliciesRules
2026-04-06T23:17:53.859Z next:jsconfig-paths-plugin skipping request as it is an absolute path C:\Users\Ahmed Amin Bejoui\Desktop\ai-code-review-platform\apps\dashboard\components\dashboard\Integrations
2026-04-06T23:17:53.859Z next:jsconfig-paths-plugin skipping request as it is an absolute path C:\Users\Ahmed Amin Bejoui\Desktop\ai-code-review-platform\apps\dashboard\components\dashboard\Observability
2026-04-06T23:17:53.859Z next:jsconfig-paths-plugin skipping request as it is an absolute path C:\Users\Ahmed Amin Bejoui\Desktop\ai-code-review-platform\apps\dashboard\components\dashboard\UserManagement
2026-04-06T23:17:53.866Z next:jsconfig-paths-plugin skipping request as it is an absolute path C:\Users\Ahmed Amin Bejoui\Desktop\ai-code-review-platform\apps\dashboard\components\ui\button
2026-04-06T23:17:53.892Z next:jsconfig-paths-plugin skipping request as it is an absolute path C:\Users\Ahmed Amin Bejoui\Desktop\ai-code-review-platform\apps\dashboard\components\dashboard\PoliciesRules
2026-04-06T23:17:53.892Z next:jsconfig-paths-plugin skipping request as it is an absolute path C:\Users\Ahmed Amin Bejoui\Desktop\ai-code-review-platform\apps\dashboard\components\dashboard\Integrations
2026-04-06T23:17:53.892Z next:jsconfig-paths-plugin skipping request as it is an absolute path C:\Users\Ahmed Amin Bejoui\Desktop\ai-code-review-platform\apps\dashboard\components\dashboard\Observability
2026-04-06T23:17:53.892Z next:jsconfig-paths-plugin skipping request as it is an absolute path C:\Users\Ahmed Amin Bejoui\Desktop\ai-code-review-platform\apps\dashboard\components\dashboard\UserManagement
2026-04-06T23:17:53.911Z next:jsconfig-paths-plugin skipping request as it is an absolute path C:\Users\Ahmed Amin Bejoui\Desktop\ai-code-review-platform\apps\dashboard\components\ui\button
2026-04-06T23:17:54.154Z next:jsconfig-paths-plugin skipping request as it is inside node_modules ./icons/shield.js
2026-04-06T23:17:54.206Z next:jsconfig-paths-plugin skipping request as it is inside node_modules ../client/link
2026-04-06T23:17:54.284Z next:jsconfig-paths-plugin skipping request as it is inside node_modules ../client/link
2026-04-06T23:17:54.284Z next:jsconfig-paths-plugin skipping request as it is inside node_modules ../client/link
2026-04-06T23:17:54.284Z next:jsconfig-paths-plugin skipping request as it is inside node_modules ../client/link
2026-04-06T23:17:54.394Z next:jsconfig-paths-plugin skipping request as it is inside node_modules ./icons/shield.js
2026-04-06T23:17:54.566Z next:jsconfig-paths-plugin skipping request as it is inside node_modules ../client/link
2026-04-06T23:17:54.601Z next:jsconfig-paths-plugin moduleName did not match any paths pattern next/dist/build/webpack/loaders/next-flight-loader/module-proxy
2026-04-06T23:17:54.602Z next:jsconfig-paths-plugin skipping request as it is an absolute path C:\Users\Ahmed Amin Bejoui\Desktop\ai-code-review-platform\apps\dashboard\node_modules\next/dist/build/webpack/loaders/next-flight-loader/module-proxy
2026-04-06T23:17:54.730Z next:jsconfig-paths-plugin moduleName did not match any paths pattern react/jsx-runtime
2026-04-06T23:17:54.731Z next:jsconfig-paths-plugin moduleName did not match any paths pattern react
2026-04-06T23:17:54.731Z next:jsconfig-paths-plugin moduleName did not match any paths pattern class-variance-authority
2026-04-06T23:17:54.731Z next:jsconfig-paths-plugin skipping request as it is a relative path ./utils
2026-04-06T23:17:54.732Z next:jsconfig-paths-plugin moduleName did not match any paths pattern next/dist/build/webpack/loaders/next-flight-loader/module-proxy
2026-04-06T23:17:54.732Z next:jsconfig-paths-plugin moduleName did not match any paths pattern next/dist/build/webpack/loaders/next-flight-loader/module-proxy
2026-04-06T23:17:54.732Z next:jsconfig-paths-plugin moduleName did not match any paths pattern next/dist/build/webpack/loaders/next-flight-loader/module-proxy
2026-04-06T23:17:54.733Z next:jsconfig-paths-plugin skipping request as it is inside node_modules ../createLucideIcon.js
2026-04-06T23:17:54.733Z next:jsconfig-paths-plugin skipping request as it is an absolute path C:\Users\Ahmed Amin Bejoui\Desktop\ai-code-review-platform\apps\dashboard\node_modules\next/dist/build/webpack/loaders/next-flight-loader/module-proxy
2026-04-06T23:17:54.733Z next:jsconfig-paths-plugin skipping request as it is an absolute path C:\Users\Ahmed Amin Bejoui\Desktop\ai-code-review-platform\apps\dashboard\node_modules\next/dist/build/webpack/loaders/next-flight-loader/module-proxy
2026-04-06T23:17:54.733Z next:jsconfig-paths-plugin skipping request as it is an absolute path C:\Users\Ahmed Amin Bejoui\Desktop\ai-code-review-platform\apps\dashboard\node_modules\next/dist/build/webpack/loaders/next-flight-loader/module-proxy
2026-04-06T23:17:54.742Z next:jsconfig-paths-plugin skipping request as it is a relative path ./utils
2026-04-06T23:17:54.743Z next:jsconfig-paths-plugin skipping request as it is a relative path ./utils
2026-04-06T23:17:54.743Z next:jsconfig-paths-plugin skipping request as it is a relative path ./utils
2026-04-06T23:17:54.792Z next:jsconfig-paths-plugin skipping request as it is inside node_modules ../createLucideIcon.js
2026-04-06T23:17:54.811Z next:jsconfig-paths-plugin skipping request as it is inside node_modules next/dist/build/webpack/loaders/next-flight-loader/module-proxy
2026-04-06T23:17:54.812Z next:jsconfig-paths-plugin skipping request as it is inside node_modules C:\Users\Ahmed Amin Bejoui\Desktop\ai-code-review-platform\apps\dashboard\node_modules\next/dist/build/webpack/loaders/next-flight-loader/module-proxy
2026-04-06T23:17:54.815Z next:jsconfig-paths-plugin moduleName did not match any paths pattern react
2026-04-06T23:17:54.815Z next:jsconfig-paths-plugin moduleName did not match any paths pattern react/jsx-runtime
2026-04-06T23:17:54.816Z next:jsconfig-paths-plugin moduleName did not match any paths pattern next/dist/server/future/route-modules/app-page/vendored/rsc/react-jsx-runtime
2026-04-06T23:17:54.816Z next:jsconfig-paths-plugin skipping request as it is an absolute path C:\Users\Ahmed Amin Bejoui\Desktop\ai-code-review-platform\apps\dashboard\node_modules\next/dist/server/future/route-modules/app-page/vendored/rsc/react-jsx-runtime
2026-04-06T23:17:54.818Z next:jsconfig-paths-plugin moduleName did not match any paths pattern react
2026-04-06T23:17:54.818Z next:jsconfig-paths-plugin moduleName did not match any paths pattern next/dist/server/future/route-modules/app-page/vendored/rsc/react
2026-04-06T23:17:54.818Z next:jsconfig-paths-plugin skipping request as it is an absolute path C:\Users\Ahmed Amin Bejoui\Desktop\ai-code-review-platform\apps\dashboard\node_modules\next/dist/server/future/route-modules/app-page/vendored/rsc/react
2026-04-06T23:17:54.836Z next:jsconfig-paths-plugin moduleName did not match any paths pattern next/dist/build/webpack/loaders/next-flight-loader/module-proxy
2026-04-06T23:17:54.836Z next:jsconfig-paths-plugin skipping request as it is an absolute path C:\Users\Ahmed Amin Bejoui\Desktop\ai-code-review-platform\apps\dashboard\node_modules\next/dist/build/webpack/loaders/next-flight-loader/module-proxy
2026-04-06T23:17:54.857Z next:jsconfig-paths-plugin skipping request as it is a relative path ./utils
2026-04-06T23:17:54.871Z next:jsconfig-paths-plugin skipping request as it is a relative path ./utils
2026-04-06T23:17:54.872Z next:jsconfig-paths-plugin skipping request as it is a relative path ./utils
2026-04-06T23:17:54.880Z next:jsconfig-paths-plugin skipping request as it is a relative path ./utils
2026-04-06T23:17:54.880Z next:jsconfig-paths-plugin skipping request as it is a relative path ./utils
2026-04-06T23:17:54.883Z next:jsconfig-paths-plugin skipping request as it is a relative path ./utils
2026-04-06T23:17:54.884Z next:jsconfig-paths-plugin skipping request as it is inside node_modules react
2026-04-06T23:17:54.885Z next:jsconfig-paths-plugin skipping request as it is inside node_modules ./shared/src/utils.js
2026-04-06T23:17:54.885Z next:jsconfig-paths-plugin skipping request as it is inside node_modules ./Icon.js
2026-04-06T23:17:54.885Z next:jsconfig-paths-plugin moduleName did not match any paths pattern @radix-ui/react-slot
2026-04-06T23:17:54.905Z next:jsconfig-paths-plugin skipping request as it is a relative path ./utils
2026-04-06T23:17:54.938Z next:jsconfig-paths-plugin skipping request as it is inside node_modules ./Icon.js
2026-04-06T23:17:54.976Z next:jsconfig-paths-plugin skipping request as it is inside node_modules ./shared/src/utils.js
2026-04-06T23:17:54.978Z next:jsconfig-paths-plugin skipping request as it is inside node_modules react
2026-04-06T23:17:54.979Z next:jsconfig-paths-plugin skipping request as it is inside node_modules next/dist/server/future/route-modules/app-page/vendored/rsc/react
2026-04-06T23:17:54.979Z next:jsconfig-paths-plugin skipping request as it is inside node_modules C:\Users\Ahmed Amin Bejoui\Desktop\ai-code-review-platform\apps\dashboard\node_modules\next/dist/server/future/route-modules/app-page/vendored/rsc/react
2026-04-06T23:17:55.004Z next:jsconfig-paths-plugin skipping request as it is inside node_modules ./defaultAttributes.js
2026-04-06T23:17:55.008Z next:jsconfig-paths-plugin skipping request as it is inside node_modules ./defaultAttributes.js
2026-04-06T23:17:55.010Z next:jsconfig-paths-plugin moduleName did not match any paths pattern class-variance-authority
2026-04-06T23:17:55.013Z next:jsconfig-paths-plugin moduleName did not match any paths pattern class-variance-authority
2026-04-06T23:17:55.109Z next:jsconfig-paths-plugin moduleName did not match any paths pattern clsx
2026-04-06T23:17:55.109Z next:jsconfig-paths-plugin moduleName did not match any paths pattern tailwind-merge
2026-04-06T23:17:55.161Z next:jsconfig-paths-plugin moduleName did not match any paths pattern @radix-ui/react-slot
2026-04-06T23:17:55.163Z next:jsconfig-paths-plugin moduleName did not match any paths pattern @radix-ui/react-slot
2026-04-06T23:17:55.227Z next:jsconfig-paths-plugin skipping request as it is inside node_modules clsx
2026-04-06T23:17:55.258Z next:jsconfig-paths-plugin moduleName did not match any paths pattern clsx
2026-04-06T23:17:55.259Z next:jsconfig-paths-plugin moduleName did not match any paths pattern clsx
2026-04-06T23:17:55.265Z next:jsconfig-paths-plugin moduleName did not match any paths pattern tailwind-merge
2026-04-06T23:17:55.266Z next:jsconfig-paths-plugin moduleName did not match any paths pattern tailwind-merge
2026-04-06T23:17:55.267Z next:jsconfig-paths-plugin moduleName did not match any paths pattern clsx
2026-04-06T23:17:55.269Z next:jsconfig-paths-plugin skipping request as it is inside node_modules clsx
2026-04-06T23:17:55.323Z next:jsconfig-paths-plugin skipping request as it is inside node_modules react
2026-04-06T23:17:55.324Z next:jsconfig-paths-plugin skipping request as it is inside node_modules @radix-ui/react-compose-refs
2026-04-06T23:17:55.325Z next:jsconfig-paths-plugin skipping request as it is inside node_modules react/jsx-runtime
2026-04-06T23:17:55.456Z next:jsconfig-paths-plugin moduleName did not match any paths pattern react/jsx-runtime
2026-04-06T23:17:55.476Z next:jsconfig-paths-plugin moduleName did not match any paths pattern react
2026-04-06T23:17:55.478Z next:jsconfig-paths-plugin skipping request as it is inside node_modules react/jsx-runtime
2026-04-06T23:17:55.478Z next:jsconfig-paths-plugin skipping request as it is inside node_modules react
2026-04-06T23:17:55.479Z next:jsconfig-paths-plugin skipping request as it is inside node_modules next/dist/server/future/route-modules/app-page/vendored/rsc/react-jsx-runtime
2026-04-06T23:17:55.479Z next:jsconfig-paths-plugin skipping request as it is inside node_modules next/dist/server/future/route-modules/app-page/vendored/rsc/react
2026-04-06T23:17:55.479Z next:jsconfig-paths-plugin skipping request as it is inside node_modules C:\Users\Ahmed Amin Bejoui\Desktop\ai-code-review-platform\apps\dashboard\node_modules\next/dist/server/future/route-modules/app-page/vendored/rsc/react-jsx-runtime
2026-04-06T23:17:55.479Z next:jsconfig-paths-plugin skipping request as it is inside node_modules C:\Users\Ahmed Amin Bejoui\Desktop\ai-code-review-platform\apps\dashboard\node_modules\next/dist/server/future/route-modules/app-page/vendored/rsc/react
2026-04-06T23:17:55.776Z next:jsconfig-paths-plugin moduleName did not match any paths pattern @radix-ui/react-compose-refs
2026-04-06T23:17:55.832Z next:jsconfig-paths-plugin skipping request as it is inside node_modules @radix-ui/react-compose-refs
2026-04-06T23:17:56.156Z next:jsconfig-paths-plugin skipping request as it is inside node_modules react
2026-04-06T23:17:56.247Z next:jsconfig-paths-plugin skipping request as it is inside node_modules react
2026-04-06T23:17:56.248Z next:jsconfig-paths-plugin skipping request as it is inside node_modules next/dist/server/future/route-modules/app-page/vendored/rsc/react
2026-04-06T23:17:56.248Z next:jsconfig-paths-plugin skipping request as it is inside node_modules C:\Users\Ahmed Amin Bejoui\Desktop\ai-code-review-platform\apps\dashboard\node_modules\next/dist/server/future/route-modules/app-page/vendored/rsc/react
2026-04-06T23:17:56.812Z next:jsconfig-paths-plugin moduleName did not match any paths pattern next-flight-client-entry-loader
2026-04-06T23:17:56.812Z next:jsconfig-paths-plugin moduleName did not match any paths pattern next-flight-client-entry-loader
2026-04-06T23:17:56.812Z next:jsconfig-paths-plugin moduleName did not match any paths pattern next-flight-client-entry-loader
2026-04-06T23:17:56.812Z next:jsconfig-paths-plugin moduleName did not match any paths pattern next-flight-client-entry-loader
2026-04-06T23:17:56.812Z next:jsconfig-paths-plugin moduleName did not match any paths pattern next-flight-client-entry-loader
2026-04-06T23:17:56.812Z next:jsconfig-paths-plugin moduleName did not match any paths pattern next-flight-client-entry-loader
2026-04-06T23:17:56.812Z next:jsconfig-paths-plugin moduleName did not match any paths pattern next-flight-client-entry-loader
2026-04-06T23:17:56.813Z next:jsconfig-paths-plugin moduleName did not match any paths pattern next-flight-client-entry-loader
2026-04-06T23:17:56.813Z next:jsconfig-paths-plugin moduleName did not match any paths pattern next-flight-client-entry-loader
2026-04-06T23:17:56.813Z next:jsconfig-paths-plugin moduleName did not match any paths pattern next-flight-client-entry-loader
2026-04-06T23:17:56.813Z next:jsconfig-paths-plugin moduleName did not match any paths pattern next-flight-client-entry-loader
2026-04-06T23:17:56.813Z next:jsconfig-paths-plugin moduleName did not match any paths pattern next-flight-client-entry-loader
2026-04-06T23:17:56.813Z next:jsconfig-paths-plugin moduleName did not match any paths pattern next-flight-client-entry-loader
2026-04-06T23:17:56.813Z next:jsconfig-paths-plugin moduleName did not match any paths pattern next-flight-client-entry-loader
2026-04-06T23:17:56.813Z next:jsconfig-paths-plugin moduleName did not match any paths pattern next-flight-client-entry-loader
2026-04-06T23:17:56.813Z next:jsconfig-paths-plugin moduleName did not match any paths pattern next-flight-client-entry-loader
2026-04-06T23:17:56.848Z next:jsconfig-paths-plugin moduleName did not match any paths pattern next-flight-client-entry-loader
2026-04-06T23:17:56.848Z next:jsconfig-paths-plugin moduleName did not match any paths pattern next-flight-client-entry-loader
2026-04-06T23:17:56.848Z next:jsconfig-paths-plugin moduleName did not match any paths pattern next-flight-client-entry-loader
2026-04-06T23:17:56.848Z next:jsconfig-paths-plugin moduleName did not match any paths pattern next-flight-client-entry-loader
2026-04-06T23:17:56.848Z next:jsconfig-paths-plugin moduleName did not match any paths pattern next-flight-client-entry-loader
2026-04-06T23:17:56.849Z next:jsconfig-paths-plugin moduleName did not match any paths pattern next-flight-client-entry-loader
2026-04-06T23:17:56.849Z next:jsconfig-paths-plugin moduleName did not match any paths pattern next-flight-client-entry-loader
2026-04-06T23:17:56.849Z next:jsconfig-paths-plugin moduleName did not match any paths pattern next-flight-client-entry-loader
2026-04-06T23:17:56.849Z next:jsconfig-paths-plugin moduleName did not match any paths pattern next-flight-client-entry-loader
2026-04-06T23:17:56.849Z next:jsconfig-paths-plugin moduleName did not match any paths pattern next-flight-client-entry-loader
2026-04-06T23:17:56.849Z next:jsconfig-paths-plugin moduleName did not match any paths pattern next-flight-client-entry-loader
2026-04-06T23:17:56.849Z next:jsconfig-paths-plugin moduleName did not match any paths pattern next-flight-client-entry-loader
2026-04-06T23:17:56.849Z next:jsconfig-paths-plugin moduleName did not match any paths pattern next-flight-client-entry-loader
2026-04-06T23:17:56.849Z next:jsconfig-paths-plugin moduleName did not match any paths pattern next-flight-client-entry-loader
2026-04-06T23:17:56.849Z next:jsconfig-paths-plugin moduleName did not match any paths pattern next-flight-client-entry-loader
2026-04-06T23:17:56.850Z next:jsconfig-paths-plugin moduleName did not match any paths pattern next-flight-client-entry-loader
2026-04-06T23:17:56.850Z next:jsconfig-paths-plugin moduleName did not match any paths pattern next-flight-client-entry-loader
2026-04-06T23:17:56.850Z next:jsconfig-paths-plugin moduleName did not match any paths pattern next-flight-client-entry-loader
2026-04-06T23:17:56.850Z next:jsconfig-paths-plugin moduleName did not match any paths pattern next-flight-client-entry-loader
2026-04-06T23:17:56.850Z next:jsconfig-paths-plugin moduleName did not match any paths pattern next-flight-client-entry-loader
2026-04-06T23:17:56.850Z next:jsconfig-paths-plugin moduleName did not match any paths pattern next-flight-client-entry-loader
2026-04-06T23:17:56.850Z next:jsconfig-paths-plugin moduleName did not match any paths pattern next-flight-client-entry-loader
2026-04-06T23:17:56.850Z next:jsconfig-paths-plugin moduleName did not match any paths pattern next-flight-client-entry-loader
2026-04-06T23:17:56.850Z next:jsconfig-paths-plugin moduleName did not match any paths pattern next-flight-client-entry-loader
2026-04-06T23:17:56.850Z next:jsconfig-paths-plugin moduleName did not match any paths pattern next-flight-client-entry-loader
2026-04-06T23:17:56.850Z next:jsconfig-paths-plugin moduleName did not match any paths pattern next-flight-client-entry-loader
2026-04-06T23:17:56.850Z next:jsconfig-paths-plugin moduleName did not match any paths pattern next-flight-client-entry-loader
2026-04-06T23:17:56.851Z next:jsconfig-paths-plugin moduleName did not match any paths pattern next-flight-client-entry-loader
2026-04-06T23:17:56.851Z next:jsconfig-paths-plugin moduleName did not match any paths pattern next-flight-client-entry-loader
2026-04-06T23:17:56.851Z next:jsconfig-paths-plugin moduleName did not match any paths pattern next-flight-client-entry-loader
2026-04-06T23:17:56.851Z next:jsconfig-paths-plugin moduleName did not match any paths pattern next-flight-client-entry-loader
2026-04-06T23:17:56.852Z next:jsconfig-paths-plugin moduleName did not match any paths pattern next-flight-client-entry-loader
2026-04-06T23:17:56.852Z next:jsconfig-paths-plugin moduleName did not match any paths pattern next-flight-client-entry-loader
2026-04-06T23:17:56.852Z next:jsconfig-paths-plugin moduleName did not match any paths pattern next-flight-client-entry-loader
2026-04-06T23:17:56.852Z next:jsconfig-paths-plugin moduleName did not match any paths pattern next-flight-client-entry-loader
2026-04-06T23:17:56.852Z next:jsconfig-paths-plugin moduleName did not match any paths pattern next-flight-client-entry-loader
2026-04-06T23:17:56.852Z next:jsconfig-paths-plugin moduleName did not match any paths pattern next-flight-client-entry-loader
2026-04-06T23:17:56.853Z next:jsconfig-paths-plugin moduleName did not match any paths pattern next-flight-client-entry-loader
2026-04-06T23:17:56.853Z next:jsconfig-paths-plugin moduleName did not match any paths pattern next-flight-client-entry-loader
2026-04-06T23:17:56.853Z next:jsconfig-paths-plugin moduleName did not match any paths pattern next-flight-client-entry-loader
2026-04-06T23:17:56.853Z next:jsconfig-paths-plugin moduleName did not match any paths pattern next-flight-client-entry-loader
2026-04-06T23:17:56.853Z next:jsconfig-paths-plugin moduleName did not match any paths pattern next-flight-client-entry-loader
2026-04-06T23:17:56.853Z next:jsconfig-paths-plugin moduleName did not match any paths pattern next-flight-client-entry-loader
2026-04-06T23:17:56.853Z next:jsconfig-paths-plugin moduleName did not match any paths pattern next-flight-client-entry-loader
2026-04-06T23:17:56.853Z next:jsconfig-paths-plugin moduleName did not match any paths pattern next-flight-client-entry-loader
2026-04-06T23:17:56.854Z next:jsconfig-paths-plugin moduleName did not match any paths pattern next-flight-client-entry-loader
2026-04-06T23:17:56.854Z next:jsconfig-paths-plugin moduleName did not match any paths pattern next-flight-client-entry-loader
2026-04-06T23:17:56.854Z next:jsconfig-paths-plugin moduleName did not match any paths pattern next-flight-client-entry-loader
2026-04-06T23:17:56.854Z next:jsconfig-paths-plugin moduleName did not match any paths pattern next-flight-client-entry-loader
2026-04-06T23:17:56.854Z next:jsconfig-paths-plugin moduleName did not match any paths pattern next-flight-client-entry-loader
2026-04-06T23:17:56.854Z next:jsconfig-paths-plugin moduleName did not match any paths pattern next-flight-client-entry-loader
2026-04-06T23:17:56.854Z next:jsconfig-paths-plugin moduleName did not match any paths pattern next-flight-client-entry-loader
2026-04-06T23:17:56.855Z next:jsconfig-paths-plugin moduleName did not match any paths pattern next-flight-client-entry-loader
2026-04-06T23:17:56.855Z next:jsconfig-paths-plugin moduleName did not match any paths pattern next-flight-client-entry-loader
2026-04-06T23:17:56.855Z next:jsconfig-paths-plugin moduleName did not match any paths pattern next-flight-client-entry-loader
2026-04-06T23:17:56.855Z next:jsconfig-paths-plugin moduleName did not match any paths pattern next-flight-client-entry-loader
2026-04-06T23:17:56.856Z next:jsconfig-paths-plugin moduleName did not match any paths pattern next-flight-client-entry-loader
2026-04-06T23:17:56.856Z next:jsconfig-paths-plugin moduleName did not match any paths pattern next-flight-client-entry-loader
2026-04-06T23:17:56.856Z next:jsconfig-paths-plugin moduleName did not match any paths pattern next-flight-client-entry-loader
2026-04-06T23:17:56.856Z next:jsconfig-paths-plugin moduleName did not match any paths pattern next-flight-client-entry-loader
2026-04-06T23:17:56.857Z next:jsconfig-paths-plugin moduleName did not match any paths pattern next-flight-client-entry-loader
2026-04-06T23:17:56.857Z next:jsconfig-paths-plugin moduleName did not match any paths pattern next-flight-client-entry-loader
2026-04-06T23:17:56.857Z next:jsconfig-paths-plugin moduleName did not match any paths pattern next-flight-client-entry-loader
2026-04-06T23:17:56.858Z next:jsconfig-paths-plugin moduleName did not match any paths pattern next-flight-client-entry-loader
2026-04-06T23:17:56.858Z next:jsconfig-paths-plugin moduleName did not match any paths pattern next-flight-client-entry-loader
2026-04-06T23:17:56.858Z next:jsconfig-paths-plugin moduleName did not match any paths pattern next-flight-client-entry-loader
2026-04-06T23:17:56.858Z next:jsconfig-paths-plugin moduleName did not match any paths pattern next-flight-client-entry-loader
2026-04-06T23:17:56.858Z next:jsconfig-paths-plugin moduleName did not match any paths pattern next-flight-client-entry-loader
2026-04-06T23:17:56.859Z next:jsconfig-paths-plugin moduleName did not match any paths pattern next-flight-client-entry-loader
2026-04-06T23:17:56.859Z next:jsconfig-paths-plugin moduleName did not match any paths pattern next-flight-client-entry-loader
2026-04-06T23:17:56.859Z next:jsconfig-paths-plugin moduleName did not match any paths pattern next-flight-client-entry-loader
2026-04-06T23:17:56.859Z next:jsconfig-paths-plugin moduleName did not match any paths pattern next-flight-client-entry-loader
2026-04-06T23:17:56.859Z next:jsconfig-paths-plugin moduleName did not match any paths pattern next-flight-client-entry-loader
2026-04-06T23:17:56.859Z next:jsconfig-paths-plugin moduleName did not match any paths pattern next-flight-client-entry-loader
2026-04-06T23:17:56.860Z next:jsconfig-paths-plugin moduleName did not match any paths pattern next-flight-client-entry-loader
2026-04-06T23:17:56.860Z next:jsconfig-paths-plugin moduleName did not match any paths pattern next-flight-client-entry-loader
2026-04-06T23:17:56.860Z next:jsconfig-paths-plugin moduleName did not match any paths pattern next-flight-client-entry-loader
2026-04-06T23:17:56.860Z next:jsconfig-paths-plugin moduleName did not match any paths pattern next-flight-client-entry-loader
2026-04-06T23:17:56.860Z next:jsconfig-paths-plugin moduleName did not match any paths pattern next-flight-client-entry-loader
2026-04-06T23:17:56.860Z next:jsconfig-paths-plugin moduleName did not match any paths pattern next-flight-client-entry-loader
2026-04-06T23:17:56.860Z next:jsconfig-paths-plugin moduleName did not match any paths pattern next-flight-client-entry-loader
2026-04-06T23:17:56.860Z next:jsconfig-paths-plugin moduleName did not match any paths pattern next-flight-client-entry-loader
2026-04-06T23:17:56.860Z next:jsconfig-paths-plugin moduleName did not match any paths pattern next-flight-client-entry-loader
2026-04-06T23:17:56.861Z next:jsconfig-paths-plugin moduleName did not match any paths pattern next-flight-client-entry-loader
2026-04-06T23:17:56.861Z next:jsconfig-paths-plugin moduleName did not match any paths pattern next-flight-client-entry-loader
2026-04-06T23:17:56.861Z next:jsconfig-paths-plugin moduleName did not match any paths pattern next-flight-client-entry-loader
2026-04-06T23:17:56.861Z next:jsconfig-paths-plugin moduleName did not match any paths pattern next-flight-client-entry-loader
2026-04-06T23:17:56.862Z next:jsconfig-paths-plugin moduleName did not match any paths pattern next-flight-client-entry-loader
2026-04-06T23:17:56.862Z next:jsconfig-paths-plugin moduleName did not match any paths pattern next-flight-client-entry-loader
2026-04-06T23:17:56.862Z next:jsconfig-paths-plugin moduleName did not match any paths pattern next-flight-client-entry-loader
2026-04-06T23:17:56.862Z next:jsconfig-paths-plugin moduleName did not match any paths pattern next-flight-client-entry-loader
2026-04-06T23:17:56.862Z next:jsconfig-paths-plugin moduleName did not match any paths pattern next-flight-client-entry-loader
2026-04-06T23:17:56.862Z next:jsconfig-paths-plugin moduleName did not match any paths pattern next-flight-client-entry-loader
2026-04-06T23:17:56.862Z next:jsconfig-paths-plugin moduleName did not match any paths pattern next-flight-client-entry-loader
2026-04-06T23:17:56.862Z next:jsconfig-paths-plugin moduleName did not match any paths pattern next-flight-client-entry-loader
2026-04-06T23:17:56.862Z next:jsconfig-paths-plugin moduleName did not match any paths pattern next-flight-client-entry-loader
2026-04-06T23:17:56.862Z next:jsconfig-paths-plugin moduleName did not match any paths pattern next-flight-client-entry-loader
2026-04-06T23:17:56.863Z next:jsconfig-paths-plugin moduleName did not match any paths pattern next-flight-client-entry-loader
2026-04-06T23:17:56.863Z next:jsconfig-paths-plugin moduleName did not match any paths pattern next-flight-client-entry-loader
2026-04-06T23:17:56.863Z next:jsconfig-paths-plugin moduleName did not match any paths pattern next-flight-client-entry-loader
2026-04-06T23:17:56.992Z next:jsconfig-paths-plugin moduleName did not match any paths pattern next-flight-client-entry-loader
2026-04-06T23:17:56.993Z next:jsconfig-paths-plugin moduleName did not match any paths pattern next-flight-client-entry-loader
2026-04-06T23:17:56.993Z next:jsconfig-paths-plugin moduleName did not match any paths pattern next-flight-client-entry-loader
2026-04-06T23:17:56.993Z next:jsconfig-paths-plugin moduleName did not match any paths pattern next-flight-client-entry-loader
2026-04-06T23:17:56.993Z next:jsconfig-paths-plugin moduleName did not match any paths pattern next-flight-client-entry-loader
2026-04-06T23:17:56.993Z next:jsconfig-paths-plugin moduleName did not match any paths pattern next-flight-client-entry-loader
2026-04-06T23:17:56.994Z next:jsconfig-paths-plugin moduleName did not match any paths pattern next-flight-client-entry-loader
2026-04-06T23:17:56.994Z next:jsconfig-paths-plugin moduleName did not match any paths pattern next-flight-client-entry-loader
2026-04-06T23:17:56.994Z next:jsconfig-paths-plugin moduleName did not match any paths pattern next-flight-client-entry-loader
2026-04-06T23:17:56.994Z next:jsconfig-paths-plugin moduleName did not match any paths pattern next-flight-client-entry-loader
2026-04-06T23:17:56.994Z next:jsconfig-paths-plugin moduleName did not match any paths pattern next-flight-client-entry-loader
2026-04-06T23:17:56.995Z next:jsconfig-paths-plugin moduleName did not match any paths pattern next-flight-client-entry-loader
2026-04-06T23:17:56.995Z next:jsconfig-paths-plugin moduleName did not match any paths pattern next-flight-client-entry-loader
2026-04-06T23:17:56.995Z next:jsconfig-paths-plugin moduleName did not match any paths pattern next-flight-client-entry-loader
2026-04-06T23:17:56.995Z next:jsconfig-paths-plugin moduleName did not match any paths pattern next-flight-client-entry-loader
2026-04-06T23:17:56.996Z next:jsconfig-paths-plugin moduleName did not match any paths pattern next-flight-client-entry-loader
2026-04-06T23:17:56.996Z next:jsconfig-paths-plugin moduleName did not match any paths pattern next-flight-client-entry-loader
2026-04-06T23:17:56.996Z next:jsconfig-paths-plugin moduleName did not match any paths pattern next-flight-client-entry-loader
2026-04-06T23:17:56.996Z next:jsconfig-paths-plugin moduleName did not match any paths pattern next-flight-client-entry-loader
2026-04-06T23:17:56.996Z next:jsconfig-paths-plugin moduleName did not match any paths pattern next-flight-client-entry-loader
2026-04-06T23:17:56.996Z next:jsconfig-paths-plugin moduleName did not match any paths pattern next-flight-client-entry-loader
2026-04-06T23:17:56.996Z next:jsconfig-paths-plugin moduleName did not match any paths pattern next-flight-client-entry-loader
2026-04-06T23:17:56.996Z next:jsconfig-paths-plugin moduleName did not match any paths pattern next-flight-client-entry-loader
2026-04-06T23:17:56.997Z next:jsconfig-paths-plugin moduleName did not match any paths pattern next-flight-client-entry-loader
2026-04-06T23:17:56.997Z next:jsconfig-paths-plugin moduleName did not match any paths pattern next-flight-client-entry-loader
2026-04-06T23:17:56.997Z next:jsconfig-paths-plugin moduleName did not match any paths pattern next-flight-client-entry-loader
2026-04-06T23:17:56.997Z next:jsconfig-paths-plugin moduleName did not match any paths pattern next-flight-client-entry-loader
2026-04-06T23:17:56.997Z next:jsconfig-paths-plugin moduleName did not match any paths pattern next-flight-client-entry-loader
2026-04-06T23:17:56.997Z next:jsconfig-paths-plugin moduleName did not match any paths pattern next-flight-client-entry-loader
2026-04-06T23:17:56.997Z next:jsconfig-paths-plugin moduleName did not match any paths pattern next-flight-client-entry-loader
2026-04-06T23:17:56.997Z next:jsconfig-paths-plugin moduleName did not match any paths pattern next-flight-client-entry-loader
2026-04-06T23:17:56.998Z next:jsconfig-paths-plugin moduleName did not match any paths pattern next-flight-client-entry-loader
2026-04-06T23:17:56.998Z next:jsconfig-paths-plugin moduleName did not match any paths pattern next-flight-client-entry-loader
2026-04-06T23:17:56.998Z next:jsconfig-paths-plugin moduleName did not match any paths pattern next-flight-client-entry-loader
2026-04-06T23:17:56.998Z next:jsconfig-paths-plugin moduleName did not match any paths pattern next-flight-client-entry-loader
2026-04-06T23:17:56.998Z next:jsconfig-paths-plugin moduleName did not match any paths pattern next-flight-client-entry-loader
2026-04-06T23:17:56.998Z next:jsconfig-paths-plugin moduleName did not match any paths pattern next-flight-client-entry-loader
2026-04-06T23:17:56.998Z next:jsconfig-paths-plugin moduleName did not match any paths pattern next-flight-client-entry-loader
2026-04-06T23:17:56.998Z next:jsconfig-paths-plugin moduleName did not match any paths pattern next-flight-client-entry-loader
2026-04-06T23:17:56.998Z next:jsconfig-paths-plugin moduleName did not match any paths pattern next-flight-client-entry-loader
2026-04-06T23:17:56.998Z next:jsconfig-paths-plugin moduleName did not match any paths pattern next-flight-client-entry-loader
2026-04-06T23:17:56.998Z next:jsconfig-paths-plugin moduleName did not match any paths pattern next-flight-client-entry-loader
2026-04-06T23:17:56.998Z next:jsconfig-paths-plugin moduleName did not match any paths pattern next-flight-client-entry-loader
2026-04-06T23:17:56.998Z next:jsconfig-paths-plugin moduleName did not match any paths pattern next-flight-client-entry-loader
2026-04-06T23:17:56.999Z next:jsconfig-paths-plugin moduleName did not match any paths pattern next-flight-client-entry-loader
2026-04-06T23:17:56.999Z next:jsconfig-paths-plugin moduleName did not match any paths pattern next-flight-client-entry-loader
2026-04-06T23:17:56.999Z next:jsconfig-paths-plugin moduleName did not match any paths pattern next-flight-client-entry-loader
2026-04-06T23:17:56.999Z next:jsconfig-paths-plugin moduleName did not match any paths pattern next-flight-client-entry-loader
2026-04-06T23:17:57.000Z next:jsconfig-paths-plugin moduleName did not match any paths pattern next-flight-client-entry-loader
2026-04-06T23:17:57.000Z next:jsconfig-paths-plugin moduleName did not match any paths pattern next-flight-client-entry-loader
2026-04-06T23:17:57.000Z next:jsconfig-paths-plugin moduleName did not match any paths pattern next-flight-client-entry-loader
2026-04-06T23:17:57.000Z next:jsconfig-paths-plugin moduleName did not match any paths pattern next-flight-client-entry-loader
2026-04-06T23:17:57.000Z next:jsconfig-paths-plugin moduleName did not match any paths pattern next-flight-client-entry-loader
2026-04-06T23:17:57.000Z next:jsconfig-paths-plugin moduleName did not match any paths pattern next-flight-client-entry-loader
2026-04-06T23:17:57.000Z next:jsconfig-paths-plugin moduleName did not match any paths pattern next-flight-client-entry-loader
2026-04-06T23:17:57.000Z next:jsconfig-paths-plugin moduleName did not match any paths pattern next-flight-client-entry-loader
2026-04-06T23:17:57.000Z next:jsconfig-paths-plugin moduleName did not match any paths pattern next-flight-client-entry-loader
2026-04-06T23:17:57.000Z next:jsconfig-paths-plugin moduleName did not match any paths pattern next-flight-client-entry-loader
2026-04-06T23:17:57.001Z next:jsconfig-paths-plugin moduleName did not match any paths pattern next-flight-client-entry-loader
2026-04-06T23:17:57.001Z next:jsconfig-paths-plugin moduleName did not match any paths pattern next-flight-client-entry-loader
2026-04-06T23:17:57.001Z next:jsconfig-paths-plugin moduleName did not match any paths pattern next-flight-client-entry-loader
2026-04-06T23:17:57.001Z next:jsconfig-paths-plugin moduleName did not match any paths pattern next-flight-client-entry-loader
2026-04-06T23:17:57.002Z next:jsconfig-paths-plugin moduleName did not match any paths pattern next-flight-client-entry-loader
2026-04-06T23:17:57.002Z next:jsconfig-paths-plugin moduleName did not match any paths pattern next-flight-client-entry-loader
2026-04-06T23:17:57.002Z next:jsconfig-paths-plugin moduleName did not match any paths pattern next-flight-client-entry-loader
2026-04-06T23:17:57.002Z next:jsconfig-paths-plugin moduleName did not match any paths pattern next-flight-client-entry-loader
2026-04-06T23:17:57.003Z next:jsconfig-paths-plugin moduleName did not match any paths pattern next-flight-client-entry-loader
2026-04-06T23:17:57.003Z next:jsconfig-paths-plugin moduleName did not match any paths pattern next-flight-client-entry-loader
2026-04-06T23:17:57.003Z next:jsconfig-paths-plugin moduleName did not match any paths pattern next-flight-client-entry-loader
2026-04-06T23:17:57.003Z next:jsconfig-paths-plugin moduleName did not match any paths pattern next-flight-client-entry-loader
2026-04-06T23:17:57.003Z next:jsconfig-paths-plugin moduleName did not match any paths pattern next-flight-client-entry-loader
2026-04-06T23:17:57.003Z next:jsconfig-paths-plugin moduleName did not match any paths pattern next-flight-client-entry-loader
2026-04-06T23:17:57.003Z next:jsconfig-paths-plugin moduleName did not match any paths pattern next-flight-client-entry-loader
2026-04-06T23:17:57.004Z next:jsconfig-paths-plugin moduleName did not match any paths pattern next-flight-client-entry-loader
2026-04-06T23:17:57.004Z next:jsconfig-paths-plugin moduleName did not match any paths pattern next-flight-client-entry-loader
2026-04-06T23:17:57.004Z next:jsconfig-paths-plugin moduleName did not match any paths pattern next-flight-client-entry-loader
2026-04-06T23:17:57.004Z next:jsconfig-paths-plugin moduleName did not match any paths pattern next-flight-client-entry-loader
2026-04-06T23:17:57.004Z next:jsconfig-paths-plugin moduleName did not match any paths pattern next-flight-client-entry-loader
2026-04-06T23:17:57.004Z next:jsconfig-paths-plugin moduleName did not match any paths pattern next-flight-client-entry-loader
2026-04-06T23:17:57.004Z next:jsconfig-paths-plugin moduleName did not match any paths pattern next-flight-client-entry-loader
2026-04-06T23:17:57.004Z next:jsconfig-paths-plugin moduleName did not match any paths pattern next-flight-client-entry-loader
2026-04-06T23:17:57.005Z next:jsconfig-paths-plugin moduleName did not match any paths pattern next-flight-client-entry-loader
2026-04-06T23:17:57.005Z next:jsconfig-paths-plugin moduleName did not match any paths pattern next-flight-client-entry-loader
2026-04-06T23:17:57.005Z next:jsconfig-paths-plugin moduleName did not match any paths pattern next-flight-client-entry-loader
2026-04-06T23:17:57.005Z next:jsconfig-paths-plugin moduleName did not match any paths pattern next-flight-client-entry-loader
2026-04-06T23:17:57.005Z next:jsconfig-paths-plugin moduleName did not match any paths pattern next-flight-client-entry-loader
2026-04-06T23:17:57.006Z next:jsconfig-paths-plugin moduleName did not match any paths pattern next-flight-client-entry-loader
2026-04-06T23:17:57.006Z next:jsconfig-paths-plugin moduleName did not match any paths pattern next-flight-client-entry-loader
2026-04-06T23:17:57.006Z next:jsconfig-paths-plugin moduleName did not match any paths pattern next-flight-client-entry-loader
2026-04-06T23:17:57.006Z next:jsconfig-paths-plugin moduleName did not match any paths pattern next-flight-client-entry-loader
2026-04-06T23:17:57.006Z next:jsconfig-paths-plugin moduleName did not match any paths pattern next-flight-client-entry-loader
2026-04-06T23:17:57.006Z next:jsconfig-paths-plugin moduleName did not match any paths pattern next-flight-client-entry-loader
2026-04-06T23:17:57.006Z next:jsconfig-paths-plugin moduleName did not match any paths pattern next-flight-client-entry-loader
2026-04-06T23:17:57.006Z next:jsconfig-paths-plugin moduleName did not match any paths pattern next-flight-client-entry-loader
2026-04-06T23:17:57.006Z next:jsconfig-paths-plugin moduleName did not match any paths pattern next-flight-client-entry-loader
2026-04-06T23:17:57.006Z next:jsconfig-paths-plugin moduleName did not match any paths pattern next-flight-client-entry-loader
2026-04-06T23:17:57.007Z next:jsconfig-paths-plugin moduleName did not match any paths pattern next-flight-client-entry-loader
2026-04-06T23:17:57.007Z next:jsconfig-paths-plugin moduleName did not match any paths pattern next-flight-client-entry-loader
2026-04-06T23:17:57.007Z next:jsconfig-paths-plugin moduleName did not match any paths pattern next-flight-client-entry-loader
2026-04-06T23:17:57.007Z next:jsconfig-paths-plugin moduleName did not match any paths pattern next-flight-client-entry-loader
2026-04-06T23:17:57.067Z next:jsconfig-paths-plugin moduleName did not match any paths pattern next-flight-client-entry-loader
2026-04-06T23:17:57.068Z next:jsconfig-paths-plugin moduleName did not match any paths pattern next-flight-client-entry-loader
2026-04-06T23:17:57.068Z next:jsconfig-paths-plugin moduleName did not match any paths pattern next-flight-client-entry-loader
2026-04-06T23:17:57.068Z next:jsconfig-paths-plugin moduleName did not match any paths pattern next-flight-client-entry-loader
2026-04-06T23:17:57.068Z next:jsconfig-paths-plugin moduleName did not match any paths pattern next-flight-client-entry-loader
2026-04-06T23:17:57.069Z next:jsconfig-paths-plugin moduleName did not match any paths pattern next-flight-client-entry-loader
2026-04-06T23:17:57.069Z next:jsconfig-paths-plugin moduleName did not match any paths pattern next-flight-client-entry-loader
2026-04-06T23:17:57.070Z next:jsconfig-paths-plugin moduleName did not match any paths pattern next-flight-client-entry-loader
2026-04-06T23:17:57.070Z next:jsconfig-paths-plugin moduleName did not match any paths pattern next-flight-client-entry-loader
2026-04-06T23:17:57.070Z next:jsconfig-paths-plugin moduleName did not match any paths pattern next-flight-client-entry-loader
2026-04-06T23:17:57.070Z next:jsconfig-paths-plugin moduleName did not match any paths pattern next-flight-client-entry-loader
2026-04-06T23:17:57.070Z next:jsconfig-paths-plugin moduleName did not match any paths pattern next-flight-client-entry-loader
2026-04-06T23:17:57.071Z next:jsconfig-paths-plugin moduleName did not match any paths pattern next-flight-client-entry-loader
2026-04-06T23:17:57.072Z next:jsconfig-paths-plugin moduleName did not match any paths pattern next-flight-client-entry-loader
2026-04-06T23:17:57.072Z next:jsconfig-paths-plugin moduleName did not match any paths pattern next-flight-client-entry-loader
2026-04-06T23:17:57.072Z next:jsconfig-paths-plugin moduleName did not match any paths pattern next-flight-client-entry-loader
2026-04-06T23:17:57.094Z next:jsconfig-paths-plugin moduleName did not match any paths pattern next-flight-client-entry-loader
2026-04-06T23:17:57.094Z next:jsconfig-paths-plugin moduleName did not match any paths pattern next-flight-client-entry-loader
2026-04-06T23:17:57.094Z next:jsconfig-paths-plugin moduleName did not match any paths pattern next-flight-client-entry-loader
2026-04-06T23:17:57.094Z next:jsconfig-paths-plugin moduleName did not match any paths pattern next-flight-client-entry-loader
2026-04-06T23:17:57.095Z next:jsconfig-paths-plugin moduleName did not match any paths pattern next-flight-client-entry-loader
2026-04-06T23:17:57.095Z next:jsconfig-paths-plugin moduleName did not match any paths pattern next-flight-client-entry-loader
2026-04-06T23:17:57.095Z next:jsconfig-paths-plugin moduleName did not match any paths pattern next-flight-client-entry-loader
2026-04-06T23:17:57.095Z next:jsconfig-paths-plugin moduleName did not match any paths pattern next-flight-client-entry-loader
2026-04-06T23:17:57.095Z next:jsconfig-paths-plugin moduleName did not match any paths pattern next-flight-client-entry-loader
2026-04-06T23:17:57.095Z next:jsconfig-paths-plugin moduleName did not match any paths pattern next-flight-client-entry-loader
2026-04-06T23:17:57.095Z next:jsconfig-paths-plugin moduleName did not match any paths pattern next-flight-client-entry-loader
2026-04-06T23:17:57.095Z next:jsconfig-paths-plugin moduleName did not match any paths pattern next-flight-client-entry-loader
2026-04-06T23:17:57.095Z next:jsconfig-paths-plugin moduleName did not match any paths pattern next-flight-client-entry-loader
2026-04-06T23:17:57.095Z next:jsconfig-paths-plugin moduleName did not match any paths pattern next-flight-client-entry-loader
2026-04-06T23:17:57.095Z next:jsconfig-paths-plugin moduleName did not match any paths pattern next-flight-client-entry-loader
2026-04-06T23:17:57.095Z next:jsconfig-paths-plugin moduleName did not match any paths pattern next-flight-client-entry-loader
2026-04-06T23:17:57.096Z next:jsconfig-paths-plugin moduleName did not match any paths pattern next-flight-client-entry-loader
2026-04-06T23:17:57.096Z next:jsconfig-paths-plugin moduleName did not match any paths pattern next-flight-client-entry-loader
2026-04-06T23:17:57.096Z next:jsconfig-paths-plugin moduleName did not match any paths pattern next-flight-client-entry-loader
2026-04-06T23:17:57.096Z next:jsconfig-paths-plugin moduleName did not match any paths pattern next-flight-client-entry-loader
2026-04-06T23:17:57.096Z next:jsconfig-paths-plugin moduleName did not match any paths pattern next-flight-client-entry-loader
2026-04-06T23:17:57.096Z next:jsconfig-paths-plugin moduleName did not match any paths pattern next-flight-client-entry-loader
2026-04-06T23:17:57.096Z next:jsconfig-paths-plugin moduleName did not match any paths pattern next-flight-client-entry-loader
2026-04-06T23:17:57.096Z next:jsconfig-paths-plugin moduleName did not match any paths pattern next-flight-client-entry-loader
2026-04-06T23:17:57.097Z next:jsconfig-paths-plugin moduleName did not match any paths pattern next-flight-client-entry-loader
2026-04-06T23:17:57.097Z next:jsconfig-paths-plugin moduleName did not match any paths pattern next-flight-client-entry-loader
2026-04-06T23:17:57.097Z next:jsconfig-paths-plugin moduleName did not match any paths pattern next-flight-client-entry-loader
2026-04-06T23:17:57.097Z next:jsconfig-paths-plugin moduleName did not match any paths pattern next-flight-client-entry-loader
2026-04-06T23:17:57.097Z next:jsconfig-paths-plugin moduleName did not match any paths pattern next-flight-client-entry-loader
2026-04-06T23:17:57.097Z next:jsconfig-paths-plugin moduleName did not match any paths pattern next-flight-client-entry-loader
2026-04-06T23:17:57.097Z next:jsconfig-paths-plugin moduleName did not match any paths pattern next-flight-client-entry-loader
2026-04-06T23:17:57.097Z next:jsconfig-paths-plugin moduleName did not match any paths pattern next-flight-client-entry-loader
2026-04-06T23:17:57.097Z next:jsconfig-paths-plugin moduleName did not match any paths pattern next-flight-client-entry-loader
2026-04-06T23:17:57.097Z next:jsconfig-paths-plugin moduleName did not match any paths pattern next-flight-client-entry-loader
2026-04-06T23:17:57.098Z next:jsconfig-paths-plugin moduleName did not match any paths pattern next-flight-client-entry-loader
2026-04-06T23:17:57.098Z next:jsconfig-paths-plugin moduleName did not match any paths pattern next-flight-client-entry-loader
2026-04-06T23:17:57.098Z next:jsconfig-paths-plugin moduleName did not match any paths pattern next-flight-client-entry-loader
2026-04-06T23:17:57.098Z next:jsconfig-paths-plugin moduleName did not match any paths pattern next-flight-client-entry-loader
2026-04-06T23:17:57.098Z next:jsconfig-paths-plugin moduleName did not match any paths pattern next-flight-client-entry-loader
2026-04-06T23:17:57.098Z next:jsconfig-paths-plugin moduleName did not match any paths pattern next-flight-client-entry-loader
2026-04-06T23:17:57.098Z next:jsconfig-paths-plugin moduleName did not match any paths pattern next-flight-client-entry-loader
2026-04-06T23:17:57.098Z next:jsconfig-paths-plugin moduleName did not match any paths pattern next-flight-client-entry-loader
2026-04-06T23:17:57.098Z next:jsconfig-paths-plugin moduleName did not match any paths pattern next-flight-client-entry-loader
2026-04-06T23:17:57.099Z next:jsconfig-paths-plugin moduleName did not match any paths pattern next-flight-client-entry-loader
2026-04-06T23:17:57.099Z next:jsconfig-paths-plugin moduleName did not match any paths pattern next-flight-client-entry-loader
2026-04-06T23:17:57.099Z next:jsconfig-paths-plugin moduleName did not match any paths pattern next-flight-client-entry-loader
2026-04-06T23:17:57.099Z next:jsconfig-paths-plugin moduleName did not match any paths pattern next-flight-client-entry-loader
2026-04-06T23:17:57.100Z next:jsconfig-paths-plugin moduleName did not match any paths pattern next-flight-client-entry-loader
2026-04-06T23:17:57.100Z next:jsconfig-paths-plugin moduleName did not match any paths pattern next-flight-client-entry-loader
2026-04-06T23:17:57.100Z next:jsconfig-paths-plugin moduleName did not match any paths pattern next-flight-client-entry-loader
2026-04-06T23:17:57.100Z next:jsconfig-paths-plugin moduleName did not match any paths pattern next-flight-client-entry-loader
2026-04-06T23:17:57.100Z next:jsconfig-paths-plugin moduleName did not match any paths pattern next-flight-client-entry-loader
2026-04-06T23:17:57.100Z next:jsconfig-paths-plugin moduleName did not match any paths pattern next-flight-client-entry-loader
2026-04-06T23:17:57.100Z next:jsconfig-paths-plugin moduleName did not match any paths pattern next-flight-client-entry-loader
2026-04-06T23:17:57.101Z next:jsconfig-paths-plugin moduleName did not match any paths pattern next-flight-client-entry-loader
2026-04-06T23:17:57.101Z next:jsconfig-paths-plugin moduleName did not match any paths pattern next-flight-client-entry-loader
2026-04-06T23:17:57.101Z next:jsconfig-paths-plugin moduleName did not match any paths pattern next-flight-client-entry-loader
2026-04-06T23:17:57.101Z next:jsconfig-paths-plugin moduleName did not match any paths pattern next-flight-client-entry-loader
2026-04-06T23:17:57.101Z next:jsconfig-paths-plugin moduleName did not match any paths pattern next-flight-client-entry-loader
2026-04-06T23:17:57.101Z next:jsconfig-paths-plugin moduleName did not match any paths pattern next-flight-client-entry-loader
2026-04-06T23:17:57.102Z next:jsconfig-paths-plugin moduleName did not match any paths pattern next-flight-client-entry-loader
2026-04-06T23:17:57.102Z next:jsconfig-paths-plugin moduleName did not match any paths pattern next-flight-client-entry-loader
2026-04-06T23:17:57.102Z next:jsconfig-paths-plugin moduleName did not match any paths pattern next-flight-client-entry-loader
2026-04-06T23:17:57.103Z next:jsconfig-paths-plugin moduleName did not match any paths pattern next-flight-client-entry-loader
2026-04-06T23:17:57.103Z next:jsconfig-paths-plugin moduleName did not match any paths pattern next-flight-client-entry-loader
2026-04-06T23:17:57.103Z next:jsconfig-paths-plugin moduleName did not match any paths pattern next-flight-client-entry-loader
2026-04-06T23:17:57.103Z next:jsconfig-paths-plugin moduleName did not match any paths pattern next-flight-client-entry-loader
2026-04-06T23:17:57.103Z next:jsconfig-paths-plugin moduleName did not match any paths pattern next-flight-client-entry-loader
2026-04-06T23:17:57.103Z next:jsconfig-paths-plugin moduleName did not match any paths pattern next-flight-client-entry-loader
2026-04-06T23:17:57.103Z next:jsconfig-paths-plugin moduleName did not match any paths pattern next-flight-client-entry-loader
2026-04-06T23:17:57.104Z next:jsconfig-paths-plugin moduleName did not match any paths pattern next-flight-client-entry-loader
2026-04-06T23:17:57.104Z next:jsconfig-paths-plugin moduleName did not match any paths pattern next-flight-client-entry-loader
2026-04-06T23:17:57.104Z next:jsconfig-paths-plugin moduleName did not match any paths pattern next-flight-client-entry-loader
2026-04-06T23:17:57.104Z next:jsconfig-paths-plugin moduleName did not match any paths pattern next-flight-client-entry-loader
2026-04-06T23:17:57.104Z next:jsconfig-paths-plugin moduleName did not match any paths pattern next-flight-client-entry-loader
2026-04-06T23:17:57.104Z next:jsconfig-paths-plugin moduleName did not match any paths pattern next-flight-client-entry-loader
2026-04-06T23:17:57.104Z next:jsconfig-paths-plugin moduleName did not match any paths pattern next-flight-client-entry-loader
2026-04-06T23:17:57.104Z next:jsconfig-paths-plugin moduleName did not match any paths pattern next-flight-client-entry-loader
2026-04-06T23:17:57.104Z next:jsconfig-paths-plugin moduleName did not match any paths pattern next-flight-client-entry-loader
2026-04-06T23:17:57.104Z next:jsconfig-paths-plugin moduleName did not match any paths pattern next-flight-client-entry-loader
2026-04-06T23:17:57.104Z next:jsconfig-paths-plugin moduleName did not match any paths pattern next-flight-client-entry-loader
2026-04-06T23:17:57.104Z next:jsconfig-paths-plugin moduleName did not match any paths pattern next-flight-client-entry-loader
2026-04-06T23:17:57.104Z next:jsconfig-paths-plugin moduleName did not match any paths pattern next-flight-client-entry-loader
2026-04-06T23:17:57.104Z next:jsconfig-paths-plugin moduleName did not match any paths pattern next-flight-client-entry-loader
2026-04-06T23:17:57.105Z next:jsconfig-paths-plugin moduleName did not match any paths pattern next-flight-client-entry-loader
2026-04-06T23:17:57.105Z next:jsconfig-paths-plugin moduleName did not match any paths pattern next-flight-client-entry-loader
2026-04-06T23:17:57.105Z next:jsconfig-paths-plugin moduleName did not match any paths pattern next-flight-client-entry-loader
2026-04-06T23:17:57.105Z next:jsconfig-paths-plugin moduleName did not match any paths pattern next-flight-client-entry-loader
2026-04-06T23:17:57.105Z next:jsconfig-paths-plugin moduleName did not match any paths pattern next-flight-client-entry-loader
2026-04-06T23:17:57.105Z next:jsconfig-paths-plugin moduleName did not match any paths pattern next-flight-client-entry-loader
2026-04-06T23:17:57.105Z next:jsconfig-paths-plugin moduleName did not match any paths pattern next-flight-client-entry-loader
2026-04-06T23:17:57.105Z next:jsconfig-paths-plugin moduleName did not match any paths pattern next-flight-client-entry-loader
2026-04-06T23:17:57.105Z next:jsconfig-paths-plugin moduleName did not match any paths pattern next-flight-client-entry-loader
2026-04-06T23:17:57.105Z next:jsconfig-paths-plugin moduleName did not match any paths pattern next-flight-client-entry-loader
2026-04-06T23:17:57.106Z next:jsconfig-paths-plugin moduleName did not match any paths pattern next-flight-client-entry-loader
2026-04-06T23:17:57.106Z next:jsconfig-paths-plugin moduleName did not match any paths pattern next-flight-client-entry-loader
2026-04-06T23:17:57.106Z next:jsconfig-paths-plugin moduleName did not match any paths pattern next-flight-client-entry-loader
2026-04-06T23:17:57.106Z next:jsconfig-paths-plugin moduleName did not match any paths pattern next-flight-client-entry-loader
2026-04-06T23:17:57.106Z next:jsconfig-paths-plugin moduleName did not match any paths pattern next-flight-client-entry-loader
2026-04-06T23:17:57.106Z next:jsconfig-paths-plugin moduleName did not match any paths pattern next-flight-client-entry-loader
2026-04-06T23:17:57.347Z next:jsconfig-paths-plugin moduleName did not match any paths pattern next-flight-client-entry-loader
2026-04-06T23:17:57.347Z next:jsconfig-paths-plugin moduleName did not match any paths pattern next-flight-client-entry-loader
2026-04-06T23:17:57.347Z next:jsconfig-paths-plugin moduleName did not match any paths pattern next-flight-client-entry-loader
2026-04-06T23:17:57.347Z next:jsconfig-paths-plugin moduleName did not match any paths pattern next-flight-client-entry-loader
2026-04-06T23:17:57.347Z next:jsconfig-paths-plugin moduleName did not match any paths pattern next-flight-client-entry-loader
2026-04-06T23:17:57.347Z next:jsconfig-paths-plugin moduleName did not match any paths pattern next-flight-client-entry-loader
2026-04-06T23:17:57.347Z next:jsconfig-paths-plugin moduleName did not match any paths pattern next-flight-client-entry-loader
2026-04-06T23:17:57.347Z next:jsconfig-paths-plugin moduleName did not match any paths pattern next-flight-client-entry-loader
2026-04-06T23:17:57.347Z next:jsconfig-paths-plugin moduleName did not match any paths pattern next-flight-client-entry-loader
2026-04-06T23:17:57.348Z next:jsconfig-paths-plugin moduleName did not match any paths pattern next-flight-client-entry-loader
2026-04-06T23:17:57.348Z next:jsconfig-paths-plugin moduleName did not match any paths pattern next-flight-client-entry-loader
2026-04-06T23:17:57.348Z next:jsconfig-paths-plugin moduleName did not match any paths pattern next-flight-client-entry-loader
2026-04-06T23:17:57.348Z next:jsconfig-paths-plugin moduleName did not match any paths pattern next-flight-client-entry-loader
2026-04-06T23:17:57.348Z next:jsconfig-paths-plugin moduleName did not match any paths pattern next-flight-client-entry-loader
2026-04-06T23:17:57.348Z next:jsconfig-paths-plugin moduleName did not match any paths pattern next-flight-client-entry-loader
2026-04-06T23:17:57.348Z next:jsconfig-paths-plugin moduleName did not match any paths pattern next-flight-client-entry-loader
2026-04-06T23:17:57.348Z next:jsconfig-paths-plugin moduleName did not match any paths pattern next-flight-client-entry-loader
2026-04-06T23:17:57.349Z next:jsconfig-paths-plugin moduleName did not match any paths pattern next-flight-client-entry-loader
2026-04-06T23:17:57.349Z next:jsconfig-paths-plugin moduleName did not match any paths pattern next-flight-client-entry-loader
2026-04-06T23:17:57.349Z next:jsconfig-paths-plugin moduleName did not match any paths pattern next-flight-client-entry-loader
2026-04-06T23:17:57.349Z next:jsconfig-paths-plugin moduleName did not match any paths pattern next-flight-client-entry-loader
2026-04-06T23:17:57.349Z next:jsconfig-paths-plugin moduleName did not match any paths pattern next-flight-client-entry-loader
2026-04-06T23:17:57.350Z next:jsconfig-paths-plugin moduleName did not match any paths pattern next-flight-client-entry-loader
2026-04-06T23:17:57.350Z next:jsconfig-paths-plugin moduleName did not match any paths pattern next-flight-client-entry-loader
2026-04-06T23:17:57.351Z next:jsconfig-paths-plugin moduleName did not match any paths pattern next-flight-client-entry-loader
2026-04-06T23:17:57.351Z next:jsconfig-paths-plugin moduleName did not match any paths pattern next-flight-client-entry-loader
2026-04-06T23:17:57.351Z next:jsconfig-paths-plugin moduleName did not match any paths pattern next-flight-client-entry-loader
2026-04-06T23:17:57.351Z next:jsconfig-paths-plugin moduleName did not match any paths pattern next-flight-client-entry-loader
2026-04-06T23:17:57.352Z next:jsconfig-paths-plugin moduleName did not match any paths pattern next-flight-client-entry-loader
2026-04-06T23:17:57.352Z next:jsconfig-paths-plugin moduleName did not match any paths pattern next-flight-client-entry-loader
2026-04-06T23:17:57.352Z next:jsconfig-paths-plugin moduleName did not match any paths pattern next-flight-client-entry-loader
2026-04-06T23:17:57.352Z next:jsconfig-paths-plugin moduleName did not match any paths pattern next-flight-client-entry-loader
2026-04-06T23:17:57.352Z next:jsconfig-paths-plugin moduleName did not match any paths pattern next-flight-client-entry-loader
2026-04-06T23:17:57.352Z next:jsconfig-paths-plugin moduleName did not match any paths pattern next-flight-client-entry-loader
2026-04-06T23:17:57.352Z next:jsconfig-paths-plugin moduleName did not match any paths pattern next-flight-client-entry-loader
2026-04-06T23:17:57.352Z next:jsconfig-paths-plugin moduleName did not match any paths pattern next-flight-client-entry-loader
2026-04-06T23:17:57.352Z next:jsconfig-paths-plugin moduleName did not match any paths pattern next-flight-client-entry-loader
2026-04-06T23:17:57.353Z next:jsconfig-paths-plugin moduleName did not match any paths pattern next-flight-client-entry-loader
2026-04-06T23:17:57.353Z next:jsconfig-paths-plugin moduleName did not match any paths pattern next-flight-client-entry-loader
2026-04-06T23:17:57.353Z next:jsconfig-paths-plugin moduleName did not match any paths pattern next-flight-client-entry-loader
2026-04-06T23:17:57.353Z next:jsconfig-paths-plugin moduleName did not match any paths pattern next-flight-client-entry-loader
2026-04-06T23:17:57.353Z next:jsconfig-paths-plugin moduleName did not match any paths pattern next-flight-client-entry-loader
2026-04-06T23:17:57.353Z next:jsconfig-paths-plugin moduleName did not match any paths pattern next-flight-client-entry-loader
2026-04-06T23:17:57.353Z next:jsconfig-paths-plugin moduleName did not match any paths pattern next-flight-client-entry-loader
2026-04-06T23:17:57.353Z next:jsconfig-paths-plugin moduleName did not match any paths pattern next-flight-client-entry-loader
2026-04-06T23:17:57.353Z next:jsconfig-paths-plugin moduleName did not match any paths pattern next-flight-client-entry-loader
2026-04-06T23:17:57.353Z next:jsconfig-paths-plugin moduleName did not match any paths pattern next-flight-client-entry-loader
2026-04-06T23:17:57.353Z next:jsconfig-paths-plugin moduleName did not match any paths pattern next-flight-client-entry-loader
2026-04-06T23:17:57.354Z next:jsconfig-paths-plugin moduleName did not match any paths pattern next-flight-client-entry-loader
2026-04-06T23:17:57.354Z next:jsconfig-paths-plugin moduleName did not match any paths pattern next-flight-client-entry-loader
2026-04-06T23:17:57.354Z next:jsconfig-paths-plugin moduleName did not match any paths pattern next-flight-client-entry-loader
2026-04-06T23:17:57.354Z next:jsconfig-paths-plugin moduleName did not match any paths pattern next-flight-client-entry-loader
2026-04-06T23:17:57.354Z next:jsconfig-paths-plugin moduleName did not match any paths pattern next-flight-client-entry-loader
2026-04-06T23:17:57.354Z next:jsconfig-paths-plugin moduleName did not match any paths pattern next-flight-client-entry-loader
2026-04-06T23:17:57.354Z next:jsconfig-paths-plugin moduleName did not match any paths pattern next-flight-client-entry-loader
2026-04-06T23:17:57.354Z next:jsconfig-paths-plugin moduleName did not match any paths pattern next-flight-client-entry-loader
2026-04-06T23:17:57.355Z next:jsconfig-paths-plugin moduleName did not match any paths pattern next-flight-client-entry-loader
2026-04-06T23:17:57.355Z next:jsconfig-paths-plugin moduleName did not match any paths pattern next-flight-client-entry-loader
2026-04-06T23:17:57.355Z next:jsconfig-paths-plugin moduleName did not match any paths pattern next-flight-client-entry-loader
2026-04-06T23:17:57.355Z next:jsconfig-paths-plugin moduleName did not match any paths pattern next-flight-client-entry-loader
2026-04-06T23:17:57.355Z next:jsconfig-paths-plugin moduleName did not match any paths pattern next-flight-client-entry-loader
2026-04-06T23:17:57.355Z next:jsconfig-paths-plugin moduleName did not match any paths pattern next-flight-client-entry-loader
2026-04-06T23:17:57.355Z next:jsconfig-paths-plugin moduleName did not match any paths pattern next-flight-client-entry-loader
2026-04-06T23:17:57.355Z next:jsconfig-paths-plugin moduleName did not match any paths pattern next-flight-client-entry-loader
2026-04-06T23:17:57.355Z next:jsconfig-paths-plugin moduleName did not match any paths pattern next-flight-client-entry-loader
2026-04-06T23:17:57.356Z next:jsconfig-paths-plugin moduleName did not match any paths pattern next-flight-client-entry-loader
2026-04-06T23:17:57.356Z next:jsconfig-paths-plugin moduleName did not match any paths pattern next-flight-client-entry-loader
2026-04-06T23:17:57.356Z next:jsconfig-paths-plugin moduleName did not match any paths pattern next-flight-client-entry-loader
2026-04-06T23:17:57.356Z next:jsconfig-paths-plugin moduleName did not match any paths pattern next-flight-client-entry-loader
2026-04-06T23:17:57.356Z next:jsconfig-paths-plugin moduleName did not match any paths pattern next-flight-client-entry-loader
2026-04-06T23:17:57.356Z next:jsconfig-paths-plugin moduleName did not match any paths pattern next-flight-client-entry-loader
2026-04-06T23:17:57.356Z next:jsconfig-paths-plugin moduleName did not match any paths pattern next-flight-client-entry-loader
2026-04-06T23:17:57.356Z next:jsconfig-paths-plugin moduleName did not match any paths pattern next-flight-client-entry-loader
2026-04-06T23:17:57.357Z next:jsconfig-paths-plugin moduleName did not match any paths pattern next-flight-client-entry-loader
2026-04-06T23:17:57.357Z next:jsconfig-paths-plugin moduleName did not match any paths pattern next-flight-client-entry-loader
2026-04-06T23:17:57.357Z next:jsconfig-paths-plugin moduleName did not match any paths pattern next-flight-client-entry-loader
2026-04-06T23:17:57.357Z next:jsconfig-paths-plugin moduleName did not match any paths pattern next-flight-client-entry-loader
2026-04-06T23:17:57.357Z next:jsconfig-paths-plugin moduleName did not match any paths pattern next-flight-client-entry-loader
2026-04-06T23:17:57.357Z next:jsconfig-paths-plugin moduleName did not match any paths pattern next-flight-client-entry-loader
2026-04-06T23:17:57.357Z next:jsconfig-paths-plugin moduleName did not match any paths pattern next-flight-client-entry-loader
2026-04-06T23:17:57.357Z next:jsconfig-paths-plugin moduleName did not match any paths pattern next-flight-client-entry-loader
2026-04-06T23:17:57.357Z next:jsconfig-paths-plugin moduleName did not match any paths pattern next-flight-client-entry-loader
2026-04-06T23:17:57.357Z next:jsconfig-paths-plugin moduleName did not match any paths pattern next-flight-client-entry-loader
2026-04-06T23:17:57.358Z next:jsconfig-paths-plugin moduleName did not match any paths pattern next-flight-client-entry-loader
2026-04-06T23:17:57.358Z next:jsconfig-paths-plugin moduleName did not match any paths pattern next-flight-client-entry-loader
2026-04-06T23:17:57.358Z next:jsconfig-paths-plugin moduleName did not match any paths pattern next-flight-client-entry-loader
2026-04-06T23:17:57.358Z next:jsconfig-paths-plugin moduleName did not match any paths pattern next-flight-client-entry-loader
2026-04-06T23:17:57.358Z next:jsconfig-paths-plugin moduleName did not match any paths pattern next-flight-client-entry-loader
2026-04-06T23:17:57.358Z next:jsconfig-paths-plugin moduleName did not match any paths pattern next-flight-client-entry-loader
2026-04-06T23:17:57.358Z next:jsconfig-paths-plugin moduleName did not match any paths pattern next-flight-client-entry-loader
2026-04-06T23:17:57.359Z next:jsconfig-paths-plugin moduleName did not match any paths pattern next-flight-client-entry-loader
2026-04-06T23:17:57.359Z next:jsconfig-paths-plugin moduleName did not match any paths pattern next-flight-client-entry-loader
2026-04-06T23:17:57.359Z next:jsconfig-paths-plugin moduleName did not match any paths pattern next-flight-client-entry-loader
2026-04-06T23:17:57.359Z next:jsconfig-paths-plugin moduleName did not match any paths pattern next-flight-client-entry-loader
2026-04-06T23:17:57.359Z next:jsconfig-paths-plugin moduleName did not match any paths pattern next-flight-client-entry-loader
2026-04-06T23:17:57.359Z next:jsconfig-paths-plugin moduleName did not match any paths pattern next-flight-client-entry-loader
2026-04-06T23:17:57.359Z next:jsconfig-paths-plugin moduleName did not match any paths pattern next-flight-client-entry-loader
2026-04-06T23:17:57.359Z next:jsconfig-paths-plugin moduleName did not match any paths pattern next-flight-client-entry-loader
2026-04-06T23:17:57.359Z next:jsconfig-paths-plugin moduleName did not match any paths pattern next-flight-client-entry-loader
2026-04-06T23:17:57.359Z next:jsconfig-paths-plugin moduleName did not match any paths pattern next-flight-client-entry-loader
2026-04-06T23:17:57.602Z next:jsconfig-paths-plugin moduleName did not match any paths pattern next-flight-client-entry-loader
2026-04-06T23:17:57.603Z next:jsconfig-paths-plugin moduleName did not match any paths pattern next-flight-client-entry-loader
2026-04-06T23:17:57.603Z next:jsconfig-paths-plugin moduleName did not match any paths pattern next-flight-client-entry-loader
2026-04-06T23:17:57.603Z next:jsconfig-paths-plugin moduleName did not match any paths pattern next-flight-client-entry-loader
2026-04-06T23:17:57.603Z next:jsconfig-paths-plugin moduleName did not match any paths pattern next-flight-client-entry-loader
2026-04-06T23:17:57.603Z next:jsconfig-paths-plugin moduleName did not match any paths pattern next-flight-client-entry-loader
2026-04-06T23:17:57.603Z next:jsconfig-paths-plugin moduleName did not match any paths pattern next-flight-client-entry-loader
2026-04-06T23:17:57.603Z next:jsconfig-paths-plugin moduleName did not match any paths pattern next-flight-client-entry-loader
2026-04-06T23:17:57.604Z next:jsconfig-paths-plugin moduleName did not match any paths pattern next-flight-client-entry-loader
2026-04-06T23:17:57.604Z next:jsconfig-paths-plugin moduleName did not match any paths pattern next-flight-client-entry-loader
2026-04-06T23:17:57.604Z next:jsconfig-paths-plugin moduleName did not match any paths pattern next-flight-client-entry-loader
2026-04-06T23:17:57.604Z next:jsconfig-paths-plugin moduleName did not match any paths pattern next-flight-client-entry-loader
2026-04-06T23:17:57.604Z next:jsconfig-paths-plugin moduleName did not match any paths pattern next-flight-client-entry-loader
2026-04-06T23:17:57.604Z next:jsconfig-paths-plugin moduleName did not match any paths pattern next-flight-client-entry-loader
2026-04-06T23:17:57.604Z next:jsconfig-paths-plugin moduleName did not match any paths pattern next-flight-client-entry-loader
2026-04-06T23:17:57.604Z next:jsconfig-paths-plugin moduleName did not match any paths pattern next-flight-client-entry-loader
2026-04-06T23:17:57.604Z next:jsconfig-paths-plugin moduleName did not match any paths pattern next-flight-client-entry-loader
2026-04-06T23:17:57.604Z next:jsconfig-paths-plugin moduleName did not match any paths pattern next-flight-client-entry-loader
2026-04-06T23:17:57.605Z next:jsconfig-paths-plugin moduleName did not match any paths pattern next-flight-client-entry-loader
2026-04-06T23:17:57.605Z next:jsconfig-paths-plugin moduleName did not match any paths pattern next-flight-client-entry-loader
2026-04-06T23:17:57.605Z next:jsconfig-paths-plugin moduleName did not match any paths pattern next-flight-client-entry-loader
2026-04-06T23:17:57.605Z next:jsconfig-paths-plugin moduleName did not match any paths pattern next-flight-client-entry-loader
2026-04-06T23:17:57.605Z next:jsconfig-paths-plugin moduleName did not match any paths pattern next-flight-client-entry-loader
2026-04-06T23:17:57.605Z next:jsconfig-paths-plugin moduleName did not match any paths pattern next-flight-client-entry-loader
2026-04-06T23:17:57.605Z next:jsconfig-paths-plugin moduleName did not match any paths pattern next-flight-client-entry-loader
2026-04-06T23:17:57.605Z next:jsconfig-paths-plugin moduleName did not match any paths pattern next-flight-client-entry-loader
2026-04-06T23:17:57.605Z next:jsconfig-paths-plugin moduleName did not match any paths pattern next-flight-client-entry-loader
2026-04-06T23:17:57.605Z next:jsconfig-paths-plugin moduleName did not match any paths pattern next-flight-client-entry-loader
2026-04-06T23:17:57.605Z next:jsconfig-paths-plugin moduleName did not match any paths pattern next-flight-client-entry-loader
2026-04-06T23:17:57.606Z next:jsconfig-paths-plugin moduleName did not match any paths pattern next-flight-client-entry-loader
2026-04-06T23:17:57.606Z next:jsconfig-paths-plugin moduleName did not match any paths pattern next-flight-client-entry-loader
2026-04-06T23:17:57.606Z next:jsconfig-paths-plugin moduleName did not match any paths pattern next-flight-client-entry-loader
2026-04-06T23:17:57.607Z next:jsconfig-paths-plugin moduleName did not match any paths pattern next-flight-client-entry-loader
2026-04-06T23:17:57.607Z next:jsconfig-paths-plugin moduleName did not match any paths pattern next-flight-client-entry-loader
2026-04-06T23:17:57.607Z next:jsconfig-paths-plugin moduleName did not match any paths pattern next-flight-client-entry-loader
2026-04-06T23:17:57.608Z next:jsconfig-paths-plugin moduleName did not match any paths pattern next-flight-client-entry-loader
2026-04-06T23:17:57.608Z next:jsconfig-paths-plugin moduleName did not match any paths pattern next-flight-client-entry-loader
2026-04-06T23:17:57.608Z next:jsconfig-paths-plugin moduleName did not match any paths pattern next-flight-client-entry-loader
2026-04-06T23:17:57.608Z next:jsconfig-paths-plugin moduleName did not match any paths pattern next-flight-client-entry-loader
2026-04-06T23:17:57.608Z next:jsconfig-paths-plugin moduleName did not match any paths pattern next-flight-client-entry-loader
2026-04-06T23:17:57.609Z next:jsconfig-paths-plugin moduleName did not match any paths pattern next-flight-client-entry-loader
2026-04-06T23:17:57.609Z next:jsconfig-paths-plugin moduleName did not match any paths pattern next-flight-client-entry-loader
2026-04-06T23:17:57.609Z next:jsconfig-paths-plugin moduleName did not match any paths pattern next-flight-client-entry-loader
2026-04-06T23:17:57.609Z next:jsconfig-paths-plugin moduleName did not match any paths pattern next-flight-client-entry-loader
2026-04-06T23:17:57.609Z next:jsconfig-paths-plugin moduleName did not match any paths pattern next-flight-client-entry-loader
2026-04-06T23:17:57.610Z next:jsconfig-paths-plugin moduleName did not match any paths pattern next-flight-client-entry-loader
2026-04-06T23:17:57.611Z next:jsconfig-paths-plugin moduleName did not match any paths pattern next-flight-client-entry-loader
2026-04-06T23:17:57.611Z next:jsconfig-paths-plugin moduleName did not match any paths pattern next-flight-client-entry-loader
2026-04-06T23:17:57.611Z next:jsconfig-paths-plugin moduleName did not match any paths pattern next-flight-client-entry-loader
2026-04-06T23:17:57.611Z next:jsconfig-paths-plugin moduleName did not match any paths pattern next-flight-client-entry-loader
2026-04-06T23:17:57.611Z next:jsconfig-paths-plugin moduleName did not match any paths pattern next-flight-client-entry-loader
2026-04-06T23:17:57.612Z next:jsconfig-paths-plugin moduleName did not match any paths pattern next-flight-client-entry-loader
2026-04-06T23:17:57.612Z next:jsconfig-paths-plugin moduleName did not match any paths pattern next-flight-client-entry-loader
2026-04-06T23:17:57.612Z next:jsconfig-paths-plugin moduleName did not match any paths pattern next-flight-client-entry-loader
2026-04-06T23:17:57.612Z next:jsconfig-paths-plugin moduleName did not match any paths pattern next-flight-client-entry-loader
2026-04-06T23:17:57.612Z next:jsconfig-paths-plugin moduleName did not match any paths pattern next-flight-client-entry-loader
2026-04-06T23:17:57.612Z next:jsconfig-paths-plugin moduleName did not match any paths pattern next-flight-client-entry-loader
2026-04-06T23:17:57.613Z next:jsconfig-paths-plugin moduleName did not match any paths pattern next-flight-client-entry-loader
2026-04-06T23:17:57.614Z next:jsconfig-paths-plugin moduleName did not match any paths pattern next-flight-client-entry-loader
2026-04-06T23:17:57.614Z next:jsconfig-paths-plugin moduleName did not match any paths pattern next-flight-client-entry-loader
2026-04-06T23:17:57.614Z next:jsconfig-paths-plugin moduleName did not match any paths pattern next-flight-client-entry-loader
2026-04-06T23:17:57.614Z next:jsconfig-paths-plugin moduleName did not match any paths pattern next-flight-client-entry-loader
2026-04-06T23:17:57.614Z next:jsconfig-paths-plugin moduleName did not match any paths pattern next-flight-client-entry-loader
2026-04-06T23:17:57.614Z next:jsconfig-paths-plugin moduleName did not match any paths pattern next-flight-client-entry-loader
2026-04-06T23:17:57.614Z next:jsconfig-paths-plugin moduleName did not match any paths pattern next-flight-client-entry-loader
2026-04-06T23:17:57.614Z next:jsconfig-paths-plugin moduleName did not match any paths pattern next-flight-client-entry-loader
2026-04-06T23:17:57.651Z next:jsconfig-paths-plugin moduleName did not match any paths pattern next-flight-client-entry-loader
2026-04-06T23:17:57.652Z next:jsconfig-paths-plugin moduleName did not match any paths pattern next-flight-client-entry-loader
2026-04-06T23:17:57.652Z next:jsconfig-paths-plugin moduleName did not match any paths pattern next-flight-client-entry-loader
2026-04-06T23:17:57.652Z next:jsconfig-paths-plugin moduleName did not match any paths pattern next-flight-client-entry-loader
2026-04-06T23:17:57.652Z next:jsconfig-paths-plugin moduleName did not match any paths pattern next-flight-client-entry-loader
2026-04-06T23:17:57.652Z next:jsconfig-paths-plugin moduleName did not match any paths pattern next-flight-client-entry-loader
2026-04-06T23:17:57.653Z next:jsconfig-paths-plugin moduleName did not match any paths pattern next-flight-client-entry-loader
2026-04-06T23:17:57.653Z next:jsconfig-paths-plugin moduleName did not match any paths pattern next-flight-client-entry-loader
2026-04-06T23:17:57.653Z next:jsconfig-paths-plugin moduleName did not match any paths pattern next-flight-client-entry-loader
2026-04-06T23:17:57.653Z next:jsconfig-paths-plugin moduleName did not match any paths pattern next-flight-client-entry-loader
2026-04-06T23:17:57.653Z next:jsconfig-paths-plugin moduleName did not match any paths pattern next-flight-client-entry-loader
2026-04-06T23:17:57.653Z next:jsconfig-paths-plugin moduleName did not match any paths pattern next-flight-client-entry-loader
2026-04-06T23:17:57.653Z next:jsconfig-paths-plugin moduleName did not match any paths pattern next-flight-client-entry-loader
2026-04-06T23:17:57.653Z next:jsconfig-paths-plugin moduleName did not match any paths pattern next-flight-client-entry-loader
2026-04-06T23:17:57.653Z next:jsconfig-paths-plugin moduleName did not match any paths pattern next-flight-client-entry-loader
2026-04-06T23:17:57.653Z next:jsconfig-paths-plugin moduleName did not match any paths pattern next-flight-client-entry-loader
2026-04-06T23:17:57.653Z next:jsconfig-paths-plugin moduleName did not match any paths pattern next-flight-client-entry-loader
2026-04-06T23:17:57.654Z next:jsconfig-paths-plugin moduleName did not match any paths pattern next-flight-client-entry-loader
2026-04-06T23:17:57.654Z next:jsconfig-paths-plugin moduleName did not match any paths pattern next-flight-client-entry-loader
2026-04-06T23:17:57.654Z next:jsconfig-paths-plugin moduleName did not match any paths pattern next-flight-client-entry-loader
2026-04-06T23:17:57.654Z next:jsconfig-paths-plugin moduleName did not match any paths pattern next-flight-client-entry-loader
2026-04-06T23:17:57.654Z next:jsconfig-paths-plugin moduleName did not match any paths pattern next-flight-client-entry-loader
2026-04-06T23:17:57.654Z next:jsconfig-paths-plugin moduleName did not match any paths pattern next-flight-client-entry-loader
2026-04-06T23:17:57.654Z next:jsconfig-paths-plugin moduleName did not match any paths pattern next-flight-client-entry-loader
2026-04-06T23:17:57.655Z next:jsconfig-paths-plugin moduleName did not match any paths pattern next-flight-client-entry-loader
2026-04-06T23:17:57.655Z next:jsconfig-paths-plugin moduleName did not match any paths pattern next-flight-client-entry-loader
2026-04-06T23:17:57.655Z next:jsconfig-paths-plugin moduleName did not match any paths pattern next-flight-client-entry-loader
2026-04-06T23:17:57.655Z next:jsconfig-paths-plugin moduleName did not match any paths pattern next-flight-client-entry-loader
2026-04-06T23:17:57.655Z next:jsconfig-paths-plugin moduleName did not match any paths pattern next-flight-client-entry-loader
2026-04-06T23:17:57.655Z next:jsconfig-paths-plugin moduleName did not match any paths pattern next-flight-client-entry-loader
2026-04-06T23:17:57.656Z next:jsconfig-paths-plugin moduleName did not match any paths pattern next-flight-client-entry-loader
2026-04-06T23:17:57.656Z next:jsconfig-paths-plugin moduleName did not match any paths pattern next-flight-client-entry-loader
2026-04-06T23:17:57.656Z next:jsconfig-paths-plugin moduleName did not match any paths pattern next-flight-client-entry-loader
2026-04-06T23:17:57.656Z next:jsconfig-paths-plugin moduleName did not match any paths pattern next-flight-client-entry-loader
2026-04-06T23:17:57.657Z next:jsconfig-paths-plugin moduleName did not match any paths pattern next-flight-client-entry-loader
2026-04-06T23:17:57.657Z next:jsconfig-paths-plugin moduleName did not match any paths pattern next-flight-client-entry-loader
2026-04-06T23:17:57.657Z next:jsconfig-paths-plugin moduleName did not match any paths pattern next-flight-client-entry-loader
2026-04-06T23:17:57.657Z next:jsconfig-paths-plugin moduleName did not match any paths pattern next-flight-client-entry-loader
2026-04-06T23:17:57.657Z next:jsconfig-paths-plugin moduleName did not match any paths pattern next-flight-client-entry-loader
2026-04-06T23:17:57.657Z next:jsconfig-paths-plugin moduleName did not match any paths pattern next-flight-client-entry-loader
2026-04-06T23:17:57.657Z next:jsconfig-paths-plugin moduleName did not match any paths pattern next-flight-client-entry-loader
2026-04-06T23:17:57.657Z next:jsconfig-paths-plugin moduleName did not match any paths pattern next-flight-client-entry-loader
2026-04-06T23:17:57.657Z next:jsconfig-paths-plugin moduleName did not match any paths pattern next-flight-client-entry-loader
2026-04-06T23:17:57.658Z next:jsconfig-paths-plugin moduleName did not match any paths pattern next-flight-client-entry-loader
2026-04-06T23:17:57.658Z next:jsconfig-paths-plugin moduleName did not match any paths pattern next-flight-client-entry-loader
2026-04-06T23:17:57.658Z next:jsconfig-paths-plugin moduleName did not match any paths pattern next-flight-client-entry-loader
2026-04-06T23:17:57.658Z next:jsconfig-paths-plugin moduleName did not match any paths pattern next-flight-client-entry-loader
2026-04-06T23:17:57.658Z next:jsconfig-paths-plugin moduleName did not match any paths pattern next-flight-client-entry-loader
2026-04-06T23:17:57.658Z next:jsconfig-paths-plugin moduleName did not match any paths pattern next-flight-client-entry-loader
2026-04-06T23:17:57.658Z next:jsconfig-paths-plugin moduleName did not match any paths pattern next-flight-client-entry-loader
2026-04-06T23:17:57.658Z next:jsconfig-paths-plugin moduleName did not match any paths pattern next-flight-client-entry-loader
2026-04-06T23:17:57.659Z next:jsconfig-paths-plugin moduleName did not match any paths pattern next-flight-client-entry-loader
2026-04-06T23:17:57.663Z next:jsconfig-paths-plugin moduleName did not match any paths pattern next-flight-client-entry-loader
2026-04-06T23:17:57.663Z next:jsconfig-paths-plugin moduleName did not match any paths pattern next-flight-client-entry-loader
2026-04-06T23:17:57.663Z next:jsconfig-paths-plugin moduleName did not match any paths pattern next-flight-client-entry-loader
2026-04-06T23:17:57.663Z next:jsconfig-paths-plugin moduleName did not match any paths pattern next-flight-client-entry-loader
2026-04-06T23:17:57.663Z next:jsconfig-paths-plugin moduleName did not match any paths pattern next-flight-client-entry-loader
2026-04-06T23:17:57.663Z next:jsconfig-paths-plugin moduleName did not match any paths pattern next-flight-client-entry-loader
2026-04-06T23:17:57.663Z next:jsconfig-paths-plugin moduleName did not match any paths pattern next-flight-client-entry-loader
2026-04-06T23:17:57.664Z next:jsconfig-paths-plugin moduleName did not match any paths pattern next-flight-client-entry-loader
2026-04-06T23:17:57.664Z next:jsconfig-paths-plugin moduleName did not match any paths pattern next-flight-client-entry-loader
2026-04-06T23:17:57.680Z next:jsconfig-paths-plugin moduleName did not match any paths pattern next-flight-client-entry-loader
2026-04-06T23:17:57.680Z next:jsconfig-paths-plugin moduleName did not match any paths pattern next-flight-client-entry-loader
2026-04-06T23:17:57.680Z next:jsconfig-paths-plugin moduleName did not match any paths pattern next-flight-client-entry-loader
2026-04-06T23:17:57.680Z next:jsconfig-paths-plugin moduleName did not match any paths pattern next-flight-client-entry-loader
2026-04-06T23:17:57.680Z next:jsconfig-paths-plugin moduleName did not match any paths pattern next-flight-client-entry-loader
2026-04-06T23:17:57.806Z next:jsconfig-paths-plugin moduleName did not match any paths pattern next-flight-client-entry-loader
2026-04-06T23:17:57.806Z next:jsconfig-paths-plugin moduleName did not match any paths pattern next-flight-client-entry-loader
2026-04-06T23:17:57.806Z next:jsconfig-paths-plugin moduleName did not match any paths pattern next-flight-client-entry-loader
2026-04-06T23:17:57.806Z next:jsconfig-paths-plugin moduleName did not match any paths pattern next-flight-client-entry-loader
2026-04-06T23:17:57.807Z next:jsconfig-paths-plugin moduleName did not match any paths pattern next-flight-client-entry-loader
2026-04-06T23:17:57.807Z next:jsconfig-paths-plugin moduleName did not match any paths pattern next-flight-client-entry-loader
2026-04-06T23:17:57.807Z next:jsconfig-paths-plugin moduleName did not match any paths pattern next-flight-client-entry-loader
2026-04-06T23:17:57.807Z next:jsconfig-paths-plugin moduleName did not match any paths pattern next-flight-client-entry-loader
2026-04-06T23:17:57.807Z next:jsconfig-paths-plugin moduleName did not match any paths pattern next-flight-client-entry-loader
2026-04-06T23:17:57.807Z next:jsconfig-paths-plugin moduleName did not match any paths pattern next-flight-client-entry-loader
2026-04-06T23:17:57.807Z next:jsconfig-paths-plugin moduleName did not match any paths pattern next-flight-client-entry-loader
2026-04-06T23:17:57.807Z next:jsconfig-paths-plugin moduleName did not match any paths pattern next-flight-client-entry-loader
2026-04-06T23:17:57.807Z next:jsconfig-paths-plugin moduleName did not match any paths pattern next-flight-client-entry-loader
2026-04-06T23:17:57.807Z next:jsconfig-paths-plugin moduleName did not match any paths pattern next-flight-client-entry-loader
2026-04-06T23:17:57.807Z next:jsconfig-paths-plugin moduleName did not match any paths pattern next-flight-client-entry-loader
2026-04-06T23:17:57.808Z next:jsconfig-paths-plugin moduleName did not match any paths pattern next-flight-client-entry-loader
2026-04-06T23:17:57.808Z next:jsconfig-paths-plugin moduleName did not match any paths pattern next-flight-client-entry-loader
2026-04-06T23:17:57.808Z next:jsconfig-paths-plugin moduleName did not match any paths pattern next-flight-client-entry-loader
2026-04-06T23:17:57.808Z next:jsconfig-paths-plugin moduleName did not match any paths pattern next-flight-client-entry-loader
2026-04-06T23:17:57.808Z next:jsconfig-paths-plugin moduleName did not match any paths pattern next-flight-client-entry-loader
2026-04-06T23:17:57.808Z next:jsconfig-paths-plugin moduleName did not match any paths pattern next-flight-client-entry-loader
2026-04-06T23:17:57.808Z next:jsconfig-paths-plugin moduleName did not match any paths pattern next-flight-client-entry-loader
2026-04-06T23:17:57.808Z next:jsconfig-paths-plugin moduleName did not match any paths pattern next-flight-client-entry-loader
2026-04-06T23:17:57.808Z next:jsconfig-paths-plugin moduleName did not match any paths pattern next-flight-client-entry-loader
2026-04-06T23:17:57.808Z next:jsconfig-paths-plugin moduleName did not match any paths pattern next-flight-client-entry-loader
2026-04-06T23:17:57.809Z next:jsconfig-paths-plugin moduleName did not match any paths pattern next-flight-client-entry-loader
2026-04-06T23:17:57.809Z next:jsconfig-paths-plugin moduleName did not match any paths pattern next-flight-client-entry-loader
2026-04-06T23:17:57.810Z next:jsconfig-paths-plugin moduleName did not match any paths pattern next-flight-client-entry-loader
2026-04-06T23:17:57.810Z next:jsconfig-paths-plugin moduleName did not match any paths pattern next-flight-client-entry-loader
2026-04-06T23:17:57.810Z next:jsconfig-paths-plugin moduleName did not match any paths pattern next-flight-client-entry-loader
2026-04-06T23:17:57.822Z next:jsconfig-paths-plugin moduleName did not match any paths pattern next-flight-client-entry-loader
2026-04-06T23:17:57.823Z next:jsconfig-paths-plugin moduleName did not match any paths pattern next-flight-client-entry-loader
2026-04-06T23:17:57.823Z next:jsconfig-paths-plugin moduleName did not match any paths pattern next-flight-client-entry-loader
2026-04-06T23:17:57.823Z next:jsconfig-paths-plugin moduleName did not match any paths pattern next-flight-client-entry-loader
2026-04-06T23:17:57.823Z next:jsconfig-paths-plugin moduleName did not match any paths pattern next-flight-client-entry-loader
2026-04-06T23:17:57.823Z next:jsconfig-paths-plugin moduleName did not match any paths pattern next-flight-client-entry-loader
2026-04-06T23:17:57.823Z next:jsconfig-paths-plugin moduleName did not match any paths pattern next-flight-client-entry-loader
2026-04-06T23:17:57.823Z next:jsconfig-paths-plugin moduleName did not match any paths pattern next-flight-client-entry-loader
2026-04-06T23:17:57.823Z next:jsconfig-paths-plugin moduleName did not match any paths pattern next-flight-client-entry-loader
2026-04-06T23:17:57.823Z next:jsconfig-paths-plugin moduleName did not match any paths pattern next-flight-client-entry-loader
2026-04-06T23:17:57.823Z next:jsconfig-paths-plugin moduleName did not match any paths pattern next-flight-client-entry-loader
2026-04-06T23:17:57.824Z next:jsconfig-paths-plugin moduleName did not match any paths pattern next-flight-client-entry-loader
2026-04-06T23:17:57.824Z next:jsconfig-paths-plugin moduleName did not match any paths pattern next-flight-client-entry-loader
2026-04-06T23:17:57.824Z next:jsconfig-paths-plugin moduleName did not match any paths pattern next-flight-client-entry-loader
2026-04-06T23:17:57.824Z next:jsconfig-paths-plugin moduleName did not match any paths pattern next-flight-client-entry-loader
2026-04-06T23:17:57.824Z next:jsconfig-paths-plugin moduleName did not match any paths pattern next-flight-client-entry-loader
2026-04-06T23:17:57.824Z next:jsconfig-paths-plugin moduleName did not match any paths pattern next-flight-client-entry-loader
2026-04-06T23:17:57.824Z next:jsconfig-paths-plugin moduleName did not match any paths pattern next-flight-client-entry-loader
2026-04-06T23:17:57.824Z next:jsconfig-paths-plugin moduleName did not match any paths pattern next-flight-client-entry-loader
2026-04-06T23:17:57.824Z next:jsconfig-paths-plugin moduleName did not match any paths pattern next-flight-client-entry-loader
2026-04-06T23:17:57.824Z next:jsconfig-paths-plugin moduleName did not match any paths pattern next-flight-client-entry-loader
2026-04-06T23:17:57.824Z next:jsconfig-paths-plugin moduleName did not match any paths pattern next-flight-client-entry-loader
2026-04-06T23:17:57.824Z next:jsconfig-paths-plugin moduleName did not match any paths pattern next-flight-client-entry-loader
2026-04-06T23:17:57.825Z next:jsconfig-paths-plugin moduleName did not match any paths pattern next-flight-client-entry-loader
2026-04-06T23:17:57.848Z next:jsconfig-paths-plugin moduleName did not match any paths pattern next-flight-client-entry-loader
2026-04-06T23:17:57.852Z next:jsconfig-paths-plugin moduleName did not match any paths pattern next-flight-client-entry-loader
2026-04-06T23:17:57.853Z next:jsconfig-paths-plugin moduleName did not match any paths pattern next-flight-client-entry-loader
2026-04-06T23:17:57.854Z next:jsconfig-paths-plugin moduleName did not match any paths pattern next-flight-client-entry-loader
2026-04-06T23:17:57.854Z next:jsconfig-paths-plugin moduleName did not match any paths pattern next-flight-client-entry-loader
2026-04-06T23:17:57.862Z next:jsconfig-paths-plugin moduleName did not match any paths pattern next-flight-client-entry-loader
2026-04-06T23:17:57.863Z next:jsconfig-paths-plugin moduleName did not match any paths pattern next-flight-client-entry-loader
2026-04-06T23:17:57.863Z next:jsconfig-paths-plugin moduleName did not match any paths pattern next-flight-client-entry-loader
2026-04-06T23:17:57.863Z next:jsconfig-paths-plugin moduleName did not match any paths pattern next-flight-client-entry-loader
2026-04-06T23:17:57.863Z next:jsconfig-paths-plugin moduleName did not match any paths pattern next-flight-client-entry-loader
2026-04-06T23:17:57.863Z next:jsconfig-paths-plugin moduleName did not match any paths pattern next-flight-client-entry-loader
2026-04-06T23:17:57.863Z next:jsconfig-paths-plugin moduleName did not match any paths pattern next-flight-client-entry-loader
2026-04-06T23:17:57.863Z next:jsconfig-paths-plugin moduleName did not match any paths pattern next-flight-client-entry-loader
2026-04-06T23:17:57.863Z next:jsconfig-paths-plugin moduleName did not match any paths pattern next-flight-client-entry-loader
2026-04-06T23:17:57.863Z next:jsconfig-paths-plugin moduleName did not match any paths pattern next-flight-client-entry-loader
2026-04-06T23:17:57.863Z next:jsconfig-paths-plugin moduleName did not match any paths pattern next-flight-client-entry-loader
2026-04-06T23:17:57.864Z next:jsconfig-paths-plugin moduleName did not match any paths pattern next-flight-client-entry-loader
2026-04-06T23:17:57.864Z next:jsconfig-paths-plugin moduleName did not match any paths pattern next-flight-client-entry-loader
2026-04-06T23:17:57.864Z next:jsconfig-paths-plugin moduleName did not match any paths pattern next-flight-client-entry-loader
2026-04-06T23:17:57.864Z next:jsconfig-paths-plugin moduleName did not match any paths pattern next-flight-client-entry-loader
2026-04-06T23:17:57.913Z next:jsconfig-paths-plugin moduleName did not match any paths pattern next-flight-client-entry-loader
2026-04-06T23:17:58.123Z next:jsconfig-paths-plugin moduleName did not match any paths pattern next-flight-client-entry-loader
2026-04-06T23:17:58.123Z next:jsconfig-paths-plugin moduleName did not match any paths pattern next-flight-client-entry-loader
2026-04-06T23:17:58.123Z next:jsconfig-paths-plugin moduleName did not match any paths pattern next-flight-client-entry-loader
2026-04-06T23:17:58.123Z next:jsconfig-paths-plugin moduleName did not match any paths pattern next-flight-client-entry-loader
2026-04-06T23:17:58.124Z next:jsconfig-paths-plugin moduleName did not match any paths pattern next-flight-client-entry-loader
2026-04-06T23:17:58.124Z next:jsconfig-paths-plugin moduleName did not match any paths pattern next-flight-client-entry-loader
2026-04-06T23:17:58.124Z next:jsconfig-paths-plugin moduleName did not match any paths pattern next-flight-client-entry-loader
2026-04-06T23:17:58.124Z next:jsconfig-paths-plugin moduleName did not match any paths pattern next-flight-client-entry-loader
2026-04-06T23:17:58.124Z next:jsconfig-paths-plugin moduleName did not match any paths pattern next-flight-client-entry-loader
2026-04-06T23:17:58.124Z next:jsconfig-paths-plugin moduleName did not match any paths pattern next-flight-client-entry-loader
2026-04-06T23:17:58.124Z next:jsconfig-paths-plugin moduleName did not match any paths pattern next-flight-client-entry-loader
2026-04-06T23:17:58.124Z next:jsconfig-paths-plugin moduleName did not match any paths pattern next-flight-client-entry-loader
2026-04-06T23:17:58.124Z next:jsconfig-paths-plugin moduleName did not match any paths pattern next-flight-client-entry-loader
2026-04-06T23:17:58.124Z next:jsconfig-paths-plugin moduleName did not match any paths pattern next-flight-client-entry-loader
2026-04-06T23:17:58.124Z next:jsconfig-paths-plugin moduleName did not match any paths pattern next-flight-client-entry-loader
2026-04-06T23:17:58.125Z next:jsconfig-paths-plugin moduleName did not match any paths pattern next-flight-client-entry-loader
2026-04-06T23:17:58.125Z next:jsconfig-paths-plugin moduleName did not match any paths pattern next-flight-client-entry-loader
2026-04-06T23:17:58.125Z next:jsconfig-paths-plugin moduleName did not match any paths pattern next-flight-client-entry-loader
2026-04-06T23:17:58.125Z next:jsconfig-paths-plugin moduleName did not match any paths pattern next-flight-client-entry-loader
2026-04-06T23:17:58.125Z next:jsconfig-paths-plugin moduleName did not match any paths pattern next-flight-client-entry-loader
2026-04-06T23:17:58.125Z next:jsconfig-paths-plugin moduleName did not match any paths pattern next-flight-client-entry-loader
2026-04-06T23:17:58.125Z next:jsconfig-paths-plugin moduleName did not match any paths pattern next-flight-client-entry-loader
2026-04-06T23:17:58.125Z next:jsconfig-paths-plugin moduleName did not match any paths pattern next-flight-client-entry-loader
2026-04-06T23:17:58.125Z next:jsconfig-paths-plugin moduleName did not match any paths pattern next-flight-client-entry-loader
2026-04-06T23:17:58.125Z next:jsconfig-paths-plugin moduleName did not match any paths pattern next-flight-client-entry-loader
2026-04-06T23:17:58.125Z next:jsconfig-paths-plugin moduleName did not match any paths pattern next-flight-client-entry-loader
2026-04-06T23:17:58.126Z next:jsconfig-paths-plugin moduleName did not match any paths pattern next-flight-client-entry-loader
2026-04-06T23:17:58.126Z next:jsconfig-paths-plugin moduleName did not match any paths pattern next-flight-client-entry-loader
2026-04-06T23:17:58.126Z next:jsconfig-paths-plugin moduleName did not match any paths pattern next-flight-client-entry-loader
2026-04-06T23:17:58.126Z next:jsconfig-paths-plugin moduleName did not match any paths pattern next-flight-client-entry-loader
2026-04-06T23:17:58.126Z next:jsconfig-paths-plugin moduleName did not match any paths pattern next-flight-client-entry-loader
2026-04-06T23:17:58.126Z next:jsconfig-paths-plugin moduleName did not match any paths pattern next-flight-client-entry-loader
2026-04-06T23:17:58.126Z next:jsconfig-paths-plugin moduleName did not match any paths pattern next-flight-client-entry-loader
2026-04-06T23:17:58.126Z next:jsconfig-paths-plugin moduleName did not match any paths pattern next-flight-client-entry-loader
2026-04-06T23:17:58.126Z next:jsconfig-paths-plugin moduleName did not match any paths pattern next-flight-client-entry-loader
2026-04-06T23:17:58.127Z next:jsconfig-paths-plugin moduleName did not match any paths pattern next-flight-client-entry-loader
2026-04-06T23:17:58.127Z next:jsconfig-paths-plugin moduleName did not match any paths pattern next-flight-client-entry-loader
2026-04-06T23:17:58.127Z next:jsconfig-paths-plugin moduleName did not match any paths pattern next-flight-client-entry-loader
2026-04-06T23:17:58.127Z next:jsconfig-paths-plugin moduleName did not match any paths pattern next-flight-client-entry-loader
2026-04-06T23:17:58.127Z next:jsconfig-paths-plugin moduleName did not match any paths pattern next-flight-client-entry-loader
2026-04-06T23:17:58.127Z next:jsconfig-paths-plugin moduleName did not match any paths pattern next-flight-client-entry-loader
2026-04-06T23:17:58.127Z next:jsconfig-paths-plugin moduleName did not match any paths pattern next-flight-client-entry-loader
2026-04-06T23:17:58.128Z next:jsconfig-paths-plugin moduleName did not match any paths pattern next-flight-client-entry-loader
2026-04-06T23:17:58.128Z next:jsconfig-paths-plugin moduleName did not match any paths pattern next-flight-client-entry-loader
2026-04-06T23:17:58.128Z next:jsconfig-paths-plugin moduleName did not match any paths pattern next-flight-client-entry-loader
2026-04-06T23:17:58.128Z next:jsconfig-paths-plugin moduleName did not match any paths pattern next-flight-client-entry-loader
2026-04-06T23:17:58.129Z next:jsconfig-paths-plugin moduleName did not match any paths pattern next-flight-client-entry-loader
2026-04-06T23:17:58.129Z next:jsconfig-paths-plugin moduleName did not match any paths pattern next-flight-client-entry-loader
2026-04-06T23:17:58.129Z next:jsconfig-paths-plugin moduleName did not match any paths pattern next-flight-client-entry-loader
2026-04-06T23:17:58.129Z next:jsconfig-paths-plugin moduleName did not match any paths pattern next-flight-client-entry-loader
2026-04-06T23:17:58.129Z next:jsconfig-paths-plugin moduleName did not match any paths pattern next-flight-client-entry-loader
2026-04-06T23:17:58.129Z next:jsconfig-paths-plugin moduleName did not match any paths pattern next-flight-client-entry-loader
2026-04-06T23:17:58.129Z next:jsconfig-paths-plugin moduleName did not match any paths pattern next-flight-client-entry-loader
2026-04-06T23:17:58.129Z next:jsconfig-paths-plugin moduleName did not match any paths pattern next-flight-client-entry-loader
2026-04-06T23:17:58.129Z next:jsconfig-paths-plugin moduleName did not match any paths pattern next-flight-client-entry-loader
2026-04-06T23:17:58.130Z next:jsconfig-paths-plugin moduleName did not match any paths pattern next-flight-client-entry-loader
2026-04-06T23:17:58.130Z next:jsconfig-paths-plugin moduleName did not match any paths pattern next-flight-client-entry-loader
2026-04-06T23:17:58.133Z next:jsconfig-paths-plugin moduleName did not match any paths pattern next-flight-client-entry-loader
2026-04-06T23:17:58.134Z next:jsconfig-paths-plugin moduleName did not match any paths pattern next-flight-client-entry-loader
2026-04-06T23:17:58.134Z next:jsconfig-paths-plugin moduleName did not match any paths pattern next-flight-client-entry-loader
2026-04-06T23:17:58.134Z next:jsconfig-paths-plugin moduleName did not match any paths pattern next-flight-client-entry-loader
2026-04-06T23:17:58.135Z next:jsconfig-paths-plugin moduleName did not match any paths pattern next-flight-client-entry-loader
2026-04-06T23:17:58.135Z next:jsconfig-paths-plugin moduleName did not match any paths pattern next-flight-client-entry-loader
2026-04-06T23:17:58.135Z next:jsconfig-paths-plugin moduleName did not match any paths pattern next-flight-client-entry-loader
2026-04-06T23:17:58.136Z next:jsconfig-paths-plugin moduleName did not match any paths pattern next-flight-client-entry-loader
2026-04-06T23:17:58.137Z next:jsconfig-paths-plugin moduleName did not match any paths pattern next-flight-client-entry-loader
2026-04-06T23:17:58.137Z next:jsconfig-paths-plugin moduleName did not match any paths pattern next-flight-client-entry-loader
2026-04-06T23:17:58.137Z next:jsconfig-paths-plugin moduleName did not match any paths pattern next-flight-client-entry-loader
2026-04-06T23:17:58.137Z next:jsconfig-paths-plugin moduleName did not match any paths pattern next-flight-client-entry-loader
2026-04-06T23:17:58.137Z next:jsconfig-paths-plugin moduleName did not match any paths pattern next-flight-client-entry-loader
2026-04-06T23:17:58.137Z next:jsconfig-paths-plugin moduleName did not match any paths pattern next-flight-client-entry-loader
2026-04-06T23:17:58.138Z next:jsconfig-paths-plugin moduleName did not match any paths pattern next-flight-client-entry-loader
2026-04-06T23:17:58.138Z next:jsconfig-paths-plugin moduleName did not match any paths pattern next-flight-client-entry-loader
2026-04-06T23:17:58.138Z next:jsconfig-paths-plugin moduleName did not match any paths pattern next-flight-client-entry-loader
2026-04-06T23:17:58.138Z next:jsconfig-paths-plugin moduleName did not match any paths pattern next-flight-client-entry-loader
2026-04-06T23:17:58.138Z next:jsconfig-paths-plugin moduleName did not match any paths pattern next-flight-client-entry-loader
2026-04-06T23:17:58.138Z next:jsconfig-paths-plugin moduleName did not match any paths pattern next-flight-client-entry-loader
2026-04-06T23:17:58.138Z next:jsconfig-paths-plugin moduleName did not match any paths pattern next-flight-client-entry-loader
2026-04-06T23:17:58.138Z next:jsconfig-paths-plugin moduleName did not match any paths pattern next-flight-client-entry-loader
2026-04-06T23:17:58.138Z next:jsconfig-paths-plugin moduleName did not match any paths pattern next-flight-client-entry-loader
2026-04-06T23:17:58.139Z next:jsconfig-paths-plugin moduleName did not match any paths pattern next-flight-client-entry-loader
2026-04-06T23:17:58.139Z next:jsconfig-paths-plugin moduleName did not match any paths pattern next-flight-client-entry-loader
2026-04-06T23:17:58.139Z next:jsconfig-paths-plugin moduleName did not match any paths pattern next-flight-client-entry-loader
2026-04-06T23:17:58.139Z next:jsconfig-paths-plugin moduleName did not match any paths pattern next-flight-client-entry-loader
2026-04-06T23:17:58.362Z next:jsconfig-paths-plugin moduleName did not match any paths pattern next-flight-client-entry-loader
2026-04-06T23:17:58.363Z next:jsconfig-paths-plugin moduleName did not match any paths pattern next-flight-client-entry-loader
2026-04-06T23:17:58.363Z next:jsconfig-paths-plugin moduleName did not match any paths pattern next-flight-client-entry-loader
2026-04-06T23:17:58.363Z next:jsconfig-paths-plugin moduleName did not match any paths pattern next-flight-client-entry-loader
2026-04-06T23:17:58.363Z next:jsconfig-paths-plugin moduleName did not match any paths pattern next-flight-client-entry-loader
2026-04-06T23:17:58.363Z next:jsconfig-paths-plugin moduleName did not match any paths pattern next-flight-client-entry-loader
2026-04-06T23:17:58.363Z next:jsconfig-paths-plugin moduleName did not match any paths pattern next-flight-client-entry-loader
2026-04-06T23:17:58.363Z next:jsconfig-paths-plugin moduleName did not match any paths pattern next-flight-client-entry-loader
2026-04-06T23:17:58.363Z next:jsconfig-paths-plugin moduleName did not match any paths pattern next-flight-client-entry-loader
2026-04-06T23:17:58.363Z next:jsconfig-paths-plugin moduleName did not match any paths pattern next-flight-client-entry-loader
2026-04-06T23:17:58.364Z next:jsconfig-paths-plugin moduleName did not match any paths pattern next-flight-client-entry-loader
2026-04-06T23:17:58.364Z next:jsconfig-paths-plugin moduleName did not match any paths pattern next-flight-client-entry-loader
2026-04-06T23:17:58.364Z next:jsconfig-paths-plugin moduleName did not match any paths pattern next-flight-client-entry-loader
2026-04-06T23:17:58.364Z next:jsconfig-paths-plugin moduleName did not match any paths pattern next-flight-client-entry-loader
2026-04-06T23:17:58.364Z next:jsconfig-paths-plugin moduleName did not match any paths pattern next-flight-client-entry-loader
2026-04-06T23:17:58.364Z next:jsconfig-paths-plugin moduleName did not match any paths pattern next-flight-client-entry-loader
2026-04-06T23:17:58.364Z next:jsconfig-paths-plugin moduleName did not match any paths pattern next-flight-client-entry-loader
2026-04-06T23:17:58.364Z next:jsconfig-paths-plugin moduleName did not match any paths pattern next-flight-client-entry-loader
2026-04-06T23:17:58.421Z next:jsconfig-paths-plugin moduleName did not match any paths pattern next-flight-client-entry-loader
2026-04-06T23:17:58.423Z next:jsconfig-paths-plugin moduleName did not match any paths pattern next-flight-client-entry-loader
2026-04-06T23:17:58.423Z next:jsconfig-paths-plugin moduleName did not match any paths pattern next-flight-client-entry-loader
2026-04-06T23:17:58.423Z next:jsconfig-paths-plugin moduleName did not match any paths pattern next-flight-client-entry-loader
2026-04-06T23:17:58.423Z next:jsconfig-paths-plugin moduleName did not match any paths pattern next-flight-client-entry-loader
2026-04-06T23:17:58.423Z next:jsconfig-paths-plugin moduleName did not match any paths pattern next-flight-client-entry-loader
2026-04-06T23:17:58.423Z next:jsconfig-paths-plugin moduleName did not match any paths pattern next-flight-client-entry-loader
2026-04-06T23:17:58.424Z next:jsconfig-paths-plugin moduleName did not match any paths pattern next-flight-client-entry-loader
2026-04-06T23:17:58.424Z next:jsconfig-paths-plugin moduleName did not match any paths pattern next-flight-client-entry-loader
2026-04-06T23:17:58.436Z next:jsconfig-paths-plugin moduleName did not match any paths pattern next-flight-client-entry-loader
2026-04-06T23:17:58.437Z next:jsconfig-paths-plugin moduleName did not match any paths pattern next-flight-client-entry-loader
2026-04-06T23:17:58.437Z next:jsconfig-paths-plugin moduleName did not match any paths pattern next-flight-client-entry-loader
2026-04-06T23:17:58.437Z next:jsconfig-paths-plugin moduleName did not match any paths pattern next-flight-client-entry-loader
2026-04-06T23:17:58.437Z next:jsconfig-paths-plugin moduleName did not match any paths pattern next-flight-client-entry-loader
2026-04-06T23:17:58.437Z next:jsconfig-paths-plugin moduleName did not match any paths pattern next-flight-client-entry-loader
2026-04-06T23:17:58.437Z next:jsconfig-paths-plugin moduleName did not match any paths pattern next-flight-client-entry-loader
2026-04-06T23:17:58.437Z next:jsconfig-paths-plugin moduleName did not match any paths pattern next-flight-client-entry-loader
2026-04-06T23:17:58.437Z next:jsconfig-paths-plugin moduleName did not match any paths pattern next-flight-client-entry-loader
2026-04-06T23:17:58.438Z next:jsconfig-paths-plugin moduleName did not match any paths pattern next-flight-client-entry-loader
2026-04-06T23:17:58.438Z next:jsconfig-paths-plugin moduleName did not match any paths pattern next-flight-client-entry-loader
2026-04-06T23:17:58.440Z next:jsconfig-paths-plugin moduleName did not match any paths pattern next-flight-client-entry-loader
2026-04-06T23:17:58.440Z next:jsconfig-paths-plugin moduleName did not match any paths pattern next-flight-client-entry-loader
2026-04-06T23:17:58.440Z next:jsconfig-paths-plugin moduleName did not match any paths pattern next-flight-client-entry-loader
2026-04-06T23:17:58.440Z next:jsconfig-paths-plugin moduleName did not match any paths pattern next-flight-client-entry-loader
2026-04-06T23:17:58.440Z next:jsconfig-paths-plugin moduleName did not match any paths pattern next-flight-client-entry-loader
2026-04-06T23:17:58.440Z next:jsconfig-paths-plugin moduleName did not match any paths pattern next-flight-client-entry-loader
2026-04-06T23:17:58.441Z next:jsconfig-paths-plugin moduleName did not match any paths pattern next-flight-client-entry-loader
2026-04-06T23:17:58.453Z next:jsconfig-paths-plugin moduleName did not match any paths pattern next-flight-client-entry-loader
2026-04-06T23:17:58.453Z next:jsconfig-paths-plugin moduleName did not match any paths pattern next-flight-client-entry-loader
2026-04-06T23:17:58.453Z next:jsconfig-paths-plugin moduleName did not match any paths pattern next-flight-client-entry-loader
2026-04-06T23:17:58.453Z next:jsconfig-paths-plugin moduleName did not match any paths pattern next-flight-client-entry-loader
2026-04-06T23:17:58.453Z next:jsconfig-paths-plugin moduleName did not match any paths pattern next-flight-client-entry-loader
2026-04-06T23:17:58.453Z next:jsconfig-paths-plugin moduleName did not match any paths pattern next-flight-client-entry-loader
2026-04-06T23:17:58.453Z next:jsconfig-paths-plugin moduleName did not match any paths pattern next-flight-client-entry-loader
2026-04-06T23:17:58.454Z next:jsconfig-paths-plugin moduleName did not match any paths pattern next-flight-client-entry-loader
2026-04-06T23:17:58.454Z next:jsconfig-paths-plugin moduleName did not match any paths pattern next-flight-client-entry-loader
2026-04-06T23:17:58.454Z next:jsconfig-paths-plugin moduleName did not match any paths pattern next-flight-client-entry-loader
2026-04-06T23:17:58.454Z next:jsconfig-paths-plugin moduleName did not match any paths pattern next-flight-client-entry-loader
2026-04-06T23:17:58.454Z next:jsconfig-paths-plugin moduleName did not match any paths pattern next-flight-client-entry-loader
2026-04-06T23:17:58.455Z next:jsconfig-paths-plugin moduleName did not match any paths pattern next-flight-client-entry-loader
2026-04-06T23:17:58.455Z next:jsconfig-paths-plugin moduleName did not match any paths pattern next-flight-client-entry-loader
2026-04-06T23:17:58.455Z next:jsconfig-paths-plugin moduleName did not match any paths pattern next-flight-client-entry-loader
2026-04-06T23:17:58.455Z next:jsconfig-paths-plugin moduleName did not match any paths pattern next-flight-client-entry-loader
2026-04-06T23:17:58.455Z next:jsconfig-paths-plugin moduleName did not match any paths pattern next-flight-client-entry-loader
2026-04-06T23:17:58.455Z next:jsconfig-paths-plugin moduleName did not match any paths pattern next-flight-client-entry-loader
2026-04-06T23:17:58.599Z next:jsconfig-paths-plugin moduleName did not match any paths pattern next-flight-client-entry-loader
2026-04-06T23:17:58.600Z next:jsconfig-paths-plugin moduleName did not match any paths pattern next-flight-client-entry-loader
2026-04-06T23:17:58.600Z next:jsconfig-paths-plugin moduleName did not match any paths pattern next-flight-client-entry-loader
2026-04-06T23:17:58.601Z next:jsconfig-paths-plugin moduleName did not match any paths pattern next-flight-client-entry-loader
2026-04-06T23:17:58.602Z next:jsconfig-paths-plugin moduleName did not match any paths pattern next-flight-client-entry-loader
2026-04-06T23:17:58.602Z next:jsconfig-paths-plugin moduleName did not match any paths pattern next-flight-client-entry-loader
2026-04-06T23:17:58.602Z next:jsconfig-paths-plugin moduleName did not match any paths pattern next-flight-client-entry-loader
2026-04-06T23:17:58.602Z next:jsconfig-paths-plugin moduleName did not match any paths pattern next-flight-client-entry-loader
2026-04-06T23:17:58.603Z next:jsconfig-paths-plugin moduleName did not match any paths pattern next-flight-client-entry-loader
2026-04-06T23:17:58.603Z next:jsconfig-paths-plugin moduleName did not match any paths pattern next-flight-client-entry-loader
2026-04-06T23:17:58.603Z next:jsconfig-paths-plugin moduleName did not match any paths pattern next-flight-client-entry-loader
2026-04-06T23:17:58.603Z next:jsconfig-paths-plugin moduleName did not match any paths pattern next-flight-client-entry-loader
2026-04-06T23:17:58.603Z next:jsconfig-paths-plugin moduleName did not match any paths pattern next-flight-client-entry-loader
2026-04-06T23:17:58.604Z next:jsconfig-paths-plugin moduleName did not match any paths pattern next-flight-client-entry-loader
2026-04-06T23:17:58.604Z next:jsconfig-paths-plugin moduleName did not match any paths pattern next-flight-client-entry-loader
2026-04-06T23:17:58.604Z next:jsconfig-paths-plugin moduleName did not match any paths pattern next-flight-client-entry-loader
2026-04-06T23:17:58.604Z next:jsconfig-paths-plugin moduleName did not match any paths pattern next-flight-client-entry-loader
2026-04-06T23:17:58.604Z next:jsconfig-paths-plugin moduleName did not match any paths pattern next-flight-client-entry-loader
2026-04-06T23:17:58.604Z next:jsconfig-paths-plugin moduleName did not match any paths pattern next-flight-client-entry-loader
2026-04-06T23:17:58.604Z next:jsconfig-paths-plugin moduleName did not match any paths pattern next-flight-client-entry-loader
2026-04-06T23:17:58.605Z next:jsconfig-paths-plugin moduleName did not match any paths pattern next-flight-client-entry-loader
2026-04-06T23:17:58.605Z next:jsconfig-paths-plugin moduleName did not match any paths pattern next-flight-client-entry-loader
2026-04-06T23:17:58.605Z next:jsconfig-paths-plugin moduleName did not match any paths pattern next-flight-client-entry-loader
2026-04-06T23:17:58.605Z next:jsconfig-paths-plugin moduleName did not match any paths pattern next-flight-client-entry-loader
2026-04-06T23:17:58.605Z next:jsconfig-paths-plugin moduleName did not match any paths pattern next-flight-client-entry-loader
2026-04-06T23:17:58.605Z next:jsconfig-paths-plugin moduleName did not match any paths pattern next-flight-client-entry-loader
2026-04-06T23:17:58.605Z next:jsconfig-paths-plugin moduleName did not match any paths pattern next-flight-client-entry-loader
2026-04-06T23:17:58.605Z next:jsconfig-paths-plugin moduleName did not match any paths pattern next-flight-client-entry-loader
2026-04-06T23:17:58.605Z next:jsconfig-paths-plugin moduleName did not match any paths pattern next-flight-client-entry-loader
2026-04-06T23:17:58.605Z next:jsconfig-paths-plugin moduleName did not match any paths pattern next-flight-client-entry-loader
2026-04-06T23:17:58.606Z next:jsconfig-paths-plugin moduleName did not match any paths pattern next-flight-client-entry-loader
2026-04-06T23:17:58.606Z next:jsconfig-paths-plugin moduleName did not match any paths pattern next-flight-client-entry-loader
2026-04-06T23:17:58.606Z next:jsconfig-paths-plugin moduleName did not match any paths pattern next-flight-client-entry-loader
2026-04-06T23:17:58.606Z next:jsconfig-paths-plugin moduleName did not match any paths pattern next-flight-client-entry-loader
2026-04-06T23:17:58.606Z next:jsconfig-paths-plugin moduleName did not match any paths pattern next-flight-client-entry-loader
2026-04-06T23:17:58.606Z next:jsconfig-paths-plugin moduleName did not match any paths pattern next-flight-client-entry-loader
2026-04-06T23:17:58.606Z next:jsconfig-paths-plugin moduleName did not match any paths pattern next-flight-client-entry-loader
2026-04-06T23:17:58.607Z next:jsconfig-paths-plugin moduleName did not match any paths pattern next-flight-client-entry-loader
2026-04-06T23:17:58.607Z next:jsconfig-paths-plugin moduleName did not match any paths pattern next-flight-client-entry-loader
2026-04-06T23:17:58.607Z next:jsconfig-paths-plugin moduleName did not match any paths pattern next-flight-client-entry-loader
2026-04-06T23:17:58.607Z next:jsconfig-paths-plugin moduleName did not match any paths pattern next-flight-client-entry-loader
2026-04-06T23:17:58.607Z next:jsconfig-paths-plugin moduleName did not match any paths pattern next-flight-client-entry-loader
2026-04-06T23:17:58.607Z next:jsconfig-paths-plugin moduleName did not match any paths pattern next-flight-client-entry-loader
2026-04-06T23:17:58.607Z next:jsconfig-paths-plugin moduleName did not match any paths pattern next-flight-client-entry-loader
2026-04-06T23:17:58.607Z next:jsconfig-paths-plugin moduleName did not match any paths pattern next-flight-client-entry-loader
2026-04-06T23:17:58.607Z next:jsconfig-paths-plugin moduleName did not match any paths pattern next-flight-client-entry-loader
2026-04-06T23:17:58.608Z next:jsconfig-paths-plugin moduleName did not match any paths pattern next-flight-client-entry-loader
2026-04-06T23:17:58.608Z next:jsconfig-paths-plugin moduleName did not match any paths pattern next-flight-client-entry-loader
2026-04-06T23:17:58.608Z next:jsconfig-paths-plugin moduleName did not match any paths pattern next-flight-client-entry-loader
2026-04-06T23:17:58.608Z next:jsconfig-paths-plugin moduleName did not match any paths pattern next-flight-client-entry-loader
2026-04-06T23:17:58.608Z next:jsconfig-paths-plugin moduleName did not match any paths pattern next-flight-client-entry-loader
2026-04-06T23:17:58.608Z next:jsconfig-paths-plugin moduleName did not match any paths pattern next-flight-client-entry-loader
2026-04-06T23:17:58.608Z next:jsconfig-paths-plugin moduleName did not match any paths pattern next-flight-client-entry-loader
2026-04-06T23:17:58.608Z next:jsconfig-paths-plugin moduleName did not match any paths pattern next-flight-client-entry-loader
2026-04-06T23:17:58.608Z next:jsconfig-paths-plugin moduleName did not match any paths pattern next-flight-client-entry-loader
2026-04-06T23:17:58.608Z next:jsconfig-paths-plugin moduleName did not match any paths pattern next-flight-client-entry-loader
2026-04-06T23:17:58.609Z next:jsconfig-paths-plugin moduleName did not match any paths pattern next-flight-client-entry-loader
2026-04-06T23:17:58.609Z next:jsconfig-paths-plugin moduleName did not match any paths pattern next-flight-client-entry-loader
2026-04-06T23:17:58.609Z next:jsconfig-paths-plugin moduleName did not match any paths pattern next-flight-client-entry-loader
2026-04-06T23:17:58.609Z next:jsconfig-paths-plugin moduleName did not match any paths pattern next-flight-client-entry-loader
2026-04-06T23:17:58.609Z next:jsconfig-paths-plugin moduleName did not match any paths pattern next-flight-client-entry-loader
2026-04-06T23:17:58.609Z next:jsconfig-paths-plugin moduleName did not match any paths pattern next-flight-client-entry-loader
2026-04-06T23:17:58.609Z next:jsconfig-paths-plugin moduleName did not match any paths pattern next-flight-client-entry-loader
2026-04-06T23:17:58.609Z next:jsconfig-paths-plugin moduleName did not match any paths pattern next-flight-client-entry-loader
2026-04-06T23:17:58.609Z next:jsconfig-paths-plugin moduleName did not match any paths pattern next-flight-client-entry-loader
2026-04-06T23:17:58.610Z next:jsconfig-paths-plugin moduleName did not match any paths pattern next-flight-client-entry-loader
2026-04-06T23:17:58.610Z next:jsconfig-paths-plugin moduleName did not match any paths pattern next-flight-client-entry-loader
2026-04-06T23:17:58.648Z next:jsconfig-paths-plugin moduleName did not match any paths pattern next-flight-client-entry-loader
2026-04-06T23:17:58.648Z next:jsconfig-paths-plugin moduleName did not match any paths pattern next-flight-client-entry-loader
2026-04-06T23:17:58.649Z next:jsconfig-paths-plugin moduleName did not match any paths pattern next-flight-client-entry-loader
2026-04-06T23:17:58.649Z next:jsconfig-paths-plugin moduleName did not match any paths pattern next-flight-client-entry-loader
2026-04-06T23:17:58.649Z next:jsconfig-paths-plugin moduleName did not match any paths pattern next-flight-client-entry-loader
2026-04-06T23:17:58.649Z next:jsconfig-paths-plugin moduleName did not match any paths pattern next-flight-client-entry-loader
2026-04-06T23:17:58.649Z next:jsconfig-paths-plugin moduleName did not match any paths pattern next-flight-client-entry-loader
2026-04-06T23:17:58.649Z next:jsconfig-paths-plugin moduleName did not match any paths pattern next-flight-client-entry-loader
2026-04-06T23:17:58.650Z next:jsconfig-paths-plugin moduleName did not match any paths pattern next-flight-client-entry-loader
2026-04-06T23:17:58.650Z next:jsconfig-paths-plugin moduleName did not match any paths pattern next-flight-client-entry-loader
2026-04-06T23:17:58.650Z next:jsconfig-paths-plugin moduleName did not match any paths pattern next-flight-client-entry-loader
2026-04-06T23:17:58.650Z next:jsconfig-paths-plugin moduleName did not match any paths pattern next-flight-client-entry-loader
2026-04-06T23:17:58.650Z next:jsconfig-paths-plugin moduleName did not match any paths pattern next-flight-client-entry-loader
2026-04-06T23:17:58.650Z next:jsconfig-paths-plugin moduleName did not match any paths pattern next-flight-client-entry-loader
2026-04-06T23:17:58.650Z next:jsconfig-paths-plugin moduleName did not match any paths pattern next-flight-client-entry-loader
2026-04-06T23:17:58.651Z next:jsconfig-paths-plugin moduleName did not match any paths pattern next-flight-client-entry-loader
2026-04-06T23:17:58.651Z next:jsconfig-paths-plugin moduleName did not match any paths pattern next-flight-client-entry-loader
2026-04-06T23:17:58.651Z next:jsconfig-paths-plugin moduleName did not match any paths pattern next-flight-client-entry-loader
2026-04-06T23:17:58.651Z next:jsconfig-paths-plugin moduleName did not match any paths pattern next-flight-client-entry-loader
2026-04-06T23:17:58.651Z next:jsconfig-paths-plugin moduleName did not match any paths pattern next-flight-client-entry-loader
2026-04-06T23:17:58.651Z next:jsconfig-paths-plugin moduleName did not match any paths pattern next-flight-client-entry-loader
2026-04-06T23:17:58.651Z next:jsconfig-paths-plugin moduleName did not match any paths pattern next-flight-client-entry-loader
2026-04-06T23:17:58.651Z next:jsconfig-paths-plugin moduleName did not match any paths pattern next-flight-client-entry-loader
2026-04-06T23:17:58.652Z next:jsconfig-paths-plugin moduleName did not match any paths pattern next-flight-client-entry-loader
2026-04-06T23:17:58.652Z next:jsconfig-paths-plugin moduleName did not match any paths pattern next-flight-client-entry-loader
2026-04-06T23:17:58.652Z next:jsconfig-paths-plugin moduleName did not match any paths pattern next-flight-client-entry-loader
2026-04-06T23:17:58.652Z next:jsconfig-paths-plugin moduleName did not match any paths pattern next-flight-client-entry-loader
2026-04-06T23:17:58.652Z next:jsconfig-paths-plugin moduleName did not match any paths pattern next-flight-client-entry-loader
2026-04-06T23:17:58.652Z next:jsconfig-paths-plugin moduleName did not match any paths pattern next-flight-client-entry-loader
2026-04-06T23:17:58.652Z next:jsconfig-paths-plugin moduleName did not match any paths pattern next-flight-client-entry-loader
2026-04-06T23:17:58.652Z next:jsconfig-paths-plugin moduleName did not match any paths pattern next-flight-client-entry-loader
2026-04-06T23:17:58.652Z next:jsconfig-paths-plugin moduleName did not match any paths pattern next-flight-client-entry-loader
2026-04-06T23:17:58.652Z next:jsconfig-paths-plugin moduleName did not match any paths pattern next-flight-client-entry-loader
2026-04-06T23:17:58.653Z next:jsconfig-paths-plugin moduleName did not match any paths pattern next-flight-client-entry-loader
2026-04-06T23:17:58.653Z next:jsconfig-paths-plugin moduleName did not match any paths pattern next-flight-client-entry-loader
2026-04-06T23:17:58.653Z next:jsconfig-paths-plugin moduleName did not match any paths pattern next-flight-client-entry-loader
2026-04-06T23:17:58.653Z next:jsconfig-paths-plugin moduleName did not match any paths pattern next-flight-client-entry-loader
2026-04-06T23:17:58.653Z next:jsconfig-paths-plugin moduleName did not match any paths pattern next-flight-client-entry-loader
2026-04-06T23:17:58.653Z next:jsconfig-paths-plugin moduleName did not match any paths pattern next-flight-client-entry-loader
2026-04-06T23:17:58.653Z next:jsconfig-paths-plugin moduleName did not match any paths pattern next-flight-client-entry-loader
2026-04-06T23:17:58.653Z next:jsconfig-paths-plugin moduleName did not match any paths pattern next-flight-client-entry-loader
2026-04-06T23:17:58.653Z next:jsconfig-paths-plugin moduleName did not match any paths pattern next-flight-client-entry-loader
2026-04-06T23:17:58.653Z next:jsconfig-paths-plugin moduleName did not match any paths pattern next-flight-client-entry-loader
2026-04-06T23:17:58.653Z next:jsconfig-paths-plugin moduleName did not match any paths pattern next-flight-client-entry-loader
2026-04-06T23:17:58.654Z next:jsconfig-paths-plugin moduleName did not match any paths pattern next-flight-client-entry-loader
2026-04-06T23:17:58.654Z next:jsconfig-paths-plugin moduleName did not match any paths pattern next-flight-client-entry-loader
2026-04-06T23:17:58.654Z next:jsconfig-paths-plugin moduleName did not match any paths pattern next-flight-client-entry-loader
2026-04-06T23:17:58.654Z next:jsconfig-paths-plugin moduleName did not match any paths pattern next-flight-client-entry-loader
2026-04-06T23:17:58.654Z next:jsconfig-paths-plugin moduleName did not match any paths pattern next-flight-client-entry-loader
2026-04-06T23:17:58.654Z next:jsconfig-paths-plugin moduleName did not match any paths pattern next-flight-client-entry-loader
2026-04-06T23:17:58.654Z next:jsconfig-paths-plugin moduleName did not match any paths pattern next-flight-client-entry-loader
2026-04-06T23:17:58.654Z next:jsconfig-paths-plugin moduleName did not match any paths pattern next-flight-client-entry-loader
2026-04-06T23:17:58.654Z next:jsconfig-paths-plugin moduleName did not match any paths pattern next-flight-client-entry-loader
2026-04-06T23:17:58.654Z next:jsconfig-paths-plugin moduleName did not match any paths pattern next-flight-client-entry-loader
2026-04-06T23:17:58.655Z next:jsconfig-paths-plugin moduleName did not match any paths pattern next-flight-client-entry-loader
2026-04-06T23:17:58.655Z next:jsconfig-paths-plugin moduleName did not match any paths pattern next-flight-client-entry-loader
2026-04-06T23:17:58.655Z next:jsconfig-paths-plugin moduleName did not match any paths pattern next-flight-client-entry-loader
2026-04-06T23:17:58.655Z next:jsconfig-paths-plugin moduleName did not match any paths pattern next-flight-client-entry-loader
2026-04-06T23:17:58.655Z next:jsconfig-paths-plugin moduleName did not match any paths pattern next-flight-client-entry-loader
2026-04-06T23:17:58.655Z next:jsconfig-paths-plugin moduleName did not match any paths pattern next-flight-client-entry-loader
2026-04-06T23:17:58.655Z next:jsconfig-paths-plugin moduleName did not match any paths pattern next-flight-client-entry-loader
2026-04-06T23:17:58.655Z next:jsconfig-paths-plugin moduleName did not match any paths pattern next-flight-client-entry-loader
2026-04-06T23:17:58.655Z next:jsconfig-paths-plugin moduleName did not match any paths pattern next-flight-client-entry-loader
2026-04-06T23:17:58.656Z next:jsconfig-paths-plugin moduleName did not match any paths pattern next-flight-client-entry-loader
2026-04-06T23:17:58.656Z next:jsconfig-paths-plugin moduleName did not match any paths pattern next-flight-client-entry-loader
2026-04-06T23:17:58.656Z next:jsconfig-paths-plugin moduleName did not match any paths pattern next-flight-client-entry-loader
2026-04-06T23:17:58.656Z next:jsconfig-paths-plugin moduleName did not match any paths pattern next-flight-client-entry-loader
2026-04-06T23:17:58.757Z next:jsconfig-paths-plugin moduleName did not match any paths pattern next-flight-client-entry-loader
2026-04-06T23:17:58.757Z next:jsconfig-paths-plugin moduleName did not match any paths pattern next-flight-client-entry-loader
2026-04-06T23:17:58.757Z next:jsconfig-paths-plugin moduleName did not match any paths pattern next-flight-client-entry-loader
2026-04-06T23:17:58.758Z next:jsconfig-paths-plugin moduleName did not match any paths pattern next-flight-client-entry-loader
2026-04-06T23:17:58.758Z next:jsconfig-paths-plugin moduleName did not match any paths pattern next-flight-client-entry-loader
2026-04-06T23:17:58.758Z next:jsconfig-paths-plugin moduleName did not match any paths pattern next-flight-client-entry-loader
2026-04-06T23:17:58.758Z next:jsconfig-paths-plugin moduleName did not match any paths pattern next-flight-client-entry-loader
2026-04-06T23:17:58.758Z next:jsconfig-paths-plugin moduleName did not match any paths pattern next-flight-client-entry-loader
2026-04-06T23:17:58.758Z next:jsconfig-paths-plugin moduleName did not match any paths pattern next-flight-client-entry-loader
2026-04-06T23:17:58.759Z next:jsconfig-paths-plugin moduleName did not match any paths pattern next-flight-client-entry-loader
2026-04-06T23:17:58.759Z next:jsconfig-paths-plugin moduleName did not match any paths pattern next-flight-client-entry-loader
2026-04-06T23:17:58.759Z next:jsconfig-paths-plugin moduleName did not match any paths pattern next-flight-client-entry-loader
2026-04-06T23:17:58.759Z next:jsconfig-paths-plugin moduleName did not match any paths pattern next-flight-client-entry-loader
2026-04-06T23:17:58.759Z next:jsconfig-paths-plugin moduleName did not match any paths pattern next-flight-client-entry-loader
2026-04-06T23:17:58.759Z next:jsconfig-paths-plugin moduleName did not match any paths pattern next-flight-client-entry-loader
2026-04-06T23:17:58.759Z next:jsconfig-paths-plugin moduleName did not match any paths pattern next-flight-client-entry-loader
2026-04-06T23:17:58.759Z next:jsconfig-paths-plugin moduleName did not match any paths pattern next-flight-client-entry-loader
2026-04-06T23:17:58.759Z next:jsconfig-paths-plugin moduleName did not match any paths pattern next-flight-client-entry-loader
2026-04-06T23:17:58.760Z next:jsconfig-paths-plugin moduleName did not match any paths pattern next-flight-client-entry-loader
2026-04-06T23:17:58.760Z next:jsconfig-paths-plugin moduleName did not match any paths pattern next-flight-client-entry-loader
2026-04-06T23:17:58.760Z next:jsconfig-paths-plugin moduleName did not match any paths pattern next-flight-client-entry-loader
2026-04-06T23:17:58.760Z next:jsconfig-paths-plugin moduleName did not match any paths pattern next-flight-client-entry-loader
2026-04-06T23:17:58.760Z next:jsconfig-paths-plugin moduleName did not match any paths pattern next-flight-client-entry-loader
2026-04-06T23:17:58.760Z next:jsconfig-paths-plugin moduleName did not match any paths pattern next-flight-client-entry-loader
2026-04-06T23:17:58.760Z next:jsconfig-paths-plugin moduleName did not match any paths pattern next-flight-client-entry-loader
2026-04-06T23:17:58.760Z next:jsconfig-paths-plugin moduleName did not match any paths pattern next-flight-client-entry-loader
2026-04-06T23:17:58.760Z next:jsconfig-paths-plugin moduleName did not match any paths pattern next-flight-client-entry-loader
2026-04-06T23:17:58.760Z next:jsconfig-paths-plugin moduleName did not match any paths pattern next-flight-client-entry-loader
2026-04-06T23:17:58.761Z next:jsconfig-paths-plugin moduleName did not match any paths pattern next-flight-client-entry-loader
2026-04-06T23:17:58.761Z next:jsconfig-paths-plugin moduleName did not match any paths pattern next-flight-client-entry-loader
2026-04-06T23:17:58.761Z next:jsconfig-paths-plugin moduleName did not match any paths pattern next-flight-client-entry-loader
2026-04-06T23:17:58.761Z next:jsconfig-paths-plugin moduleName did not match any paths pattern next-flight-client-entry-loader
2026-04-06T23:17:58.761Z next:jsconfig-paths-plugin moduleName did not match any paths pattern next-flight-client-entry-loader
2026-04-06T23:17:58.761Z next:jsconfig-paths-plugin moduleName did not match any paths pattern next-flight-client-entry-loader
2026-04-06T23:17:58.761Z next:jsconfig-paths-plugin moduleName did not match any paths pattern next-flight-client-entry-loader
2026-04-06T23:17:58.761Z next:jsconfig-paths-plugin moduleName did not match any paths pattern next-flight-client-entry-loader
2026-04-06T23:17:58.761Z next:jsconfig-paths-plugin moduleName did not match any paths pattern next-flight-client-entry-loader
2026-04-06T23:17:58.761Z next:jsconfig-paths-plugin moduleName did not match any paths pattern next-flight-client-entry-loader
2026-04-06T23:17:58.762Z next:jsconfig-paths-plugin moduleName did not match any paths pattern next-flight-client-entry-loader
2026-04-06T23:17:58.762Z next:jsconfig-paths-plugin moduleName did not match any paths pattern next-flight-client-entry-loader
2026-04-06T23:17:58.762Z next:jsconfig-paths-plugin moduleName did not match any paths pattern next-flight-client-entry-loader
2026-04-06T23:17:58.763Z next:jsconfig-paths-plugin moduleName did not match any paths pattern next-flight-client-entry-loader
2026-04-06T23:17:58.763Z next:jsconfig-paths-plugin moduleName did not match any paths pattern next-flight-client-entry-loader
2026-04-06T23:17:58.763Z next:jsconfig-paths-plugin moduleName did not match any paths pattern next-flight-client-entry-loader
2026-04-06T23:17:58.763Z next:jsconfig-paths-plugin moduleName did not match any paths pattern next-flight-client-entry-loader
2026-04-06T23:17:58.763Z next:jsconfig-paths-plugin moduleName did not match any paths pattern next-flight-client-entry-loader
2026-04-06T23:17:58.763Z next:jsconfig-paths-plugin moduleName did not match any paths pattern next-flight-client-entry-loader
2026-04-06T23:17:58.763Z next:jsconfig-paths-plugin moduleName did not match any paths pattern next-flight-client-entry-loader
2026-04-06T23:17:58.763Z next:jsconfig-paths-plugin moduleName did not match any paths pattern next-flight-client-entry-loader
2026-04-06T23:17:58.763Z next:jsconfig-paths-plugin moduleName did not match any paths pattern next-flight-client-entry-loader
2026-04-06T23:17:58.763Z next:jsconfig-paths-plugin moduleName did not match any paths pattern next-flight-client-entry-loader
2026-04-06T23:17:58.764Z next:jsconfig-paths-plugin moduleName did not match any paths pattern next-flight-client-entry-loader
2026-04-06T23:17:58.764Z next:jsconfig-paths-plugin moduleName did not match any paths pattern next-flight-client-entry-loader
2026-04-06T23:17:58.764Z next:jsconfig-paths-plugin moduleName did not match any paths pattern next-flight-client-entry-loader
2026-04-06T23:17:58.764Z next:jsconfig-paths-plugin moduleName did not match any paths pattern next-flight-client-entry-loader
2026-04-06T23:17:58.764Z next:jsconfig-paths-plugin moduleName did not match any paths pattern next-flight-client-entry-loader
2026-04-06T23:17:58.764Z next:jsconfig-paths-plugin moduleName did not match any paths pattern next-flight-client-entry-loader
2026-04-06T23:17:58.765Z next:jsconfig-paths-plugin moduleName did not match any paths pattern next-flight-client-entry-loader
2026-04-06T23:17:58.765Z next:jsconfig-paths-plugin moduleName did not match any paths pattern next-flight-client-entry-loader
2026-04-06T23:17:58.765Z next:jsconfig-paths-plugin moduleName did not match any paths pattern next-flight-client-entry-loader
2026-04-06T23:17:58.765Z next:jsconfig-paths-plugin moduleName did not match any paths pattern next-flight-client-entry-loader
2026-04-06T23:17:58.765Z next:jsconfig-paths-plugin moduleName did not match any paths pattern next-flight-client-entry-loader
2026-04-06T23:17:58.765Z next:jsconfig-paths-plugin moduleName did not match any paths pattern next-flight-client-entry-loader
2026-04-06T23:17:58.765Z next:jsconfig-paths-plugin moduleName did not match any paths pattern next-flight-client-entry-loader
2026-04-06T23:17:58.765Z next:jsconfig-paths-plugin moduleName did not match any paths pattern next-flight-client-entry-loader
2026-04-06T23:17:58.766Z next:jsconfig-paths-plugin moduleName did not match any paths pattern next-flight-client-entry-loader
2026-04-06T23:17:58.769Z next:jsconfig-paths-plugin moduleName did not match any paths pattern next-flight-client-entry-loader
2026-04-06T23:17:58.770Z next:jsconfig-paths-plugin moduleName did not match any paths pattern next-flight-client-entry-loader
2026-04-06T23:17:58.778Z next:jsconfig-paths-plugin moduleName did not match any paths pattern next-flight-client-entry-loader
2026-04-06T23:17:58.778Z next:jsconfig-paths-plugin moduleName did not match any paths pattern next-flight-client-entry-loader
2026-04-06T23:17:58.778Z next:jsconfig-paths-plugin moduleName did not match any paths pattern next-flight-client-entry-loader
2026-04-06T23:17:58.779Z next:jsconfig-paths-plugin moduleName did not match any paths pattern next-flight-client-entry-loader
2026-04-06T23:17:58.779Z next:jsconfig-paths-plugin moduleName did not match any paths pattern next-flight-client-entry-loader
2026-04-06T23:17:58.779Z next:jsconfig-paths-plugin moduleName did not match any paths pattern next-flight-client-entry-loader
2026-04-06T23:17:58.779Z next:jsconfig-paths-plugin moduleName did not match any paths pattern next-flight-client-entry-loader
2026-04-06T23:17:58.779Z next:jsconfig-paths-plugin moduleName did not match any paths pattern next-flight-client-entry-loader
2026-04-06T23:17:58.779Z next:jsconfig-paths-plugin moduleName did not match any paths pattern next-flight-client-entry-loader
2026-04-06T23:17:58.779Z next:jsconfig-paths-plugin moduleName did not match any paths pattern next-flight-client-entry-loader
2026-04-06T23:17:58.856Z next:jsconfig-paths-plugin moduleName did not match any paths pattern next-flight-client-entry-loader
2026-04-06T23:17:58.856Z next:jsconfig-paths-plugin moduleName did not match any paths pattern next-flight-client-entry-loader
2026-04-06T23:17:58.857Z next:jsconfig-paths-plugin moduleName did not match any paths pattern next-flight-client-entry-loader
2026-04-06T23:17:58.857Z next:jsconfig-paths-plugin moduleName did not match any paths pattern next-flight-client-entry-loader
2026-04-06T23:17:58.857Z next:jsconfig-paths-plugin moduleName did not match any paths pattern next-flight-client-entry-loader
2026-04-06T23:17:58.857Z next:jsconfig-paths-plugin moduleName did not match any paths pattern next-flight-client-entry-loader
2026-04-06T23:17:58.858Z next:jsconfig-paths-plugin moduleName did not match any paths pattern next-flight-client-entry-loader
2026-04-06T23:17:58.858Z next:jsconfig-paths-plugin moduleName did not match any paths pattern next-flight-client-entry-loader
2026-04-06T23:17:58.858Z next:jsconfig-paths-plugin moduleName did not match any paths pattern next-flight-client-entry-loader
2026-04-06T23:17:58.859Z next:jsconfig-paths-plugin moduleName did not match any paths pattern next-flight-client-entry-loader
2026-04-06T23:17:58.859Z next:jsconfig-paths-plugin moduleName did not match any paths pattern next-flight-client-entry-loader
2026-04-06T23:17:58.859Z next:jsconfig-paths-plugin moduleName did not match any paths pattern next-flight-client-entry-loader
2026-04-06T23:17:58.859Z next:jsconfig-paths-plugin moduleName did not match any paths pattern next-flight-client-entry-loader
2026-04-06T23:17:58.860Z next:jsconfig-paths-plugin moduleName did not match any paths pattern next-flight-client-entry-loader
2026-04-06T23:17:58.860Z next:jsconfig-paths-plugin moduleName did not match any paths pattern next-flight-client-entry-loader
2026-04-06T23:17:58.860Z next:jsconfig-paths-plugin moduleName did not match any paths pattern next-flight-client-entry-loader
2026-04-06T23:17:58.860Z next:jsconfig-paths-plugin moduleName did not match any paths pattern next-flight-client-entry-loader
2026-04-06T23:17:58.861Z next:jsconfig-paths-plugin moduleName did not match any paths pattern next-flight-client-entry-loader
2026-04-06T23:17:58.861Z next:jsconfig-paths-plugin moduleName did not match any paths pattern next-flight-client-entry-loader
2026-04-06T23:17:58.861Z next:jsconfig-paths-plugin moduleName did not match any paths pattern next-flight-client-entry-loader
2026-04-06T23:17:58.861Z next:jsconfig-paths-plugin moduleName did not match any paths pattern next-flight-client-entry-loader
2026-04-06T23:17:58.861Z next:jsconfig-paths-plugin moduleName did not match any paths pattern next-flight-client-entry-loader
2026-04-06T23:17:58.861Z next:jsconfig-paths-plugin moduleName did not match any paths pattern next-flight-client-entry-loader
2026-04-06T23:17:58.862Z next:jsconfig-paths-plugin moduleName did not match any paths pattern next-flight-client-entry-loader
2026-04-06T23:17:58.862Z next:jsconfig-paths-plugin moduleName did not match any paths pattern next-flight-client-entry-loader
2026-04-06T23:17:58.862Z next:jsconfig-paths-plugin moduleName did not match any paths pattern next-flight-client-entry-loader
2026-04-06T23:17:58.862Z next:jsconfig-paths-plugin moduleName did not match any paths pattern next-flight-client-entry-loader
2026-04-06T23:17:58.862Z next:jsconfig-paths-plugin moduleName did not match any paths pattern next-flight-client-entry-loader
2026-04-06T23:17:58.862Z next:jsconfig-paths-plugin moduleName did not match any paths pattern next-flight-client-entry-loader
2026-04-06T23:17:58.862Z next:jsconfig-paths-plugin moduleName did not match any paths pattern next-flight-client-entry-loader
2026-04-06T23:17:58.863Z next:jsconfig-paths-plugin moduleName did not match any paths pattern next-flight-client-entry-loader
2026-04-06T23:17:58.863Z next:jsconfig-paths-plugin moduleName did not match any paths pattern next-flight-client-entry-loader
2026-04-06T23:17:58.863Z next:jsconfig-paths-plugin moduleName did not match any paths pattern next-flight-client-entry-loader
2026-04-06T23:17:58.863Z next:jsconfig-paths-plugin moduleName did not match any paths pattern next-flight-client-entry-loader
2026-04-06T23:17:58.863Z next:jsconfig-paths-plugin moduleName did not match any paths pattern next-flight-client-entry-loader
2026-04-06T23:17:58.863Z next:jsconfig-paths-plugin moduleName did not match any paths pattern next-flight-client-entry-loader
2026-04-06T23:17:58.863Z next:jsconfig-paths-plugin moduleName did not match any paths pattern next-flight-client-entry-loader
2026-04-06T23:17:58.863Z next:jsconfig-paths-plugin moduleName did not match any paths pattern next-flight-client-entry-loader
2026-04-06T23:17:58.863Z next:jsconfig-paths-plugin moduleName did not match any paths pattern next-flight-client-entry-loader
2026-04-06T23:17:58.863Z next:jsconfig-paths-plugin moduleName did not match any paths pattern next-flight-client-entry-loader
2026-04-06T23:17:58.863Z next:jsconfig-paths-plugin moduleName did not match any paths pattern next-flight-client-entry-loader
2026-04-06T23:17:58.864Z next:jsconfig-paths-plugin moduleName did not match any paths pattern next-flight-client-entry-loader
2026-04-06T23:17:58.864Z next:jsconfig-paths-plugin moduleName did not match any paths pattern next-flight-client-entry-loader
2026-04-06T23:17:58.865Z next:jsconfig-paths-plugin moduleName did not match any paths pattern next-flight-client-entry-loader
2026-04-06T23:17:58.866Z next:jsconfig-paths-plugin moduleName did not match any paths pattern next-flight-client-entry-loader
2026-04-06T23:17:58.866Z next:jsconfig-paths-plugin moduleName did not match any paths pattern next-flight-client-entry-loader
2026-04-06T23:17:58.867Z next:jsconfig-paths-plugin moduleName did not match any paths pattern next-flight-client-entry-loader
2026-04-06T23:17:58.867Z next:jsconfig-paths-plugin moduleName did not match any paths pattern next-flight-client-entry-loader
2026-04-06T23:17:58.868Z next:jsconfig-paths-plugin moduleName did not match any paths pattern next-flight-client-entry-loader
2026-04-06T23:17:58.868Z next:jsconfig-paths-plugin moduleName did not match any paths pattern next-flight-client-entry-loader
2026-04-06T23:17:58.868Z next:jsconfig-paths-plugin moduleName did not match any paths pattern next-flight-client-entry-loader
2026-04-06T23:17:58.868Z next:jsconfig-paths-plugin moduleName did not match any paths pattern next-flight-client-entry-loader
2026-04-06T23:17:58.868Z next:jsconfig-paths-plugin moduleName did not match any paths pattern next-flight-client-entry-loader
2026-04-06T23:17:58.868Z next:jsconfig-paths-plugin moduleName did not match any paths pattern next-flight-client-entry-loader
2026-04-06T23:17:58.868Z next:jsconfig-paths-plugin moduleName did not match any paths pattern next-flight-client-entry-loader
2026-04-06T23:17:58.868Z next:jsconfig-paths-plugin moduleName did not match any paths pattern next-flight-client-entry-loader
2026-04-06T23:17:58.869Z next:jsconfig-paths-plugin moduleName did not match any paths pattern next-flight-client-entry-loader
2026-04-06T23:17:58.869Z next:jsconfig-paths-plugin moduleName did not match any paths pattern next-flight-client-entry-loader
2026-04-06T23:17:58.869Z next:jsconfig-paths-plugin moduleName did not match any paths pattern next-flight-client-entry-loader
2026-04-06T23:17:58.869Z next:jsconfig-paths-plugin moduleName did not match any paths pattern next-flight-client-entry-loader
2026-04-06T23:17:58.869Z next:jsconfig-paths-plugin moduleName did not match any paths pattern next-flight-client-entry-loader
2026-04-06T23:17:58.870Z next:jsconfig-paths-plugin moduleName did not match any paths pattern next-flight-client-entry-loader
2026-04-06T23:17:58.870Z next:jsconfig-paths-plugin moduleName did not match any paths pattern next-flight-client-entry-loader
2026-04-06T23:17:58.870Z next:jsconfig-paths-plugin moduleName did not match any paths pattern next-flight-client-entry-loader
2026-04-06T23:17:58.870Z next:jsconfig-paths-plugin moduleName did not match any paths pattern next-flight-client-entry-loader
2026-04-06T23:17:58.870Z next:jsconfig-paths-plugin moduleName did not match any paths pattern next-flight-client-entry-loader
2026-04-06T23:17:58.870Z next:jsconfig-paths-plugin moduleName did not match any paths pattern next-flight-client-entry-loader
2026-04-06T23:17:58.870Z next:jsconfig-paths-plugin moduleName did not match any paths pattern next-flight-client-entry-loader
2026-04-06T23:17:58.871Z next:jsconfig-paths-plugin moduleName did not match any paths pattern next-flight-client-entry-loader
2026-04-06T23:17:58.891Z next:jsconfig-paths-plugin moduleName did not match any paths pattern next-flight-client-entry-loader
2026-04-06T23:17:58.891Z next:jsconfig-paths-plugin moduleName did not match any paths pattern next-flight-client-entry-loader
2026-04-06T23:17:58.892Z next:jsconfig-paths-plugin moduleName did not match any paths pattern next-flight-client-entry-loader
2026-04-06T23:17:58.892Z next:jsconfig-paths-plugin moduleName did not match any paths pattern next-flight-client-entry-loader
2026-04-06T23:17:58.892Z next:jsconfig-paths-plugin moduleName did not match any paths pattern next-flight-client-entry-loader
2026-04-06T23:17:58.892Z next:jsconfig-paths-plugin moduleName did not match any paths pattern next-flight-client-entry-loader
2026-04-06T23:17:58.909Z next:jsconfig-paths-plugin moduleName did not match any paths pattern next-flight-client-entry-loader
2026-04-06T23:17:58.909Z next:jsconfig-paths-plugin moduleName did not match any paths pattern next-flight-client-entry-loader
2026-04-06T23:17:58.909Z next:jsconfig-paths-plugin moduleName did not match any paths pattern next-flight-client-entry-loader
2026-04-06T23:17:58.909Z next:jsconfig-paths-plugin moduleName did not match any paths pattern next-flight-client-entry-loader
2026-04-06T23:17:58.909Z next:jsconfig-paths-plugin moduleName did not match any paths pattern next-flight-client-entry-loader
2026-04-06T23:17:58.910Z next:jsconfig-paths-plugin moduleName did not match any paths pattern next-flight-client-entry-loader
2026-04-06T23:17:58.910Z next:jsconfig-paths-plugin moduleName did not match any paths pattern next-flight-client-entry-loader
2026-04-06T23:17:58.910Z next:jsconfig-paths-plugin moduleName did not match any paths pattern next-flight-client-entry-loader
2026-04-06T23:17:58.910Z next:jsconfig-paths-plugin moduleName did not match any paths pattern next-flight-client-entry-loader
2026-04-06T23:17:58.910Z next:jsconfig-paths-plugin moduleName did not match any paths pattern next-flight-client-entry-loader
2026-04-06T23:17:58.910Z next:jsconfig-paths-plugin moduleName did not match any paths pattern next-flight-client-entry-loader
2026-04-06T23:17:58.910Z next:jsconfig-paths-plugin moduleName did not match any paths pattern next-flight-client-entry-loader
2026-04-06T23:17:58.910Z next:jsconfig-paths-plugin moduleName did not match any paths pattern next-flight-client-entry-loader
2026-04-06T23:17:58.910Z next:jsconfig-paths-plugin moduleName did not match any paths pattern next-flight-client-entry-loader
2026-04-06T23:17:58.928Z next:jsconfig-paths-plugin moduleName did not match any paths pattern next-flight-client-entry-loader
2026-04-06T23:17:58.929Z next:jsconfig-paths-plugin moduleName did not match any paths pattern next-flight-client-entry-loader
2026-04-06T23:17:59.026Z next:jsconfig-paths-plugin moduleName did not match any paths pattern next-flight-client-entry-loader
2026-04-06T23:17:59.027Z next:jsconfig-paths-plugin moduleName did not match any paths pattern next-flight-client-entry-loader
2026-04-06T23:17:59.027Z next:jsconfig-paths-plugin moduleName did not match any paths pattern next-flight-client-entry-loader
2026-04-06T23:17:59.027Z next:jsconfig-paths-plugin moduleName did not match any paths pattern next-flight-client-entry-loader
2026-04-06T23:17:59.027Z next:jsconfig-paths-plugin moduleName did not match any paths pattern next-flight-client-entry-loader
2026-04-06T23:17:59.027Z next:jsconfig-paths-plugin moduleName did not match any paths pattern next-flight-client-entry-loader
2026-04-06T23:17:59.045Z next:jsconfig-paths-plugin moduleName did not match any paths pattern next-flight-client-entry-loader
2026-04-06T23:17:59.046Z next:jsconfig-paths-plugin moduleName did not match any paths pattern next-flight-client-entry-loader
2026-04-06T23:17:59.046Z next:jsconfig-paths-plugin moduleName did not match any paths pattern next-flight-client-entry-loader
2026-04-06T23:17:59.047Z next:jsconfig-paths-plugin moduleName did not match any paths pattern next-flight-client-entry-loader
2026-04-06T23:17:59.047Z next:jsconfig-paths-plugin moduleName did not match any paths pattern next-flight-client-entry-loader
2026-04-06T23:17:59.047Z next:jsconfig-paths-plugin moduleName did not match any paths pattern next-flight-client-entry-loader
2026-04-06T23:17:59.050Z next:jsconfig-paths-plugin moduleName did not match any paths pattern next-flight-client-entry-loader
2026-04-06T23:17:59.067Z next:jsconfig-paths-plugin moduleName did not match any paths pattern next-flight-client-entry-loader
2026-04-06T23:17:59.068Z next:jsconfig-paths-plugin moduleName did not match any paths pattern next-flight-client-entry-loader
2026-04-06T23:17:59.069Z next:jsconfig-paths-plugin moduleName did not match any paths pattern next-flight-client-entry-loader
2026-04-06T23:17:59.069Z next:jsconfig-paths-plugin moduleName did not match any paths pattern next-flight-client-entry-loader
2026-04-06T23:17:59.069Z next:jsconfig-paths-plugin moduleName did not match any paths pattern next-flight-client-entry-loader
2026-04-06T23:17:59.079Z next:jsconfig-paths-plugin moduleName did not match any paths pattern next-flight-client-entry-loader
2026-04-06T23:17:59.079Z next:jsconfig-paths-plugin moduleName did not match any paths pattern next-flight-client-entry-loader
2026-04-06T23:17:59.079Z next:jsconfig-paths-plugin moduleName did not match any paths pattern next-flight-client-entry-loader
2026-04-06T23:17:59.079Z next:jsconfig-paths-plugin moduleName did not match any paths pattern next-flight-client-entry-loader
2026-04-06T23:17:59.079Z next:jsconfig-paths-plugin moduleName did not match any paths pattern next-flight-client-entry-loader
2026-04-06T23:17:59.079Z next:jsconfig-paths-plugin moduleName did not match any paths pattern next-flight-client-entry-loader
2026-04-06T23:17:59.152Z next:jsconfig-paths-plugin moduleName did not match any paths pattern next-flight-client-entry-loader
2026-04-06T23:17:59.152Z next:jsconfig-paths-plugin moduleName did not match any paths pattern next-flight-client-entry-loader
2026-04-06T23:17:59.152Z next:jsconfig-paths-plugin moduleName did not match any paths pattern next-flight-client-entry-loader
2026-04-06T23:17:59.152Z next:jsconfig-paths-plugin moduleName did not match any paths pattern next-flight-client-entry-loader
2026-04-06T23:17:59.153Z next:jsconfig-paths-plugin moduleName did not match any paths pattern next-flight-client-entry-loader
2026-04-06T23:17:59.153Z next:jsconfig-paths-plugin moduleName did not match any paths pattern next-flight-client-entry-loader
2026-04-06T23:17:59.153Z next:jsconfig-paths-plugin moduleName did not match any paths pattern next-flight-client-entry-loader
2026-04-06T23:17:59.153Z next:jsconfig-paths-plugin moduleName did not match any paths pattern next-flight-client-entry-loader
2026-04-06T23:17:59.153Z next:jsconfig-paths-plugin moduleName did not match any paths pattern next-flight-client-entry-loader
2026-04-06T23:17:59.153Z next:jsconfig-paths-plugin moduleName did not match any paths pattern next-flight-client-entry-loader
2026-04-06T23:17:59.153Z next:jsconfig-paths-plugin moduleName did not match any paths pattern next-flight-client-entry-loader
2026-04-06T23:17:59.163Z next:jsconfig-paths-plugin moduleName did not match any paths pattern next-flight-client-entry-loader
2026-04-06T23:17:59.164Z next:jsconfig-paths-plugin moduleName did not match any paths pattern next-flight-client-entry-loader
2026-04-06T23:17:59.164Z next:jsconfig-paths-plugin moduleName did not match any paths pattern next-flight-client-entry-loader
2026-04-06T23:17:59.164Z next:jsconfig-paths-plugin moduleName did not match any paths pattern next-flight-client-entry-loader
2026-04-06T23:17:59.165Z next:jsconfig-paths-plugin moduleName did not match any paths pattern next-flight-client-entry-loader
2026-04-06T23:17:59.165Z next:jsconfig-paths-plugin moduleName did not match any paths pattern next-flight-client-entry-loader
2026-04-06T23:17:59.165Z next:jsconfig-paths-plugin moduleName did not match any paths pattern next-flight-client-entry-loader
2026-04-06T23:17:59.165Z next:jsconfig-paths-plugin moduleName did not match any paths pattern next-flight-client-entry-loader
2026-04-06T23:17:59.165Z next:jsconfig-paths-plugin moduleName did not match any paths pattern next-flight-client-entry-loader
2026-04-06T23:17:59.165Z next:jsconfig-paths-plugin moduleName did not match any paths pattern next-flight-client-entry-loader
2026-04-06T23:17:59.165Z next:jsconfig-paths-plugin moduleName did not match any paths pattern next-flight-client-entry-loader
2026-04-06T23:17:59.166Z next:jsconfig-paths-plugin moduleName did not match any paths pattern next-flight-client-entry-loader
2026-04-06T23:17:59.166Z next:jsconfig-paths-plugin moduleName did not match any paths pattern next-flight-client-entry-loader
2026-04-06T23:17:59.166Z next:jsconfig-paths-plugin moduleName did not match any paths pattern next-flight-client-entry-loader
2026-04-06T23:17:59.166Z next:jsconfig-paths-plugin moduleName did not match any paths pattern next-flight-client-entry-loader
2026-04-06T23:17:59.166Z next:jsconfig-paths-plugin moduleName did not match any paths pattern next-flight-client-entry-loader
2026-04-06T23:17:59.166Z next:jsconfig-paths-plugin moduleName did not match any paths pattern next-flight-client-entry-loader
2026-04-06T23:17:59.167Z next:jsconfig-paths-plugin moduleName did not match any paths pattern next-flight-client-entry-loader
2026-04-06T23:17:59.167Z next:jsconfig-paths-plugin moduleName did not match any paths pattern next-flight-client-entry-loader
2026-04-06T23:17:59.167Z next:jsconfig-paths-plugin moduleName did not match any paths pattern next-flight-client-entry-loader
2026-04-06T23:17:59.167Z next:jsconfig-paths-plugin moduleName did not match any paths pattern next-flight-client-entry-loader
2026-04-06T23:17:59.168Z next:jsconfig-paths-plugin moduleName did not match any paths pattern next-flight-client-entry-loader
2026-04-06T23:17:59.168Z next:jsconfig-paths-plugin moduleName did not match any paths pattern next-flight-client-entry-loader
2026-04-06T23:17:59.168Z next:jsconfig-paths-plugin moduleName did not match any paths pattern next-flight-client-entry-loader
2026-04-06T23:17:59.184Z next:jsconfig-paths-plugin moduleName did not match any paths pattern next-flight-client-entry-loader
2026-04-06T23:17:59.185Z next:jsconfig-paths-plugin moduleName did not match any paths pattern next-flight-client-entry-loader
2026-04-06T23:17:59.185Z next:jsconfig-paths-plugin moduleName did not match any paths pattern next-flight-client-entry-loader
2026-04-06T23:17:59.185Z next:jsconfig-paths-plugin moduleName did not match any paths pattern next-flight-client-entry-loader
2026-04-06T23:17:59.185Z next:jsconfig-paths-plugin moduleName did not match any paths pattern next-flight-client-entry-loader
2026-04-06T23:17:59.185Z next:jsconfig-paths-plugin moduleName did not match any paths pattern next-flight-client-entry-loader
2026-04-06T23:17:59.185Z next:jsconfig-paths-plugin moduleName did not match any paths pattern next-flight-client-entry-loader
2026-04-06T23:17:59.185Z next:jsconfig-paths-plugin moduleName did not match any paths pattern next-flight-client-entry-loader
2026-04-06T23:17:59.185Z next:jsconfig-paths-plugin moduleName did not match any paths pattern next-flight-client-entry-loader
2026-04-06T23:17:59.186Z next:jsconfig-paths-plugin moduleName did not match any paths pattern next-flight-client-entry-loader
2026-04-06T23:17:59.186Z next:jsconfig-paths-plugin moduleName did not match any paths pattern next-flight-client-entry-loader
2026-04-06T23:17:59.186Z next:jsconfig-paths-plugin moduleName did not match any paths pattern next-flight-client-entry-loader
2026-04-06T23:17:59.186Z next:jsconfig-paths-plugin moduleName did not match any paths pattern next-flight-client-entry-loader
2026-04-06T23:17:59.186Z next:jsconfig-paths-plugin moduleName did not match any paths pattern next-flight-client-entry-loader
2026-04-06T23:17:59.186Z next:jsconfig-paths-plugin moduleName did not match any paths pattern next-flight-client-entry-loader
2026-04-06T23:17:59.186Z next:jsconfig-paths-plugin moduleName did not match any paths pattern next-flight-client-entry-loader
2026-04-06T23:17:59.186Z next:jsconfig-paths-plugin moduleName did not match any paths pattern next-flight-client-entry-loader
2026-04-06T23:17:59.186Z next:jsconfig-paths-plugin moduleName did not match any paths pattern next-flight-client-entry-loader
2026-04-06T23:17:59.186Z next:jsconfig-paths-plugin moduleName did not match any paths pattern next-flight-client-entry-loader
2026-04-06T23:17:59.187Z next:jsconfig-paths-plugin moduleName did not match any paths pattern next-flight-client-entry-loader
2026-04-06T23:17:59.187Z next:jsconfig-paths-plugin moduleName did not match any paths pattern next-flight-client-entry-loader
2026-04-06T23:17:59.187Z next:jsconfig-paths-plugin moduleName did not match any paths pattern next-flight-client-entry-loader
2026-04-06T23:17:59.187Z next:jsconfig-paths-plugin moduleName did not match any paths pattern next-flight-client-entry-loader
2026-04-06T23:17:59.187Z next:jsconfig-paths-plugin moduleName did not match any paths pattern next-flight-client-entry-loader
2026-04-06T23:17:59.351Z next:jsconfig-paths-plugin moduleName did not match any paths pattern next-flight-client-entry-loader
2026-04-06T23:17:59.351Z next:jsconfig-paths-plugin moduleName did not match any paths pattern next-flight-client-entry-loader
2026-04-06T23:17:59.351Z next:jsconfig-paths-plugin moduleName did not match any paths pattern next-flight-client-entry-loader
2026-04-06T23:17:59.351Z next:jsconfig-paths-plugin moduleName did not match any paths pattern next-flight-client-entry-loader
2026-04-06T23:17:59.351Z next:jsconfig-paths-plugin moduleName did not match any paths pattern next-flight-client-entry-loader
2026-04-06T23:17:59.352Z next:jsconfig-paths-plugin moduleName did not match any paths pattern next-flight-client-entry-loader
2026-04-06T23:17:59.352Z next:jsconfig-paths-plugin moduleName did not match any paths pattern next-flight-client-entry-loader
2026-04-06T23:17:59.352Z next:jsconfig-paths-plugin moduleName did not match any paths pattern next-flight-client-entry-loader
2026-04-06T23:17:59.352Z next:jsconfig-paths-plugin moduleName did not match any paths pattern next-flight-client-entry-loader
2026-04-06T23:17:59.352Z next:jsconfig-paths-plugin moduleName did not match any paths pattern next-flight-client-entry-loader
2026-04-06T23:17:59.352Z next:jsconfig-paths-plugin moduleName did not match any paths pattern next-flight-client-entry-loader
2026-04-06T23:17:59.352Z next:jsconfig-paths-plugin moduleName did not match any paths pattern next-flight-client-entry-loader
2026-04-06T23:17:59.352Z next:jsconfig-paths-plugin moduleName did not match any paths pattern next-flight-client-entry-loader
2026-04-06T23:17:59.352Z next:jsconfig-paths-plugin moduleName did not match any paths pattern next-flight-client-entry-loader
2026-04-06T23:17:59.352Z next:jsconfig-paths-plugin moduleName did not match any paths pattern next-flight-client-entry-loader
2026-04-06T23:17:59.352Z next:jsconfig-paths-plugin moduleName did not match any paths pattern next-flight-client-entry-loader
2026-04-06T23:17:59.352Z next:jsconfig-paths-plugin moduleName did not match any paths pattern next-flight-client-entry-loader
2026-04-06T23:17:59.353Z next:jsconfig-paths-plugin moduleName did not match any paths pattern next-flight-client-entry-loader
2026-04-06T23:17:59.353Z next:jsconfig-paths-plugin moduleName did not match any paths pattern next-flight-client-entry-loader
2026-04-06T23:17:59.353Z next:jsconfig-paths-plugin moduleName did not match any paths pattern next-flight-client-entry-loader
2026-04-06T23:17:59.353Z next:jsconfig-paths-plugin moduleName did not match any paths pattern next-flight-client-entry-loader
2026-04-06T23:17:59.353Z next:jsconfig-paths-plugin moduleName did not match any paths pattern next-flight-client-entry-loader
2026-04-06T23:17:59.353Z next:jsconfig-paths-plugin moduleName did not match any paths pattern next-flight-client-entry-loader
2026-04-06T23:17:59.353Z next:jsconfig-paths-plugin moduleName did not match any paths pattern next-flight-client-entry-loader
2026-04-06T23:17:59.353Z next:jsconfig-paths-plugin moduleName did not match any paths pattern next-flight-client-entry-loader
2026-04-06T23:17:59.354Z next:jsconfig-paths-plugin moduleName did not match any paths pattern next-flight-client-entry-loader
2026-04-06T23:17:59.354Z next:jsconfig-paths-plugin moduleName did not match any paths pattern next-flight-client-entry-loader
2026-04-06T23:17:59.354Z next:jsconfig-paths-plugin moduleName did not match any paths pattern next-flight-client-entry-loader
2026-04-06T23:17:59.354Z next:jsconfig-paths-plugin moduleName did not match any paths pattern next-flight-client-entry-loader
2026-04-06T23:17:59.354Z next:jsconfig-paths-plugin moduleName did not match any paths pattern next-flight-client-entry-loader
2026-04-06T23:17:59.354Z next:jsconfig-paths-plugin moduleName did not match any paths pattern next-flight-client-entry-loader
2026-04-06T23:17:59.354Z next:jsconfig-paths-plugin moduleName did not match any paths pattern next-flight-client-entry-loader
2026-04-06T23:17:59.355Z next:jsconfig-paths-plugin moduleName did not match any paths pattern next-flight-client-entry-loader
2026-04-06T23:17:59.457Z next:jsconfig-paths-plugin moduleName did not match any paths pattern next-flight-client-entry-loader
2026-04-06T23:17:59.458Z next:jsconfig-paths-plugin moduleName did not match any paths pattern next-flight-client-entry-loader
2026-04-06T23:17:59.458Z next:jsconfig-paths-plugin moduleName did not match any paths pattern next-flight-client-entry-loader
2026-04-06T23:17:59.458Z next:jsconfig-paths-plugin moduleName did not match any paths pattern next-flight-client-entry-loader
2026-04-06T23:17:59.459Z next:jsconfig-paths-plugin moduleName did not match any paths pattern next-flight-client-entry-loader
2026-04-06T23:17:59.475Z next:jsconfig-paths-plugin moduleName did not match any paths pattern next-flight-client-entry-loader
2026-04-06T23:17:59.475Z next:jsconfig-paths-plugin moduleName did not match any paths pattern next-flight-client-entry-loader
2026-04-06T23:17:59.476Z next:jsconfig-paths-plugin moduleName did not match any paths pattern next-flight-client-entry-loader
2026-04-06T23:17:59.476Z next:jsconfig-paths-plugin moduleName did not match any paths pattern next-flight-client-entry-loader
2026-04-06T23:17:59.476Z next:jsconfig-paths-plugin moduleName did not match any paths pattern next-flight-client-entry-loader
2026-04-06T23:17:59.476Z next:jsconfig-paths-plugin moduleName did not match any paths pattern next-flight-client-entry-loader
2026-04-06T23:17:59.476Z next:jsconfig-paths-plugin moduleName did not match any paths pattern next-flight-client-entry-loader
2026-04-06T23:17:59.476Z next:jsconfig-paths-plugin moduleName did not match any paths pattern next-flight-client-entry-loader
2026-04-06T23:17:59.476Z next:jsconfig-paths-plugin moduleName did not match any paths pattern next-flight-client-entry-loader
2026-04-06T23:17:59.476Z next:jsconfig-paths-plugin moduleName did not match any paths pattern next-flight-client-entry-loader
2026-04-06T23:17:59.476Z next:jsconfig-paths-plugin moduleName did not match any paths pattern next-flight-client-entry-loader
2026-04-06T23:17:59.476Z next:jsconfig-paths-plugin moduleName did not match any paths pattern next-flight-client-entry-loader
2026-04-06T23:17:59.476Z next:jsconfig-paths-plugin moduleName did not match any paths pattern next-flight-client-entry-loader
2026-04-06T23:17:59.477Z next:jsconfig-paths-plugin moduleName did not match any paths pattern next-flight-client-entry-loader
2026-04-06T23:17:59.477Z next:jsconfig-paths-plugin moduleName did not match any paths pattern next-flight-client-entry-loader
2026-04-06T23:17:59.477Z next:jsconfig-paths-plugin moduleName did not match any paths pattern next-flight-client-entry-loader
2026-04-06T23:17:59.477Z next:jsconfig-paths-plugin moduleName did not match any paths pattern next-flight-client-entry-loader
2026-04-06T23:17:59.477Z next:jsconfig-paths-plugin moduleName did not match any paths pattern next-flight-client-entry-loader
2026-04-06T23:17:59.477Z next:jsconfig-paths-plugin moduleName did not match any paths pattern next-flight-client-entry-loader
2026-04-06T23:17:59.477Z next:jsconfig-paths-plugin moduleName did not match any paths pattern next-flight-client-entry-loader
2026-04-06T23:17:59.478Z next:jsconfig-paths-plugin moduleName did not match any paths pattern next-flight-client-entry-loader
2026-04-06T23:17:59.478Z next:jsconfig-paths-plugin moduleName did not match any paths pattern next-flight-client-entry-loader
2026-04-06T23:17:59.478Z next:jsconfig-paths-plugin moduleName did not match any paths pattern next-flight-client-entry-loader
2026-04-06T23:17:59.478Z next:jsconfig-paths-plugin moduleName did not match any paths pattern next-flight-client-entry-loader
2026-04-06T23:17:59.478Z next:jsconfig-paths-plugin moduleName did not match any paths pattern next-flight-client-entry-loader
2026-04-06T23:17:59.478Z next:jsconfig-paths-plugin moduleName did not match any paths pattern next-flight-client-entry-loader
2026-04-06T23:17:59.478Z next:jsconfig-paths-plugin moduleName did not match any paths pattern next-flight-client-entry-loader
2026-04-06T23:17:59.478Z next:jsconfig-paths-plugin moduleName did not match any paths pattern next-flight-client-entry-loader
2026-04-06T23:17:59.552Z next:jsconfig-paths-plugin moduleName did not match any paths pattern next-flight-client-entry-loader
2026-04-06T23:17:59.552Z next:jsconfig-paths-plugin moduleName did not match any paths pattern next-flight-client-entry-loader
2026-04-06T23:17:59.552Z next:jsconfig-paths-plugin moduleName did not match any paths pattern next-flight-client-entry-loader
2026-04-06T23:17:59.553Z next:jsconfig-paths-plugin moduleName did not match any paths pattern next-flight-client-entry-loader
2026-04-06T23:17:59.553Z next:jsconfig-paths-plugin moduleName did not match any paths pattern next-flight-client-entry-loader
2026-04-06T23:17:59.553Z next:jsconfig-paths-plugin moduleName did not match any paths pattern next-flight-client-entry-loader
2026-04-06T23:17:59.553Z next:jsconfig-paths-plugin moduleName did not match any paths pattern next-flight-client-entry-loader
2026-04-06T23:17:59.554Z next:jsconfig-paths-plugin moduleName did not match any paths pattern next-flight-client-entry-loader
2026-04-06T23:17:59.554Z next:jsconfig-paths-plugin moduleName did not match any paths pattern next-flight-client-entry-loader
2026-04-06T23:17:59.554Z next:jsconfig-paths-plugin moduleName did not match any paths pattern next-flight-client-entry-loader
2026-04-06T23:17:59.554Z next:jsconfig-paths-plugin moduleName did not match any paths pattern next-flight-client-entry-loader
2026-04-06T23:17:59.555Z next:jsconfig-paths-plugin moduleName did not match any paths pattern next-flight-client-entry-loader
2026-04-06T23:17:59.555Z next:jsconfig-paths-plugin moduleName did not match any paths pattern next-flight-client-entry-loader
2026-04-06T23:17:59.555Z next:jsconfig-paths-plugin moduleName did not match any paths pattern next-flight-client-entry-loader
2026-04-06T23:17:59.555Z next:jsconfig-paths-plugin moduleName did not match any paths pattern next-flight-client-entry-loader
2026-04-06T23:17:59.555Z next:jsconfig-paths-plugin moduleName did not match any paths pattern next-flight-client-entry-loader
2026-04-06T23:17:59.556Z next:jsconfig-paths-plugin moduleName did not match any paths pattern next-flight-client-entry-loader
2026-04-06T23:17:59.556Z next:jsconfig-paths-plugin moduleName did not match any paths pattern next-flight-client-entry-loader
2026-04-06T23:17:59.558Z next:jsconfig-paths-plugin moduleName did not match any paths pattern next-flight-client-entry-loader
2026-04-06T23:17:59.558Z next:jsconfig-paths-plugin moduleName did not match any paths pattern next-flight-client-entry-loader
2026-04-06T23:17:59.558Z next:jsconfig-paths-plugin moduleName did not match any paths pattern next-flight-client-entry-loader
2026-04-06T23:17:59.559Z next:jsconfig-paths-plugin moduleName did not match any paths pattern next-flight-client-entry-loader
2026-04-06T23:17:59.559Z next:jsconfig-paths-plugin moduleName did not match any paths pattern next-flight-client-entry-loader
2026-04-06T23:17:59.559Z next:jsconfig-paths-plugin moduleName did not match any paths pattern next-flight-client-entry-loader
2026-04-06T23:17:59.559Z next:jsconfig-paths-plugin moduleName did not match any paths pattern next-flight-client-entry-loader
2026-04-06T23:17:59.559Z next:jsconfig-paths-plugin moduleName did not match any paths pattern next-flight-client-entry-loader
2026-04-06T23:17:59.559Z next:jsconfig-paths-plugin moduleName did not match any paths pattern next-flight-client-entry-loader
2026-04-06T23:17:59.559Z next:jsconfig-paths-plugin moduleName did not match any paths pattern next-flight-client-entry-loader
2026-04-06T23:17:59.559Z next:jsconfig-paths-plugin moduleName did not match any paths pattern next-flight-client-entry-loader
2026-04-06T23:17:59.560Z next:jsconfig-paths-plugin moduleName did not match any paths pattern next-flight-client-entry-loader
2026-04-06T23:17:59.560Z next:jsconfig-paths-plugin moduleName did not match any paths pattern next-flight-client-entry-loader
2026-04-06T23:17:59.560Z next:jsconfig-paths-plugin moduleName did not match any paths pattern next-flight-client-entry-loader
2026-04-06T23:17:59.560Z next:jsconfig-paths-plugin moduleName did not match any paths pattern next-flight-client-entry-loader
2026-04-06T23:17:59.560Z next:jsconfig-paths-plugin moduleName did not match any paths pattern next-flight-client-entry-loader
2026-04-06T23:17:59.560Z next:jsconfig-paths-plugin moduleName did not match any paths pattern next-flight-client-entry-loader
2026-04-06T23:17:59.560Z next:jsconfig-paths-plugin moduleName did not match any paths pattern next-flight-client-entry-loader
2026-04-06T23:17:59.592Z next:jsconfig-paths-plugin moduleName did not match any paths pattern next-flight-client-entry-loader
2026-04-06T23:17:59.594Z next:jsconfig-paths-plugin moduleName did not match any paths pattern next-flight-client-entry-loader
2026-04-06T23:17:59.595Z next:jsconfig-paths-plugin moduleName did not match any paths pattern next-flight-client-entry-loader
2026-04-06T23:17:59.595Z next:jsconfig-paths-plugin moduleName did not match any paths pattern next-flight-client-entry-loader
2026-04-06T23:17:59.595Z next:jsconfig-paths-plugin moduleName did not match any paths pattern next-flight-client-entry-loader
2026-04-06T23:17:59.595Z next:jsconfig-paths-plugin moduleName did not match any paths pattern next-flight-client-entry-loader
2026-04-06T23:17:59.596Z next:jsconfig-paths-plugin moduleName did not match any paths pattern next-flight-client-entry-loader
2026-04-06T23:17:59.596Z next:jsconfig-paths-plugin moduleName did not match any paths pattern next-flight-client-entry-loader
2026-04-06T23:17:59.596Z next:jsconfig-paths-plugin moduleName did not match any paths pattern next-flight-client-entry-loader
2026-04-06T23:17:59.596Z next:jsconfig-paths-plugin moduleName did not match any paths pattern next-flight-client-entry-loader
2026-04-06T23:17:59.596Z next:jsconfig-paths-plugin moduleName did not match any paths pattern next-flight-client-entry-loader
2026-04-06T23:17:59.600Z next:jsconfig-paths-plugin moduleName did not match any paths pattern next-flight-client-entry-loader
2026-04-06T23:17:59.600Z next:jsconfig-paths-plugin moduleName did not match any paths pattern next-flight-client-entry-loader
2026-04-06T23:17:59.600Z next:jsconfig-paths-plugin moduleName did not match any paths pattern next-flight-client-entry-loader
2026-04-06T23:17:59.600Z next:jsconfig-paths-plugin moduleName did not match any paths pattern next-flight-client-entry-loader
2026-04-06T23:17:59.600Z next:jsconfig-paths-plugin moduleName did not match any paths pattern next-flight-client-entry-loader
2026-04-06T23:17:59.600Z next:jsconfig-paths-plugin moduleName did not match any paths pattern next-flight-client-entry-loader
2026-04-06T23:17:59.601Z next:jsconfig-paths-plugin moduleName did not match any paths pattern next-flight-client-entry-loader
2026-04-06T23:17:59.601Z next:jsconfig-paths-plugin moduleName did not match any paths pattern next-flight-client-entry-loader
2026-04-06T23:17:59.601Z next:jsconfig-paths-plugin moduleName did not match any paths pattern next-flight-client-entry-loader
2026-04-06T23:17:59.601Z next:jsconfig-paths-plugin moduleName did not match any paths pattern next-flight-client-entry-loader
2026-04-06T23:17:59.601Z next:jsconfig-paths-plugin moduleName did not match any paths pattern next-flight-client-entry-loader
2026-04-06T23:17:59.602Z next:jsconfig-paths-plugin moduleName did not match any paths pattern next-flight-client-entry-loader
2026-04-06T23:17:59.602Z next:jsconfig-paths-plugin moduleName did not match any paths pattern next-flight-client-entry-loader
2026-04-06T23:17:59.602Z next:jsconfig-paths-plugin moduleName did not match any paths pattern next-flight-client-entry-loader
2026-04-06T23:17:59.602Z next:jsconfig-paths-plugin moduleName did not match any paths pattern next-flight-client-entry-loader
2026-04-06T23:17:59.602Z next:jsconfig-paths-plugin moduleName did not match any paths pattern next-flight-client-entry-loader
2026-04-06T23:17:59.602Z next:jsconfig-paths-plugin moduleName did not match any paths pattern next-flight-client-entry-loader
2026-04-06T23:17:59.605Z next:jsconfig-paths-plugin moduleName did not match any paths pattern next-flight-client-entry-loader
2026-04-06T23:17:59.605Z next:jsconfig-paths-plugin moduleName did not match any paths pattern next-flight-client-entry-loader
2026-04-06T23:17:59.606Z next:jsconfig-paths-plugin moduleName did not match any paths pattern next-flight-client-entry-loader
2026-04-06T23:17:59.606Z next:jsconfig-paths-plugin moduleName did not match any paths pattern next-flight-client-entry-loader
2026-04-06T23:17:59.606Z next:jsconfig-paths-plugin moduleName did not match any paths pattern next-flight-client-entry-loader
2026-04-06T23:17:59.606Z next:jsconfig-paths-plugin moduleName did not match any paths pattern next-flight-client-entry-loader
2026-04-06T23:17:59.606Z next:jsconfig-paths-plugin moduleName did not match any paths pattern next-flight-client-entry-loader
2026-04-06T23:17:59.610Z next:jsconfig-paths-plugin moduleName did not match any paths pattern next-flight-client-entry-loader
2026-04-06T23:17:59.610Z next:jsconfig-paths-plugin moduleName did not match any paths pattern next-flight-client-entry-loader
2026-04-06T23:17:59.610Z next:jsconfig-paths-plugin moduleName did not match any paths pattern next-flight-client-entry-loader
2026-04-06T23:17:59.611Z next:jsconfig-paths-plugin moduleName did not match any paths pattern next-flight-client-entry-loader
2026-04-06T23:17:59.676Z next:jsconfig-paths-plugin moduleName did not match any paths pattern next-flight-client-entry-loader
2026-04-06T23:17:59.677Z next:jsconfig-paths-plugin moduleName did not match any paths pattern next-flight-client-entry-loader
2026-04-06T23:17:59.677Z next:jsconfig-paths-plugin moduleName did not match any paths pattern next-flight-client-entry-loader
2026-04-06T23:17:59.677Z next:jsconfig-paths-plugin moduleName did not match any paths pattern next-flight-client-entry-loader
2026-04-06T23:17:59.677Z next:jsconfig-paths-plugin moduleName did not match any paths pattern next-flight-client-entry-loader
2026-04-06T23:17:59.677Z next:jsconfig-paths-plugin moduleName did not match any paths pattern next-flight-client-entry-loader
2026-04-06T23:17:59.688Z next:jsconfig-paths-plugin moduleName did not match any paths pattern next-flight-client-entry-loader
2026-04-06T23:17:59.688Z next:jsconfig-paths-plugin moduleName did not match any paths pattern next-flight-client-entry-loader
2026-04-06T23:17:59.689Z next:jsconfig-paths-plugin moduleName did not match any paths pattern next-flight-client-entry-loader
2026-04-06T23:17:59.692Z next:jsconfig-paths-plugin moduleName did not match any paths pattern next-flight-client-entry-loader
2026-04-06T23:17:59.693Z next:jsconfig-paths-plugin moduleName did not match any paths pattern next-flight-client-entry-loader
2026-04-06T23:17:59.693Z next:jsconfig-paths-plugin moduleName did not match any paths pattern next-flight-client-entry-loader
2026-04-06T23:17:59.693Z next:jsconfig-paths-plugin moduleName did not match any paths pattern next-flight-client-entry-loader
2026-04-06T23:17:59.693Z next:jsconfig-paths-plugin moduleName did not match any paths pattern next-flight-client-entry-loader
2026-04-06T23:17:59.693Z next:jsconfig-paths-plugin moduleName did not match any paths pattern next-flight-client-entry-loader
2026-04-06T23:17:59.698Z next:jsconfig-paths-plugin moduleName did not match any paths pattern next-flight-client-entry-loader
2026-04-06T23:17:59.698Z next:jsconfig-paths-plugin moduleName did not match any paths pattern next-flight-client-entry-loader
2026-04-06T23:17:59.698Z next:jsconfig-paths-plugin moduleName did not match any paths pattern next-flight-client-entry-loader
2026-04-06T23:17:59.699Z next:jsconfig-paths-plugin moduleName did not match any paths pattern next-flight-client-entry-loader
2026-04-06T23:17:59.699Z next:jsconfig-paths-plugin moduleName did not match any paths pattern next-flight-client-entry-loader
2026-04-06T23:17:59.699Z next:jsconfig-paths-plugin moduleName did not match any paths pattern next-flight-client-entry-loader
2026-04-06T23:18:00.059Z next:jsconfig-paths-plugin skipping request as it is an absolute path C:\Users\Ahmed Amin Bejoui\Desktop\ai-code-review-platform\apps\dashboard\node_modules\next\dist\client\components\app-router.js
2026-04-06T23:18:00.060Z next:jsconfig-paths-plugin skipping request as it is an absolute path C:\Users\Ahmed Amin Bejoui\Desktop\ai-code-review-platform\apps\dashboard\node_modules\next\dist\client\components\client-page.js
2026-04-06T23:18:00.060Z next:jsconfig-paths-plugin skipping request as it is an absolute path C:\Users\Ahmed Amin Bejoui\Desktop\ai-code-review-platform\apps\dashboard\node_modules\next\dist\client\components\error-boundary.js
2026-04-06T23:18:00.060Z next:jsconfig-paths-plugin skipping request as it is an absolute path C:\Users\Ahmed Amin Bejoui\Desktop\ai-code-review-platform\apps\dashboard\node_modules\next\dist\client\components\layout-router.js
2026-04-06T23:18:00.060Z next:jsconfig-paths-plugin skipping request as it is an absolute path C:\Users\Ahmed Amin Bejoui\Desktop\ai-code-review-platform\apps\dashboard\node_modules\next\dist\client\components\not-found-boundary.js
2026-04-06T23:18:00.060Z next:jsconfig-paths-plugin skipping request as it is an absolute path C:\Users\Ahmed Amin Bejoui\Desktop\ai-code-review-platform\apps\dashboard\node_modules\next\dist\client\components\render-from-template-context.js
2026-04-06T23:18:00.060Z next:jsconfig-paths-plugin skipping request as it is an absolute path C:\Users\Ahmed Amin Bejoui\Desktop\ai-code-review-platform\apps\dashboard\app\not-found.tsx
2026-04-06T23:18:00.066Z next:jsconfig-paths-plugin skipping request as it is an absolute path C:\Users\Ahmed Amin Bejoui\Desktop\ai-code-review-platform\apps\dashboard\app\layout.tsx
2026-04-06T23:18:00.069Z next:jsconfig-paths-plugin skipping request as it is an absolute path C:\Users\Ahmed Amin Bejoui\Desktop\ai-code-review-platform\apps\dashboard\app\auth\page.tsx
2026-04-06T23:18:00.069Z next:jsconfig-paths-plugin skipping request as it is an absolute path C:\Users\Ahmed Amin Bejoui\Desktop\ai-code-review-platform\apps\dashboard\app\auth\role-redirect\page.tsx
2026-04-06T23:18:00.069Z next:jsconfig-paths-plugin skipping request as it is an absolute path C:\Users\Ahmed Amin Bejoui\Desktop\ai-code-review-platform\apps\dashboard\app\page.tsx
2026-04-06T23:18:00.070Z next:jsconfig-paths-plugin skipping request as it is an absolute path C:\Users\Ahmed Amin Bejoui\Desktop\ai-code-review-platform\apps\dashboard\app\dashboard\analyses\page.tsx
2026-04-06T23:18:00.070Z next:jsconfig-paths-plugin skipping request as it is an absolute path C:\Users\Ahmed Amin Bejoui\Desktop\ai-code-review-platform\apps\dashboard\app\dashboard\layout.tsx
2026-04-06T23:18:00.070Z next:jsconfig-paths-plugin skipping request as it is an absolute path C:\Users\Ahmed Amin Bejoui\Desktop\ai-code-review-platform\apps\dashboard\app\dashboard\evaluation\page.tsx
2026-04-06T23:18:00.070Z next:jsconfig-paths-plugin skipping request as it is an absolute path C:\Users\Ahmed Amin Bejoui\Desktop\ai-code-review-platform\apps\dashboard\app\dashboard\page.tsx
2026-04-06T23:18:00.071Z next:jsconfig-paths-plugin skipping request as it is an absolute path C:\Users\Ahmed Amin Bejoui\Desktop\ai-code-review-platform\apps\dashboard\app\dashboard\knowledge-base\page.tsx
2026-04-06T23:18:00.071Z next:jsconfig-paths-plugin skipping request as it is an absolute path C:\Users\Ahmed Amin Bejoui\Desktop\ai-code-review-platform\apps\dashboard\app\dashboard\projects\new\page.tsx
2026-04-06T23:18:00.071Z next:jsconfig-paths-plugin skipping request as it is an absolute path C:\Users\Ahmed Amin Bejoui\Desktop\ai-code-review-platform\apps\dashboard\app\dashboard\projects\page.tsx
2026-04-06T23:18:00.072Z next:jsconfig-paths-plugin skipping request as it is an absolute path C:\Users\Ahmed Amin Bejoui\Desktop\ai-code-review-platform\apps\dashboard\app\dashboard\reports\page.tsx
2026-04-06T23:18:00.072Z next:jsconfig-paths-plugin skipping request as it is an absolute path C:\Users\Ahmed Amin Bejoui\Desktop\ai-code-review-platform\apps\dashboard\app\dashboard\repositories\page.tsx
2026-04-06T23:18:00.072Z next:jsconfig-paths-plugin skipping request as it is an absolute path C:\Users\Ahmed Amin Bejoui\Desktop\ai-code-review-platform\apps\dashboard\app\dashboard\reviewer\analytics\page.tsx
2026-04-06T23:18:00.072Z next:jsconfig-paths-plugin skipping request as it is an absolute path C:\Users\Ahmed Amin Bejoui\Desktop\ai-code-review-platform\apps\dashboard\app\dashboard\reviewer\my-reviews\page.tsx
2026-04-06T23:18:00.072Z next:jsconfig-paths-plugin skipping request as it is an absolute path C:\Users\Ahmed Amin Bejoui\Desktop\ai-code-review-platform\apps\dashboard\app\dashboard\reviewer\team-analytics\page.tsx
2026-04-06T23:18:00.072Z next:jsconfig-paths-plugin skipping request as it is an absolute path C:\Users\Ahmed Amin Bejoui\Desktop\ai-code-review-platform\apps\dashboard\app\dashboard\reviewer\settings\page.tsx
2026-04-06T23:18:00.072Z next:jsconfig-paths-plugin skipping request as it is an absolute path C:\Users\Ahmed Amin Bejoui\Desktop\ai-code-review-platform\apps\dashboard\app\dashboard\reviewer\templates\page.tsx
2026-04-06T23:18:00.072Z next:jsconfig-paths-plugin skipping request as it is an absolute path C:\Users\Ahmed Amin Bejoui\Desktop\ai-code-review-platform\apps\dashboard\app\dashboard\settings\general\page.tsx
2026-04-06T23:18:00.072Z next:jsconfig-paths-plugin skipping request as it is an absolute path C:\Users\Ahmed Amin Bejoui\Desktop\ai-code-review-platform\apps\dashboard\app\dashboard\settings\integrations\page.tsx
2026-04-06T23:18:00.072Z next:jsconfig-paths-plugin skipping request as it is an absolute path C:\Users\Ahmed Amin Bejoui\Desktop\ai-code-review-platform\apps\dashboard\app\dashboard\settings\notifications\page.tsx
2026-04-06T23:18:00.073Z next:jsconfig-paths-plugin skipping request as it is an absolute path C:\Users\Ahmed Amin Bejoui\Desktop\ai-code-review-platform\apps\dashboard\app\dashboard\settings\profile\page.tsx
2026-04-06T23:18:00.175Z next:jsconfig-paths-plugin skipping request as it is an absolute path C:\Users\Ahmed Amin Bejoui\Desktop\ai-code-review-platform\apps\dashboard\node_modules\next\dist\client\components\app-router.js
2026-04-06T23:18:00.176Z next:jsconfig-paths-plugin skipping request as it is an absolute path C:\Users\Ahmed Amin Bejoui\Desktop\ai-code-review-platform\apps\dashboard\node_modules\next\dist\client\components\client-page.js
2026-04-06T23:18:00.176Z next:jsconfig-paths-plugin skipping request as it is an absolute path C:\Users\Ahmed Amin Bejoui\Desktop\ai-code-review-platform\apps\dashboard\node_modules\next\dist\client\components\error-boundary.js
2026-04-06T23:18:00.176Z next:jsconfig-paths-plugin skipping request as it is an absolute path C:\Users\Ahmed Amin Bejoui\Desktop\ai-code-review-platform\apps\dashboard\node_modules\next\dist\client\components\layout-router.js
2026-04-06T23:18:00.176Z next:jsconfig-paths-plugin skipping request as it is an absolute path C:\Users\Ahmed Amin Bejoui\Desktop\ai-code-review-platform\apps\dashboard\node_modules\next\dist\client\components\not-found-boundary.js
2026-04-06T23:18:00.176Z next:jsconfig-paths-plugin skipping request as it is an absolute path C:\Users\Ahmed Amin Bejoui\Desktop\ai-code-review-platform\apps\dashboard\node_modules\next\dist\client\components\render-from-template-context.js
2026-04-06T23:18:00.344Z next:jsconfig-paths-plugin skipping request as it is an absolute path C:\Users\Ahmed Amin Bejoui\Desktop\ai-code-review-platform\apps\dashboard\components\review\InlineCodeReview.tsx
2026-04-06T23:18:00.344Z next:jsconfig-paths-plugin skipping request as it is an absolute path C:\Users\Ahmed Amin Bejoui\Desktop\ai-code-review-platform\apps\dashboard\components\reviewer\ReviewerDashboard.tsx
2026-04-06T23:18:00.344Z next:jsconfig-paths-plugin skipping request as it is an absolute path C:\Users\Ahmed Amin Bejoui\Desktop\ai-code-review-platform\apps\dashboard\components\reviewer\ReviewQueue.tsx
2026-04-06T23:18:00.361Z next:jsconfig-paths-plugin skipping request as it is an absolute path C:\Users\Ahmed Amin Bejoui\Desktop\ai-code-review-platform\apps\dashboard\components\security\SecurityIssueTable.tsx
2026-04-06T23:18:00.361Z next:jsconfig-paths-plugin skipping request as it is an absolute path C:\Users\Ahmed Amin Bejoui\Desktop\ai-code-review-platform\apps\dashboard\components\ui\severity-indicator.tsx
2026-04-06T23:18:00.361Z next:jsconfig-paths-plugin skipping request as it is an absolute path C:\Users\Ahmed Amin Bejoui\Desktop\ai-code-review-platform\apps\dashboard\components\dashboard\Integrations.tsx
2026-04-06T23:18:00.361Z next:jsconfig-paths-plugin skipping request as it is an absolute path C:\Users\Ahmed Amin Bejoui\Desktop\ai-code-review-platform\apps\dashboard\components\dashboard\KnowledgeBase.tsx
2026-04-06T23:18:00.361Z next:jsconfig-paths-plugin skipping request as it is an absolute path C:\Users\Ahmed Amin Bejoui\Desktop\ai-code-review-platform\apps\dashboard\components\dashboard\PoliciesRules.tsx
2026-04-06T23:18:00.361Z next:jsconfig-paths-plugin skipping request as it is an absolute path C:\Users\Ahmed Amin Bejoui\Desktop\ai-code-review-platform\apps\dashboard\app\dashboard\settings\security\page.tsx
2026-04-06T23:18:00.361Z next:jsconfig-paths-plugin skipping request as it is an absolute path C:\Users\Ahmed Amin Bejoui\Desktop\ai-code-review-platform\apps\dashboard\app\dashboard\statistics\page.tsx
2026-04-06T23:18:00.362Z next:jsconfig-paths-plugin skipping request as it is an absolute path C:\Users\Ahmed Amin Bejoui\Desktop\ai-code-review-platform\apps\dashboard\app\dashboard\teams\page.tsx
2026-04-06T23:18:00.362Z next:jsconfig-paths-plugin skipping request as it is an absolute path C:\Users\Ahmed Amin Bejoui\Desktop\ai-code-review-platform\apps\dashboard\app\dashboard\admin\layout.tsx
2026-04-06T23:18:00.403Z next:jsconfig-paths-plugin skipping request as it is an absolute path C:\Users\Ahmed Amin Bejoui\Desktop\ai-code-review-platform\apps\dashboard\components\review\InlineCodeReview.tsx
2026-04-06T23:18:00.403Z next:jsconfig-paths-plugin skipping request as it is an absolute path C:\Users\Ahmed Amin Bejoui\Desktop\ai-code-review-platform\apps\dashboard\components\reviewer\ReviewerDashboard.tsx
2026-04-06T23:18:00.404Z next:jsconfig-paths-plugin skipping request as it is an absolute path C:\Users\Ahmed Amin Bejoui\Desktop\ai-code-review-platform\apps\dashboard\components\reviewer\ReviewQueue.tsx
2026-04-06T23:18:00.404Z next:jsconfig-paths-plugin skipping request as it is an absolute path C:\Users\Ahmed Amin Bejoui\Desktop\ai-code-review-platform\apps\dashboard\components\security\SecurityIssueTable.tsx
2026-04-06T23:18:00.404Z next:jsconfig-paths-plugin skipping request as it is an absolute path C:\Users\Ahmed Amin Bejoui\Desktop\ai-code-review-platform\apps\dashboard\components\ui\severity-indicator.tsx
2026-04-06T23:18:00.404Z next:jsconfig-paths-plugin skipping request as it is an absolute path C:\Users\Ahmed Amin Bejoui\Desktop\ai-code-review-platform\apps\dashboard\components\dashboard\Integrations.tsx
2026-04-06T23:18:00.404Z next:jsconfig-paths-plugin skipping request as it is an absolute path C:\Users\Ahmed Amin Bejoui\Desktop\ai-code-review-platform\apps\dashboard\components\dashboard\KnowledgeBase.tsx
2026-04-06T23:18:00.404Z next:jsconfig-paths-plugin skipping request as it is an absolute path C:\Users\Ahmed Amin Bejoui\Desktop\ai-code-review-platform\apps\dashboard\components\dashboard\PoliciesRules.tsx
2026-04-06T23:18:00.435Z next:jsconfig-paths-plugin skipping request as it is an absolute path C:\Users\Ahmed Amin Bejoui\Desktop\ai-code-review-platform\apps\dashboard\components\dashboard\AdminOverview.tsx
2026-04-06T23:18:00.435Z next:jsconfig-paths-plugin skipping request as it is an absolute path C:\Users\Ahmed Amin Bejoui\Desktop\ai-code-review-platform\apps\dashboard\components\dashboard\Observability.tsx
2026-04-06T23:18:00.435Z next:jsconfig-paths-plugin skipping request as it is an absolute path C:\Users\Ahmed Amin Bejoui\Desktop\ai-code-review-platform\apps\dashboard\components\dashboard\UserManagement.tsx
2026-04-06T23:18:00.435Z next:jsconfig-paths-plugin skipping request as it is an absolute path C:\Users\Ahmed Amin Bejoui\Desktop\ai-code-review-platform\apps\dashboard\node_modules\next\dist\client\link.js
2026-04-06T23:18:00.460Z next:jsconfig-paths-plugin skipping request as it is an absolute path C:\Users\Ahmed Amin Bejoui\Desktop\ai-code-review-platform\apps\dashboard\components\dashboard\AdminOverview.tsx
2026-04-06T23:18:00.460Z next:jsconfig-paths-plugin skipping request as it is an absolute path C:\Users\Ahmed Amin Bejoui\Desktop\ai-code-review-platform\apps\dashboard\components\dashboard\Observability.tsx
2026-04-06T23:18:00.460Z next:jsconfig-paths-plugin skipping request as it is an absolute path C:\Users\Ahmed Amin Bejoui\Desktop\ai-code-review-platform\apps\dashboard\components\dashboard\UserManagement.tsx
2026-04-06T23:18:00.461Z next:jsconfig-paths-plugin skipping request as it is an absolute path C:\Users\Ahmed Amin Bejoui\Desktop\ai-code-review-platform\apps\dashboard\node_modules\next\dist\client\link.js
2026-04-06T23:18:00.767Z next:jsconfig-paths-plugin moduleName did not match any paths pattern react/jsx-runtime
2026-04-06T23:18:00.770Z next:jsconfig-paths-plugin moduleName did not match any paths pattern next/font/google/target.css
2026-04-06T23:18:00.770Z next:jsconfig-paths-plugin moduleName did not match any paths pattern @clerk/clerk-react
2026-04-06T23:18:00.770Z next:jsconfig-paths-plugin skipping request as it is a relative path ./globals.css
2026-04-06T23:18:00.771Z next:jsconfig-paths-plugin moduleName did not match any paths pattern react
2026-04-06T23:18:00.771Z next:jsconfig-paths-plugin moduleName did not match any paths pattern next/navigation
2026-04-06T23:18:00.771Z next:jsconfig-paths-plugin moduleName did not match any paths pattern next/link
2026-04-06T23:18:00.771Z next:jsconfig-paths-plugin moduleName did not match any paths pattern lucide-react
2026-04-06T23:18:00.771Z next:jsconfig-paths-plugin skipping request as it is an absolute path C:\Users\Ahmed Amin Bejoui\Desktop\ai-code-review-platform\apps\dashboard\components\dashboard\ThemeProvider
2026-04-06T23:18:00.771Z next:jsconfig-paths-plugin skipping request as it is an absolute path C:\Users\Ahmed Amin Bejoui\Desktop\ai-code-review-platform\apps\dashboard\components\providers\capacitor-provider
2026-04-06T23:18:00.772Z next:jsconfig-paths-plugin skipping request as it is an absolute path C:\Users\Ahmed Amin Bejoui\Desktop\ai-code-review-platform\apps\dashboard\components\ui\button
2026-04-06T23:18:00.772Z next:jsconfig-paths-plugin skipping request as it is an absolute path C:\Users\Ahmed Amin Bejoui\Desktop\ai-code-review-platform\apps\dashboard\node_modules\next/navigation
2026-04-06T23:18:00.772Z next:jsconfig-paths-plugin skipping request as it is an absolute path C:\Users\Ahmed Amin Bejoui\Desktop\ai-code-review-platform\apps\dashboard\node_modules\next/link
2026-04-06T23:18:00.773Z next:jsconfig-paths-plugin skipping request as it is an absolute path C:\Users\Ahmed Amin Bejoui\Desktop\ai-code-review-platform\apps\dashboard\node_modules\lucide-react\dist\esm\lucide-react.js
2026-04-06T23:18:00.774Z next:jsconfig-paths-plugin skipping request as it is inside node_modules next/dist/api/link
2026-04-06T23:18:00.776Z next:jsconfig-paths-plugin skipping request as it is inside node_modules C:\Users\Ahmed Amin Bejoui\Desktop\ai-code-review-platform\apps\dashboard\node_modules\next/dist/api/link
2026-04-06T23:18:00.785Z next:jsconfig-paths-plugin skipping request as it is an absolute path C:\Users\Ahmed Amin Bejoui\Desktop\ai-code-review-platform\apps\dashboard\components\ui\button
2026-04-06T23:18:00.785Z next:jsconfig-paths-plugin moduleName did not match any paths pattern react/jsx-runtime
2026-04-06T23:18:00.786Z next:jsconfig-paths-plugin moduleName did not match any paths pattern react
2026-04-06T23:18:00.787Z next:jsconfig-paths-plugin skipping request as it is an absolute path C:\Users\Ahmed Amin Bejoui\Desktop\ai-code-review-platform\apps\dashboard\components\ui\button
2026-04-06T23:18:00.789Z next:jsconfig-paths-plugin skipping request as it is an absolute path C:\Users\Ahmed Amin Bejoui\Desktop\ai-code-review-platform\apps\dashboard\components\ui\button
2026-04-06T23:18:00.796Z next:jsconfig-paths-plugin moduleName did not match any paths pattern react/jsx-runtime
2026-04-06T23:18:00.797Z next:jsconfig-paths-plugin moduleName did not match any paths pattern react
2026-04-06T23:18:00.797Z next:jsconfig-paths-plugin skipping request as it is an absolute path C:\Users\Ahmed Amin Bejoui\Desktop\ai-code-review-platform\apps\dashboard\components\ui\button
2026-04-06T23:18:00.797Z next:jsconfig-paths-plugin moduleName did not match any paths pattern next/dist/server/future/route-modules/app-page/vendored/ssr/react-jsx-runtime
2026-04-06T23:18:00.797Z next:jsconfig-paths-plugin moduleName did not match any paths pattern next/dist/server/future/route-modules/app-page/vendored/ssr/react
2026-04-06T23:18:00.797Z next:jsconfig-paths-plugin skipping request as it is an absolute path C:\Users\Ahmed Amin Bejoui\Desktop\ai-code-review-platform\apps\dashboard\node_modules\next/dist/server/future/route-modules/app-page/vendored/ssr/react-jsx-runtime
2026-04-06T23:18:00.798Z next:jsconfig-paths-plugin skipping request as it is an absolute path C:\Users\Ahmed Amin Bejoui\Desktop\ai-code-review-platform\apps\dashboard\node_modules\next/dist/server/future/route-modules/app-page/vendored/ssr/react
2026-04-06T23:18:00.834Z next:jsconfig-paths-plugin skipping request as it is an absolute path C:\Users\Ahmed Amin Bejoui\Desktop\ai-code-review-platform\apps\dashboard\components\ui\button
2026-04-06T23:18:00.853Z next:jsconfig-paths-plugin skipping request as it is an absolute path C:\Users\Ahmed Amin Bejoui\Desktop\ai-code-review-platform\apps\dashboard\components\ui\button
2026-04-06T23:18:00.855Z next:jsconfig-paths-plugin skipping request as it is an absolute path C:\Users\Ahmed Amin Bejoui\Desktop\ai-code-review-platform\apps\dashboard\components\ui\button
2026-04-06T23:18:00.875Z next:jsconfig-paths-plugin skipping request as it is an absolute path C:\Users\Ahmed Amin Bejoui\Desktop\ai-code-review-platform\apps\dashboard\components\ui\button
2026-04-06T23:18:02.005Z next:jsconfig-paths-plugin moduleName did not match any paths pattern react/jsx-runtime
2026-04-06T23:18:02.005Z next:jsconfig-paths-plugin moduleName did not match any paths pattern react
2026-04-06T23:18:02.006Z next:jsconfig-paths-plugin moduleName did not match any paths pattern @clerk/clerk-react
2026-04-06T23:18:02.006Z next:jsconfig-paths-plugin moduleName did not match any paths pattern react/jsx-runtime
2026-04-06T23:18:02.006Z next:jsconfig-paths-plugin moduleName did not match any paths pattern react
2026-04-06T23:18:02.006Z next:jsconfig-paths-plugin moduleName did not match any paths pattern @clerk/clerk-react
2026-04-06T23:18:02.006Z next:jsconfig-paths-plugin skipping request as it is an absolute path C:\Users\Ahmed Amin Bejoui\Desktop\ai-code-review-platform\apps\dashboard\lib\capacitor
2026-04-06T23:18:02.007Z next:jsconfig-paths-plugin moduleName did not match any paths pattern next/navigation
2026-04-06T23:18:02.007Z next:jsconfig-paths-plugin moduleName did not match any paths pattern next/navigation
2026-04-06T23:18:02.007Z next:jsconfig-paths-plugin moduleName did not match any paths pattern react/jsx-runtime
2026-04-06T23:18:02.032Z next:jsconfig-paths-plugin moduleName did not match any paths pattern react
2026-04-06T23:18:02.032Z next:jsconfig-paths-plugin moduleName did not match any paths pattern react/jsx-runtime
2026-04-06T23:18:02.033Z next:jsconfig-paths-plugin moduleName did not match any paths pattern react
2026-04-06T23:18:02.033Z next:jsconfig-paths-plugin moduleName did not match any paths pattern @clerk/clerk-react
2026-04-06T23:18:02.033Z next:jsconfig-paths-plugin moduleName did not match any paths pattern react/jsx-runtime
2026-04-06T23:18:02.033Z next:jsconfig-paths-plugin moduleName did not match any paths pattern react
2026-04-06T23:18:02.033Z next:jsconfig-paths-plugin moduleName did not match any paths pattern framer-motion
2026-04-06T23:18:02.034Z next:jsconfig-paths-plugin moduleName did not match any paths pattern react/jsx-runtime
2026-04-06T23:18:02.034Z next:jsconfig-paths-plugin moduleName did not match any paths pattern react
2026-04-06T23:18:02.034Z next:jsconfig-paths-plugin moduleName did not match any paths pattern framer-motion
2026-04-06T23:18:02.034Z next:jsconfig-paths-plugin moduleName did not match any paths pattern react/jsx-runtime
2026-04-06T23:18:02.035Z next:jsconfig-paths-plugin moduleName did not match any paths pattern react
2026-04-06T23:18:02.035Z next:jsconfig-paths-plugin moduleName did not match any paths pattern framer-motion
2026-04-06T23:18:02.059Z next:jsconfig-paths-plugin moduleName did not match any paths pattern react/jsx-runtime
2026-04-06T23:18:02.072Z next:jsconfig-paths-plugin moduleName did not match any paths pattern react
2026-04-06T23:18:02.073Z next:jsconfig-paths-plugin moduleName did not match any paths pattern motion/react
2026-04-06T23:18:02.077Z next:jsconfig-paths-plugin moduleName did not match any paths pattern next/navigation
2026-04-06T23:18:02.077Z next:jsconfig-paths-plugin moduleName did not match any paths pattern lucide-react
2026-04-06T23:18:02.077Z next:jsconfig-paths-plugin moduleName did not match any paths pattern next/navigation
2026-04-06T23:18:02.080Z next:jsconfig-paths-plugin moduleName did not match any paths pattern recharts
2026-04-06T23:18:02.080Z next:jsconfig-paths-plugin moduleName did not match any paths pattern lucide-react
2026-04-06T23:18:02.080Z next:jsconfig-paths-plugin moduleName did not match any paths pattern lucide-react
2026-04-06T23:18:02.080Z next:jsconfig-paths-plugin moduleName did not match any paths pattern next/navigation
2026-04-06T23:18:02.081Z next:jsconfig-paths-plugin moduleName did not match any paths pattern lucide-react
2026-04-06T23:18:02.081Z next:jsconfig-paths-plugin moduleName did not match any paths pattern next/navigation
2026-04-06T23:18:02.081Z next:jsconfig-paths-plugin moduleName did not match any paths pattern lucide-react
2026-04-06T23:18:02.081Z next:jsconfig-paths-plugin skipping request as it is an absolute path C:\Users\Ahmed Amin Bejoui\Desktop\ai-code-review-platform\apps\dashboard\components\dashboard\new-dashboard\DashboardContent
2026-04-06T23:18:02.081Z next:jsconfig-paths-plugin skipping request as it is an absolute path C:\Users\Ahmed Amin Bejoui\Desktop\ai-code-review-platform\apps\dashboard\components\dashboard\DashboardLayout
2026-04-06T23:18:02.082Z next:jsconfig-paths-plugin skipping request as it is an absolute path C:\Users\Ahmed Amin Bejoui\Desktop\ai-code-review-platform\apps\dashboard\components\dashboard\dashboard-user-provider
2026-04-06T23:18:02.082Z next:jsconfig-paths-plugin moduleName did not match any paths pattern react/jsx-runtime
2026-04-06T23:18:02.096Z next:jsconfig-paths-plugin moduleName did not match any paths pattern react
2026-04-06T23:18:02.097Z next:jsconfig-paths-plugin moduleName did not match any paths pattern motion/react
2026-04-06T23:18:02.098Z next:jsconfig-paths-plugin skipping request as it is an absolute path C:\Users\Ahmed Amin Bejoui\Desktop\ai-code-review-platform\apps\dashboard\node_modules\next/navigation
2026-04-06T23:18:02.098Z next:jsconfig-paths-plugin skipping request as it is an absolute path C:\Users\Ahmed Amin Bejoui\Desktop\ai-code-review-platform\apps\dashboard\node_modules\next/navigation
2026-04-06T23:18:02.098Z next:jsconfig-paths-plugin moduleName did not match any paths pattern lucide-react
2026-04-06T23:18:02.099Z next:jsconfig-paths-plugin skipping request as it is an absolute path C:\Users\Ahmed Amin Bejoui\Desktop\ai-code-review-platform\apps\dashboard\components\dashboard\AnalysisTimeline
2026-04-06T23:18:02.099Z next:jsconfig-paths-plugin skipping request as it is an absolute path C:\Users\Ahmed Amin Bejoui\Desktop\ai-code-review-platform\apps\dashboard\components\dashboard\AnalysesPageHeader
2026-04-06T23:18:02.099Z next:jsconfig-paths-plugin skipping request as it is an absolute path C:\Users\Ahmed Amin Bejoui\Desktop\ai-code-review-platform\apps\dashboard\lib\roles
2026-04-06T23:18:02.100Z next:jsconfig-paths-plugin skipping request as it is an absolute path C:\Users\Ahmed Amin Bejoui\Desktop\ai-code-review-platform\apps\dashboard\components\ui\circuit-loader
2026-04-06T23:18:02.100Z next:jsconfig-paths-plugin skipping request as it is an absolute path C:\Users\Ahmed Amin Bejoui\Desktop\ai-code-review-platform\apps\dashboard\components\ui\card
2026-04-06T23:18:02.100Z next:jsconfig-paths-plugin skipping request as it is an absolute path C:\Users\Ahmed Amin Bejoui\Desktop\ai-code-review-platform\apps\dashboard\components\ui\badge
2026-04-06T23:18:02.100Z next:jsconfig-paths-plugin skipping request as it is an absolute path C:\Users\Ahmed Amin Bejoui\Desktop\ai-code-review-platform\apps\dashboard\components\ui\card
2026-04-06T23:18:02.100Z next:jsconfig-paths-plugin skipping request as it is an absolute path C:\Users\Ahmed Amin Bejoui\Desktop\ai-code-review-platform\apps\dashboard\components\ui\button
2026-04-06T23:18:02.100Z next:jsconfig-paths-plugin skipping request as it is an absolute path C:\Users\Ahmed Amin Bejoui\Desktop\ai-code-review-platform\apps\dashboard\components\ui\input
2026-04-06T23:18:02.100Z next:jsconfig-paths-plugin skipping request as it is an absolute path C:\Users\Ahmed Amin Bejoui\Desktop\ai-code-review-platform\apps\dashboard\components\ui\badge
2026-04-06T23:18:02.100Z next:jsconfig-paths-plugin skipping request as it is an absolute path C:\Users\Ahmed Amin Bejoui\Desktop\ai-code-review-platform\apps\dashboard\components\ui\textarea
2026-04-06T23:18:02.100Z next:jsconfig-paths-plugin skipping request as it is an absolute path C:\Users\Ahmed Amin Bejoui\Desktop\ai-code-review-platform\apps\dashboard\components\ui\progress
2026-04-06T23:18:02.100Z next:jsconfig-paths-plugin skipping request as it is an absolute path C:\Users\Ahmed Amin Bejoui\Desktop\ai-code-review-platform\apps\dashboard\components\ui\card
2026-04-06T23:18:02.101Z next:jsconfig-paths-plugin skipping request as it is an absolute path C:\Users\Ahmed Amin Bejoui\Desktop\ai-code-review-platform\apps\dashboard\components\ui\button
2026-04-06T23:18:02.101Z next:jsconfig-paths-plugin skipping request as it is an absolute path C:\Users\Ahmed Amin Bejoui\Desktop\ai-code-review-platform\apps\dashboard\components\ui\badge
2026-04-06T23:18:02.101Z next:jsconfig-paths-plugin skipping request as it is an absolute path C:\Users\Ahmed Amin Bejoui\Desktop\ai-code-review-platform\apps\dashboard\components\ui\input
2026-04-06T23:18:02.101Z next:jsconfig-paths-plugin skipping request as it is an absolute path C:\Users\Ahmed Amin Bejoui\Desktop\ai-code-review-platform\apps\dashboard\components\ui\select
2026-04-06T23:18:02.101Z next:jsconfig-paths-plugin skipping request as it is an absolute path C:\Users\Ahmed Amin Bejoui\Desktop\ai-code-review-platform\apps\dashboard\components\ui\dropdown-menu
2026-04-06T23:18:02.101Z next:jsconfig-paths-plugin skipping request as it is an absolute path C:\Users\Ahmed Amin Bejoui\Desktop\ai-code-review-platform\apps\dashboard\hooks\use-project
2026-04-06T23:18:02.104Z next:jsconfig-paths-plugin skipping request as it is an absolute path C:\Users\Ahmed Amin Bejoui\Desktop\ai-code-review-platform\apps\dashboard\components\ui\card
2026-04-06T23:18:02.104Z next:jsconfig-paths-plugin skipping request as it is an absolute path C:\Users\Ahmed Amin Bejoui\Desktop\ai-code-review-platform\apps\dashboard\components\ui\button
2026-04-06T23:18:02.104Z next:jsconfig-paths-plugin skipping request as it is an absolute path C:\Users\Ahmed Amin Bejoui\Desktop\ai-code-review-platform\apps\dashboard\components\ui\badge
2026-04-06T23:18:02.104Z next:jsconfig-paths-plugin skipping request as it is an absolute path C:\Users\Ahmed Amin Bejoui\Desktop\ai-code-review-platform\apps\dashboard\components\ui\input
2026-04-06T23:18:02.104Z next:jsconfig-paths-plugin skipping request as it is an absolute path C:\Users\Ahmed Amin Bejoui\Desktop\ai-code-review-platform\apps\dashboard\components\ui\progress
2026-04-06T23:18:02.104Z next:jsconfig-paths-plugin skipping request as it is an absolute path C:\Users\Ahmed Amin Bejoui\Desktop\ai-code-review-platform\apps\dashboard\components\ui\select
2026-04-06T23:18:02.104Z next:jsconfig-paths-plugin skipping request as it is an absolute path C:\Users\Ahmed Amin Bejoui\Desktop\ai-code-review-platform\apps\dashboard\components\ui\dropdown-menu
2026-04-06T23:18:02.104Z next:jsconfig-paths-plugin skipping request as it is an absolute path C:\Users\Ahmed Amin Bejoui\Desktop\ai-code-review-platform\apps\dashboard\lib\utils
2026-04-06T23:18:02.104Z next:jsconfig-paths-plugin skipping request as it is an absolute path C:\Users\Ahmed Amin Bejoui\Desktop\ai-code-review-platform\apps\dashboard\components\dashboard\CreateProjectDialog
2026-04-06T23:18:02.104Z next:jsconfig-paths-plugin skipping request as it is an absolute path C:\Users\Ahmed Amin Bejoui\Desktop\ai-code-review-platform\apps\dashboard\node_modules\next/navigation
2026-04-06T23:18:02.104Z next:jsconfig-paths-plugin skipping request as it is an absolute path C:\Users\Ahmed Amin Bejoui\Desktop\ai-code-review-platform\apps\dashboard\node_modules\lucide-react\dist\esm\lucide-react.js
2026-04-06T23:18:02.105Z next:jsconfig-paths-plugin skipping request as it is an absolute path C:\Users\Ahmed Amin Bejoui\Desktop\ai-code-review-platform\apps\dashboard\node_modules\next/navigation
2026-04-06T23:18:02.105Z next:jsconfig-paths-plugin skipping request as it is an absolute path C:\Users\Ahmed Amin Bejoui\Desktop\ai-code-review-platform\apps\dashboard\node_modules\recharts\es6\index.js
2026-04-06T23:18:02.105Z next:jsconfig-paths-plugin skipping request as it is an absolute path C:\Users\Ahmed Amin Bejoui\Desktop\ai-code-review-platform\apps\dashboard\node_modules\lucide-react\dist\esm\lucide-react.js
2026-04-06T23:18:02.105Z next:jsconfig-paths-plugin skipping request as it is an absolute path C:\Users\Ahmed Amin Bejoui\Desktop\ai-code-review-platform\apps\dashboard\node_modules\lucide-react\dist\esm\lucide-react.js
2026-04-06T23:18:02.105Z next:jsconfig-paths-plugin skipping request as it is an absolute path C:\Users\Ahmed Amin Bejoui\Desktop\ai-code-review-platform\apps\dashboard\node_modules\next/navigation
2026-04-06T23:18:02.105Z next:jsconfig-paths-plugin skipping request as it is an absolute path C:\Users\Ahmed Amin Bejoui\Desktop\ai-code-review-platform\apps\dashboard\node_modules\lucide-react\dist\esm\lucide-react.js
2026-04-06T23:18:02.105Z next:jsconfig-paths-plugin skipping request as it is an absolute path C:\Users\Ahmed Amin Bejoui\Desktop\ai-code-review-platform\apps\dashboard\node_modules\next/navigation
2026-04-06T23:18:02.106Z next:jsconfig-paths-plugin skipping request as it is an absolute path C:\Users\Ahmed Amin Bejoui\Desktop\ai-code-review-platform\apps\dashboard\node_modules\lucide-react\dist\esm\lucide-react.js
2026-04-06T23:18:02.205Z next:jsconfig-paths-plugin skipping request as it is an absolute path C:\Users\Ahmed Amin Bejoui\Desktop\ai-code-review-platform\apps\dashboard\node_modules\lucide-react\dist\esm\lucide-react.js
2026-04-06T23:18:02.241Z next:jsconfig-paths-plugin moduleName did not match any paths pattern react/jsx-runtime
2026-04-06T23:18:02.241Z next:jsconfig-paths-plugin moduleName did not match any paths pattern react
2026-04-06T23:18:02.266Z next:jsconfig-paths-plugin moduleName did not match any paths pattern next/dist/server/future/route-modules/app-page/vendored/ssr/react-jsx-runtime
2026-04-06T23:18:02.266Z next:jsconfig-paths-plugin moduleName did not match any paths pattern next/dist/server/future/route-modules/app-page/vendored/ssr/react
2026-04-06T23:18:02.266Z next:jsconfig-paths-plugin skipping request as it is an absolute path C:\Users\Ahmed Amin Bejoui\Desktop\ai-code-review-platform\apps\dashboard\node_modules\next/dist/server/future/route-modules/app-page/vendored/ssr/react-jsx-runtime
2026-04-06T23:18:02.267Z next:jsconfig-paths-plugin skipping request as it is an absolute path C:\Users\Ahmed Amin Bejoui\Desktop\ai-code-review-platform\apps\dashboard\node_modules\next/dist/server/future/route-modules/app-page/vendored/ssr/react
2026-04-06T23:18:02.787Z next:jsconfig-paths-plugin moduleName did not match any paths pattern react/jsx-runtime
2026-04-06T23:18:02.814Z next:jsconfig-paths-plugin moduleName did not match any paths pattern react
2026-04-06T23:18:02.814Z next:jsconfig-paths-plugin skipping request as it is an absolute path C:\Users\Ahmed Amin Bejoui\Desktop\ai-code-review-platform\apps\dashboard\components\ui\card
2026-04-06T23:18:02.814Z next:jsconfig-paths-plugin skipping request as it is an absolute path C:\Users\Ahmed Amin Bejoui\Desktop\ai-code-review-platform\apps\dashboard\components\ui\button
2026-04-06T23:18:02.815Z next:jsconfig-paths-plugin skipping request as it is an absolute path C:\Users\Ahmed Amin Bejoui\Desktop\ai-code-review-platform\apps\dashboard\components\ui\input
2026-04-06T23:18:02.815Z next:jsconfig-paths-plugin skipping request as it is an absolute path C:\Users\Ahmed Amin Bejoui\Desktop\ai-code-review-platform\apps\dashboard\components\ui\badge
2026-04-06T23:18:02.816Z next:jsconfig-paths-plugin skipping request as it is an absolute path C:\Users\Ahmed Amin Bejoui\Desktop\ai-code-review-platform\apps\dashboard\components\ui\select
2026-04-06T23:18:02.841Z next:jsconfig-paths-plugin skipping request as it is an absolute path C:\Users\Ahmed Amin Bejoui\Desktop\ai-code-review-platform\apps\dashboard\components\ui\table
2026-04-06T23:18:02.841Z next:jsconfig-paths-plugin skipping request as it is an absolute path C:\Users\Ahmed Amin Bejoui\Desktop\ai-code-review-platform\apps\dashboard\components\ui\card
2026-04-06T23:18:02.841Z next:jsconfig-paths-plugin skipping request as it is an absolute path C:\Users\Ahmed Amin Bejoui\Desktop\ai-code-review-platform\apps\dashboard\components\ui\badge
2026-04-06T23:18:02.841Z next:jsconfig-paths-plugin skipping request as it is an absolute path C:\Users\Ahmed Amin Bejoui\Desktop\ai-code-review-platform\apps\dashboard\components\ui\button
2026-04-06T23:18:02.842Z next:jsconfig-paths-plugin skipping request as it is an absolute path C:\Users\Ahmed Amin Bejoui\Desktop\ai-code-review-platform\apps\dashboard\components\ui\select
2026-04-06T23:18:02.882Z next:jsconfig-paths-plugin skipping request as it is an absolute path C:\Users\Ahmed Amin Bejoui\Desktop\ai-code-review-platform\apps\dashboard\components\dashboard\ThemeProvider
2026-04-06T23:18:02.883Z next:jsconfig-paths-plugin skipping request as it is an absolute path C:\Users\Ahmed Amin Bejoui\Desktop\ai-code-review-platform\apps\dashboard\components\dashboard\DashboardLayout
2026-04-06T23:18:02.883Z next:jsconfig-paths-plugin skipping request as it is an absolute path C:\Users\Ahmed Amin Bejoui\Desktop\ai-code-review-platform\apps\dashboard\components\dashboard\dashboard-user-provider
2026-04-06T23:18:02.883Z next:jsconfig-paths-plugin skipping request as it is an absolute path C:\Users\Ahmed Amin Bejoui\Desktop\ai-code-review-platform\apps\dashboard\components\ui\card
2026-04-06T23:18:02.884Z next:jsconfig-paths-plugin skipping request as it is an absolute path C:\Users\Ahmed Amin Bejoui\Desktop\ai-code-review-platform\apps\dashboard\components\ui\card
2026-04-06T23:18:02.884Z next:jsconfig-paths-plugin skipping request as it is an absolute path C:\Users\Ahmed Amin Bejoui\Desktop\ai-code-review-platform\apps\dashboard\components\ui\button
2026-04-06T23:18:02.884Z next:jsconfig-paths-plugin skipping request as it is an absolute path C:\Users\Ahmed Amin Bejoui\Desktop\ai-code-review-platform\apps\dashboard\components\ui\card
2026-04-06T23:18:02.884Z next:jsconfig-paths-plugin skipping request as it is an absolute path C:\Users\Ahmed Amin Bejoui\Desktop\ai-code-review-platform\apps\dashboard\components\ui\button
2026-04-06T23:18:02.884Z next:jsconfig-paths-plugin skipping request as it is an absolute path C:\Users\Ahmed Amin Bejoui\Desktop\ai-code-review-platform\apps\dashboard\components\ui\card
2026-04-06T23:18:02.884Z next:jsconfig-paths-plugin skipping request as it is an absolute path C:\Users\Ahmed Amin Bejoui\Desktop\ai-code-review-platform\apps\dashboard\components\ui\button
2026-04-06T23:18:02.884Z next:jsconfig-paths-plugin skipping request as it is an absolute path C:\Users\Ahmed Amin Bejoui\Desktop\ai-code-review-platform\apps\dashboard\components\dashboard\AnalysisTimeline
2026-04-06T23:18:02.885Z next:jsconfig-paths-plugin skipping request as it is an absolute path C:\Users\Ahmed Amin Bejoui\Desktop\ai-code-review-platform\apps\dashboard\components\dashboard\AnalysesPageHeader
2026-04-06T23:18:02.885Z next:jsconfig-paths-plugin skipping request as it is an absolute path C:\Users\Ahmed Amin Bejoui\Desktop\ai-code-review-platform\apps\dashboard\components\ui\circuit-loader
2026-04-06T23:18:02.885Z next:jsconfig-paths-plugin skipping request as it is an absolute path C:\Users\Ahmed Amin Bejoui\Desktop\ai-code-review-platform\apps\dashboard\components\ui\badge
2026-04-06T23:18:02.885Z next:jsconfig-paths-plugin skipping request as it is an absolute path C:\Users\Ahmed Amin Bejoui\Desktop\ai-code-review-platform\apps\dashboard\components\ui\badge
2026-04-06T23:18:02.885Z next:jsconfig-paths-plugin skipping request as it is an absolute path C:\Users\Ahmed Amin Bejoui\Desktop\ai-code-review-platform\apps\dashboard\components\ui\badge
2026-04-06T23:18:02.885Z next:jsconfig-paths-plugin skipping request as it is an absolute path C:\Users\Ahmed Amin Bejoui\Desktop\ai-code-review-platform\apps\dashboard\components\ui\badge
2026-04-06T23:18:02.885Z next:jsconfig-paths-plugin skipping request as it is an absolute path C:\Users\Ahmed Amin Bejoui\Desktop\ai-code-review-platform\apps\dashboard\components\ui\input
2026-04-06T23:18:02.885Z next:jsconfig-paths-plugin skipping request as it is an absolute path C:\Users\Ahmed Amin Bejoui\Desktop\ai-code-review-platform\apps\dashboard\components\ui\input
2026-04-06T23:18:02.885Z next:jsconfig-paths-plugin skipping request as it is an absolute path C:\Users\Ahmed Amin Bejoui\Desktop\ai-code-review-platform\apps\dashboard\components\ui\input
2026-04-06T23:18:02.885Z next:jsconfig-paths-plugin skipping request as it is an absolute path C:\Users\Ahmed Amin Bejoui\Desktop\ai-code-review-platform\apps\dashboard\components\ui\textarea
2026-04-06T23:18:02.885Z next:jsconfig-paths-plugin skipping request as it is an absolute path C:\Users\Ahmed Amin Bejoui\Desktop\ai-code-review-platform\apps\dashboard\components\ui\progress
2026-04-06T23:18:02.885Z next:jsconfig-paths-plugin skipping request as it is an absolute path C:\Users\Ahmed Amin Bejoui\Desktop\ai-code-review-platform\apps\dashboard\components\ui\progress
2026-04-06T23:18:02.885Z next:jsconfig-paths-plugin skipping request as it is an absolute path C:\Users\Ahmed Amin Bejoui\Desktop\ai-code-review-platform\apps\dashboard\components\ui\select
2026-04-06T23:18:02.885Z next:jsconfig-paths-plugin skipping request as it is an absolute path C:\Users\Ahmed Amin Bejoui\Desktop\ai-code-review-platform\apps\dashboard\components\ui\select
2026-04-06T23:18:02.885Z next:jsconfig-paths-plugin skipping request as it is an absolute path C:\Users\Ahmed Amin Bejoui\Desktop\ai-code-review-platform\apps\dashboard\components\ui\dropdown-menu
2026-04-06T23:18:02.885Z next:jsconfig-paths-plugin skipping request as it is an absolute path C:\Users\Ahmed Amin Bejoui\Desktop\ai-code-review-platform\apps\dashboard\components\ui\dropdown-menu
2026-04-06T23:18:02.885Z next:jsconfig-paths-plugin skipping request as it is an absolute path C:\Users\Ahmed Amin Bejoui\Desktop\ai-code-review-platform\apps\dashboard\components\dashboard\CreateProjectDialog
2026-04-06T23:18:02.886Z next:jsconfig-paths-plugin moduleName did not match any paths pattern react/jsx-runtime
2026-04-06T23:18:02.886Z next:jsconfig-paths-plugin moduleName did not match any paths pattern react
2026-04-06T23:18:02.886Z next:jsconfig-paths-plugin skipping request as it is an absolute path C:\Users\Ahmed Amin Bejoui\Desktop\ai-code-review-platform\apps\dashboard\components\ui\card
2026-04-06T23:18:02.886Z next:jsconfig-paths-plugin skipping request as it is an absolute path C:\Users\Ahmed Amin Bejoui\Desktop\ai-code-review-platform\apps\dashboard\components\ui\button
2026-04-06T23:18:02.886Z next:jsconfig-paths-plugin skipping request as it is an absolute path C:\Users\Ahmed Amin Bejoui\Desktop\ai-code-review-platform\apps\dashboard\components\ui\badge
2026-04-06T23:18:02.886Z next:jsconfig-paths-plugin skipping request as it is an absolute path C:\Users\Ahmed Amin Bejoui\Desktop\ai-code-review-platform\apps\dashboard\components\ui\input
2026-04-06T23:18:02.886Z next:jsconfig-paths-plugin skipping request as it is an absolute path C:\Users\Ahmed Amin Bejoui\Desktop\ai-code-review-platform\apps\dashboard\components\ui\select
2026-04-06T23:18:02.886Z next:jsconfig-paths-plugin moduleName did not match any paths pattern react/jsx-runtime
2026-04-06T23:18:02.886Z next:jsconfig-paths-plugin moduleName did not match any paths pattern react
2026-04-06T23:18:02.887Z next:jsconfig-paths-plugin moduleName did not match any paths pattern react/jsx-runtime
2026-04-06T23:18:02.887Z next:jsconfig-paths-plugin moduleName did not match any paths pattern react
2026-04-06T23:18:02.887Z next:jsconfig-paths-plugin moduleName did not match any paths pattern react/jsx-runtime
2026-04-06T23:18:02.887Z next:jsconfig-paths-plugin moduleName did not match any paths pattern react
2026-04-06T23:18:02.887Z next:jsconfig-paths-plugin moduleName did not match any paths pattern react/jsx-runtime
2026-04-06T23:18:02.888Z next:jsconfig-paths-plugin moduleName did not match any paths pattern react
2026-04-06T23:18:02.888Z next:jsconfig-paths-plugin moduleName did not match any paths pattern react/jsx-runtime
2026-04-06T23:18:02.888Z next:jsconfig-paths-plugin moduleName did not match any paths pattern react
2026-04-06T23:18:02.888Z next:jsconfig-paths-plugin moduleName did not match any paths pattern react/jsx-runtime
2026-04-06T23:18:02.888Z next:jsconfig-paths-plugin moduleName did not match any paths pattern react
2026-04-06T23:18:02.888Z next:jsconfig-paths-plugin skipping request as it is an absolute path C:\Users\Ahmed Amin Bejoui\Desktop\ai-code-review-platform\apps\dashboard\components\dashboard\ThemeProvider
2026-04-06T23:18:02.889Z next:jsconfig-paths-plugin moduleName did not match any paths pattern next/dist/server/future/route-modules/app-page/vendored/ssr/react-jsx-runtime
2026-04-06T23:18:02.889Z next:jsconfig-paths-plugin moduleName did not match any paths pattern next/dist/server/future/route-modules/app-page/vendored/ssr/react
2026-04-06T23:18:02.890Z next:jsconfig-paths-plugin moduleName did not match any paths pattern react/jsx-runtime
2026-04-06T23:18:02.890Z next:jsconfig-paths-plugin moduleName did not match any paths pattern react
2026-04-06T23:18:02.893Z next:jsconfig-paths-plugin skipping request as it is an absolute path C:\Users\Ahmed Amin Bejoui\Desktop\ai-code-review-platform\apps\dashboard\components\dashboard\DashboardLayout
2026-04-06T23:18:02.893Z next:jsconfig-paths-plugin skipping request as it is an absolute path C:\Users\Ahmed Amin Bejoui\Desktop\ai-code-review-platform\apps\dashboard\components\dashboard\dashboard-user-provider
2026-04-06T23:18:02.893Z next:jsconfig-paths-plugin skipping request as it is an absolute path C:\Users\Ahmed Amin Bejoui\Desktop\ai-code-review-platform\apps\dashboard\node_modules\next/dist/server/future/route-modules/app-page/vendored/ssr/react-jsx-runtime
2026-04-06T23:18:02.894Z next:jsconfig-paths-plugin skipping request as it is an absolute path C:\Users\Ahmed Amin Bejoui\Desktop\ai-code-review-platform\apps\dashboard\node_modules\next/dist/server/future/route-modules/app-page/vendored/ssr/react
2026-04-06T23:18:02.894Z next:jsconfig-paths-plugin moduleName did not match any paths pattern next/dist/server/future/route-modules/app-page/vendored/ssr/react-jsx-runtime
2026-04-06T23:18:02.894Z next:jsconfig-paths-plugin moduleName did not match any paths pattern next/dist/server/future/route-modules/app-page/vendored/ssr/react
2026-04-06T23:18:02.895Z next:jsconfig-paths-plugin moduleName did not match any paths pattern next/dist/server/future/route-modules/app-page/vendored/ssr/react-jsx-runtime
2026-04-06T23:18:02.895Z next:jsconfig-paths-plugin moduleName did not match any paths pattern next/dist/server/future/route-modules/app-page/vendored/ssr/react
2026-04-06T23:18:02.895Z next:jsconfig-paths-plugin moduleName did not match any paths pattern next/dist/server/future/route-modules/app-page/vendored/ssr/react-jsx-runtime
2026-04-06T23:18:02.895Z next:jsconfig-paths-plugin moduleName did not match any paths pattern next/dist/server/future/route-modules/app-page/vendored/ssr/react
2026-04-06T23:18:02.895Z next:jsconfig-paths-plugin moduleName did not match any paths pattern next/dist/server/future/route-modules/app-page/vendored/ssr/react-jsx-runtime
2026-04-06T23:18:02.895Z next:jsconfig-paths-plugin moduleName did not match any paths pattern next/dist/server/future/route-modules/app-page/vendored/ssr/react
2026-04-06T23:18:02.895Z next:jsconfig-paths-plugin moduleName did not match any paths pattern next/dist/server/future/route-modules/app-page/vendored/ssr/react-jsx-runtime
2026-04-06T23:18:02.895Z next:jsconfig-paths-plugin moduleName did not match any paths pattern next/dist/server/future/route-modules/app-page/vendored/ssr/react
2026-04-06T23:18:02.896Z next:jsconfig-paths-plugin moduleName did not match any paths pattern next/dist/server/future/route-modules/app-page/vendored/ssr/react-jsx-runtime
2026-04-06T23:18:02.896Z next:jsconfig-paths-plugin moduleName did not match any paths pattern next/dist/server/future/route-modules/app-page/vendored/ssr/react
2026-04-06T23:18:02.897Z next:jsconfig-paths-plugin skipping request as it is an absolute path C:\Users\Ahmed Amin Bejoui\Desktop\ai-code-review-platform\apps\dashboard\components\ui\card
2026-04-06T23:18:02.897Z next:jsconfig-paths-plugin skipping request as it is an absolute path C:\Users\Ahmed Amin Bejoui\Desktop\ai-code-review-platform\apps\dashboard\components\ui\card
2026-04-06T23:18:02.897Z next:jsconfig-paths-plugin skipping request as it is an absolute path C:\Users\Ahmed Amin Bejoui\Desktop\ai-code-review-platform\apps\dashboard\components\ui\button
2026-04-06T23:18:02.897Z next:jsconfig-paths-plugin skipping request as it is an absolute path C:\Users\Ahmed Amin Bejoui\Desktop\ai-code-review-platform\apps\dashboard\components\ui\card
2026-04-06T23:18:02.898Z next:jsconfig-paths-plugin skipping request as it is an absolute path C:\Users\Ahmed Amin Bejoui\Desktop\ai-code-review-platform\apps\dashboard\components\ui\button
2026-04-06T23:18:02.898Z next:jsconfig-paths-plugin skipping request as it is an absolute path C:\Users\Ahmed Amin Bejoui\Desktop\ai-code-review-platform\apps\dashboard\components\ui\card
2026-04-06T23:18:02.898Z next:jsconfig-paths-plugin skipping request as it is an absolute path C:\Users\Ahmed Amin Bejoui\Desktop\ai-code-review-platform\apps\dashboard\components\ui\button
2026-04-06T23:18:02.898Z next:jsconfig-paths-plugin skipping request as it is an absolute path C:\Users\Ahmed Amin Bejoui\Desktop\ai-code-review-platform\apps\dashboard\components\dashboard\AnalysisTimeline
2026-04-06T23:18:02.898Z next:jsconfig-paths-plugin skipping request as it is an absolute path C:\Users\Ahmed Amin Bejoui\Desktop\ai-code-review-platform\apps\dashboard\components\dashboard\AnalysesPageHeader
2026-04-06T23:18:02.898Z next:jsconfig-paths-plugin skipping request as it is an absolute path C:\Users\Ahmed Amin Bejoui\Desktop\ai-code-review-platform\apps\dashboard\components\ui\circuit-loader
2026-04-06T23:18:02.899Z next:jsconfig-paths-plugin skipping request as it is an absolute path C:\Users\Ahmed Amin Bejoui\Desktop\ai-code-review-platform\apps\dashboard\components\ui\badge
2026-04-06T23:18:02.899Z next:jsconfig-paths-plugin skipping request as it is an absolute path C:\Users\Ahmed Amin Bejoui\Desktop\ai-code-review-platform\apps\dashboard\components\ui\badge
2026-04-06T23:18:02.899Z next:jsconfig-paths-plugin skipping request as it is an absolute path C:\Users\Ahmed Amin Bejoui\Desktop\ai-code-review-platform\apps\dashboard\components\ui\badge
2026-04-06T23:18:02.899Z next:jsconfig-paths-plugin skipping request as it is an absolute path C:\Users\Ahmed Amin Bejoui\Desktop\ai-code-review-platform\apps\dashboard\components\ui\badge
2026-04-06T23:18:02.899Z next:jsconfig-paths-plugin skipping request as it is an absolute path C:\Users\Ahmed Amin Bejoui\Desktop\ai-code-review-platform\apps\dashboard\components\ui\input
2026-04-06T23:18:02.899Z next:jsconfig-paths-plugin skipping request as it is an absolute path C:\Users\Ahmed Amin Bejoui\Desktop\ai-code-review-platform\apps\dashboard\components\ui\input
2026-04-06T23:18:02.900Z next:jsconfig-paths-plugin skipping request as it is an absolute path C:\Users\Ahmed Amin Bejoui\Desktop\ai-code-review-platform\apps\dashboard\components\ui\input
2026-04-06T23:18:02.900Z next:jsconfig-paths-plugin skipping request as it is an absolute path C:\Users\Ahmed Amin Bejoui\Desktop\ai-code-review-platform\apps\dashboard\components\ui\textarea
2026-04-06T23:18:02.900Z next:jsconfig-paths-plugin skipping request as it is an absolute path C:\Users\Ahmed Amin Bejoui\Desktop\ai-code-review-platform\apps\dashboard\components\ui\progress
2026-04-06T23:18:02.900Z next:jsconfig-paths-plugin skipping request as it is an absolute path C:\Users\Ahmed Amin Bejoui\Desktop\ai-code-review-platform\apps\dashboard\components\ui\progress
2026-04-06T23:18:02.900Z next:jsconfig-paths-plugin skipping request as it is an absolute path C:\Users\Ahmed Amin Bejoui\Desktop\ai-code-review-platform\apps\dashboard\components\ui\select
2026-04-06T23:18:02.900Z next:jsconfig-paths-plugin skipping request as it is an absolute path C:\Users\Ahmed Amin Bejoui\Desktop\ai-code-review-platform\apps\dashboard\components\ui\select
2026-04-06T23:18:02.901Z next:jsconfig-paths-plugin skipping request as it is an absolute path C:\Users\Ahmed Amin Bejoui\Desktop\ai-code-review-platform\apps\dashboard\components\ui\dropdown-menu
2026-04-06T23:18:02.901Z next:jsconfig-paths-plugin skipping request as it is an absolute path C:\Users\Ahmed Amin Bejoui\Desktop\ai-code-review-platform\apps\dashboard\components\ui\dropdown-menu
2026-04-06T23:18:02.901Z next:jsconfig-paths-plugin skipping request as it is an absolute path C:\Users\Ahmed Amin Bejoui\Desktop\ai-code-review-platform\apps\dashboard\components\dashboard\CreateProjectDialog
2026-04-06T23:18:02.901Z next:jsconfig-paths-plugin moduleName did not match any paths pattern next/dist/server/future/route-modules/app-page/vendored/ssr/react-jsx-runtime
2026-04-06T23:18:02.902Z next:jsconfig-paths-plugin moduleName did not match any paths pattern next/dist/server/future/route-modules/app-page/vendored/ssr/react
2026-04-06T23:18:02.902Z next:jsconfig-paths-plugin skipping request as it is an absolute path C:\Users\Ahmed Amin Bejoui\Desktop\ai-code-review-platform\apps\dashboard\node_modules\next/dist/server/future/route-modules/app-page/vendored/ssr/react-jsx-runtime
2026-04-06T23:18:02.903Z next:jsconfig-paths-plugin skipping request as it is an absolute path C:\Users\Ahmed Amin Bejoui\Desktop\ai-code-review-platform\apps\dashboard\node_modules\next/dist/server/future/route-modules/app-page/vendored/ssr/react
2026-04-06T23:18:02.931Z next:jsconfig-paths-plugin skipping request as it is an absolute path C:\Users\Ahmed Amin Bejoui\Desktop\ai-code-review-platform\apps\dashboard\node_modules\next/dist/server/future/route-modules/app-page/vendored/ssr/react-jsx-runtime
2026-04-06T23:18:02.931Z next:jsconfig-paths-plugin skipping request as it is an absolute path C:\Users\Ahmed Amin Bejoui\Desktop\ai-code-review-platform\apps\dashboard\node_modules\next/dist/server/future/route-modules/app-page/vendored/ssr/react
2026-04-06T23:18:02.931Z next:jsconfig-paths-plugin skipping request as it is an absolute path C:\Users\Ahmed Amin Bejoui\Desktop\ai-code-review-platform\apps\dashboard\node_modules\next/dist/server/future/route-modules/app-page/vendored/ssr/react-jsx-runtime
2026-04-06T23:18:02.931Z next:jsconfig-paths-plugin skipping request as it is an absolute path C:\Users\Ahmed Amin Bejoui\Desktop\ai-code-review-platform\apps\dashboard\node_modules\next/dist/server/future/route-modules/app-page/vendored/ssr/react
2026-04-06T23:18:02.932Z next:jsconfig-paths-plugin skipping request as it is an absolute path C:\Users\Ahmed Amin Bejoui\Desktop\ai-code-review-platform\apps\dashboard\node_modules\next/dist/server/future/route-modules/app-page/vendored/ssr/react-jsx-runtime
2026-04-06T23:18:02.932Z next:jsconfig-paths-plugin skipping request as it is an absolute path C:\Users\Ahmed Amin Bejoui\Desktop\ai-code-review-platform\apps\dashboard\node_modules\next/dist/server/future/route-modules/app-page/vendored/ssr/react
2026-04-06T23:18:02.932Z next:jsconfig-paths-plugin skipping request as it is an absolute path C:\Users\Ahmed Amin Bejoui\Desktop\ai-code-review-platform\apps\dashboard\node_modules\next/dist/server/future/route-modules/app-page/vendored/ssr/react-jsx-runtime
2026-04-06T23:18:02.932Z next:jsconfig-paths-plugin skipping request as it is an absolute path C:\Users\Ahmed Amin Bejoui\Desktop\ai-code-review-platform\apps\dashboard\node_modules\next/dist/server/future/route-modules/app-page/vendored/ssr/react
2026-04-06T23:18:02.932Z next:jsconfig-paths-plugin skipping request as it is an absolute path C:\Users\Ahmed Amin Bejoui\Desktop\ai-code-review-platform\apps\dashboard\node_modules\next/dist/server/future/route-modules/app-page/vendored/ssr/react-jsx-runtime
2026-04-06T23:18:02.932Z next:jsconfig-paths-plugin skipping request as it is an absolute path C:\Users\Ahmed Amin Bejoui\Desktop\ai-code-review-platform\apps\dashboard\node_modules\next/dist/server/future/route-modules/app-page/vendored/ssr/react
2026-04-06T23:18:02.950Z next:jsconfig-paths-plugin skipping request as it is an absolute path C:\Users\Ahmed Amin Bejoui\Desktop\ai-code-review-platform\apps\dashboard\components\ui\card
2026-04-06T23:18:02.950Z next:jsconfig-paths-plugin skipping request as it is an absolute path C:\Users\Ahmed Amin Bejoui\Desktop\ai-code-review-platform\apps\dashboard\components\ui\button
2026-04-06T23:18:02.951Z next:jsconfig-paths-plugin skipping request as it is an absolute path C:\Users\Ahmed Amin Bejoui\Desktop\ai-code-review-platform\apps\dashboard\components\ui\badge
2026-04-06T23:18:02.951Z next:jsconfig-paths-plugin skipping request as it is an absolute path C:\Users\Ahmed Amin Bejoui\Desktop\ai-code-review-platform\apps\dashboard\components\ui\input
2026-04-06T23:18:02.951Z next:jsconfig-paths-plugin skipping request as it is an absolute path C:\Users\Ahmed Amin Bejoui\Desktop\ai-code-review-platform\apps\dashboard\components\ui\select
2026-04-06T23:18:02.971Z next:jsconfig-paths-plugin skipping request as it is an absolute path C:\Users\Ahmed Amin Bejoui\Desktop\ai-code-review-platform\apps\dashboard\node_modules\next/dist/server/future/route-modules/app-page/vendored/ssr/react-jsx-runtime
2026-04-06T23:18:02.972Z next:jsconfig-paths-plugin skipping request as it is an absolute path C:\Users\Ahmed Amin Bejoui\Desktop\ai-code-review-platform\apps\dashboard\node_modules\next/dist/server/future/route-modules/app-page/vendored/ssr/react
2026-04-06T23:18:02.977Z next:jsconfig-paths-plugin skipping request as it is an absolute path C:\Users\Ahmed Amin Bejoui\Desktop\ai-code-review-platform\apps\dashboard\components\dashboard\ThemeProvider
2026-04-06T23:18:02.980Z next:jsconfig-paths-plugin skipping request as it is an absolute path C:\Users\Ahmed Amin Bejoui\Desktop\ai-code-review-platform\apps\dashboard\components\dashboard\DashboardLayout
2026-04-06T23:18:02.981Z next:jsconfig-paths-plugin skipping request as it is an absolute path C:\Users\Ahmed Amin Bejoui\Desktop\ai-code-review-platform\apps\dashboard\components\dashboard\dashboard-user-provider
2026-04-06T23:18:03.095Z next:jsconfig-paths-plugin skipping request as it is an absolute path C:\Users\Ahmed Amin Bejoui\Desktop\ai-code-review-platform\apps\dashboard\components\ui\card
2026-04-06T23:18:03.095Z next:jsconfig-paths-plugin skipping request as it is an absolute path C:\Users\Ahmed Amin Bejoui\Desktop\ai-code-review-platform\apps\dashboard\components\ui\card
2026-04-06T23:18:03.095Z next:jsconfig-paths-plugin skipping request as it is an absolute path C:\Users\Ahmed Amin Bejoui\Desktop\ai-code-review-platform\apps\dashboard\components\ui\button
2026-04-06T23:18:03.095Z next:jsconfig-paths-plugin skipping request as it is an absolute path C:\Users\Ahmed Amin Bejoui\Desktop\ai-code-review-platform\apps\dashboard\components\ui\card
2026-04-06T23:18:03.095Z next:jsconfig-paths-plugin skipping request as it is an absolute path C:\Users\Ahmed Amin Bejoui\Desktop\ai-code-review-platform\apps\dashboard\components\ui\button
2026-04-06T23:18:03.095Z next:jsconfig-paths-plugin skipping request as it is an absolute path C:\Users\Ahmed Amin Bejoui\Desktop\ai-code-review-platform\apps\dashboard\components\ui\card
2026-04-06T23:18:03.095Z next:jsconfig-paths-plugin skipping request as it is an absolute path C:\Users\Ahmed Amin Bejoui\Desktop\ai-code-review-platform\apps\dashboard\components\ui\button
2026-04-06T23:18:03.095Z next:jsconfig-paths-plugin skipping request as it is an absolute path C:\Users\Ahmed Amin Bejoui\Desktop\ai-code-review-platform\apps\dashboard\components\dashboard\AnalysisTimeline
2026-04-06T23:18:03.095Z next:jsconfig-paths-plugin skipping request as it is an absolute path C:\Users\Ahmed Amin Bejoui\Desktop\ai-code-review-platform\apps\dashboard\components\dashboard\AnalysesPageHeader
2026-04-06T23:18:03.095Z next:jsconfig-paths-plugin skipping request as it is an absolute path C:\Users\Ahmed Amin Bejoui\Desktop\ai-code-review-platform\apps\dashboard\components\ui\circuit-loader
2026-04-06T23:18:03.095Z next:jsconfig-paths-plugin skipping request as it is an absolute path C:\Users\Ahmed Amin Bejoui\Desktop\ai-code-review-platform\apps\dashboard\components\ui\badge
2026-04-06T23:18:03.096Z next:jsconfig-paths-plugin skipping request as it is an absolute path C:\Users\Ahmed Amin Bejoui\Desktop\ai-code-review-platform\apps\dashboard\components\ui\badge
2026-04-06T23:18:03.096Z next:jsconfig-paths-plugin skipping request as it is an absolute path C:\Users\Ahmed Amin Bejoui\Desktop\ai-code-review-platform\apps\dashboard\components\ui\badge
2026-04-06T23:18:03.096Z next:jsconfig-paths-plugin skipping request as it is an absolute path C:\Users\Ahmed Amin Bejoui\Desktop\ai-code-review-platform\apps\dashboard\components\ui\badge
2026-04-06T23:18:03.096Z next:jsconfig-paths-plugin skipping request as it is an absolute path C:\Users\Ahmed Amin Bejoui\Desktop\ai-code-review-platform\apps\dashboard\components\ui\input
2026-04-06T23:18:03.096Z next:jsconfig-paths-plugin skipping request as it is an absolute path C:\Users\Ahmed Amin Bejoui\Desktop\ai-code-review-platform\apps\dashboard\components\ui\input
2026-04-06T23:18:03.096Z next:jsconfig-paths-plugin skipping request as it is an absolute path C:\Users\Ahmed Amin Bejoui\Desktop\ai-code-review-platform\apps\dashboard\components\ui\input
2026-04-06T23:18:03.096Z next:jsconfig-paths-plugin skipping request as it is an absolute path C:\Users\Ahmed Amin Bejoui\Desktop\ai-code-review-platform\apps\dashboard\components\ui\textarea
2026-04-06T23:18:03.096Z next:jsconfig-paths-plugin skipping request as it is an absolute path C:\Users\Ahmed Amin Bejoui\Desktop\ai-code-review-platform\apps\dashboard\components\ui\progress
2026-04-06T23:18:03.096Z next:jsconfig-paths-plugin skipping request as it is an absolute path C:\Users\Ahmed Amin Bejoui\Desktop\ai-code-review-platform\apps\dashboard\components\ui\progress
2026-04-06T23:18:03.097Z next:jsconfig-paths-plugin skipping request as it is an absolute path C:\Users\Ahmed Amin Bejoui\Desktop\ai-code-review-platform\apps\dashboard\components\ui\select
2026-04-06T23:18:03.098Z next:jsconfig-paths-plugin skipping request as it is an absolute path C:\Users\Ahmed Amin Bejoui\Desktop\ai-code-review-platform\apps\dashboard\components\ui\select
2026-04-06T23:18:03.098Z next:jsconfig-paths-plugin skipping request as it is an absolute path C:\Users\Ahmed Amin Bejoui\Desktop\ai-code-review-platform\apps\dashboard\components\ui\dropdown-menu
2026-04-06T23:18:03.098Z next:jsconfig-paths-plugin skipping request as it is an absolute path C:\Users\Ahmed Amin Bejoui\Desktop\ai-code-review-platform\apps\dashboard\components\ui\dropdown-menu
2026-04-06T23:18:03.098Z next:jsconfig-paths-plugin skipping request as it is an absolute path C:\Users\Ahmed Amin Bejoui\Desktop\ai-code-review-platform\apps\dashboard\components\dashboard\CreateProjectDialog
2026-04-06T23:18:03.102Z next:jsconfig-paths-plugin skipping request as it is an absolute path C:\Users\Ahmed Amin Bejoui\Desktop\ai-code-review-platform\apps\dashboard\components\ui\card
2026-04-06T23:18:03.102Z next:jsconfig-paths-plugin skipping request as it is an absolute path C:\Users\Ahmed Amin Bejoui\Desktop\ai-code-review-platform\apps\dashboard\components\ui\button
2026-04-06T23:18:03.102Z next:jsconfig-paths-plugin skipping request as it is an absolute path C:\Users\Ahmed Amin Bejoui\Desktop\ai-code-review-platform\apps\dashboard\components\ui\badge
2026-04-06T23:18:03.102Z next:jsconfig-paths-plugin skipping request as it is an absolute path C:\Users\Ahmed Amin Bejoui\Desktop\ai-code-review-platform\apps\dashboard\components\ui\input
2026-04-06T23:18:03.102Z next:jsconfig-paths-plugin skipping request as it is an absolute path C:\Users\Ahmed Amin Bejoui\Desktop\ai-code-review-platform\apps\dashboard\components\ui\select
2026-04-06T23:18:03.163Z next:jsconfig-paths-plugin skipping request as it is an absolute path C:\Users\Ahmed Amin Bejoui\Desktop\ai-code-review-platform\apps\dashboard\components\dashboard\ThemeProvider
2026-04-06T23:18:03.165Z next:jsconfig-paths-plugin skipping request as it is an absolute path C:\Users\Ahmed Amin Bejoui\Desktop\ai-code-review-platform\apps\dashboard\components\dashboard\DashboardLayout
2026-04-06T23:18:03.165Z next:jsconfig-paths-plugin skipping request as it is an absolute path C:\Users\Ahmed Amin Bejoui\Desktop\ai-code-review-platform\apps\dashboard\components\dashboard\dashboard-user-provider
2026-04-06T23:18:03.165Z next:jsconfig-paths-plugin skipping request as it is an absolute path C:\Users\Ahmed Amin Bejoui\Desktop\ai-code-review-platform\apps\dashboard\components\ui\card
2026-04-06T23:18:03.165Z next:jsconfig-paths-plugin skipping request as it is an absolute path C:\Users\Ahmed Amin Bejoui\Desktop\ai-code-review-platform\apps\dashboard\components\ui\card
2026-04-06T23:18:03.166Z next:jsconfig-paths-plugin skipping request as it is an absolute path C:\Users\Ahmed Amin Bejoui\Desktop\ai-code-review-platform\apps\dashboard\components\ui\button
2026-04-06T23:18:03.166Z next:jsconfig-paths-plugin skipping request as it is an absolute path C:\Users\Ahmed Amin Bejoui\Desktop\ai-code-review-platform\apps\dashboard\components\ui\card
2026-04-06T23:18:03.166Z next:jsconfig-paths-plugin skipping request as it is an absolute path C:\Users\Ahmed Amin Bejoui\Desktop\ai-code-review-platform\apps\dashboard\components\ui\button
2026-04-06T23:18:03.166Z next:jsconfig-paths-plugin skipping request as it is an absolute path C:\Users\Ahmed Amin Bejoui\Desktop\ai-code-review-platform\apps\dashboard\components\ui\card
2026-04-06T23:18:03.166Z next:jsconfig-paths-plugin skipping request as it is an absolute path C:\Users\Ahmed Amin Bejoui\Desktop\ai-code-review-platform\apps\dashboard\components\ui\button
2026-04-06T23:18:03.166Z next:jsconfig-paths-plugin skipping request as it is an absolute path C:\Users\Ahmed Amin Bejoui\Desktop\ai-code-review-platform\apps\dashboard\components\dashboard\AnalysisTimeline
2026-04-06T23:18:03.166Z next:jsconfig-paths-plugin skipping request as it is an absolute path C:\Users\Ahmed Amin Bejoui\Desktop\ai-code-review-platform\apps\dashboard\components\dashboard\AnalysesPageHeader
2026-04-06T23:18:03.166Z next:jsconfig-paths-plugin skipping request as it is an absolute path C:\Users\Ahmed Amin Bejoui\Desktop\ai-code-review-platform\apps\dashboard\components\ui\circuit-loader
2026-04-06T23:18:03.166Z next:jsconfig-paths-plugin skipping request as it is an absolute path C:\Users\Ahmed Amin Bejoui\Desktop\ai-code-review-platform\apps\dashboard\components\ui\badge
2026-04-06T23:18:03.166Z next:jsconfig-paths-plugin skipping request as it is an absolute path C:\Users\Ahmed Amin Bejoui\Desktop\ai-code-review-platform\apps\dashboard\components\ui\badge
2026-04-06T23:18:03.166Z next:jsconfig-paths-plugin skipping request as it is an absolute path C:\Users\Ahmed Amin Bejoui\Desktop\ai-code-review-platform\apps\dashboard\components\ui\badge
2026-04-06T23:18:03.166Z next:jsconfig-paths-plugin skipping request as it is an absolute path C:\Users\Ahmed Amin Bejoui\Desktop\ai-code-review-platform\apps\dashboard\components\ui\badge
2026-04-06T23:18:03.167Z next:jsconfig-paths-plugin skipping request as it is an absolute path C:\Users\Ahmed Amin Bejoui\Desktop\ai-code-review-platform\apps\dashboard\components\ui\input
2026-04-06T23:18:03.167Z next:jsconfig-paths-plugin skipping request as it is an absolute path C:\Users\Ahmed Amin Bejoui\Desktop\ai-code-review-platform\apps\dashboard\components\ui\input
2026-04-06T23:18:03.167Z next:jsconfig-paths-plugin skipping request as it is an absolute path C:\Users\Ahmed Amin Bejoui\Desktop\ai-code-review-platform\apps\dashboard\components\ui\input
2026-04-06T23:18:03.167Z next:jsconfig-paths-plugin skipping request as it is an absolute path C:\Users\Ahmed Amin Bejoui\Desktop\ai-code-review-platform\apps\dashboard\components\ui\textarea
2026-04-06T23:18:03.167Z next:jsconfig-paths-plugin skipping request as it is an absolute path C:\Users\Ahmed Amin Bejoui\Desktop\ai-code-review-platform\apps\dashboard\components\ui\progress
2026-04-06T23:18:03.167Z next:jsconfig-paths-plugin skipping request as it is an absolute path C:\Users\Ahmed Amin Bejoui\Desktop\ai-code-review-platform\apps\dashboard\components\ui\progress
2026-04-06T23:18:03.167Z next:jsconfig-paths-plugin skipping request as it is an absolute path C:\Users\Ahmed Amin Bejoui\Desktop\ai-code-review-platform\apps\dashboard\components\ui\select
2026-04-06T23:18:03.167Z next:jsconfig-paths-plugin skipping request as it is an absolute path C:\Users\Ahmed Amin Bejoui\Desktop\ai-code-review-platform\apps\dashboard\components\ui\select
2026-04-06T23:18:03.167Z next:jsconfig-paths-plugin skipping request as it is an absolute path C:\Users\Ahmed Amin Bejoui\Desktop\ai-code-review-platform\apps\dashboard\components\ui\dropdown-menu
2026-04-06T23:18:03.167Z next:jsconfig-paths-plugin skipping request as it is an absolute path C:\Users\Ahmed Amin Bejoui\Desktop\ai-code-review-platform\apps\dashboard\components\ui\dropdown-menu
2026-04-06T23:18:03.167Z next:jsconfig-paths-plugin skipping request as it is an absolute path C:\Users\Ahmed Amin Bejoui\Desktop\ai-code-review-platform\apps\dashboard\components\dashboard\CreateProjectDialog
2026-04-06T23:18:03.168Z next:jsconfig-paths-plugin skipping request as it is an absolute path C:\Users\Ahmed Amin Bejoui\Desktop\ai-code-review-platform\apps\dashboard\components\ui\card
2026-04-06T23:18:03.168Z next:jsconfig-paths-plugin skipping request as it is an absolute path C:\Users\Ahmed Amin Bejoui\Desktop\ai-code-review-platform\apps\dashboard\components\ui\button
2026-04-06T23:18:03.169Z next:jsconfig-paths-plugin skipping request as it is an absolute path C:\Users\Ahmed Amin Bejoui\Desktop\ai-code-review-platform\apps\dashboard\components\ui\badge
2026-04-06T23:18:03.169Z next:jsconfig-paths-plugin skipping request as it is an absolute path C:\Users\Ahmed Amin Bejoui\Desktop\ai-code-review-platform\apps\dashboard\components\ui\input
2026-04-06T23:18:03.169Z next:jsconfig-paths-plugin skipping request as it is an absolute path C:\Users\Ahmed Amin Bejoui\Desktop\ai-code-review-platform\apps\dashboard\components\ui\select
2026-04-06T23:18:03.205Z next:jsconfig-paths-plugin skipping request as it is an absolute path C:\Users\Ahmed Amin Bejoui\Desktop\ai-code-review-platform\apps\dashboard\components\ui\card
2026-04-06T23:18:03.205Z next:jsconfig-paths-plugin skipping request as it is an absolute path C:\Users\Ahmed Amin Bejoui\Desktop\ai-code-review-platform\apps\dashboard\components\ui\card
2026-04-06T23:18:03.205Z next:jsconfig-paths-plugin skipping request as it is an absolute path C:\Users\Ahmed Amin Bejoui\Desktop\ai-code-review-platform\apps\dashboard\components\ui\button
2026-04-06T23:18:03.205Z next:jsconfig-paths-plugin skipping request as it is an absolute path C:\Users\Ahmed Amin Bejoui\Desktop\ai-code-review-platform\apps\dashboard\components\ui\card
2026-04-06T23:18:03.205Z next:jsconfig-paths-plugin skipping request as it is an absolute path C:\Users\Ahmed Amin Bejoui\Desktop\ai-code-review-platform\apps\dashboard\components\ui\button
2026-04-06T23:18:03.205Z next:jsconfig-paths-plugin skipping request as it is an absolute path C:\Users\Ahmed Amin Bejoui\Desktop\ai-code-review-platform\apps\dashboard\components\ui\card
2026-04-06T23:18:03.205Z next:jsconfig-paths-plugin skipping request as it is an absolute path C:\Users\Ahmed Amin Bejoui\Desktop\ai-code-review-platform\apps\dashboard\components\ui\button
2026-04-06T23:18:03.205Z next:jsconfig-paths-plugin skipping request as it is an absolute path C:\Users\Ahmed Amin Bejoui\Desktop\ai-code-review-platform\apps\dashboard\components\ui\card
2026-04-06T23:18:03.205Z next:jsconfig-paths-plugin skipping request as it is an absolute path C:\Users\Ahmed Amin Bejoui\Desktop\ai-code-review-platform\apps\dashboard\components\ui\button
2026-04-06T23:18:03.207Z next:jsconfig-paths-plugin skipping request as it is an absolute path C:\Users\Ahmed Amin Bejoui\Desktop\ai-code-review-platform\apps\dashboard\components\ui\card
2026-04-06T23:18:03.207Z next:jsconfig-paths-plugin skipping request as it is an absolute path C:\Users\Ahmed Amin Bejoui\Desktop\ai-code-review-platform\apps\dashboard\components\ui\card
2026-04-06T23:18:03.207Z next:jsconfig-paths-plugin skipping request as it is an absolute path C:\Users\Ahmed Amin Bejoui\Desktop\ai-code-review-platform\apps\dashboard\components\ui\button
2026-04-06T23:18:03.207Z next:jsconfig-paths-plugin skipping request as it is an absolute path C:\Users\Ahmed Amin Bejoui\Desktop\ai-code-review-platform\apps\dashboard\components\ui\card
2026-04-06T23:18:03.207Z next:jsconfig-paths-plugin skipping request as it is an absolute path C:\Users\Ahmed Amin Bejoui\Desktop\ai-code-review-platform\apps\dashboard\components\ui\button
2026-04-06T23:18:03.207Z next:jsconfig-paths-plugin skipping request as it is an absolute path C:\Users\Ahmed Amin Bejoui\Desktop\ai-code-review-platform\apps\dashboard\components\ui\card
2026-04-06T23:18:03.207Z next:jsconfig-paths-plugin skipping request as it is an absolute path C:\Users\Ahmed Amin Bejoui\Desktop\ai-code-review-platform\apps\dashboard\components\ui\button
2026-04-06T23:18:03.208Z next:jsconfig-paths-plugin skipping request as it is an absolute path C:\Users\Ahmed Amin Bejoui\Desktop\ai-code-review-platform\apps\dashboard\components\ui\card
2026-04-06T23:18:03.208Z next:jsconfig-paths-plugin skipping request as it is an absolute path C:\Users\Ahmed Amin Bejoui\Desktop\ai-code-review-platform\apps\dashboard\components\ui\button
2026-04-06T23:18:03.215Z next:jsconfig-paths-plugin skipping request as it is an absolute path C:\Users\Ahmed Amin Bejoui\Desktop\ai-code-review-platform\apps\dashboard\components\ui\card
2026-04-06T23:18:03.215Z next:jsconfig-paths-plugin skipping request as it is an absolute path C:\Users\Ahmed Amin Bejoui\Desktop\ai-code-review-platform\apps\dashboard\components\ui\card
2026-04-06T23:18:03.215Z next:jsconfig-paths-plugin skipping request as it is an absolute path C:\Users\Ahmed Amin Bejoui\Desktop\ai-code-review-platform\apps\dashboard\components\ui\button
2026-04-06T23:18:03.215Z next:jsconfig-paths-plugin skipping request as it is an absolute path C:\Users\Ahmed Amin Bejoui\Desktop\ai-code-review-platform\apps\dashboard\components\ui\card
2026-04-06T23:18:03.215Z next:jsconfig-paths-plugin skipping request as it is an absolute path C:\Users\Ahmed Amin Bejoui\Desktop\ai-code-review-platform\apps\dashboard\components\ui\button
2026-04-06T23:18:03.215Z next:jsconfig-paths-plugin skipping request as it is an absolute path C:\Users\Ahmed Amin Bejoui\Desktop\ai-code-review-platform\apps\dashboard\components\ui\card
2026-04-06T23:18:03.215Z next:jsconfig-paths-plugin skipping request as it is an absolute path C:\Users\Ahmed Amin Bejoui\Desktop\ai-code-review-platform\apps\dashboard\components\ui\button
2026-04-06T23:18:03.217Z next:jsconfig-paths-plugin skipping request as it is an absolute path C:\Users\Ahmed Amin Bejoui\Desktop\ai-code-review-platform\apps\dashboard\components\ui\card
2026-04-06T23:18:03.217Z next:jsconfig-paths-plugin skipping request as it is an absolute path C:\Users\Ahmed Amin Bejoui\Desktop\ai-code-review-platform\apps\dashboard\components\ui\button
2026-04-06T23:18:03.221Z next:jsconfig-paths-plugin skipping request as it is an absolute path C:\Users\Ahmed Amin Bejoui\Desktop\ai-code-review-platform\apps\dashboard\components\ui\card
2026-04-06T23:18:03.222Z next:jsconfig-paths-plugin skipping request as it is an absolute path C:\Users\Ahmed Amin Bejoui\Desktop\ai-code-review-platform\apps\dashboard\components\ui\card
2026-04-06T23:18:03.222Z next:jsconfig-paths-plugin skipping request as it is an absolute path C:\Users\Ahmed Amin Bejoui\Desktop\ai-code-review-platform\apps\dashboard\components\ui\button
2026-04-06T23:18:03.222Z next:jsconfig-paths-plugin skipping request as it is an absolute path C:\Users\Ahmed Amin Bejoui\Desktop\ai-code-review-platform\apps\dashboard\components\ui\card
2026-04-06T23:18:03.222Z next:jsconfig-paths-plugin skipping request as it is an absolute path C:\Users\Ahmed Amin Bejoui\Desktop\ai-code-review-platform\apps\dashboard\components\ui\button
2026-04-06T23:18:03.222Z next:jsconfig-paths-plugin skipping request as it is an absolute path C:\Users\Ahmed Amin Bejoui\Desktop\ai-code-review-platform\apps\dashboard\components\ui\card
2026-04-06T23:18:03.222Z next:jsconfig-paths-plugin skipping request as it is an absolute path C:\Users\Ahmed Amin Bejoui\Desktop\ai-code-review-platform\apps\dashboard\components\ui\button
2026-04-06T23:18:03.222Z next:jsconfig-paths-plugin skipping request as it is an absolute path C:\Users\Ahmed Amin Bejoui\Desktop\ai-code-review-platform\apps\dashboard\components\ui\card
2026-04-06T23:18:03.222Z next:jsconfig-paths-plugin skipping request as it is an absolute path C:\Users\Ahmed Amin Bejoui\Desktop\ai-code-review-platform\apps\dashboard\components\ui\button
2026-04-06T23:18:03.232Z next:jsconfig-paths-plugin skipping request as it is inside node_modules next/dist/api/navigation
2026-04-06T23:18:03.232Z next:jsconfig-paths-plugin skipping request as it is inside node_modules next/dist/api/navigation
2026-04-06T23:18:03.232Z next:jsconfig-paths-plugin skipping request as it is inside node_modules next/dist/api/navigation
2026-04-06T23:18:03.232Z next:jsconfig-paths-plugin skipping request as it is inside node_modules next/dist/api/navigation
2026-04-06T23:18:03.232Z next:jsconfig-paths-plugin skipping request as it is inside node_modules next/dist/api/navigation
2026-04-06T23:18:03.232Z next:jsconfig-paths-plugin skipping request as it is inside node_modules next/dist/api/navigation
2026-04-06T23:18:03.232Z next:jsconfig-paths-plugin skipping request as it is inside node_modules next/dist/api/navigation
2026-04-06T23:18:03.233Z next:jsconfig-paths-plugin skipping request as it is inside node_modules C:\Users\Ahmed Amin Bejoui\Desktop\ai-code-review-platform\apps\dashboard\node_modules\next/dist/api/navigation
2026-04-06T23:18:03.233Z next:jsconfig-paths-plugin skipping request as it is inside node_modules C:\Users\Ahmed Amin Bejoui\Desktop\ai-code-review-platform\apps\dashboard\node_modules\next/dist/api/navigation
2026-04-06T23:18:03.233Z next:jsconfig-paths-plugin skipping request as it is inside node_modules C:\Users\Ahmed Amin Bejoui\Desktop\ai-code-review-platform\apps\dashboard\node_modules\next/dist/api/navigation
2026-04-06T23:18:03.233Z next:jsconfig-paths-plugin skipping request as it is inside node_modules C:\Users\Ahmed Amin Bejoui\Desktop\ai-code-review-platform\apps\dashboard\node_modules\next/dist/api/navigation
2026-04-06T23:18:03.233Z next:jsconfig-paths-plugin skipping request as it is inside node_modules C:\Users\Ahmed Amin Bejoui\Desktop\ai-code-review-platform\apps\dashboard\node_modules\next/dist/api/navigation
2026-04-06T23:18:03.233Z next:jsconfig-paths-plugin skipping request as it is inside node_modules C:\Users\Ahmed Amin Bejoui\Desktop\ai-code-review-platform\apps\dashboard\node_modules\next/dist/api/navigation
2026-04-06T23:18:03.233Z next:jsconfig-paths-plugin skipping request as it is inside node_modules C:\Users\Ahmed Amin Bejoui\Desktop\ai-code-review-platform\apps\dashboard\node_modules\next/dist/api/navigation
2026-04-06T23:18:03.451Z next:jsconfig-paths-plugin moduleName did not match any paths pattern framer-motion
2026-04-06T23:18:03.451Z next:jsconfig-paths-plugin moduleName did not match any paths pattern react/jsx-runtime
2026-04-06T23:18:03.451Z next:jsconfig-paths-plugin moduleName did not match any paths pattern react
2026-04-06T23:18:03.452Z next:jsconfig-paths-plugin moduleName did not match any paths pattern recharts
2026-04-06T23:18:03.452Z next:jsconfig-paths-plugin moduleName did not match any paths pattern lucide-react
2026-04-06T23:18:03.452Z next:jsconfig-paths-plugin moduleName did not match any paths pattern lucide-react
2026-04-06T23:18:03.452Z next:jsconfig-paths-plugin skipping request as it is an absolute path C:\Users\Ahmed Amin Bejoui\Desktop\ai-code-review-platform\apps\dashboard\components\dashboard\dashboard-user-provider
2026-04-06T23:18:03.452Z next:jsconfig-paths-plugin skipping request as it is an absolute path C:\Users\Ahmed Amin Bejoui\Desktop\ai-code-review-platform\apps\dashboard\components\ui\card
2026-04-06T23:18:03.452Z next:jsconfig-paths-plugin skipping request as it is an absolute path C:\Users\Ahmed Amin Bejoui\Desktop\ai-code-review-platform\apps\dashboard\components\ui\badge
2026-04-06T23:18:03.452Z next:jsconfig-paths-plugin skipping request as it is an absolute path C:\Users\Ahmed Amin Bejoui\Desktop\ai-code-review-platform\apps\dashboard\components\ui\button
2026-04-06T23:18:03.452Z next:jsconfig-paths-plugin skipping request as it is an absolute path C:\Users\Ahmed Amin Bejoui\Desktop\ai-code-review-platform\apps\dashboard\components\ui\select
2026-04-06T23:18:03.452Z next:jsconfig-paths-plugin skipping request as it is an absolute path C:\Users\Ahmed Amin Bejoui\Desktop\ai-code-review-platform\apps\dashboard\components\ui\tabs
2026-04-06T23:18:03.452Z next:jsconfig-paths-plugin skipping request as it is an absolute path C:\Users\Ahmed Amin Bejoui\Desktop\ai-code-review-platform\apps\dashboard\components\ui\avatar
2026-04-06T23:18:03.453Z next:jsconfig-paths-plugin skipping request as it is an absolute path C:\Users\Ahmed Amin Bejoui\Desktop\ai-code-review-platform\apps\dashboard\components\reviewer\MetricsCharts
2026-04-06T23:18:03.453Z next:jsconfig-paths-plugin skipping request as it is an absolute path C:\Users\Ahmed Amin Bejoui\Desktop\ai-code-review-platform\apps\dashboard\node_modules\recharts\es6\index.js
2026-04-06T23:18:03.453Z next:jsconfig-paths-plugin skipping request as it is an absolute path C:\Users\Ahmed Amin Bejoui\Desktop\ai-code-review-platform\apps\dashboard\node_modules\lucide-react\dist\esm\lucide-react.js
2026-04-06T23:18:03.454Z next:jsconfig-paths-plugin skipping request as it is an absolute path C:\Users\Ahmed Amin Bejoui\Desktop\ai-code-review-platform\apps\dashboard\node_modules\lucide-react\dist\esm\lucide-react.js
2026-04-06T23:18:03.479Z next:jsconfig-paths-plugin skipping request as it is an absolute path C:\Users\Ahmed Amin Bejoui\Desktop\ai-code-review-platform\apps\dashboard\components\ui\card
2026-04-06T23:18:03.480Z next:jsconfig-paths-plugin skipping request as it is an absolute path C:\Users\Ahmed Amin Bejoui\Desktop\ai-code-review-platform\apps\dashboard\components\ui\badge
2026-04-06T23:18:03.480Z next:jsconfig-paths-plugin skipping request as it is an absolute path C:\Users\Ahmed Amin Bejoui\Desktop\ai-code-review-platform\apps\dashboard\components\ui\button
2026-04-06T23:18:03.480Z next:jsconfig-paths-plugin skipping request as it is an absolute path C:\Users\Ahmed Amin Bejoui\Desktop\ai-code-review-platform\apps\dashboard\components\ui\select
2026-04-06T23:18:03.480Z next:jsconfig-paths-plugin skipping request as it is an absolute path C:\Users\Ahmed Amin Bejoui\Desktop\ai-code-review-platform\apps\dashboard\components\dashboard\dashboard-user-provider
2026-04-06T23:18:03.480Z next:jsconfig-paths-plugin skipping request as it is an absolute path C:\Users\Ahmed Amin Bejoui\Desktop\ai-code-review-platform\apps\dashboard\components\ui\table
2026-04-06T23:18:03.480Z next:jsconfig-paths-plugin moduleName did not match any paths pattern react/jsx-runtime
2026-04-06T23:18:03.480Z next:jsconfig-paths-plugin moduleName did not match any paths pattern react
2026-04-06T23:18:03.483Z next:jsconfig-paths-plugin moduleName did not match any paths pattern next/dist/server/future/route-modules/app-page/vendored/ssr/react-jsx-runtime
2026-04-06T23:18:03.483Z next:jsconfig-paths-plugin moduleName did not match any paths pattern next/dist/server/future/route-modules/app-page/vendored/ssr/react
2026-04-06T23:18:03.483Z next:jsconfig-paths-plugin skipping request as it is an absolute path C:\Users\Ahmed Amin Bejoui\Desktop\ai-code-review-platform\apps\dashboard\components\ui\card
2026-04-06T23:18:03.483Z next:jsconfig-paths-plugin skipping request as it is an absolute path C:\Users\Ahmed Amin Bejoui\Desktop\ai-code-review-platform\apps\dashboard\components\ui\badge
2026-04-06T23:18:03.483Z next:jsconfig-paths-plugin skipping request as it is an absolute path C:\Users\Ahmed Amin Bejoui\Desktop\ai-code-review-platform\apps\dashboard\components\ui\button
2026-04-06T23:18:03.483Z next:jsconfig-paths-plugin skipping request as it is an absolute path C:\Users\Ahmed Amin Bejoui\Desktop\ai-code-review-platform\apps\dashboard\components\ui\select
2026-04-06T23:18:03.483Z next:jsconfig-paths-plugin skipping request as it is an absolute path C:\Users\Ahmed Amin Bejoui\Desktop\ai-code-review-platform\apps\dashboard\components\dashboard\dashboard-user-provider
2026-04-06T23:18:03.483Z next:jsconfig-paths-plugin skipping request as it is an absolute path C:\Users\Ahmed Amin Bejoui\Desktop\ai-code-review-platform\apps\dashboard\components\ui\table
2026-04-06T23:18:03.483Z next:jsconfig-paths-plugin skipping request as it is an absolute path C:\Users\Ahmed Amin Bejoui\Desktop\ai-code-review-platform\apps\dashboard\node_modules\next/dist/server/future/route-modules/app-page/vendored/ssr/react-jsx-runtime
2026-04-06T23:18:03.484Z next:jsconfig-paths-plugin skipping request as it is an absolute path C:\Users\Ahmed Amin Bejoui\Desktop\ai-code-review-platform\apps\dashboard\node_modules\next/dist/server/future/route-modules/app-page/vendored/ssr/react
2026-04-06T23:18:03.489Z next:jsconfig-paths-plugin skipping request as it is an absolute path C:\Users\Ahmed Amin Bejoui\Desktop\ai-code-review-platform\apps\dashboard\components\ui\card
2026-04-06T23:18:03.489Z next:jsconfig-paths-plugin skipping request as it is an absolute path C:\Users\Ahmed Amin Bejoui\Desktop\ai-code-review-platform\apps\dashboard\components\ui\badge
2026-04-06T23:18:03.489Z next:jsconfig-paths-plugin skipping request as it is an absolute path C:\Users\Ahmed Amin Bejoui\Desktop\ai-code-review-platform\apps\dashboard\components\ui\button
2026-04-06T23:18:03.489Z next:jsconfig-paths-plugin skipping request as it is an absolute path C:\Users\Ahmed Amin Bejoui\Desktop\ai-code-review-platform\apps\dashboard\components\ui\select
2026-04-06T23:18:03.489Z next:jsconfig-paths-plugin skipping request as it is an absolute path C:\Users\Ahmed Amin Bejoui\Desktop\ai-code-review-platform\apps\dashboard\components\dashboard\dashboard-user-provider
2026-04-06T23:18:03.489Z next:jsconfig-paths-plugin skipping request as it is an absolute path C:\Users\Ahmed Amin Bejoui\Desktop\ai-code-review-platform\apps\dashboard\components\ui\table
2026-04-06T23:18:03.493Z next:jsconfig-paths-plugin skipping request as it is an absolute path C:\Users\Ahmed Amin Bejoui\Desktop\ai-code-review-platform\apps\dashboard\components\ui\card
2026-04-06T23:18:03.494Z next:jsconfig-paths-plugin skipping request as it is an absolute path C:\Users\Ahmed Amin Bejoui\Desktop\ai-code-review-platform\apps\dashboard\components\ui\badge
2026-04-06T23:18:03.494Z next:jsconfig-paths-plugin skipping request as it is an absolute path C:\Users\Ahmed Amin Bejoui\Desktop\ai-code-review-platform\apps\dashboard\components\ui\button
2026-04-06T23:18:03.494Z next:jsconfig-paths-plugin skipping request as it is an absolute path C:\Users\Ahmed Amin Bejoui\Desktop\ai-code-review-platform\apps\dashboard\components\ui\select
2026-04-06T23:18:03.494Z next:jsconfig-paths-plugin skipping request as it is an absolute path C:\Users\Ahmed Amin Bejoui\Desktop\ai-code-review-platform\apps\dashboard\components\dashboard\dashboard-user-provider
2026-04-06T23:18:03.494Z next:jsconfig-paths-plugin skipping request as it is an absolute path C:\Users\Ahmed Amin Bejoui\Desktop\ai-code-review-platform\apps\dashboard\components\ui\table
2026-04-06T23:18:03.529Z next:jsconfig-paths-plugin skipping request as it is an absolute path C:\Users\Ahmed Amin Bejoui\Desktop\ai-code-review-platform\apps\dashboard\components\ui\card
2026-04-06T23:18:03.531Z next:jsconfig-paths-plugin skipping request as it is an absolute path C:\Users\Ahmed Amin Bejoui\Desktop\ai-code-review-platform\apps\dashboard\components\ui\button
2026-04-06T23:18:03.531Z next:jsconfig-paths-plugin skipping request as it is an absolute path C:\Users\Ahmed Amin Bejoui\Desktop\ai-code-review-platform\apps\dashboard\components\ui\card
2026-04-06T23:18:03.554Z next:jsconfig-paths-plugin skipping request as it is an absolute path C:\Users\Ahmed Amin Bejoui\Desktop\ai-code-review-platform\apps\dashboard\components\ui\button
2026-04-06T23:18:03.585Z next:jsconfig-paths-plugin skipping request as it is an absolute path C:\Users\Ahmed Amin Bejoui\Desktop\ai-code-review-platform\apps\dashboard\components\ui\card
2026-04-06T23:18:03.585Z next:jsconfig-paths-plugin skipping request as it is an absolute path C:\Users\Ahmed Amin Bejoui\Desktop\ai-code-review-platform\apps\dashboard\components\ui\button
2026-04-06T23:18:03.586Z next:jsconfig-paths-plugin skipping request as it is an absolute path C:\Users\Ahmed Amin Bejoui\Desktop\ai-code-review-platform\apps\dashboard\components\ui\card
2026-04-06T23:18:03.587Z next:jsconfig-paths-plugin skipping request as it is an absolute path C:\Users\Ahmed Amin Bejoui\Desktop\ai-code-review-platform\apps\dashboard\components\ui\button
2026-04-06T23:18:03.649Z next:jsconfig-paths-plugin skipping request as it is an absolute path C:\Users\Ahmed Amin Bejoui\Desktop\ai-code-review-platform\apps\dashboard\components\providers\capacitor-provider
2026-04-06T23:18:03.650Z next:jsconfig-paths-plugin skipping request as it is an absolute path C:\Users\Ahmed Amin Bejoui\Desktop\ai-code-review-platform\apps\dashboard\components\providers\capacitor-provider
2026-04-06T23:18:03.652Z next:jsconfig-paths-plugin skipping request as it is an absolute path C:\Users\Ahmed Amin Bejoui\Desktop\ai-code-review-platform\apps\dashboard\components\providers\capacitor-provider
2026-04-06T23:18:03.653Z next:jsconfig-paths-plugin skipping request as it is an absolute path C:\Users\Ahmed Amin Bejoui\Desktop\ai-code-review-platform\apps\dashboard\components\providers\capacitor-provider
2026-04-06T23:18:03.654Z next:jsconfig-paths-plugin skipping request as it is an absolute path C:\Users\Ahmed Amin Bejoui\Desktop\ai-code-review-platform\apps\dashboard\components\dashboard\new-dashboard\DashboardContent
2026-04-06T23:18:03.654Z next:jsconfig-paths-plugin skipping request as it is an absolute path C:\Users\Ahmed Amin Bejoui\Desktop\ai-code-review-platform\apps\dashboard\components\dashboard\new-dashboard\DashboardContent
2026-04-06T23:18:03.655Z next:jsconfig-paths-plugin skipping request as it is an absolute path C:\Users\Ahmed Amin Bejoui\Desktop\ai-code-review-platform\apps\dashboard\components\dashboard\new-dashboard\DashboardContent
2026-04-06T23:18:03.656Z next:jsconfig-paths-plugin skipping request as it is an absolute path C:\Users\Ahmed Amin Bejoui\Desktop\ai-code-review-platform\apps\dashboard\components\dashboard\new-dashboard\DashboardContent
2026-04-06T23:18:03.658Z next:jsconfig-paths-plugin moduleName did not match any paths pattern react/jsx-runtime
2026-04-06T23:18:03.659Z next:jsconfig-paths-plugin skipping request as it is an absolute path C:\Users\Ahmed Amin Bejoui\Desktop\ai-code-review-platform\apps\dashboard\components\dashboard\dashboard-user-provider
2026-04-06T23:18:03.659Z next:jsconfig-paths-plugin skipping request as it is an absolute path C:\Users\Ahmed Amin Bejoui\Desktop\ai-code-review-platform\apps\dashboard\lib\roles
2026-04-06T23:18:03.662Z next:jsconfig-paths-plugin skipping request as it is an absolute path C:\Users\Ahmed Amin Bejoui\Desktop\ai-code-review-platform\apps\dashboard\components\ui\card
2026-04-06T23:18:03.662Z next:jsconfig-paths-plugin skipping request as it is an absolute path C:\Users\Ahmed Amin Bejoui\Desktop\ai-code-review-platform\apps\dashboard\components\ui\badge
2026-04-06T23:18:03.662Z next:jsconfig-paths-plugin skipping request as it is an absolute path C:\Users\Ahmed Amin Bejoui\Desktop\ai-code-review-platform\apps\dashboard\components\ui\button
2026-04-06T23:18:03.663Z next:jsconfig-paths-plugin skipping request as it is an absolute path C:\Users\Ahmed Amin Bejoui\Desktop\ai-code-review-platform\apps\dashboard\components\ui\select
2026-04-06T23:18:03.663Z next:jsconfig-paths-plugin skipping request as it is an absolute path C:\Users\Ahmed Amin Bejoui\Desktop\ai-code-review-platform\apps\dashboard\components\dashboard\dashboard-user-provider
2026-04-06T23:18:03.663Z next:jsconfig-paths-plugin skipping request as it is an absolute path C:\Users\Ahmed Amin Bejoui\Desktop\ai-code-review-platform\apps\dashboard\components\ui\tabs
2026-04-06T23:18:03.663Z next:jsconfig-paths-plugin skipping request as it is an absolute path C:\Users\Ahmed Amin Bejoui\Desktop\ai-code-review-platform\apps\dashboard\components\ui\avatar
2026-04-06T23:18:03.663Z next:jsconfig-paths-plugin skipping request as it is an absolute path C:\Users\Ahmed Amin Bejoui\Desktop\ai-code-review-platform\apps\dashboard\components\reviewer\MetricsCharts
2026-04-06T23:18:03.663Z next:jsconfig-paths-plugin moduleName did not match any paths pattern react/jsx-runtime
2026-04-06T23:18:03.663Z next:jsconfig-paths-plugin moduleName did not match any paths pattern react
2026-04-06T23:18:03.664Z next:jsconfig-paths-plugin moduleName did not match any paths pattern next/dist/server/future/route-modules/app-page/vendored/ssr/react-jsx-runtime
2026-04-06T23:18:03.664Z next:jsconfig-paths-plugin moduleName did not match any paths pattern next/dist/server/future/route-modules/app-page/vendored/ssr/react
2026-04-06T23:18:03.664Z next:jsconfig-paths-plugin skipping request as it is an absolute path C:\Users\Ahmed Amin Bejoui\Desktop\ai-code-review-platform\apps\dashboard\components\ui\card
2026-04-06T23:18:03.664Z next:jsconfig-paths-plugin skipping request as it is an absolute path C:\Users\Ahmed Amin Bejoui\Desktop\ai-code-review-platform\apps\dashboard\components\ui\badge
2026-04-06T23:18:03.664Z next:jsconfig-paths-plugin skipping request as it is an absolute path C:\Users\Ahmed Amin Bejoui\Desktop\ai-code-review-platform\apps\dashboard\components\ui\button
2026-04-06T23:18:03.665Z next:jsconfig-paths-plugin skipping request as it is an absolute path C:\Users\Ahmed Amin Bejoui\Desktop\ai-code-review-platform\apps\dashboard\components\ui\select
2026-04-06T23:18:03.665Z next:jsconfig-paths-plugin skipping request as it is an absolute path C:\Users\Ahmed Amin Bejoui\Desktop\ai-code-review-platform\apps\dashboard\components\dashboard\dashboard-user-provider
2026-04-06T23:18:03.665Z next:jsconfig-paths-plugin skipping request as it is an absolute path C:\Users\Ahmed Amin Bejoui\Desktop\ai-code-review-platform\apps\dashboard\components\ui\tabs
2026-04-06T23:18:03.665Z next:jsconfig-paths-plugin skipping request as it is an absolute path C:\Users\Ahmed Amin Bejoui\Desktop\ai-code-review-platform\apps\dashboard\components\ui\avatar
2026-04-06T23:18:03.665Z next:jsconfig-paths-plugin skipping request as it is an absolute path C:\Users\Ahmed Amin Bejoui\Desktop\ai-code-review-platform\apps\dashboard\components\reviewer\MetricsCharts
2026-04-06T23:18:03.665Z next:jsconfig-paths-plugin skipping request as it is an absolute path C:\Users\Ahmed Amin Bejoui\Desktop\ai-code-review-platform\apps\dashboard\node_modules\next/dist/server/future/route-modules/app-page/vendored/ssr/react-jsx-runtime
2026-04-06T23:18:03.665Z next:jsconfig-paths-plugin skipping request as it is an absolute path C:\Users\Ahmed Amin Bejoui\Desktop\ai-code-review-platform\apps\dashboard\node_modules\next/dist/server/future/route-modules/app-page/vendored/ssr/react
2026-04-06T23:18:03.670Z next:jsconfig-paths-plugin skipping request as it is an absolute path C:\Users\Ahmed Amin Bejoui\Desktop\ai-code-review-platform\apps\dashboard\components\ui\card
2026-04-06T23:18:03.670Z next:jsconfig-paths-plugin skipping request as it is an absolute path C:\Users\Ahmed Amin Bejoui\Desktop\ai-code-review-platform\apps\dashboard\components\ui\badge
2026-04-06T23:18:03.670Z next:jsconfig-paths-plugin skipping request as it is an absolute path C:\Users\Ahmed Amin Bejoui\Desktop\ai-code-review-platform\apps\dashboard\components\ui\button
2026-04-06T23:18:03.670Z next:jsconfig-paths-plugin skipping request as it is an absolute path C:\Users\Ahmed Amin Bejoui\Desktop\ai-code-review-platform\apps\dashboard\components\ui\select
2026-04-06T23:18:03.671Z next:jsconfig-paths-plugin skipping request as it is an absolute path C:\Users\Ahmed Amin Bejoui\Desktop\ai-code-review-platform\apps\dashboard\components\dashboard\dashboard-user-provider
2026-04-06T23:18:03.671Z next:jsconfig-paths-plugin skipping request as it is an absolute path C:\Users\Ahmed Amin Bejoui\Desktop\ai-code-review-platform\apps\dashboard\components\ui\tabs
2026-04-06T23:18:03.672Z next:jsconfig-paths-plugin skipping request as it is an absolute path C:\Users\Ahmed Amin Bejoui\Desktop\ai-code-review-platform\apps\dashboard\components\ui\avatar
2026-04-06T23:18:03.672Z next:jsconfig-paths-plugin skipping request as it is an absolute path C:\Users\Ahmed Amin Bejoui\Desktop\ai-code-review-platform\apps\dashboard\components\reviewer\MetricsCharts
2026-04-06T23:18:03.681Z next:jsconfig-paths-plugin skipping request as it is an absolute path C:\Users\Ahmed Amin Bejoui\Desktop\ai-code-review-platform\apps\dashboard\components\ui\card
2026-04-06T23:18:03.681Z next:jsconfig-paths-plugin skipping request as it is an absolute path C:\Users\Ahmed Amin Bejoui\Desktop\ai-code-review-platform\apps\dashboard\components\ui\badge
2026-04-06T23:18:03.681Z next:jsconfig-paths-plugin skipping request as it is an absolute path C:\Users\Ahmed Amin Bejoui\Desktop\ai-code-review-platform\apps\dashboard\components\ui\button
2026-04-06T23:18:03.681Z next:jsconfig-paths-plugin skipping request as it is an absolute path C:\Users\Ahmed Amin Bejoui\Desktop\ai-code-review-platform\apps\dashboard\components\ui\select
2026-04-06T23:18:03.681Z next:jsconfig-paths-plugin skipping request as it is an absolute path C:\Users\Ahmed Amin Bejoui\Desktop\ai-code-review-platform\apps\dashboard\components\dashboard\dashboard-user-provider
2026-04-06T23:18:03.682Z next:jsconfig-paths-plugin skipping request as it is an absolute path C:\Users\Ahmed Amin Bejoui\Desktop\ai-code-review-platform\apps\dashboard\components\ui\tabs
2026-04-06T23:18:03.682Z next:jsconfig-paths-plugin skipping request as it is an absolute path C:\Users\Ahmed Amin Bejoui\Desktop\ai-code-review-platform\apps\dashboard\components\ui\avatar
2026-04-06T23:18:03.682Z next:jsconfig-paths-plugin skipping request as it is an absolute path C:\Users\Ahmed Amin Bejoui\Desktop\ai-code-review-platform\apps\dashboard\components\reviewer\MetricsCharts
2026-04-06T23:18:03.685Z next:jsconfig-paths-plugin skipping request as it is an absolute path C:\Users\Ahmed Amin Bejoui\Desktop\ai-code-review-platform\apps\dashboard\components\ui\card
2026-04-06T23:18:03.687Z next:jsconfig-paths-plugin skipping request as it is an absolute path C:\Users\Ahmed Amin Bejoui\Desktop\ai-code-review-platform\apps\dashboard\components\ui\button
2026-04-06T23:18:03.687Z next:jsconfig-paths-plugin skipping request as it is an absolute path C:\Users\Ahmed Amin Bejoui\Desktop\ai-code-review-platform\apps\dashboard\components\ui\card
2026-04-06T23:18:03.687Z next:jsconfig-paths-plugin skipping request as it is an absolute path C:\Users\Ahmed Amin Bejoui\Desktop\ai-code-review-platform\apps\dashboard\components\ui\button
2026-04-06T23:18:03.688Z next:jsconfig-paths-plugin skipping request as it is an absolute path C:\Users\Ahmed Amin Bejoui\Desktop\ai-code-review-platform\apps\dashboard\components\ui\card
2026-04-06T23:18:03.689Z next:jsconfig-paths-plugin skipping request as it is an absolute path C:\Users\Ahmed Amin Bejoui\Desktop\ai-code-review-platform\apps\dashboard\components\ui\button
2026-04-06T23:18:03.690Z next:jsconfig-paths-plugin skipping request as it is an absolute path C:\Users\Ahmed Amin Bejoui\Desktop\ai-code-review-platform\apps\dashboard\components\ui\card
2026-04-06T23:18:03.690Z next:jsconfig-paths-plugin skipping request as it is an absolute path C:\Users\Ahmed Amin Bejoui\Desktop\ai-code-review-platform\apps\dashboard\components\ui\button
2026-04-06T23:18:03.744Z next:jsconfig-paths-plugin moduleName did not match any paths pattern react
2026-04-06T23:18:03.744Z next:jsconfig-paths-plugin skipping request as it is an absolute path C:\Users\Ahmed Amin Bejoui\Desktop\ai-code-review-platform\apps\dashboard\components\ui\card
2026-04-06T23:18:03.744Z next:jsconfig-paths-plugin skipping request as it is an absolute path C:\Users\Ahmed Amin Bejoui\Desktop\ai-code-review-platform\apps\dashboard\components\ui\button
2026-04-06T23:18:03.744Z next:jsconfig-paths-plugin skipping request as it is an absolute path C:\Users\Ahmed Amin Bejoui\Desktop\ai-code-review-platform\apps\dashboard\components\ui\input
2026-04-06T23:18:03.755Z next:jsconfig-paths-plugin skipping request as it is an absolute path C:\Users\Ahmed Amin Bejoui\Desktop\ai-code-review-platform\apps\dashboard\components\dashboard\ThemeProvider
2026-04-06T23:18:03.755Z next:jsconfig-paths-plugin skipping request as it is an absolute path C:\Users\Ahmed Amin Bejoui\Desktop\ai-code-review-platform\apps\dashboard\components\dashboard\DashboardLayout
2026-04-06T23:18:03.755Z next:jsconfig-paths-plugin skipping request as it is an absolute path C:\Users\Ahmed Amin Bejoui\Desktop\ai-code-review-platform\apps\dashboard\components\dashboard\dashboard-user-provider
2026-04-06T23:18:03.756Z next:jsconfig-paths-plugin skipping request as it is an absolute path C:\Users\Ahmed Amin Bejoui\Desktop\ai-code-review-platform\apps\dashboard\components\dashboard\AnalysisTimeline
2026-04-06T23:18:03.756Z next:jsconfig-paths-plugin skipping request as it is an absolute path C:\Users\Ahmed Amin Bejoui\Desktop\ai-code-review-platform\apps\dashboard\components\dashboard\AnalysesPageHeader
2026-04-06T23:18:03.756Z next:jsconfig-paths-plugin skipping request as it is an absolute path C:\Users\Ahmed Amin Bejoui\Desktop\ai-code-review-platform\apps\dashboard\components\ui\circuit-loader
2026-04-06T23:18:03.756Z next:jsconfig-paths-plugin skipping request as it is an absolute path C:\Users\Ahmed Amin Bejoui\Desktop\ai-code-review-platform\apps\dashboard\components\ui\badge
2026-04-06T23:18:03.756Z next:jsconfig-paths-plugin skipping request as it is an absolute path C:\Users\Ahmed Amin Bejoui\Desktop\ai-code-review-platform\apps\dashboard\components\ui\badge
2026-04-06T23:18:03.756Z next:jsconfig-paths-plugin skipping request as it is an absolute path C:\Users\Ahmed Amin Bejoui\Desktop\ai-code-review-platform\apps\dashboard\components\ui\badge
2026-04-06T23:18:03.757Z next:jsconfig-paths-plugin skipping request as it is an absolute path C:\Users\Ahmed Amin Bejoui\Desktop\ai-code-review-platform\apps\dashboard\components\ui\badge
2026-04-06T23:18:03.757Z next:jsconfig-paths-plugin skipping request as it is an absolute path C:\Users\Ahmed Amin Bejoui\Desktop\ai-code-review-platform\apps\dashboard\components\ui\input
2026-04-06T23:18:03.757Z next:jsconfig-paths-plugin skipping request as it is an absolute path C:\Users\Ahmed Amin Bejoui\Desktop\ai-code-review-platform\apps\dashboard\components\ui\input
2026-04-06T23:18:03.757Z next:jsconfig-paths-plugin skipping request as it is an absolute path C:\Users\Ahmed Amin Bejoui\Desktop\ai-code-review-platform\apps\dashboard\components\ui\input
2026-04-06T23:18:03.758Z next:jsconfig-paths-plugin skipping request as it is an absolute path C:\Users\Ahmed Amin Bejoui\Desktop\ai-code-review-platform\apps\dashboard\components\dashboard\dashboard-user-provider
2026-04-06T23:18:03.758Z next:jsconfig-paths-plugin skipping request as it is an absolute path C:\Users\Ahmed Amin Bejoui\Desktop\ai-code-review-platform\apps\dashboard\components\dashboard\dashboard-user-provider
2026-04-06T23:18:03.758Z next:jsconfig-paths-plugin skipping request as it is an absolute path C:\Users\Ahmed Amin Bejoui\Desktop\ai-code-review-platform\apps\dashboard\components\ui\badge
2026-04-06T23:18:03.758Z next:jsconfig-paths-plugin skipping request as it is an absolute path C:\Users\Ahmed Amin Bejoui\Desktop\ai-code-review-platform\apps\dashboard\components\ui\badge
2026-04-06T23:18:03.758Z next:jsconfig-paths-plugin skipping request as it is an absolute path C:\Users\Ahmed Amin Bejoui\Desktop\ai-code-review-platform\apps\dashboard\components\ui\badge
2026-04-06T23:18:03.759Z next:jsconfig-paths-plugin skipping request as it is an absolute path C:\Users\Ahmed Amin Bejoui\Desktop\ai-code-review-platform\apps\dashboard\components\ui\input
2026-04-06T23:18:03.770Z next:jsconfig-paths-plugin skipping request as it is an absolute path C:\Users\Ahmed Amin Bejoui\Desktop\ai-code-review-platform\apps\dashboard\components\dashboard\ThemeProvider
2026-04-06T23:18:03.783Z next:jsconfig-paths-plugin skipping request as it is an absolute path C:\Users\Ahmed Amin Bejoui\Desktop\ai-code-review-platform\apps\dashboard\components\dashboard\DashboardLayout
2026-04-06T23:18:03.783Z next:jsconfig-paths-plugin skipping request as it is an absolute path C:\Users\Ahmed Amin Bejoui\Desktop\ai-code-review-platform\apps\dashboard\components\dashboard\dashboard-user-provider
2026-04-06T23:18:03.784Z next:jsconfig-paths-plugin skipping request as it is an absolute path C:\Users\Ahmed Amin Bejoui\Desktop\ai-code-review-platform\apps\dashboard\components\dashboard\AnalysisTimeline
2026-04-06T23:18:03.831Z next:jsconfig-paths-plugin skipping request as it is an absolute path C:\Users\Ahmed Amin Bejoui\Desktop\ai-code-review-platform\apps\dashboard\components\dashboard\AnalysesPageHeader
2026-04-06T23:18:03.834Z next:jsconfig-paths-plugin skipping request as it is an absolute path C:\Users\Ahmed Amin Bejoui\Desktop\ai-code-review-platform\apps\dashboard\components\ui\circuit-loader
2026-04-06T23:18:03.834Z next:jsconfig-paths-plugin skipping request as it is an absolute path C:\Users\Ahmed Amin Bejoui\Desktop\ai-code-review-platform\apps\dashboard\components\ui\badge
2026-04-06T23:18:03.834Z next:jsconfig-paths-plugin skipping request as it is an absolute path C:\Users\Ahmed Amin Bejoui\Desktop\ai-code-review-platform\apps\dashboard\components\ui\badge
2026-04-06T23:18:03.834Z next:jsconfig-paths-plugin skipping request as it is an absolute path C:\Users\Ahmed Amin Bejoui\Desktop\ai-code-review-platform\apps\dashboard\components\ui\badge
2026-04-06T23:18:03.834Z next:jsconfig-paths-plugin skipping request as it is an absolute path C:\Users\Ahmed Amin Bejoui\Desktop\ai-code-review-platform\apps\dashboard\components\ui\badge
2026-04-06T23:18:03.834Z next:jsconfig-paths-plugin skipping request as it is an absolute path C:\Users\Ahmed Amin Bejoui\Desktop\ai-code-review-platform\apps\dashboard\components\ui\input
2026-04-06T23:18:03.834Z next:jsconfig-paths-plugin skipping request as it is an absolute path C:\Users\Ahmed Amin Bejoui\Desktop\ai-code-review-platform\apps\dashboard\components\ui\input
2026-04-06T23:18:03.834Z next:jsconfig-paths-plugin skipping request as it is an absolute path C:\Users\Ahmed Amin Bejoui\Desktop\ai-code-review-platform\apps\dashboard\components\ui\input
2026-04-06T23:18:03.849Z next:jsconfig-paths-plugin skipping request as it is an absolute path C:\Users\Ahmed Amin Bejoui\Desktop\ai-code-review-platform\apps\dashboard\components\dashboard\dashboard-user-provider
2026-04-06T23:18:03.849Z next:jsconfig-paths-plugin skipping request as it is an absolute path C:\Users\Ahmed Amin Bejoui\Desktop\ai-code-review-platform\apps\dashboard\components\dashboard\dashboard-user-provider
2026-04-06T23:18:03.849Z next:jsconfig-paths-plugin skipping request as it is an absolute path C:\Users\Ahmed Amin Bejoui\Desktop\ai-code-review-platform\apps\dashboard\components\ui\badge
2026-04-06T23:18:03.904Z next:jsconfig-paths-plugin skipping request as it is an absolute path C:\Users\Ahmed Amin Bejoui\Desktop\ai-code-review-platform\apps\dashboard\components\ui\badge
2026-04-06T23:18:03.904Z next:jsconfig-paths-plugin skipping request as it is an absolute path C:\Users\Ahmed Amin Bejoui\Desktop\ai-code-review-platform\apps\dashboard\components\ui\badge
2026-04-06T23:18:03.904Z next:jsconfig-paths-plugin skipping request as it is an absolute path C:\Users\Ahmed Amin Bejoui\Desktop\ai-code-review-platform\apps\dashboard\components\ui\input
2026-04-06T23:18:03.934Z next:jsconfig-paths-plugin skipping request as it is an absolute path C:\Users\Ahmed Amin Bejoui\Desktop\ai-code-review-platform\apps\dashboard\components\dashboard\ThemeProvider
2026-04-06T23:18:03.937Z next:jsconfig-paths-plugin skipping request as it is an absolute path C:\Users\Ahmed Amin Bejoui\Desktop\ai-code-review-platform\apps\dashboard\components\dashboard\DashboardLayout
2026-04-06T23:18:03.937Z next:jsconfig-paths-plugin skipping request as it is an absolute path C:\Users\Ahmed Amin Bejoui\Desktop\ai-code-review-platform\apps\dashboard\components\dashboard\dashboard-user-provider
2026-04-06T23:18:03.941Z next:jsconfig-paths-plugin skipping request as it is an absolute path C:\Users\Ahmed Amin Bejoui\Desktop\ai-code-review-platform\apps\dashboard\components\dashboard\AnalysisTimeline
2026-04-06T23:18:03.942Z next:jsconfig-paths-plugin skipping request as it is an absolute path C:\Users\Ahmed Amin Bejoui\Desktop\ai-code-review-platform\apps\dashboard\components\dashboard\AnalysesPageHeader
2026-04-06T23:18:03.942Z next:jsconfig-paths-plugin skipping request as it is an absolute path C:\Users\Ahmed Amin Bejoui\Desktop\ai-code-review-platform\apps\dashboard\components\ui\circuit-loader
2026-04-06T23:18:03.942Z next:jsconfig-paths-plugin skipping request as it is an absolute path C:\Users\Ahmed Amin Bejoui\Desktop\ai-code-review-platform\apps\dashboard\components\ui\badge
2026-04-06T23:18:03.942Z next:jsconfig-paths-plugin skipping request as it is an absolute path C:\Users\Ahmed Amin Bejoui\Desktop\ai-code-review-platform\apps\dashboard\components\ui\badge
2026-04-06T23:18:03.942Z next:jsconfig-paths-plugin skipping request as it is an absolute path C:\Users\Ahmed Amin Bejoui\Desktop\ai-code-review-platform\apps\dashboard\components\ui\badge
2026-04-06T23:18:03.942Z next:jsconfig-paths-plugin skipping request as it is an absolute path C:\Users\Ahmed Amin Bejoui\Desktop\ai-code-review-platform\apps\dashboard\components\ui\badge
2026-04-06T23:18:03.942Z next:jsconfig-paths-plugin skipping request as it is an absolute path C:\Users\Ahmed Amin Bejoui\Desktop\ai-code-review-platform\apps\dashboard\components\ui\input
2026-04-06T23:18:03.942Z next:jsconfig-paths-plugin skipping request as it is an absolute path C:\Users\Ahmed Amin Bejoui\Desktop\ai-code-review-platform\apps\dashboard\components\ui\input
2026-04-06T23:18:03.942Z next:jsconfig-paths-plugin skipping request as it is an absolute path C:\Users\Ahmed Amin Bejoui\Desktop\ai-code-review-platform\apps\dashboard\components\ui\input
2026-04-06T23:18:03.956Z next:jsconfig-paths-plugin skipping request as it is an absolute path C:\Users\Ahmed Amin Bejoui\Desktop\ai-code-review-platform\apps\dashboard\components\dashboard\dashboard-user-provider
2026-04-06T23:18:03.956Z next:jsconfig-paths-plugin skipping request as it is an absolute path C:\Users\Ahmed Amin Bejoui\Desktop\ai-code-review-platform\apps\dashboard\components\dashboard\dashboard-user-provider
2026-04-06T23:18:03.956Z next:jsconfig-paths-plugin skipping request as it is an absolute path C:\Users\Ahmed Amin Bejoui\Desktop\ai-code-review-platform\apps\dashboard\components\ui\badge
2026-04-06T23:18:03.956Z next:jsconfig-paths-plugin skipping request as it is an absolute path C:\Users\Ahmed Amin Bejoui\Desktop\ai-code-review-platform\apps\dashboard\components\ui\badge
2026-04-06T23:18:03.956Z next:jsconfig-paths-plugin skipping request as it is an absolute path C:\Users\Ahmed Amin Bejoui\Desktop\ai-code-review-platform\apps\dashboard\components\ui\badge
2026-04-06T23:18:03.956Z next:jsconfig-paths-plugin skipping request as it is an absolute path C:\Users\Ahmed Amin Bejoui\Desktop\ai-code-review-platform\apps\dashboard\components\ui\input
2026-04-06T23:18:03.970Z next:jsconfig-paths-plugin skipping request as it is an absolute path C:\Users\Ahmed Amin Bejoui\Desktop\ai-code-review-platform\apps\dashboard\components\dashboard\ThemeProvider
2026-04-06T23:18:03.972Z next:jsconfig-paths-plugin skipping request as it is an absolute path C:\Users\Ahmed Amin Bejoui\Desktop\ai-code-review-platform\apps\dashboard\components\dashboard\DashboardLayout
2026-04-06T23:18:03.972Z next:jsconfig-paths-plugin skipping request as it is an absolute path C:\Users\Ahmed Amin Bejoui\Desktop\ai-code-review-platform\apps\dashboard\components\dashboard\dashboard-user-provider
2026-04-06T23:18:03.974Z next:jsconfig-paths-plugin skipping request as it is an absolute path C:\Users\Ahmed Amin Bejoui\Desktop\ai-code-review-platform\apps\dashboard\components\dashboard\AnalysisTimeline
2026-04-06T23:18:03.974Z next:jsconfig-paths-plugin skipping request as it is an absolute path C:\Users\Ahmed Amin Bejoui\Desktop\ai-code-review-platform\apps\dashboard\components\dashboard\AnalysesPageHeader
2026-04-06T23:18:03.974Z next:jsconfig-paths-plugin skipping request as it is an absolute path C:\Users\Ahmed Amin Bejoui\Desktop\ai-code-review-platform\apps\dashboard\components\ui\circuit-loader
2026-04-06T23:18:03.989Z next:jsconfig-paths-plugin skipping request as it is an absolute path C:\Users\Ahmed Amin Bejoui\Desktop\ai-code-review-platform\apps\dashboard\components\ui\badge
2026-04-06T23:18:03.990Z next:jsconfig-paths-plugin skipping request as it is an absolute path C:\Users\Ahmed Amin Bejoui\Desktop\ai-code-review-platform\apps\dashboard\components\ui\badge
2026-04-06T23:18:03.990Z next:jsconfig-paths-plugin skipping request as it is an absolute path C:\Users\Ahmed Amin Bejoui\Desktop\ai-code-review-platform\apps\dashboard\components\ui\badge
2026-04-06T23:18:03.990Z next:jsconfig-paths-plugin skipping request as it is an absolute path C:\Users\Ahmed Amin Bejoui\Desktop\ai-code-review-platform\apps\dashboard\components\ui\badge
2026-04-06T23:18:03.990Z next:jsconfig-paths-plugin skipping request as it is an absolute path C:\Users\Ahmed Amin Bejoui\Desktop\ai-code-review-platform\apps\dashboard\components\ui\input
2026-04-06T23:18:03.990Z next:jsconfig-paths-plugin skipping request as it is an absolute path C:\Users\Ahmed Amin Bejoui\Desktop\ai-code-review-platform\apps\dashboard\components\ui\input
2026-04-06T23:18:03.990Z next:jsconfig-paths-plugin skipping request as it is an absolute path C:\Users\Ahmed Amin Bejoui\Desktop\ai-code-review-platform\apps\dashboard\components\ui\input
2026-04-06T23:18:03.991Z next:jsconfig-paths-plugin skipping request as it is an absolute path C:\Users\Ahmed Amin Bejoui\Desktop\ai-code-review-platform\apps\dashboard\components\dashboard\dashboard-user-provider
2026-04-06T23:18:04.011Z next:jsconfig-paths-plugin skipping request as it is an absolute path C:\Users\Ahmed Amin Bejoui\Desktop\ai-code-review-platform\apps\dashboard\components\dashboard\dashboard-user-provider
2026-04-06T23:18:04.011Z next:jsconfig-paths-plugin skipping request as it is an absolute path C:\Users\Ahmed Amin Bejoui\Desktop\ai-code-review-platform\apps\dashboard\components\ui\badge
2026-04-06T23:18:04.011Z next:jsconfig-paths-plugin skipping request as it is an absolute path C:\Users\Ahmed Amin Bejoui\Desktop\ai-code-review-platform\apps\dashboard\components\ui\badge
2026-04-06T23:18:04.011Z next:jsconfig-paths-plugin skipping request as it is an absolute path C:\Users\Ahmed Amin Bejoui\Desktop\ai-code-review-platform\apps\dashboard\components\ui\badge
2026-04-06T23:18:04.011Z next:jsconfig-paths-plugin skipping request as it is an absolute path C:\Users\Ahmed Amin Bejoui\Desktop\ai-code-review-platform\apps\dashboard\components\ui\input
2026-04-06T23:18:04.352Z next:jsconfig-paths-plugin skipping request as it is an absolute path C:\Users\Ahmed Amin Bejoui\Desktop\ai-code-review-platform\apps\dashboard\lib\capacitor
2026-04-06T23:18:04.352Z next:jsconfig-paths-plugin skipping request as it is an absolute path C:\Users\Ahmed Amin Bejoui\Desktop\ai-code-review-platform\apps\dashboard\lib\roles
2026-04-06T23:18:04.353Z next:jsconfig-paths-plugin skipping request as it is an absolute path C:\Users\Ahmed Amin Bejoui\Desktop\ai-code-review-platform\apps\dashboard\lib\utils
2026-04-06T23:18:04.353Z next:jsconfig-paths-plugin skipping request as it is an absolute path C:\Users\Ahmed Amin Bejoui\Desktop\ai-code-review-platform\apps\dashboard\lib\capacitor
2026-04-06T23:18:04.353Z next:jsconfig-paths-plugin skipping request as it is an absolute path C:\Users\Ahmed Amin Bejoui\Desktop\ai-code-review-platform\apps\dashboard\lib\roles
2026-04-06T23:18:04.371Z next:jsconfig-paths-plugin skipping request as it is an absolute path C:\Users\Ahmed Amin Bejoui\Desktop\ai-code-review-platform\apps\dashboard\lib\roles
2026-04-06T23:18:04.371Z next:jsconfig-paths-plugin skipping request as it is an absolute path C:\Users\Ahmed Amin Bejoui\Desktop\ai-code-review-platform\apps\dashboard\lib\utils
2026-04-06T23:18:04.372Z next:jsconfig-paths-plugin skipping request as it is an absolute path C:\Users\Ahmed Amin Bejoui\Desktop\ai-code-review-platform\apps\dashboard\lib\roles
2026-04-06T23:18:04.372Z next:jsconfig-paths-plugin skipping request as it is an absolute path C:\Users\Ahmed Amin Bejoui\Desktop\ai-code-review-platform\apps\dashboard\lib\capacitor
2026-04-06T23:18:04.373Z next:jsconfig-paths-plugin skipping request as it is an absolute path C:\Users\Ahmed Amin Bejoui\Desktop\ai-code-review-platform\apps\dashboard\lib\roles
2026-04-06T23:18:04.373Z next:jsconfig-paths-plugin skipping request as it is an absolute path C:\Users\Ahmed Amin Bejoui\Desktop\ai-code-review-platform\apps\dashboard\lib\utils
2026-04-06T23:18:04.374Z next:jsconfig-paths-plugin skipping request as it is an absolute path C:\Users\Ahmed Amin Bejoui\Desktop\ai-code-review-platform\apps\dashboard\lib\roles
2026-04-06T23:18:04.410Z next:jsconfig-paths-plugin skipping request as it is an absolute path C:\Users\Ahmed Amin Bejoui\Desktop\ai-code-review-platform\apps\dashboard\lib\capacitor
2026-04-06T23:18:04.411Z next:jsconfig-paths-plugin skipping request as it is an absolute path C:\Users\Ahmed Amin Bejoui\Desktop\ai-code-review-platform\apps\dashboard\lib\roles
2026-04-06T23:18:04.411Z next:jsconfig-paths-plugin skipping request as it is an absolute path C:\Users\Ahmed Amin Bejoui\Desktop\ai-code-review-platform\apps\dashboard\lib\utils
2026-04-06T23:18:04.411Z next:jsconfig-paths-plugin skipping request as it is an absolute path C:\Users\Ahmed Amin Bejoui\Desktop\ai-code-review-platform\apps\dashboard\lib\roles
2026-04-06T23:18:04.412Z next:jsconfig-paths-plugin skipping request as it is an absolute path C:\Users\Ahmed Amin Bejoui\Desktop\ai-code-review-platform\apps\dashboard\hooks\use-project
2026-04-06T23:18:04.413Z next:jsconfig-paths-plugin skipping request as it is an absolute path C:\Users\Ahmed Amin Bejoui\Desktop\ai-code-review-platform\apps\dashboard\hooks\use-project
2026-04-06T23:18:04.414Z next:jsconfig-paths-plugin skipping request as it is an absolute path C:\Users\Ahmed Amin Bejoui\Desktop\ai-code-review-platform\apps\dashboard\hooks\use-project
2026-04-06T23:18:04.414Z next:jsconfig-paths-plugin skipping request as it is an absolute path C:\Users\Ahmed Amin Bejoui\Desktop\ai-code-review-platform\apps\dashboard\hooks\use-project
2026-04-06T23:18:04.419Z next:jsconfig-paths-plugin skipping request as it is an absolute path C:\Users\Ahmed Amin Bejoui\Desktop\ai-code-review-platform\apps\dashboard\components\ui\textarea
2026-04-06T23:18:04.419Z next:jsconfig-paths-plugin skipping request as it is an absolute path C:\Users\Ahmed Amin Bejoui\Desktop\ai-code-review-platform\apps\dashboard\components\ui\progress
2026-04-06T23:18:04.419Z next:jsconfig-paths-plugin skipping request as it is an absolute path C:\Users\Ahmed Amin Bejoui\Desktop\ai-code-review-platform\apps\dashboard\components\ui\progress
2026-04-06T23:18:04.419Z next:jsconfig-paths-plugin skipping request as it is an absolute path C:\Users\Ahmed Amin Bejoui\Desktop\ai-code-review-platform\apps\dashboard\components\ui\select
2026-04-06T23:18:04.419Z next:jsconfig-paths-plugin skipping request as it is an absolute path C:\Users\Ahmed Amin Bejoui\Desktop\ai-code-review-platform\apps\dashboard\components\ui\select
2026-04-06T23:18:04.419Z next:jsconfig-paths-plugin skipping request as it is an absolute path C:\Users\Ahmed Amin Bejoui\Desktop\ai-code-review-platform\apps\dashboard\components\ui\dropdown-menu
2026-04-06T23:18:04.419Z next:jsconfig-paths-plugin skipping request as it is an absolute path C:\Users\Ahmed Amin Bejoui\Desktop\ai-code-review-platform\apps\dashboard\components\ui\dropdown-menu
2026-04-06T23:18:04.419Z next:jsconfig-paths-plugin skipping request as it is an absolute path C:\Users\Ahmed Amin Bejoui\Desktop\ai-code-review-platform\apps\dashboard\components\dashboard\CreateProjectDialog
2026-04-06T23:18:04.419Z next:jsconfig-paths-plugin skipping request as it is an absolute path C:\Users\Ahmed Amin Bejoui\Desktop\ai-code-review-platform\apps\dashboard\components\ui\select
2026-04-06T23:18:04.419Z next:jsconfig-paths-plugin skipping request as it is an absolute path C:\Users\Ahmed Amin Bejoui\Desktop\ai-code-review-platform\apps\dashboard\components\ui\select
2026-04-06T23:18:04.419Z next:jsconfig-paths-plugin skipping request as it is an absolute path C:\Users\Ahmed Amin Bejoui\Desktop\ai-code-review-platform\apps\dashboard\components\ui\select
2026-04-06T23:18:04.419Z next:jsconfig-paths-plugin skipping request as it is an absolute path C:\Users\Ahmed Amin Bejoui\Desktop\ai-code-review-platform\apps\dashboard\components\ui\card
2026-04-06T23:18:04.419Z next:jsconfig-paths-plugin skipping request as it is an absolute path C:\Users\Ahmed Amin Bejoui\Desktop\ai-code-review-platform\apps\dashboard\components\ui\button
2026-04-06T23:18:04.419Z next:jsconfig-paths-plugin skipping request as it is an absolute path C:\Users\Ahmed Amin Bejoui\Desktop\ai-code-review-platform\apps\dashboard\components\ui\input
2026-04-06T23:18:04.419Z next:jsconfig-paths-plugin skipping request as it is an absolute path C:\Users\Ahmed Amin Bejoui\Desktop\ai-code-review-platform\apps\dashboard\components\ui\table
2026-04-06T23:18:04.420Z next:jsconfig-paths-plugin moduleName did not match any paths pattern react/jsx-runtime
2026-04-06T23:18:04.420Z next:jsconfig-paths-plugin moduleName did not match any paths pattern react
2026-04-06T23:18:04.421Z next:jsconfig-paths-plugin moduleName did not match any paths pattern next/dist/server/future/route-modules/app-page/vendored/ssr/react-jsx-runtime
2026-04-06T23:18:04.421Z next:jsconfig-paths-plugin moduleName did not match any paths pattern next/dist/server/future/route-modules/app-page/vendored/ssr/react
2026-04-06T23:18:04.422Z next:jsconfig-paths-plugin skipping request as it is an absolute path C:\Users\Ahmed Amin Bejoui\Desktop\ai-code-review-platform\apps\dashboard\components\ui\card
2026-04-06T23:18:04.422Z next:jsconfig-paths-plugin skipping request as it is an absolute path C:\Users\Ahmed Amin Bejoui\Desktop\ai-code-review-platform\apps\dashboard\components\ui\button
2026-04-06T23:18:04.423Z next:jsconfig-paths-plugin skipping request as it is an absolute path C:\Users\Ahmed Amin Bejoui\Desktop\ai-code-review-platform\apps\dashboard\components\ui\input
2026-04-06T23:18:04.423Z next:jsconfig-paths-plugin skipping request as it is an absolute path C:\Users\Ahmed Amin Bejoui\Desktop\ai-code-review-platform\apps\dashboard\components\ui\textarea
2026-04-06T23:18:04.423Z next:jsconfig-paths-plugin skipping request as it is an absolute path C:\Users\Ahmed Amin Bejoui\Desktop\ai-code-review-platform\apps\dashboard\components\ui\progress
2026-04-06T23:18:04.423Z next:jsconfig-paths-plugin skipping request as it is an absolute path C:\Users\Ahmed Amin Bejoui\Desktop\ai-code-review-platform\apps\dashboard\components\ui\progress
2026-04-06T23:18:04.423Z next:jsconfig-paths-plugin skipping request as it is an absolute path C:\Users\Ahmed Amin Bejoui\Desktop\ai-code-review-platform\apps\dashboard\components\ui\select
2026-04-06T23:18:04.423Z next:jsconfig-paths-plugin skipping request as it is an absolute path C:\Users\Ahmed Amin Bejoui\Desktop\ai-code-review-platform\apps\dashboard\components\ui\select
2026-04-06T23:18:04.424Z next:jsconfig-paths-plugin skipping request as it is an absolute path C:\Users\Ahmed Amin Bejoui\Desktop\ai-code-review-platform\apps\dashboard\components\ui\dropdown-menu
2026-04-06T23:18:04.424Z next:jsconfig-paths-plugin skipping request as it is an absolute path C:\Users\Ahmed Amin Bejoui\Desktop\ai-code-review-platform\apps\dashboard\components\ui\dropdown-menu
2026-04-06T23:18:04.424Z next:jsconfig-paths-plugin skipping request as it is an absolute path C:\Users\Ahmed Amin Bejoui\Desktop\ai-code-review-platform\apps\dashboard\components\dashboard\CreateProjectDialog
2026-04-06T23:18:04.424Z next:jsconfig-paths-plugin skipping request as it is an absolute path C:\Users\Ahmed Amin Bejoui\Desktop\ai-code-review-platform\apps\dashboard\node_modules\next/dist/server/future/route-modules/app-page/vendored/ssr/react-jsx-runtime
2026-04-06T23:18:04.424Z next:jsconfig-paths-plugin skipping request as it is an absolute path C:\Users\Ahmed Amin Bejoui\Desktop\ai-code-review-platform\apps\dashboard\node_modules\next/dist/server/future/route-modules/app-page/vendored/ssr/react
2026-04-06T23:18:04.425Z next:jsconfig-paths-plugin skipping request as it is an absolute path C:\Users\Ahmed Amin Bejoui\Desktop\ai-code-review-platform\apps\dashboard\components\ui\select
2026-04-06T23:18:04.426Z next:jsconfig-paths-plugin skipping request as it is an absolute path C:\Users\Ahmed Amin Bejoui\Desktop\ai-code-review-platform\apps\dashboard\components\ui\select
2026-04-06T23:18:04.426Z next:jsconfig-paths-plugin skipping request as it is an absolute path C:\Users\Ahmed Amin Bejoui\Desktop\ai-code-review-platform\apps\dashboard\components\ui\select
2026-04-06T23:18:04.426Z next:jsconfig-paths-plugin skipping request as it is an absolute path C:\Users\Ahmed Amin Bejoui\Desktop\ai-code-review-platform\apps\dashboard\components\ui\table
2026-04-06T23:18:04.471Z next:jsconfig-paths-plugin skipping request as it is an absolute path C:\Users\Ahmed Amin Bejoui\Desktop\ai-code-review-platform\apps\dashboard\components\ui\card
2026-04-06T23:18:04.471Z next:jsconfig-paths-plugin skipping request as it is an absolute path C:\Users\Ahmed Amin Bejoui\Desktop\ai-code-review-platform\apps\dashboard\components\ui\button
2026-04-06T23:18:04.471Z next:jsconfig-paths-plugin skipping request as it is an absolute path C:\Users\Ahmed Amin Bejoui\Desktop\ai-code-review-platform\apps\dashboard\components\ui\input
2026-04-06T23:18:04.471Z next:jsconfig-paths-plugin skipping request as it is an absolute path C:\Users\Ahmed Amin Bejoui\Desktop\ai-code-review-platform\apps\dashboard\components\ui\textarea
2026-04-06T23:18:04.471Z next:jsconfig-paths-plugin skipping request as it is an absolute path C:\Users\Ahmed Amin Bejoui\Desktop\ai-code-review-platform\apps\dashboard\components\ui\progress
2026-04-06T23:18:04.471Z next:jsconfig-paths-plugin skipping request as it is an absolute path C:\Users\Ahmed Amin Bejoui\Desktop\ai-code-review-platform\apps\dashboard\components\ui\progress
2026-04-06T23:18:04.471Z next:jsconfig-paths-plugin skipping request as it is an absolute path C:\Users\Ahmed Amin Bejoui\Desktop\ai-code-review-platform\apps\dashboard\components\ui\select
2026-04-06T23:18:04.471Z next:jsconfig-paths-plugin skipping request as it is an absolute path C:\Users\Ahmed Amin Bejoui\Desktop\ai-code-review-platform\apps\dashboard\components\ui\select
2026-04-06T23:18:04.472Z next:jsconfig-paths-plugin skipping request as it is an absolute path C:\Users\Ahmed Amin Bejoui\Desktop\ai-code-review-platform\apps\dashboard\components\ui\dropdown-menu
2026-04-06T23:18:04.472Z next:jsconfig-paths-plugin skipping request as it is an absolute path C:\Users\Ahmed Amin Bejoui\Desktop\ai-code-review-platform\apps\dashboard\components\ui\dropdown-menu
2026-04-06T23:18:04.472Z next:jsconfig-paths-plugin skipping request as it is an absolute path C:\Users\Ahmed Amin Bejoui\Desktop\ai-code-review-platform\apps\dashboard\components\dashboard\CreateProjectDialog
2026-04-06T23:18:04.476Z next:jsconfig-paths-plugin skipping request as it is an absolute path C:\Users\Ahmed Amin Bejoui\Desktop\ai-code-review-platform\apps\dashboard\components\ui\select
2026-04-06T23:18:04.476Z next:jsconfig-paths-plugin skipping request as it is an absolute path C:\Users\Ahmed Amin Bejoui\Desktop\ai-code-review-platform\apps\dashboard\components\ui\select
2026-04-06T23:18:04.476Z next:jsconfig-paths-plugin skipping request as it is an absolute path C:\Users\Ahmed Amin Bejoui\Desktop\ai-code-review-platform\apps\dashboard\components\ui\select
2026-04-06T23:18:04.476Z next:jsconfig-paths-plugin skipping request as it is an absolute path C:\Users\Ahmed Amin Bejoui\Desktop\ai-code-review-platform\apps\dashboard\components\ui\table
2026-04-06T23:18:04.485Z next:jsconfig-paths-plugin skipping request as it is an absolute path C:\Users\Ahmed Amin Bejoui\Desktop\ai-code-review-platform\apps\dashboard\components\ui\textarea
2026-04-06T23:18:04.485Z next:jsconfig-paths-plugin skipping request as it is an absolute path C:\Users\Ahmed Amin Bejoui\Desktop\ai-code-review-platform\apps\dashboard\components\ui\progress
2026-04-06T23:18:04.485Z next:jsconfig-paths-plugin skipping request as it is an absolute path C:\Users\Ahmed Amin Bejoui\Desktop\ai-code-review-platform\apps\dashboard\components\ui\progress
2026-04-06T23:18:04.485Z next:jsconfig-paths-plugin skipping request as it is an absolute path C:\Users\Ahmed Amin Bejoui\Desktop\ai-code-review-platform\apps\dashboard\components\ui\select
2026-04-06T23:18:04.485Z next:jsconfig-paths-plugin skipping request as it is an absolute path C:\Users\Ahmed Amin Bejoui\Desktop\ai-code-review-platform\apps\dashboard\components\ui\select
2026-04-06T23:18:04.485Z next:jsconfig-paths-plugin skipping request as it is an absolute path C:\Users\Ahmed Amin Bejoui\Desktop\ai-code-review-platform\apps\dashboard\components\ui\dropdown-menu
2026-04-06T23:18:04.485Z next:jsconfig-paths-plugin skipping request as it is an absolute path C:\Users\Ahmed Amin Bejoui\Desktop\ai-code-review-platform\apps\dashboard\components\ui\dropdown-menu
2026-04-06T23:18:04.485Z next:jsconfig-paths-plugin skipping request as it is an absolute path C:\Users\Ahmed Amin Bejoui\Desktop\ai-code-review-platform\apps\dashboard\components\dashboard\CreateProjectDialog
2026-04-06T23:18:04.485Z next:jsconfig-paths-plugin skipping request as it is an absolute path C:\Users\Ahmed Amin Bejoui\Desktop\ai-code-review-platform\apps\dashboard\components\ui\card
2026-04-06T23:18:04.485Z next:jsconfig-paths-plugin skipping request as it is an absolute path C:\Users\Ahmed Amin Bejoui\Desktop\ai-code-review-platform\apps\dashboard\components\ui\button
2026-04-06T23:18:04.485Z next:jsconfig-paths-plugin skipping request as it is an absolute path C:\Users\Ahmed Amin Bejoui\Desktop\ai-code-review-platform\apps\dashboard\components\ui\input
2026-04-06T23:18:04.486Z next:jsconfig-paths-plugin skipping request as it is an absolute path C:\Users\Ahmed Amin Bejoui\Desktop\ai-code-review-platform\apps\dashboard\components\ui\select
2026-04-06T23:18:04.486Z next:jsconfig-paths-plugin skipping request as it is an absolute path C:\Users\Ahmed Amin Bejoui\Desktop\ai-code-review-platform\apps\dashboard\components\ui\select
2026-04-06T23:18:04.486Z next:jsconfig-paths-plugin skipping request as it is an absolute path C:\Users\Ahmed Amin Bejoui\Desktop\ai-code-review-platform\apps\dashboard\components\ui\select
2026-04-06T23:18:04.486Z next:jsconfig-paths-plugin skipping request as it is an absolute path C:\Users\Ahmed Amin Bejoui\Desktop\ai-code-review-platform\apps\dashboard\components\ui\table
2026-04-06T23:18:04.570Z next:jsconfig-paths-plugin skipping request as it is an absolute path C:\Users\Ahmed Amin Bejoui\Desktop\ai-code-review-platform\apps\dashboard\components\ui\card
2026-04-06T23:18:04.570Z next:jsconfig-paths-plugin skipping request as it is an absolute path C:\Users\Ahmed Amin Bejoui\Desktop\ai-code-review-platform\apps\dashboard\components\ui\button
2026-04-06T23:18:04.570Z next:jsconfig-paths-plugin skipping request as it is an absolute path C:\Users\Ahmed Amin Bejoui\Desktop\ai-code-review-platform\apps\dashboard\components\ui\input
2026-04-06T23:18:04.571Z next:jsconfig-paths-plugin skipping request as it is an absolute path C:\Users\Ahmed Amin Bejoui\Desktop\ai-code-review-platform\apps\dashboard\components\ui\card
2026-04-06T23:18:04.571Z next:jsconfig-paths-plugin skipping request as it is an absolute path C:\Users\Ahmed Amin Bejoui\Desktop\ai-code-review-platform\apps\dashboard\components\ui\button
2026-04-06T23:18:04.571Z next:jsconfig-paths-plugin skipping request as it is an absolute path C:\Users\Ahmed Amin Bejoui\Desktop\ai-code-review-platform\apps\dashboard\components\ui\input
2026-04-06T23:18:04.594Z next:jsconfig-paths-plugin skipping request as it is an absolute path C:\Users\Ahmed Amin Bejoui\Desktop\ai-code-review-platform\apps\dashboard\components\ui\card
2026-04-06T23:18:04.594Z next:jsconfig-paths-plugin skipping request as it is an absolute path C:\Users\Ahmed Amin Bejoui\Desktop\ai-code-review-platform\apps\dashboard\components\ui\button
2026-04-06T23:18:04.594Z next:jsconfig-paths-plugin skipping request as it is an absolute path C:\Users\Ahmed Amin Bejoui\Desktop\ai-code-review-platform\apps\dashboard\components\ui\input
2026-04-06T23:18:04.597Z next:jsconfig-paths-plugin skipping request as it is an absolute path C:\Users\Ahmed Amin Bejoui\Desktop\ai-code-review-platform\apps\dashboard\components\ui\card
2026-04-06T23:18:04.598Z next:jsconfig-paths-plugin skipping request as it is an absolute path C:\Users\Ahmed Amin Bejoui\Desktop\ai-code-review-platform\apps\dashboard\components\ui\button
2026-04-06T23:18:04.598Z next:jsconfig-paths-plugin skipping request as it is an absolute path C:\Users\Ahmed Amin Bejoui\Desktop\ai-code-review-platform\apps\dashboard\components\ui\input
2026-04-06T23:18:04.609Z next:jsconfig-paths-plugin moduleName did not match any paths pattern react/jsx-runtime
2026-04-06T23:18:04.610Z next:jsconfig-paths-plugin moduleName did not match any paths pattern react
2026-04-06T23:18:04.610Z next:jsconfig-paths-plugin moduleName did not match any paths pattern react/jsx-runtime
2026-04-06T23:18:04.610Z next:jsconfig-paths-plugin moduleName did not match any paths pattern react
2026-04-06T23:18:04.611Z next:jsconfig-paths-plugin moduleName did not match any paths pattern framer-motion
2026-04-06T23:18:04.611Z next:jsconfig-paths-plugin moduleName did not match any paths pattern next-themes
2026-04-06T23:18:04.611Z next:jsconfig-paths-plugin moduleName did not match any paths pattern react/jsx-runtime
2026-04-06T23:18:04.611Z next:jsconfig-paths-plugin moduleName did not match any paths pattern react
2026-04-06T23:18:04.611Z next:jsconfig-paths-plugin moduleName did not match any paths pattern framer-motion
2026-04-06T23:18:04.612Z next:jsconfig-paths-plugin moduleName did not match any paths pattern lucide-react
2026-04-06T23:18:04.612Z next:jsconfig-paths-plugin moduleName did not match any paths pattern lucide-react
2026-04-06T23:18:04.612Z next:jsconfig-paths-plugin moduleName did not match any paths pattern lucide-react
2026-04-06T23:18:04.613Z next:jsconfig-paths-plugin skipping request as it is an absolute path C:\Users\Ahmed Amin Bejoui\Desktop\ai-code-review-platform\apps\dashboard\components\ui\label
2026-04-06T23:18:04.613Z next:jsconfig-paths-plugin skipping request as it is an absolute path C:\Users\Ahmed Amin Bejoui\Desktop\ai-code-review-platform\apps\dashboard\components\ui\select
2026-04-06T23:18:04.613Z next:jsconfig-paths-plugin skipping request as it is an absolute path C:\Users\Ahmed Amin Bejoui\Desktop\ai-code-review-platform\apps\dashboard\components\ui\switch
2026-04-06T23:18:04.613Z next:jsconfig-paths-plugin skipping request as it is an absolute path C:\Users\Ahmed Amin Bejoui\Desktop\ai-code-review-platform\apps\dashboard\components\ui\badge
2026-04-06T23:18:04.613Z next:jsconfig-paths-plugin skipping request as it is an absolute path C:\Users\Ahmed Amin Bejoui\Desktop\ai-code-review-platform\apps\dashboard\components\ui\separator
2026-04-06T23:18:04.614Z next:jsconfig-paths-plugin skipping request as it is an absolute path C:\Users\Ahmed Amin Bejoui\Desktop\ai-code-review-platform\apps\dashboard\components\ui\theme
2026-04-06T23:18:04.614Z next:jsconfig-paths-plugin skipping request as it is an absolute path C:\Users\Ahmed Amin Bejoui\Desktop\ai-code-review-platform\apps\dashboard\components\dashboard\dashboard-user-provider
2026-04-06T23:18:04.614Z next:jsconfig-paths-plugin skipping request as it is an absolute path C:\Users\Ahmed Amin Bejoui\Desktop\ai-code-review-platform\apps\dashboard\components\ui\card
2026-04-06T23:18:04.614Z next:jsconfig-paths-plugin skipping request as it is an absolute path C:\Users\Ahmed Amin Bejoui\Desktop\ai-code-review-platform\apps\dashboard\components\ui\button
2026-04-06T23:18:04.614Z next:jsconfig-paths-plugin skipping request as it is an absolute path C:\Users\Ahmed Amin Bejoui\Desktop\ai-code-review-platform\apps\dashboard\components\ui\badge
2026-04-06T23:18:04.614Z next:jsconfig-paths-plugin skipping request as it is an absolute path C:\Users\Ahmed Amin Bejoui\Desktop\ai-code-review-platform\apps\dashboard\components\ui\input
2026-04-06T23:18:04.615Z next:jsconfig-paths-plugin skipping request as it is an absolute path C:\Users\Ahmed Amin Bejoui\Desktop\ai-code-review-platform\apps\dashboard\components\ui\label
2026-04-06T23:18:04.615Z next:jsconfig-paths-plugin skipping request as it is an absolute path C:\Users\Ahmed Amin Bejoui\Desktop\ai-code-review-platform\apps\dashboard\components\ui\textarea
2026-04-06T23:18:04.615Z next:jsconfig-paths-plugin skipping request as it is an absolute path C:\Users\Ahmed Amin Bejoui\Desktop\ai-code-review-platform\apps\dashboard\components\ui\select
2026-04-06T23:18:04.615Z next:jsconfig-paths-plugin skipping request as it is an absolute path C:\Users\Ahmed Amin Bejoui\Desktop\ai-code-review-platform\apps\dashboard\components\ui\switch
2026-04-06T23:18:04.615Z next:jsconfig-paths-plugin skipping request as it is an absolute path C:\Users\Ahmed Amin Bejoui\Desktop\ai-code-review-platform\apps\dashboard\components\ui\dialog
2026-04-06T23:18:04.615Z next:jsconfig-paths-plugin skipping request as it is an absolute path C:\Users\Ahmed Amin Bejoui\Desktop\ai-code-review-platform\apps\dashboard\components\ui\separator
2026-04-06T23:18:04.615Z next:jsconfig-paths-plugin skipping request as it is an absolute path C:\Users\Ahmed Amin Bejoui\Desktop\ai-code-review-platform\apps\dashboard\components\dashboard\dashboard-user-provider
2026-04-06T23:18:04.615Z next:jsconfig-paths-plugin skipping request as it is an absolute path C:\Users\Ahmed Amin Bejoui\Desktop\ai-code-review-platform\apps\dashboard\lib\roles
2026-04-06T23:18:04.616Z next:jsconfig-paths-plugin skipping request as it is an absolute path C:\Users\Ahmed Amin Bejoui\Desktop\ai-code-review-platform\apps\dashboard\components\ui\card
2026-04-06T23:18:04.616Z next:jsconfig-paths-plugin skipping request as it is an absolute path C:\Users\Ahmed Amin Bejoui\Desktop\ai-code-review-platform\apps\dashboard\components\ui\button
2026-04-06T23:18:04.616Z next:jsconfig-paths-plugin skipping request as it is an absolute path C:\Users\Ahmed Amin Bejoui\Desktop\ai-code-review-platform\apps\dashboard\components\ui\label
2026-04-06T23:18:04.616Z next:jsconfig-paths-plugin skipping request as it is an absolute path C:\Users\Ahmed Amin Bejoui\Desktop\ai-code-review-platform\apps\dashboard\components\ui\separator
2026-04-06T23:18:04.616Z next:jsconfig-paths-plugin skipping request as it is an absolute path C:\Users\Ahmed Amin Bejoui\Desktop\ai-code-review-platform\apps\dashboard\components\ui\switch
2026-04-06T23:18:04.616Z next:jsconfig-paths-plugin skipping request as it is an absolute path C:\Users\Ahmed Amin Bejoui\Desktop\ai-code-review-platform\apps\dashboard\components\ui\select
2026-04-06T23:18:04.616Z next:jsconfig-paths-plugin skipping request as it is an absolute path C:\Users\Ahmed Amin Bejoui\Desktop\ai-code-review-platform\apps\dashboard\components\ui\card
2026-04-06T23:18:04.616Z next:jsconfig-paths-plugin skipping request as it is an absolute path C:\Users\Ahmed Amin Bejoui\Desktop\ai-code-review-platform\apps\dashboard\components\ui\button
2026-04-06T23:18:04.616Z next:jsconfig-paths-plugin skipping request as it is an absolute path C:\Users\Ahmed Amin Bejoui\Desktop\ai-code-review-platform\apps\dashboard\node_modules\lucide-react\dist\esm\lucide-react.js
2026-04-06T23:18:04.616Z next:jsconfig-paths-plugin skipping request as it is an absolute path C:\Users\Ahmed Amin Bejoui\Desktop\ai-code-review-platform\apps\dashboard\node_modules\lucide-react\dist\esm\lucide-react.js
2026-04-06T23:18:04.616Z next:jsconfig-paths-plugin skipping request as it is an absolute path C:\Users\Ahmed Amin Bejoui\Desktop\ai-code-review-platform\apps\dashboard\node_modules\lucide-react\dist\esm\lucide-react.js
2026-04-06T23:18:04.620Z next:jsconfig-paths-plugin skipping request as it is an absolute path C:\Users\Ahmed Amin Bejoui\Desktop\ai-code-review-platform\apps\dashboard\components\ui\select
2026-04-06T23:18:04.621Z next:jsconfig-paths-plugin skipping request as it is an absolute path C:\Users\Ahmed Amin Bejoui\Desktop\ai-code-review-platform\apps\dashboard\components\ui\badge
2026-04-06T23:18:04.621Z next:jsconfig-paths-plugin skipping request as it is an absolute path C:\Users\Ahmed Amin Bejoui\Desktop\ai-code-review-platform\apps\dashboard\components\dashboard\dashboard-user-provider
2026-04-06T23:18:04.621Z next:jsconfig-paths-plugin skipping request as it is an absolute path C:\Users\Ahmed Amin Bejoui\Desktop\ai-code-review-platform\apps\dashboard\components\ui\select
2026-04-06T23:18:04.621Z next:jsconfig-paths-plugin skipping request as it is an absolute path C:\Users\Ahmed Amin Bejoui\Desktop\ai-code-review-platform\apps\dashboard\components\ui\badge
2026-04-06T23:18:04.621Z next:jsconfig-paths-plugin skipping request as it is an absolute path C:\Users\Ahmed Amin Bejoui\Desktop\ai-code-review-platform\apps\dashboard\components\dashboard\dashboard-user-provider
2026-04-06T23:18:04.622Z next:jsconfig-paths-plugin skipping request as it is an absolute path C:\Users\Ahmed Amin Bejoui\Desktop\ai-code-review-platform\apps\dashboard\components\ui\select
2026-04-06T23:18:04.622Z next:jsconfig-paths-plugin skipping request as it is an absolute path C:\Users\Ahmed Amin Bejoui\Desktop\ai-code-review-platform\apps\dashboard\components\ui\badge
2026-04-06T23:18:04.622Z next:jsconfig-paths-plugin skipping request as it is an absolute path C:\Users\Ahmed Amin Bejoui\Desktop\ai-code-review-platform\apps\dashboard\components\dashboard\dashboard-user-provider
2026-04-06T23:18:04.623Z next:jsconfig-paths-plugin skipping request as it is an absolute path C:\Users\Ahmed Amin Bejoui\Desktop\ai-code-review-platform\apps\dashboard\components\ui\select
2026-04-06T23:18:04.623Z next:jsconfig-paths-plugin skipping request as it is an absolute path C:\Users\Ahmed Amin Bejoui\Desktop\ai-code-review-platform\apps\dashboard\components\ui\badge
2026-04-06T23:18:04.623Z next:jsconfig-paths-plugin skipping request as it is an absolute path C:\Users\Ahmed Amin Bejoui\Desktop\ai-code-review-platform\apps\dashboard\components\dashboard\dashboard-user-provider
2026-04-06T23:18:04.626Z next:jsconfig-paths-plugin skipping request as it is an absolute path C:\Users\Ahmed Amin Bejoui\Desktop\ai-code-review-platform\apps\dashboard\components\ui\select
2026-04-06T23:18:04.626Z next:jsconfig-paths-plugin skipping request as it is an absolute path C:\Users\Ahmed Amin Bejoui\Desktop\ai-code-review-platform\apps\dashboard\components\ui\badge
2026-04-06T23:18:04.626Z next:jsconfig-paths-plugin skipping request as it is an absolute path C:\Users\Ahmed Amin Bejoui\Desktop\ai-code-review-platform\apps\dashboard\components\dashboard\dashboard-user-provider
2026-04-06T23:18:04.628Z next:jsconfig-paths-plugin skipping request as it is an absolute path C:\Users\Ahmed Amin Bejoui\Desktop\ai-code-review-platform\apps\dashboard\components\ui\select
2026-04-06T23:18:04.628Z next:jsconfig-paths-plugin skipping request as it is an absolute path C:\Users\Ahmed Amin Bejoui\Desktop\ai-code-review-platform\apps\dashboard\components\ui\badge
2026-04-06T23:18:04.628Z next:jsconfig-paths-plugin skipping request as it is an absolute path C:\Users\Ahmed Amin Bejoui\Desktop\ai-code-review-platform\apps\dashboard\components\dashboard\dashboard-user-provider
2026-04-06T23:18:04.631Z next:jsconfig-paths-plugin skipping request as it is an absolute path C:\Users\Ahmed Amin Bejoui\Desktop\ai-code-review-platform\apps\dashboard\components\ui\select
2026-04-06T23:18:04.631Z next:jsconfig-paths-plugin skipping request as it is an absolute path C:\Users\Ahmed Amin Bejoui\Desktop\ai-code-review-platform\apps\dashboard\components\ui\badge
2026-04-06T23:18:04.631Z next:jsconfig-paths-plugin skipping request as it is an absolute path C:\Users\Ahmed Amin Bejoui\Desktop\ai-code-review-platform\apps\dashboard\components\dashboard\dashboard-user-provider
2026-04-06T23:18:04.635Z next:jsconfig-paths-plugin skipping request as it is an absolute path C:\Users\Ahmed Amin Bejoui\Desktop\ai-code-review-platform\apps\dashboard\components\ui\select
2026-04-06T23:18:04.635Z next:jsconfig-paths-plugin skipping request as it is an absolute path C:\Users\Ahmed Amin Bejoui\Desktop\ai-code-review-platform\apps\dashboard\components\ui\badge
2026-04-06T23:18:04.635Z next:jsconfig-paths-plugin skipping request as it is an absolute path C:\Users\Ahmed Amin Bejoui\Desktop\ai-code-review-platform\apps\dashboard\components\dashboard\dashboard-user-provider
2026-04-06T23:18:04.638Z next:jsconfig-paths-plugin moduleName did not match any paths pattern next/font/google/target.css
2026-04-06T23:18:04.639Z next:jsconfig-paths-plugin moduleName did not match any paths pattern next/font/google/target.css
2026-04-06T23:18:04.639Z next:jsconfig-paths-plugin skipping request as it is an absolute path C:\Users\Ahmed Amin Bejoui\Desktop\ai-code-review-platform\apps\dashboard\node_modules\next/font/google/target.css
2026-04-06T23:18:04.821Z next:jsconfig-paths-plugin skipping request as it is an absolute path C:\Users\Ahmed Amin Bejoui\Desktop\ai-code-review-platform\apps\dashboard\components\ui\input
2026-04-06T23:18:04.821Z next:jsconfig-paths-plugin skipping request as it is an absolute path C:\Users\Ahmed Amin Bejoui\Desktop\ai-code-review-platform\apps\dashboard\components\ui\label
2026-04-06T23:18:04.821Z next:jsconfig-paths-plugin skipping request as it is an absolute path C:\Users\Ahmed Amin Bejoui\Desktop\ai-code-review-platform\apps\dashboard\components\ui\switch
2026-04-06T23:18:04.882Z next:jsconfig-paths-plugin skipping request as it is an absolute path C:\Users\Ahmed Amin Bejoui\Desktop\ai-code-review-platform\apps\dashboard\components\providers\capacitor-provider
2026-04-06T23:18:04.883Z next:jsconfig-paths-plugin skipping request as it is an absolute path C:\Users\Ahmed Amin Bejoui\Desktop\ai-code-review-platform\apps\dashboard\components\dashboard\new-dashboard\DashboardContent
2026-04-06T23:18:04.884Z next:jsconfig-paths-plugin skipping request as it is an absolute path C:\Users\Ahmed Amin Bejoui\Desktop\ai-code-review-platform\apps\dashboard\components\ui\tabs
2026-04-06T23:18:04.884Z next:jsconfig-paths-plugin skipping request as it is an absolute path C:\Users\Ahmed Amin Bejoui\Desktop\ai-code-review-platform\apps\dashboard\components\ui\avatar
2026-04-06T23:18:04.884Z next:jsconfig-paths-plugin skipping request as it is an absolute path C:\Users\Ahmed Amin Bejoui\Desktop\ai-code-review-platform\apps\dashboard\components\reviewer\MetricsCharts
2026-04-06T23:18:04.884Z next:jsconfig-paths-plugin skipping request as it is an absolute path C:\Users\Ahmed Amin Bejoui\Desktop\ai-code-review-platform\apps\dashboard\lib\roles
2026-04-06T23:18:04.884Z next:jsconfig-paths-plugin skipping request as it is an absolute path C:\Users\Ahmed Amin Bejoui\Desktop\ai-code-review-platform\apps\dashboard\components\ui\card
2026-04-06T23:18:04.884Z next:jsconfig-paths-plugin skipping request as it is an absolute path C:\Users\Ahmed Amin Bejoui\Desktop\ai-code-review-platform\apps\dashboard\components\ui\button
2026-04-06T23:18:04.884Z next:jsconfig-paths-plugin skipping request as it is an absolute path C:\Users\Ahmed Amin Bejoui\Desktop\ai-code-review-platform\apps\dashboard\components\ui\badge
2026-04-06T23:18:04.884Z next:jsconfig-paths-plugin skipping request as it is an absolute path C:\Users\Ahmed Amin Bejoui\Desktop\ai-code-review-platform\apps\dashboard\components\ui\input
2026-04-06T23:18:04.884Z next:jsconfig-paths-plugin skipping request as it is an absolute path C:\Users\Ahmed Amin Bejoui\Desktop\ai-code-review-platform\apps\dashboard\components\ui\textarea
2026-04-06T23:18:04.884Z next:jsconfig-paths-plugin skipping request as it is an absolute path C:\Users\Ahmed Amin Bejoui\Desktop\ai-code-review-platform\apps\dashboard\components\ui\select
2026-04-06T23:18:04.885Z next:jsconfig-paths-plugin skipping request as it is an absolute path C:\Users\Ahmed Amin Bejoui\Desktop\ai-code-review-platform\apps\dashboard\components\dashboard\dashboard-user-provider
2026-04-06T23:18:04.885Z next:jsconfig-paths-plugin skipping request as it is an absolute path C:\Users\Ahmed Amin Bejoui\Desktop\ai-code-review-platform\apps\dashboard\components\ui\label
2026-04-06T23:18:04.885Z next:jsconfig-paths-plugin skipping request as it is an absolute path C:\Users\Ahmed Amin Bejoui\Desktop\ai-code-review-platform\apps\dashboard\components\ui\label
2026-04-06T23:18:04.885Z next:jsconfig-paths-plugin skipping request as it is an absolute path C:\Users\Ahmed Amin Bejoui\Desktop\ai-code-review-platform\apps\dashboard\components\ui\switch
2026-04-06T23:18:04.885Z next:jsconfig-paths-plugin skipping request as it is an absolute path C:\Users\Ahmed Amin Bejoui\Desktop\ai-code-review-platform\apps\dashboard\components\ui\switch
2026-04-06T23:18:04.885Z next:jsconfig-paths-plugin skipping request as it is an absolute path C:\Users\Ahmed Amin Bejoui\Desktop\ai-code-review-platform\apps\dashboard\components\ui\separator
2026-04-06T23:18:04.885Z next:jsconfig-paths-plugin skipping request as it is an absolute path C:\Users\Ahmed Amin Bejoui\Desktop\ai-code-review-platform\apps\dashboard\components\ui\separator
2026-04-06T23:18:04.886Z next:jsconfig-paths-plugin skipping request as it is an absolute path C:\Users\Ahmed Amin Bejoui\Desktop\ai-code-review-platform\apps\dashboard\components\ui\theme
2026-04-06T23:18:04.886Z next:jsconfig-paths-plugin skipping request as it is an absolute path C:\Users\Ahmed Amin Bejoui\Desktop\ai-code-review-platform\apps\dashboard\components\ui\dialog
2026-04-06T23:18:04.886Z next:jsconfig-paths-plugin moduleName did not match any paths pattern react/jsx-runtime
2026-04-06T23:18:04.886Z next:jsconfig-paths-plugin moduleName did not match any paths pattern react
2026-04-06T23:18:04.889Z next:jsconfig-paths-plugin skipping request as it is an absolute path C:\Users\Ahmed Amin Bejoui\Desktop\ai-code-review-platform\apps\dashboard\components\providers\capacitor-provider
2026-04-06T23:18:04.890Z next:jsconfig-paths-plugin moduleName did not match any paths pattern next/dist/server/future/route-modules/app-page/vendored/ssr/react-jsx-runtime
2026-04-06T23:18:04.890Z next:jsconfig-paths-plugin moduleName did not match any paths pattern next/dist/server/future/route-modules/app-page/vendored/ssr/react
2026-04-06T23:18:04.890Z next:jsconfig-paths-plugin skipping request as it is an absolute path C:\Users\Ahmed Amin Bejoui\Desktop\ai-code-review-platform\apps\dashboard\lib\roles
2026-04-06T23:18:04.891Z next:jsconfig-paths-plugin skipping request as it is an absolute path C:\Users\Ahmed Amin Bejoui\Desktop\ai-code-review-platform\apps\dashboard\components\ui\card
2026-04-06T23:18:04.891Z next:jsconfig-paths-plugin skipping request as it is an absolute path C:\Users\Ahmed Amin Bejoui\Desktop\ai-code-review-platform\apps\dashboard\components\ui\button
2026-04-06T23:18:04.891Z next:jsconfig-paths-plugin skipping request as it is an absolute path C:\Users\Ahmed Amin Bejoui\Desktop\ai-code-review-platform\apps\dashboard\components\ui\badge
2026-04-06T23:18:04.891Z next:jsconfig-paths-plugin skipping request as it is an absolute path C:\Users\Ahmed Amin Bejoui\Desktop\ai-code-review-platform\apps\dashboard\components\ui\input
2026-04-06T23:18:04.891Z next:jsconfig-paths-plugin skipping request as it is an absolute path C:\Users\Ahmed Amin Bejoui\Desktop\ai-code-review-platform\apps\dashboard\components\ui\textarea
2026-04-06T23:18:04.891Z next:jsconfig-paths-plugin skipping request as it is an absolute path C:\Users\Ahmed Amin Bejoui\Desktop\ai-code-review-platform\apps\dashboard\components\ui\select
2026-04-06T23:18:04.891Z next:jsconfig-paths-plugin skipping request as it is an absolute path C:\Users\Ahmed Amin Bejoui\Desktop\ai-code-review-platform\apps\dashboard\components\dashboard\dashboard-user-provider
2026-04-06T23:18:04.891Z next:jsconfig-paths-plugin skipping request as it is an absolute path C:\Users\Ahmed Amin Bejoui\Desktop\ai-code-review-platform\apps\dashboard\components\ui\label
2026-04-06T23:18:04.892Z next:jsconfig-paths-plugin skipping request as it is an absolute path C:\Users\Ahmed Amin Bejoui\Desktop\ai-code-review-platform\apps\dashboard\components\ui\label
2026-04-06T23:18:04.892Z next:jsconfig-paths-plugin skipping request as it is an absolute path C:\Users\Ahmed Amin Bejoui\Desktop\ai-code-review-platform\apps\dashboard\components\ui\switch
2026-04-06T23:18:04.892Z next:jsconfig-paths-plugin skipping request as it is an absolute path C:\Users\Ahmed Amin Bejoui\Desktop\ai-code-review-platform\apps\dashboard\components\ui\switch
2026-04-06T23:18:04.892Z next:jsconfig-paths-plugin skipping request as it is an absolute path C:\Users\Ahmed Amin Bejoui\Desktop\ai-code-review-platform\apps\dashboard\components\ui\separator
2026-04-06T23:18:04.892Z next:jsconfig-paths-plugin skipping request as it is an absolute path C:\Users\Ahmed Amin Bejoui\Desktop\ai-code-review-platform\apps\dashboard\components\ui\separator
2026-04-06T23:18:04.892Z next:jsconfig-paths-plugin skipping request as it is an absolute path C:\Users\Ahmed Amin Bejoui\Desktop\ai-code-review-platform\apps\dashboard\components\ui\theme
2026-04-06T23:18:04.892Z next:jsconfig-paths-plugin skipping request as it is an absolute path C:\Users\Ahmed Amin Bejoui\Desktop\ai-code-review-platform\apps\dashboard\components\ui\dialog
2026-04-06T23:18:04.893Z next:jsconfig-paths-plugin skipping request as it is an absolute path C:\Users\Ahmed Amin Bejoui\Desktop\ai-code-review-platform\apps\dashboard\components\dashboard\new-dashboard\DashboardContent
2026-04-06T23:18:04.893Z next:jsconfig-paths-plugin skipping request as it is an absolute path C:\Users\Ahmed Amin Bejoui\Desktop\ai-code-review-platform\apps\dashboard\node_modules\next/dist/server/future/route-modules/app-page/vendored/ssr/react-jsx-runtime
2026-04-06T23:18:04.893Z next:jsconfig-paths-plugin skipping request as it is an absolute path C:\Users\Ahmed Amin Bejoui\Desktop\ai-code-review-platform\apps\dashboard\node_modules\next/dist/server/future/route-modules/app-page/vendored/ssr/react
2026-04-06T23:18:04.894Z next:jsconfig-paths-plugin skipping request as it is an absolute path C:\Users\Ahmed Amin Bejoui\Desktop\ai-code-review-platform\apps\dashboard\components\ui\tabs
2026-04-06T23:18:04.895Z next:jsconfig-paths-plugin skipping request as it is an absolute path C:\Users\Ahmed Amin Bejoui\Desktop\ai-code-review-platform\apps\dashboard\components\ui\avatar
2026-04-06T23:18:04.895Z next:jsconfig-paths-plugin skipping request as it is an absolute path C:\Users\Ahmed Amin Bejoui\Desktop\ai-code-review-platform\apps\dashboard\components\reviewer\MetricsCharts
2026-04-06T23:18:04.899Z next:jsconfig-paths-plugin skipping request as it is an absolute path C:\Users\Ahmed Amin Bejoui\Desktop\ai-code-review-platform\apps\dashboard\components\providers\capacitor-provider
2026-04-06T23:18:04.907Z next:jsconfig-paths-plugin skipping request as it is an absolute path C:\Users\Ahmed Amin Bejoui\Desktop\ai-code-review-platform\apps\dashboard\components\dashboard\new-dashboard\DashboardContent
2026-04-06T23:18:04.908Z next:jsconfig-paths-plugin skipping request as it is an absolute path C:\Users\Ahmed Amin Bejoui\Desktop\ai-code-review-platform\apps\dashboard\lib\roles
2026-04-06T23:18:04.909Z next:jsconfig-paths-plugin skipping request as it is an absolute path C:\Users\Ahmed Amin Bejoui\Desktop\ai-code-review-platform\apps\dashboard\components\ui\card
2026-04-06T23:18:04.909Z next:jsconfig-paths-plugin skipping request as it is an absolute path C:\Users\Ahmed Amin Bejoui\Desktop\ai-code-review-platform\apps\dashboard\components\ui\button
2026-04-06T23:18:04.909Z next:jsconfig-paths-plugin skipping request as it is an absolute path C:\Users\Ahmed Amin Bejoui\Desktop\ai-code-review-platform\apps\dashboard\components\ui\badge
2026-04-06T23:18:04.909Z next:jsconfig-paths-plugin skipping request as it is an absolute path C:\Users\Ahmed Amin Bejoui\Desktop\ai-code-review-platform\apps\dashboard\components\ui\input
2026-04-06T23:18:04.909Z next:jsconfig-paths-plugin skipping request as it is an absolute path C:\Users\Ahmed Amin Bejoui\Desktop\ai-code-review-platform\apps\dashboard\components\ui\textarea
2026-04-06T23:18:04.909Z next:jsconfig-paths-plugin skipping request as it is an absolute path C:\Users\Ahmed Amin Bejoui\Desktop\ai-code-review-platform\apps\dashboard\components\ui\select
2026-04-06T23:18:04.909Z next:jsconfig-paths-plugin skipping request as it is an absolute path C:\Users\Ahmed Amin Bejoui\Desktop\ai-code-review-platform\apps\dashboard\components\dashboard\dashboard-user-provider
2026-04-06T23:18:04.909Z next:jsconfig-paths-plugin skipping request as it is an absolute path C:\Users\Ahmed Amin Bejoui\Desktop\ai-code-review-platform\apps\dashboard\components\ui\label
2026-04-06T23:18:04.909Z next:jsconfig-paths-plugin skipping request as it is an absolute path C:\Users\Ahmed Amin Bejoui\Desktop\ai-code-review-platform\apps\dashboard\components\ui\label
2026-04-06T23:18:04.909Z next:jsconfig-paths-plugin skipping request as it is an absolute path C:\Users\Ahmed Amin Bejoui\Desktop\ai-code-review-platform\apps\dashboard\components\ui\switch
2026-04-06T23:18:04.910Z next:jsconfig-paths-plugin skipping request as it is an absolute path C:\Users\Ahmed Amin Bejoui\Desktop\ai-code-review-platform\apps\dashboard\components\ui\switch
2026-04-06T23:18:04.910Z next:jsconfig-paths-plugin skipping request as it is an absolute path C:\Users\Ahmed Amin Bejoui\Desktop\ai-code-review-platform\apps\dashboard\components\ui\separator
2026-04-06T23:18:04.910Z next:jsconfig-paths-plugin skipping request as it is an absolute path C:\Users\Ahmed Amin Bejoui\Desktop\ai-code-review-platform\apps\dashboard\components\ui\separator
2026-04-06T23:18:04.910Z next:jsconfig-paths-plugin skipping request as it is an absolute path C:\Users\Ahmed Amin Bejoui\Desktop\ai-code-review-platform\apps\dashboard\components\ui\theme
2026-04-06T23:18:04.910Z next:jsconfig-paths-plugin skipping request as it is an absolute path C:\Users\Ahmed Amin Bejoui\Desktop\ai-code-review-platform\apps\dashboard\components\ui\dialog
2026-04-06T23:18:04.912Z next:jsconfig-paths-plugin skipping request as it is an absolute path C:\Users\Ahmed Amin Bejoui\Desktop\ai-code-review-platform\apps\dashboard\components\ui\tabs
2026-04-06T23:18:04.912Z next:jsconfig-paths-plugin skipping request as it is an absolute path C:\Users\Ahmed Amin Bejoui\Desktop\ai-code-review-platform\apps\dashboard\components\ui\avatar
2026-04-06T23:18:04.913Z next:jsconfig-paths-plugin skipping request as it is an absolute path C:\Users\Ahmed Amin Bejoui\Desktop\ai-code-review-platform\apps\dashboard\components\reviewer\MetricsCharts
2026-04-06T23:18:04.918Z next:jsconfig-paths-plugin skipping request as it is an absolute path C:\Users\Ahmed Amin Bejoui\Desktop\ai-code-review-platform\apps\dashboard\components\providers\capacitor-provider
2026-04-06T23:18:04.919Z next:jsconfig-paths-plugin skipping request as it is an absolute path C:\Users\Ahmed Amin Bejoui\Desktop\ai-code-review-platform\apps\dashboard\components\dashboard\new-dashboard\DashboardContent
2026-04-06T23:18:04.920Z next:jsconfig-paths-plugin skipping request as it is an absolute path C:\Users\Ahmed Amin Bejoui\Desktop\ai-code-review-platform\apps\dashboard\lib\roles
2026-04-06T23:18:04.920Z next:jsconfig-paths-plugin skipping request as it is an absolute path C:\Users\Ahmed Amin Bejoui\Desktop\ai-code-review-platform\apps\dashboard\components\ui\card
2026-04-06T23:18:04.921Z next:jsconfig-paths-plugin skipping request as it is an absolute path C:\Users\Ahmed Amin Bejoui\Desktop\ai-code-review-platform\apps\dashboard\components\ui\button
2026-04-06T23:18:04.921Z next:jsconfig-paths-plugin skipping request as it is an absolute path C:\Users\Ahmed Amin Bejoui\Desktop\ai-code-review-platform\apps\dashboard\components\ui\badge
2026-04-06T23:18:04.921Z next:jsconfig-paths-plugin skipping request as it is an absolute path C:\Users\Ahmed Amin Bejoui\Desktop\ai-code-review-platform\apps\dashboard\components\ui\input
2026-04-06T23:18:04.921Z next:jsconfig-paths-plugin skipping request as it is an absolute path C:\Users\Ahmed Amin Bejoui\Desktop\ai-code-review-platform\apps\dashboard\components\ui\textarea
2026-04-06T23:18:04.921Z next:jsconfig-paths-plugin skipping request as it is an absolute path C:\Users\Ahmed Amin Bejoui\Desktop\ai-code-review-platform\apps\dashboard\components\ui\select
2026-04-06T23:18:04.921Z next:jsconfig-paths-plugin skipping request as it is an absolute path C:\Users\Ahmed Amin Bejoui\Desktop\ai-code-review-platform\apps\dashboard\components\dashboard\dashboard-user-provider
2026-04-06T23:18:04.921Z next:jsconfig-paths-plugin skipping request as it is an absolute path C:\Users\Ahmed Amin Bejoui\Desktop\ai-code-review-platform\apps\dashboard\components\ui\label
2026-04-06T23:18:04.921Z next:jsconfig-paths-plugin skipping request as it is an absolute path C:\Users\Ahmed Amin Bejoui\Desktop\ai-code-review-platform\apps\dashboard\components\ui\label
2026-04-06T23:18:04.921Z next:jsconfig-paths-plugin skipping request as it is an absolute path C:\Users\Ahmed Amin Bejoui\Desktop\ai-code-review-platform\apps\dashboard\components\ui\switch
2026-04-06T23:18:04.921Z next:jsconfig-paths-plugin skipping request as it is an absolute path C:\Users\Ahmed Amin Bejoui\Desktop\ai-code-review-platform\apps\dashboard\components\ui\switch
2026-04-06T23:18:04.921Z next:jsconfig-paths-plugin skipping request as it is an absolute path C:\Users\Ahmed Amin Bejoui\Desktop\ai-code-review-platform\apps\dashboard\components\ui\separator
2026-04-06T23:18:04.921Z next:jsconfig-paths-plugin skipping request as it is an absolute path C:\Users\Ahmed Amin Bejoui\Desktop\ai-code-review-platform\apps\dashboard\components\ui\separator
2026-04-06T23:18:04.921Z next:jsconfig-paths-plugin skipping request as it is an absolute path C:\Users\Ahmed Amin Bejoui\Desktop\ai-code-review-platform\apps\dashboard\components\ui\theme
2026-04-06T23:18:04.921Z next:jsconfig-paths-plugin skipping request as it is an absolute path C:\Users\Ahmed Amin Bejoui\Desktop\ai-code-review-platform\apps\dashboard\components\ui\dialog
2026-04-06T23:18:04.921Z next:jsconfig-paths-plugin skipping request as it is an absolute path C:\Users\Ahmed Amin Bejoui\Desktop\ai-code-review-platform\apps\dashboard\components\ui\tabs
2026-04-06T23:18:04.922Z next:jsconfig-paths-plugin skipping request as it is an absolute path C:\Users\Ahmed Amin Bejoui\Desktop\ai-code-review-platform\apps\dashboard\components\ui\avatar
2026-04-06T23:18:04.922Z next:jsconfig-paths-plugin skipping request as it is an absolute path C:\Users\Ahmed Amin Bejoui\Desktop\ai-code-review-platform\apps\dashboard\components\reviewer\MetricsCharts
2026-04-06T23:18:04.930Z next:jsconfig-paths-plugin skipping request as it is an absolute path C:\Users\Ahmed Amin Bejoui\Desktop\ai-code-review-platform\apps\dashboard\components\ui\card
2026-04-06T23:18:04.930Z next:jsconfig-paths-plugin skipping request as it is an absolute path C:\Users\Ahmed Amin Bejoui\Desktop\ai-code-review-platform\apps\dashboard\components\ui\button
2026-04-06T23:18:04.930Z next:jsconfig-paths-plugin skipping request as it is an absolute path C:\Users\Ahmed Amin Bejoui\Desktop\ai-code-review-platform\apps\dashboard\components\ui\badge
2026-04-06T23:18:04.930Z next:jsconfig-paths-plugin skipping request as it is an absolute path C:\Users\Ahmed Amin Bejoui\Desktop\ai-code-review-platform\apps\dashboard\components\ui\input
2026-04-06T23:18:04.930Z next:jsconfig-paths-plugin skipping request as it is an absolute path C:\Users\Ahmed Amin Bejoui\Desktop\ai-code-review-platform\apps\dashboard\components\ui\textarea
2026-04-06T23:18:04.930Z next:jsconfig-paths-plugin skipping request as it is an absolute path C:\Users\Ahmed Amin Bejoui\Desktop\ai-code-review-platform\apps\dashboard\components\ui\select
2026-04-06T23:18:04.930Z next:jsconfig-paths-plugin skipping request as it is an absolute path C:\Users\Ahmed Amin Bejoui\Desktop\ai-code-review-platform\apps\dashboard\components\dashboard\dashboard-user-provider
2026-04-06T23:18:04.931Z next:jsconfig-paths-plugin skipping request as it is an absolute path C:\Users\Ahmed Amin Bejoui\Desktop\ai-code-review-platform\apps\dashboard\components\ui\card
2026-04-06T23:18:04.931Z next:jsconfig-paths-plugin skipping request as it is an absolute path C:\Users\Ahmed Amin Bejoui\Desktop\ai-code-review-platform\apps\dashboard\components\ui\button
2026-04-06T23:18:04.931Z next:jsconfig-paths-plugin skipping request as it is an absolute path C:\Users\Ahmed Amin Bejoui\Desktop\ai-code-review-platform\apps\dashboard\components\ui\badge
2026-04-06T23:18:04.932Z next:jsconfig-paths-plugin skipping request as it is an absolute path C:\Users\Ahmed Amin Bejoui\Desktop\ai-code-review-platform\apps\dashboard\components\ui\input
2026-04-06T23:18:04.932Z next:jsconfig-paths-plugin skipping request as it is an absolute path C:\Users\Ahmed Amin Bejoui\Desktop\ai-code-review-platform\apps\dashboard\components\ui\textarea
2026-04-06T23:18:04.932Z next:jsconfig-paths-plugin skipping request as it is an absolute path C:\Users\Ahmed Amin Bejoui\Desktop\ai-code-review-platform\apps\dashboard\components\ui\select
2026-04-06T23:18:04.932Z next:jsconfig-paths-plugin skipping request as it is an absolute path C:\Users\Ahmed Amin Bejoui\Desktop\ai-code-review-platform\apps\dashboard\components\dashboard\dashboard-user-provider
2026-04-06T23:18:04.942Z next:jsconfig-paths-plugin skipping request as it is an absolute path C:\Users\Ahmed Amin Bejoui\Desktop\ai-code-review-platform\apps\dashboard\components\ui\card
2026-04-06T23:18:04.943Z next:jsconfig-paths-plugin skipping request as it is an absolute path C:\Users\Ahmed Amin Bejoui\Desktop\ai-code-review-platform\apps\dashboard\components\ui\button
2026-04-06T23:18:04.943Z next:jsconfig-paths-plugin skipping request as it is an absolute path C:\Users\Ahmed Amin Bejoui\Desktop\ai-code-review-platform\apps\dashboard\components\ui\badge
2026-04-06T23:18:04.943Z next:jsconfig-paths-plugin skipping request as it is an absolute path C:\Users\Ahmed Amin Bejoui\Desktop\ai-code-review-platform\apps\dashboard\components\ui\input
2026-04-06T23:18:04.943Z next:jsconfig-paths-plugin skipping request as it is an absolute path C:\Users\Ahmed Amin Bejoui\Desktop\ai-code-review-platform\apps\dashboard\components\ui\textarea
2026-04-06T23:18:04.943Z next:jsconfig-paths-plugin skipping request as it is an absolute path C:\Users\Ahmed Amin Bejoui\Desktop\ai-code-review-platform\apps\dashboard\components\ui\select
2026-04-06T23:18:04.943Z next:jsconfig-paths-plugin skipping request as it is an absolute path C:\Users\Ahmed Amin Bejoui\Desktop\ai-code-review-platform\apps\dashboard\components\dashboard\dashboard-user-provider
2026-04-06T23:18:04.948Z next:jsconfig-paths-plugin skipping request as it is an absolute path C:\Users\Ahmed Amin Bejoui\Desktop\ai-code-review-platform\apps\dashboard\components\ui\card
2026-04-06T23:18:04.949Z next:jsconfig-paths-plugin skipping request as it is an absolute path C:\Users\Ahmed Amin Bejoui\Desktop\ai-code-review-platform\apps\dashboard\components\ui\button
2026-04-06T23:18:04.949Z next:jsconfig-paths-plugin skipping request as it is an absolute path C:\Users\Ahmed Amin Bejoui\Desktop\ai-code-review-platform\apps\dashboard\components\ui\badge
2026-04-06T23:18:04.949Z next:jsconfig-paths-plugin skipping request as it is an absolute path C:\Users\Ahmed Amin Bejoui\Desktop\ai-code-review-platform\apps\dashboard\components\ui\input
2026-04-06T23:18:04.949Z next:jsconfig-paths-plugin skipping request as it is an absolute path C:\Users\Ahmed Amin Bejoui\Desktop\ai-code-review-platform\apps\dashboard\components\ui\textarea
2026-04-06T23:18:04.949Z next:jsconfig-paths-plugin skipping request as it is an absolute path C:\Users\Ahmed Amin Bejoui\Desktop\ai-code-review-platform\apps\dashboard\components\ui\select
2026-04-06T23:18:04.949Z next:jsconfig-paths-plugin skipping request as it is an absolute path C:\Users\Ahmed Amin Bejoui\Desktop\ai-code-review-platform\apps\dashboard\components\dashboard\dashboard-user-provider
2026-04-06T23:18:05.064Z next:jsconfig-paths-plugin moduleName did not match any paths pattern sonner
2026-04-06T23:18:05.064Z next:jsconfig-paths-plugin moduleName did not match any paths pattern react/jsx-runtime
2026-04-06T23:18:05.065Z next:jsconfig-paths-plugin moduleName did not match any paths pattern lucide-react
2026-04-06T23:18:05.065Z next:jsconfig-paths-plugin skipping request as it is an absolute path C:\Users\Ahmed Amin Bejoui\Desktop\ai-code-review-platform\apps\dashboard\components\ui\badge
2026-04-06T23:18:05.065Z next:jsconfig-paths-plugin skipping request as it is an absolute path C:\Users\Ahmed Amin Bejoui\Desktop\ai-code-review-platform\apps\dashboard\components\ui\separator
2026-04-06T23:18:05.065Z next:jsconfig-paths-plugin skipping request as it is an absolute path C:\Users\Ahmed Amin Bejoui\Desktop\ai-code-review-platform\apps\dashboard\components\ui\alert
2026-04-06T23:18:05.065Z next:jsconfig-paths-plugin skipping request as it is an absolute path C:\Users\Ahmed Amin Bejoui\Desktop\ai-code-review-platform\apps\dashboard\components\ui\tabs
2026-04-06T23:18:05.065Z next:jsconfig-paths-plugin skipping request as it is an absolute path C:\Users\Ahmed Amin Bejoui\Desktop\ai-code-review-platform\apps\dashboard\node_modules\lucide-react\dist\esm\lucide-react.js
2026-04-06T23:18:05.092Z next:jsconfig-paths-plugin skipping request as it is a relative path ./globals.css
2026-04-06T23:18:05.093Z next:jsconfig-paths-plugin skipping request as it is an absolute path C:\Users\Ahmed Amin Bejoui\Desktop\ai-code-review-platform\apps\dashboard\components\ui\card
2026-04-06T23:18:05.093Z next:jsconfig-paths-plugin skipping request as it is an absolute path C:\Users\Ahmed Amin Bejoui\Desktop\ai-code-review-platform\apps\dashboard\components\ui\button
2026-04-06T23:18:05.093Z next:jsconfig-paths-plugin skipping request as it is an absolute path C:\Users\Ahmed Amin Bejoui\Desktop\ai-code-review-platform\apps\dashboard\components\ui\select
2026-04-06T23:18:05.093Z next:jsconfig-paths-plugin skipping request as it is an absolute path C:\Users\Ahmed Amin Bejoui\Desktop\ai-code-review-platform\apps\dashboard\components\ui\label
2026-04-06T23:18:05.093Z next:jsconfig-paths-plugin skipping request as it is an absolute path C:\Users\Ahmed Amin Bejoui\Desktop\ai-code-review-platform\apps\dashboard\components\ui\switch
2026-04-06T23:18:05.093Z next:jsconfig-paths-plugin skipping request as it is an absolute path C:\Users\Ahmed Amin Bejoui\Desktop\ai-code-review-platform\apps\dashboard\components\ui\separator
2026-04-06T23:18:05.093Z next:jsconfig-paths-plugin skipping request as it is an absolute path C:\Users\Ahmed Amin Bejoui\Desktop\ai-code-review-platform\apps\dashboard\components\ui\card
2026-04-06T23:18:05.093Z next:jsconfig-paths-plugin skipping request as it is an absolute path C:\Users\Ahmed Amin Bejoui\Desktop\ai-code-review-platform\apps\dashboard\components\ui\button
2026-04-06T23:18:05.093Z next:jsconfig-paths-plugin skipping request as it is an absolute path C:\Users\Ahmed Amin Bejoui\Desktop\ai-code-review-platform\apps\dashboard\components\ui\input
2026-04-06T23:18:05.093Z next:jsconfig-paths-plugin skipping request as it is an absolute path C:\Users\Ahmed Amin Bejoui\Desktop\ai-code-review-platform\apps\dashboard\components\ui\label
2026-04-06T23:18:05.093Z next:jsconfig-paths-plugin skipping request as it is an absolute path C:\Users\Ahmed Amin Bejoui\Desktop\ai-code-review-platform\apps\dashboard\components\ui\switch
2026-04-06T23:18:05.093Z next:jsconfig-paths-plugin skipping request as it is an absolute path C:\Users\Ahmed Amin Bejoui\Desktop\ai-code-review-platform\apps\dashboard\components\ui\badge
2026-04-06T23:18:05.093Z next:jsconfig-paths-plugin skipping request as it is an absolute path C:\Users\Ahmed Amin Bejoui\Desktop\ai-code-review-platform\apps\dashboard\components\ui\separator
2026-04-06T23:18:05.093Z next:jsconfig-paths-plugin skipping request as it is an absolute path C:\Users\Ahmed Amin Bejoui\Desktop\ai-code-review-platform\apps\dashboard\components\ui\tabs
2026-04-06T23:18:05.094Z next:jsconfig-paths-plugin moduleName did not match any paths pattern react/jsx-runtime
2026-04-06T23:18:05.094Z next:jsconfig-paths-plugin moduleName did not match any paths pattern react
2026-04-06T23:18:05.094Z next:jsconfig-paths-plugin moduleName did not match any paths pattern react/jsx-runtime
2026-04-06T23:18:05.094Z next:jsconfig-paths-plugin moduleName did not match any paths pattern react
2026-04-06T23:18:05.096Z next:jsconfig-paths-plugin moduleName did not match any paths pattern next/dist/server/future/route-modules/app-page/vendored/ssr/react-jsx-runtime
2026-04-06T23:18:05.096Z next:jsconfig-paths-plugin moduleName did not match any paths pattern next/dist/server/future/route-modules/app-page/vendored/ssr/react
2026-04-06T23:18:05.096Z next:jsconfig-paths-plugin moduleName did not match any paths pattern next/dist/server/future/route-modules/app-page/vendored/ssr/react-jsx-runtime
2026-04-06T23:18:05.096Z next:jsconfig-paths-plugin moduleName did not match any paths pattern next/dist/server/future/route-modules/app-page/vendored/ssr/react
2026-04-06T23:18:05.096Z next:jsconfig-paths-plugin skipping request as it is an absolute path C:\Users\Ahmed Amin Bejoui\Desktop\ai-code-review-platform\apps\dashboard\components\ui\card
2026-04-06T23:18:05.096Z next:jsconfig-paths-plugin skipping request as it is an absolute path C:\Users\Ahmed Amin Bejoui\Desktop\ai-code-review-platform\apps\dashboard\components\ui\button
2026-04-06T23:18:05.096Z next:jsconfig-paths-plugin skipping request as it is an absolute path C:\Users\Ahmed Amin Bejoui\Desktop\ai-code-review-platform\apps\dashboard\components\ui\select
2026-04-06T23:18:05.096Z next:jsconfig-paths-plugin skipping request as it is an absolute path C:\Users\Ahmed Amin Bejoui\Desktop\ai-code-review-platform\apps\dashboard\components\ui\label
2026-04-06T23:18:05.097Z next:jsconfig-paths-plugin skipping request as it is an absolute path C:\Users\Ahmed Amin Bejoui\Desktop\ai-code-review-platform\apps\dashboard\components\ui\switch
2026-04-06T23:18:05.097Z next:jsconfig-paths-plugin skipping request as it is an absolute path C:\Users\Ahmed Amin Bejoui\Desktop\ai-code-review-platform\apps\dashboard\components\ui\separator
2026-04-06T23:18:05.097Z next:jsconfig-paths-plugin skipping request as it is an absolute path C:\Users\Ahmed Amin Bejoui\Desktop\ai-code-review-platform\apps\dashboard\components\ui\card
2026-04-06T23:18:05.097Z next:jsconfig-paths-plugin skipping request as it is an absolute path C:\Users\Ahmed Amin Bejoui\Desktop\ai-code-review-platform\apps\dashboard\components\ui\button
2026-04-06T23:18:05.097Z next:jsconfig-paths-plugin skipping request as it is an absolute path C:\Users\Ahmed Amin Bejoui\Desktop\ai-code-review-platform\apps\dashboard\components\ui\input
2026-04-06T23:18:05.097Z next:jsconfig-paths-plugin skipping request as it is an absolute path C:\Users\Ahmed Amin Bejoui\Desktop\ai-code-review-platform\apps\dashboard\components\ui\label
2026-04-06T23:18:05.097Z next:jsconfig-paths-plugin skipping request as it is an absolute path C:\Users\Ahmed Amin Bejoui\Desktop\ai-code-review-platform\apps\dashboard\components\ui\switch
2026-04-06T23:18:05.097Z next:jsconfig-paths-plugin skipping request as it is an absolute path C:\Users\Ahmed Amin Bejoui\Desktop\ai-code-review-platform\apps\dashboard\components\ui\badge
2026-04-06T23:18:05.097Z next:jsconfig-paths-plugin skipping request as it is an absolute path C:\Users\Ahmed Amin Bejoui\Desktop\ai-code-review-platform\apps\dashboard\components\ui\separator
2026-04-06T23:18:05.097Z next:jsconfig-paths-plugin skipping request as it is an absolute path C:\Users\Ahmed Amin Bejoui\Desktop\ai-code-review-platform\apps\dashboard\components\ui\tabs
2026-04-06T23:18:05.098Z next:jsconfig-paths-plugin skipping request as it is an absolute path C:\Users\Ahmed Amin Bejoui\Desktop\ai-code-review-platform\apps\dashboard\node_modules\next/dist/server/future/route-modules/app-page/vendored/ssr/react-jsx-runtime
2026-04-06T23:18:05.098Z next:jsconfig-paths-plugin skipping request as it is an absolute path C:\Users\Ahmed Amin Bejoui\Desktop\ai-code-review-platform\apps\dashboard\node_modules\next/dist/server/future/route-modules/app-page/vendored/ssr/react
2026-04-06T23:18:05.098Z next:jsconfig-paths-plugin skipping request as it is an absolute path C:\Users\Ahmed Amin Bejoui\Desktop\ai-code-review-platform\apps\dashboard\node_modules\next/dist/server/future/route-modules/app-page/vendored/ssr/react-jsx-runtime
2026-04-06T23:18:05.098Z next:jsconfig-paths-plugin skipping request as it is an absolute path C:\Users\Ahmed Amin Bejoui\Desktop\ai-code-review-platform\apps\dashboard\node_modules\next/dist/server/future/route-modules/app-page/vendored/ssr/react
2026-04-06T23:18:05.112Z next:jsconfig-paths-plugin skipping request as it is an absolute path C:\Users\Ahmed Amin Bejoui\Desktop\ai-code-review-platform\apps\dashboard\components\ui\card
2026-04-06T23:18:05.112Z next:jsconfig-paths-plugin skipping request as it is an absolute path C:\Users\Ahmed Amin Bejoui\Desktop\ai-code-review-platform\apps\dashboard\components\ui\button
2026-04-06T23:18:05.112Z next:jsconfig-paths-plugin skipping request as it is an absolute path C:\Users\Ahmed Amin Bejoui\Desktop\ai-code-review-platform\apps\dashboard\components\ui\select
2026-04-06T23:18:05.112Z next:jsconfig-paths-plugin skipping request as it is an absolute path C:\Users\Ahmed Amin Bejoui\Desktop\ai-code-review-platform\apps\dashboard\components\ui\label
2026-04-06T23:18:05.113Z next:jsconfig-paths-plugin skipping request as it is an absolute path C:\Users\Ahmed Amin Bejoui\Desktop\ai-code-review-platform\apps\dashboard\components\ui\switch
2026-04-06T23:18:05.113Z next:jsconfig-paths-plugin skipping request as it is an absolute path C:\Users\Ahmed Amin Bejoui\Desktop\ai-code-review-platform\apps\dashboard\components\ui\separator
2026-04-06T23:18:05.113Z next:jsconfig-paths-plugin skipping request as it is an absolute path C:\Users\Ahmed Amin Bejoui\Desktop\ai-code-review-platform\apps\dashboard\components\ui\card
2026-04-06T23:18:05.113Z next:jsconfig-paths-plugin skipping request as it is an absolute path C:\Users\Ahmed Amin Bejoui\Desktop\ai-code-review-platform\apps\dashboard\components\ui\button
2026-04-06T23:18:05.113Z next:jsconfig-paths-plugin skipping request as it is an absolute path C:\Users\Ahmed Amin Bejoui\Desktop\ai-code-review-platform\apps\dashboard\components\ui\input
2026-04-06T23:18:05.113Z next:jsconfig-paths-plugin skipping request as it is an absolute path C:\Users\Ahmed Amin Bejoui\Desktop\ai-code-review-platform\apps\dashboard\components\ui\label
2026-04-06T23:18:05.113Z next:jsconfig-paths-plugin skipping request as it is an absolute path C:\Users\Ahmed Amin Bejoui\Desktop\ai-code-review-platform\apps\dashboard\components\ui\switch
2026-04-06T23:18:05.113Z next:jsconfig-paths-plugin skipping request as it is an absolute path C:\Users\Ahmed Amin Bejoui\Desktop\ai-code-review-platform\apps\dashboard\components\ui\badge
2026-04-06T23:18:05.113Z next:jsconfig-paths-plugin skipping request as it is an absolute path C:\Users\Ahmed Amin Bejoui\Desktop\ai-code-review-platform\apps\dashboard\components\ui\separator
2026-04-06T23:18:05.113Z next:jsconfig-paths-plugin skipping request as it is an absolute path C:\Users\Ahmed Amin Bejoui\Desktop\ai-code-review-platform\apps\dashboard\components\ui\tabs
2026-04-06T23:18:05.121Z next:jsconfig-paths-plugin skipping request as it is an absolute path C:\Users\Ahmed Amin Bejoui\Desktop\ai-code-review-platform\apps\dashboard\components\ui\card
2026-04-06T23:18:05.121Z next:jsconfig-paths-plugin skipping request as it is an absolute path C:\Users\Ahmed Amin Bejoui\Desktop\ai-code-review-platform\apps\dashboard\components\ui\button
2026-04-06T23:18:05.121Z next:jsconfig-paths-plugin skipping request as it is an absolute path C:\Users\Ahmed Amin Bejoui\Desktop\ai-code-review-platform\apps\dashboard\components\ui\select
2026-04-06T23:18:05.121Z next:jsconfig-paths-plugin skipping request as it is an absolute path C:\Users\Ahmed Amin Bejoui\Desktop\ai-code-review-platform\apps\dashboard\components\ui\label
2026-04-06T23:18:05.121Z next:jsconfig-paths-plugin skipping request as it is an absolute path C:\Users\Ahmed Amin Bejoui\Desktop\ai-code-review-platform\apps\dashboard\components\ui\switch
2026-04-06T23:18:05.121Z next:jsconfig-paths-plugin skipping request as it is an absolute path C:\Users\Ahmed Amin Bejoui\Desktop\ai-code-review-platform\apps\dashboard\components\ui\separator
2026-04-06T23:18:05.121Z next:jsconfig-paths-plugin skipping request as it is an absolute path C:\Users\Ahmed Amin Bejoui\Desktop\ai-code-review-platform\apps\dashboard\components\ui\card
2026-04-06T23:18:05.121Z next:jsconfig-paths-plugin skipping request as it is an absolute path C:\Users\Ahmed Amin Bejoui\Desktop\ai-code-review-platform\apps\dashboard\components\ui\button
2026-04-06T23:18:05.122Z next:jsconfig-paths-plugin skipping request as it is an absolute path C:\Users\Ahmed Amin Bejoui\Desktop\ai-code-review-platform\apps\dashboard\components\ui\input
2026-04-06T23:18:05.122Z next:jsconfig-paths-plugin skipping request as it is an absolute path C:\Users\Ahmed Amin Bejoui\Desktop\ai-code-review-platform\apps\dashboard\components\ui\label
2026-04-06T23:18:05.122Z next:jsconfig-paths-plugin skipping request as it is an absolute path C:\Users\Ahmed Amin Bejoui\Desktop\ai-code-review-platform\apps\dashboard\components\ui\switch
2026-04-06T23:18:05.122Z next:jsconfig-paths-plugin skipping request as it is an absolute path C:\Users\Ahmed Amin Bejoui\Desktop\ai-code-review-platform\apps\dashboard\components\ui\badge
2026-04-06T23:18:05.122Z next:jsconfig-paths-plugin skipping request as it is an absolute path C:\Users\Ahmed Amin Bejoui\Desktop\ai-code-review-platform\apps\dashboard\components\ui\separator
2026-04-06T23:18:05.122Z next:jsconfig-paths-plugin skipping request as it is an absolute path C:\Users\Ahmed Amin Bejoui\Desktop\ai-code-review-platform\apps\dashboard\components\ui\tabs
2026-04-06T23:18:05.129Z next:jsconfig-paths-plugin skipping request as it is an absolute path C:\Users\Ahmed Amin Bejoui\Desktop\ai-code-review-platform\apps\dashboard\components\ui\card
2026-04-06T23:18:05.129Z next:jsconfig-paths-plugin skipping request as it is an absolute path C:\Users\Ahmed Amin Bejoui\Desktop\ai-code-review-platform\apps\dashboard\components\ui\button
2026-04-06T23:18:05.129Z next:jsconfig-paths-plugin skipping request as it is an absolute path C:\Users\Ahmed Amin Bejoui\Desktop\ai-code-review-platform\apps\dashboard\components\ui\select
2026-04-06T23:18:05.129Z next:jsconfig-paths-plugin skipping request as it is an absolute path C:\Users\Ahmed Amin Bejoui\Desktop\ai-code-review-platform\apps\dashboard\components\ui\card
2026-04-06T23:18:05.129Z next:jsconfig-paths-plugin skipping request as it is an absolute path C:\Users\Ahmed Amin Bejoui\Desktop\ai-code-review-platform\apps\dashboard\components\ui\button
2026-04-06T23:18:05.129Z next:jsconfig-paths-plugin skipping request as it is an absolute path C:\Users\Ahmed Amin Bejoui\Desktop\ai-code-review-platform\apps\dashboard\components\ui\input
2026-04-06T23:18:05.129Z next:jsconfig-paths-plugin skipping request as it is an absolute path C:\Users\Ahmed Amin Bejoui\Desktop\ai-code-review-platform\apps\dashboard\components\ui\badge
2026-04-06T23:18:05.130Z next:jsconfig-paths-plugin skipping request as it is an absolute path C:\Users\Ahmed Amin Bejoui\Desktop\ai-code-review-platform\apps\dashboard\components\ui\tabs
2026-04-06T23:18:05.131Z next:jsconfig-paths-plugin skipping request as it is an absolute path C:\Users\Ahmed Amin Bejoui\Desktop\ai-code-review-platform\apps\dashboard\components\ui\card
2026-04-06T23:18:05.131Z next:jsconfig-paths-plugin skipping request as it is an absolute path C:\Users\Ahmed Amin Bejoui\Desktop\ai-code-review-platform\apps\dashboard\components\ui\button
2026-04-06T23:18:05.131Z next:jsconfig-paths-plugin skipping request as it is an absolute path C:\Users\Ahmed Amin Bejoui\Desktop\ai-code-review-platform\apps\dashboard\components\ui\select
2026-04-06T23:18:05.131Z next:jsconfig-paths-plugin skipping request as it is an absolute path C:\Users\Ahmed Amin Bejoui\Desktop\ai-code-review-platform\apps\dashboard\components\ui\card
2026-04-06T23:18:05.131Z next:jsconfig-paths-plugin skipping request as it is an absolute path C:\Users\Ahmed Amin Bejoui\Desktop\ai-code-review-platform\apps\dashboard\components\ui\button
2026-04-06T23:18:05.132Z next:jsconfig-paths-plugin skipping request as it is an absolute path C:\Users\Ahmed Amin Bejoui\Desktop\ai-code-review-platform\apps\dashboard\components\ui\input
2026-04-06T23:18:05.132Z next:jsconfig-paths-plugin skipping request as it is an absolute path C:\Users\Ahmed Amin Bejoui\Desktop\ai-code-review-platform\apps\dashboard\components\ui\badge
2026-04-06T23:18:05.132Z next:jsconfig-paths-plugin skipping request as it is an absolute path C:\Users\Ahmed Amin Bejoui\Desktop\ai-code-review-platform\apps\dashboard\components\ui\tabs
2026-04-06T23:18:05.139Z next:jsconfig-paths-plugin skipping request as it is an absolute path C:\Users\Ahmed Amin Bejoui\Desktop\ai-code-review-platform\apps\dashboard\components\ui\card
2026-04-06T23:18:05.139Z next:jsconfig-paths-plugin skipping request as it is an absolute path C:\Users\Ahmed Amin Bejoui\Desktop\ai-code-review-platform\apps\dashboard\components\ui\button
2026-04-06T23:18:05.139Z next:jsconfig-paths-plugin skipping request as it is an absolute path C:\Users\Ahmed Amin Bejoui\Desktop\ai-code-review-platform\apps\dashboard\components\ui\select
2026-04-06T23:18:05.139Z next:jsconfig-paths-plugin skipping request as it is an absolute path C:\Users\Ahmed Amin Bejoui\Desktop\ai-code-review-platform\apps\dashboard\components\ui\card
2026-04-06T23:18:05.139Z next:jsconfig-paths-plugin skipping request as it is an absolute path C:\Users\Ahmed Amin Bejoui\Desktop\ai-code-review-platform\apps\dashboard\components\ui\button
2026-04-06T23:18:05.139Z next:jsconfig-paths-plugin skipping request as it is an absolute path C:\Users\Ahmed Amin Bejoui\Desktop\ai-code-review-platform\apps\dashboard\components\ui\input
2026-04-06T23:18:05.139Z next:jsconfig-paths-plugin skipping request as it is an absolute path C:\Users\Ahmed Amin Bejoui\Desktop\ai-code-review-platform\apps\dashboard\components\ui\badge
2026-04-06T23:18:05.139Z next:jsconfig-paths-plugin skipping request as it is an absolute path C:\Users\Ahmed Amin Bejoui\Desktop\ai-code-review-platform\apps\dashboard\components\ui\tabs
2026-04-06T23:18:05.146Z next:jsconfig-paths-plugin skipping request as it is an absolute path C:\Users\Ahmed Amin Bejoui\Desktop\ai-code-review-platform\apps\dashboard\components\ui\card
2026-04-06T23:18:05.147Z next:jsconfig-paths-plugin skipping request as it is an absolute path C:\Users\Ahmed Amin Bejoui\Desktop\ai-code-review-platform\apps\dashboard\components\ui\button
2026-04-06T23:18:05.147Z next:jsconfig-paths-plugin skipping request as it is an absolute path C:\Users\Ahmed Amin Bejoui\Desktop\ai-code-review-platform\apps\dashboard\components\ui\select
2026-04-06T23:18:05.147Z next:jsconfig-paths-plugin skipping request as it is an absolute path C:\Users\Ahmed Amin Bejoui\Desktop\ai-code-review-platform\apps\dashboard\components\ui\card
2026-04-06T23:18:05.147Z next:jsconfig-paths-plugin skipping request as it is an absolute path C:\Users\Ahmed Amin Bejoui\Desktop\ai-code-review-platform\apps\dashboard\components\ui\button
2026-04-06T23:18:05.147Z next:jsconfig-paths-plugin skipping request as it is an absolute path C:\Users\Ahmed Amin Bejoui\Desktop\ai-code-review-platform\apps\dashboard\components\ui\input
2026-04-06T23:18:05.147Z next:jsconfig-paths-plugin skipping request as it is an absolute path C:\Users\Ahmed Amin Bejoui\Desktop\ai-code-review-platform\apps\dashboard\components\ui\badge
2026-04-06T23:18:05.147Z next:jsconfig-paths-plugin skipping request as it is an absolute path C:\Users\Ahmed Amin Bejoui\Desktop\ai-code-review-platform\apps\dashboard\components\ui\tabs
2026-04-06T23:18:05.201Z next:jsconfig-paths-plugin moduleName did not match any paths pattern react
2026-04-06T23:18:05.201Z next:jsconfig-paths-plugin moduleName did not match any paths pattern motion/react
2026-04-06T23:18:05.212Z next:jsconfig-paths-plugin moduleName did not match any paths pattern next/navigation
2026-04-06T23:18:05.212Z next:jsconfig-paths-plugin moduleName did not match any paths pattern lucide-react
2026-04-06T23:18:05.212Z next:jsconfig-paths-plugin skipping request as it is an absolute path C:\Users\Ahmed Amin Bejoui\Desktop\ai-code-review-platform\apps\dashboard\components\ui\card
2026-04-06T23:18:05.212Z next:jsconfig-paths-plugin skipping request as it is an absolute path C:\Users\Ahmed Amin Bejoui\Desktop\ai-code-review-platform\apps\dashboard\components\ui\button
2026-04-06T23:18:05.212Z next:jsconfig-paths-plugin skipping request as it is an absolute path C:\Users\Ahmed Amin Bejoui\Desktop\ai-code-review-platform\apps\dashboard\components\ui\input
2026-04-06T23:18:05.213Z next:jsconfig-paths-plugin skipping request as it is an absolute path C:\Users\Ahmed Amin Bejoui\Desktop\ai-code-review-platform\apps\dashboard\components\ui\label
2026-04-06T23:18:05.213Z next:jsconfig-paths-plugin skipping request as it is an absolute path C:\Users\Ahmed Amin Bejoui\Desktop\ai-code-review-platform\apps\dashboard\node_modules\next/navigation
2026-04-06T23:18:05.213Z next:jsconfig-paths-plugin skipping request as it is an absolute path C:\Users\Ahmed Amin Bejoui\Desktop\ai-code-review-platform\apps\dashboard\node_modules\lucide-react\dist\esm\lucide-react.js
2026-04-06T23:18:05.214Z next:jsconfig-paths-plugin skipping request as it is inside node_modules next/dist/api/navigation
2026-04-06T23:18:05.215Z next:jsconfig-paths-plugin skipping request as it is inside node_modules C:\Users\Ahmed Amin Bejoui\Desktop\ai-code-review-platform\apps\dashboard\node_modules\next/dist/api/navigation
2026-04-06T23:18:05.220Z next:jsconfig-paths-plugin skipping request as it is an absolute path C:\Users\Ahmed Amin Bejoui\Desktop\ai-code-review-platform\apps\dashboard\lib\capacitor
2026-04-06T23:18:05.220Z next:jsconfig-paths-plugin skipping request as it is an absolute path C:\Users\Ahmed Amin Bejoui\Desktop\ai-code-review-platform\apps\dashboard\lib\roles
2026-04-06T23:18:05.220Z next:jsconfig-paths-plugin skipping request as it is an absolute path C:\Users\Ahmed Amin Bejoui\Desktop\ai-code-review-platform\apps\dashboard\lib\utils
2026-04-06T23:18:05.220Z next:jsconfig-paths-plugin skipping request as it is an absolute path C:\Users\Ahmed Amin Bejoui\Desktop\ai-code-review-platform\apps\dashboard\hooks\use-project
2026-04-06T23:18:05.220Z next:jsconfig-paths-plugin skipping request as it is an absolute path C:\Users\Ahmed Amin Bejoui\Desktop\ai-code-review-platform\apps\dashboard\lib\roles
2026-04-06T23:18:05.221Z next:jsconfig-paths-plugin skipping request as it is an absolute path C:\Users\Ahmed Amin Bejoui\Desktop\ai-code-review-platform\apps\dashboard\lib\roles
2026-04-06T23:18:05.221Z next:jsconfig-paths-plugin skipping request as it is an absolute path C:\Users\Ahmed Amin Bejoui\Desktop\ai-code-review-platform\apps\dashboard\components\ui\card
2026-04-06T23:18:05.221Z next:jsconfig-paths-plugin skipping request as it is an absolute path C:\Users\Ahmed Amin Bejoui\Desktop\ai-code-review-platform\apps\dashboard\components\ui\button
2026-04-06T23:18:05.221Z next:jsconfig-paths-plugin skipping request as it is an absolute path C:\Users\Ahmed Amin Bejoui\Desktop\ai-code-review-platform\apps\dashboard\components\ui\input
2026-04-06T23:18:05.221Z next:jsconfig-paths-plugin skipping request as it is an absolute path C:\Users\Ahmed Amin Bejoui\Desktop\ai-code-review-platform\apps\dashboard\components\ui\label
2026-04-06T23:18:05.221Z next:jsconfig-paths-plugin skipping request as it is an absolute path C:\Users\Ahmed Amin Bejoui\Desktop\ai-code-review-platform\apps\dashboard\components\ui\alert
2026-04-06T23:18:05.222Z next:jsconfig-paths-plugin moduleName did not match any paths pattern react/jsx-runtime
2026-04-06T23:18:05.222Z next:jsconfig-paths-plugin moduleName did not match any paths pattern react
2026-04-06T23:18:05.223Z next:jsconfig-paths-plugin skipping request as it is an absolute path C:\Users\Ahmed Amin Bejoui\Desktop\ai-code-review-platform\apps\dashboard\lib\capacitor
2026-04-06T23:18:05.224Z next:jsconfig-paths-plugin moduleName did not match any paths pattern next/dist/server/future/route-modules/app-page/vendored/ssr/react-jsx-runtime
2026-04-06T23:18:05.224Z next:jsconfig-paths-plugin moduleName did not match any paths pattern next/dist/server/future/route-modules/app-page/vendored/ssr/react
2026-04-06T23:18:05.224Z next:jsconfig-paths-plugin skipping request as it is an absolute path C:\Users\Ahmed Amin Bejoui\Desktop\ai-code-review-platform\apps\dashboard\components\ui\card
2026-04-06T23:18:05.226Z next:jsconfig-paths-plugin skipping request as it is an absolute path C:\Users\Ahmed Amin Bejoui\Desktop\ai-code-review-platform\apps\dashboard\components\ui\button
2026-04-06T23:18:05.226Z next:jsconfig-paths-plugin skipping request as it is an absolute path C:\Users\Ahmed Amin Bejoui\Desktop\ai-code-review-platform\apps\dashboard\components\ui\input
2026-04-06T23:18:05.226Z next:jsconfig-paths-plugin skipping request as it is an absolute path C:\Users\Ahmed Amin Bejoui\Desktop\ai-code-review-platform\apps\dashboard\components\ui\label
2026-04-06T23:18:05.226Z next:jsconfig-paths-plugin skipping request as it is an absolute path C:\Users\Ahmed Amin Bejoui\Desktop\ai-code-review-platform\apps\dashboard\components\ui\alert
2026-04-06T23:18:05.226Z next:jsconfig-paths-plugin skipping request as it is an absolute path C:\Users\Ahmed Amin Bejoui\Desktop\ai-code-review-platform\apps\dashboard\lib\roles
2026-04-06T23:18:05.226Z next:jsconfig-paths-plugin skipping request as it is an absolute path C:\Users\Ahmed Amin Bejoui\Desktop\ai-code-review-platform\apps\dashboard\lib\utils
2026-04-06T23:18:05.226Z next:jsconfig-paths-plugin skipping request as it is an absolute path C:\Users\Ahmed Amin Bejoui\Desktop\ai-code-review-platform\apps\dashboard\hooks\use-project
2026-04-06T23:18:05.227Z next:jsconfig-paths-plugin skipping request as it is an absolute path C:\Users\Ahmed Amin Bejoui\Desktop\ai-code-review-platform\apps\dashboard\node_modules\next/dist/server/future/route-modules/app-page/vendored/ssr/react-jsx-runtime
2026-04-06T23:18:05.227Z next:jsconfig-paths-plugin skipping request as it is an absolute path C:\Users\Ahmed Amin Bejoui\Desktop\ai-code-review-platform\apps\dashboard\node_modules\next/dist/server/future/route-modules/app-page/vendored/ssr/react
2026-04-06T23:18:05.228Z next:jsconfig-paths-plugin skipping request as it is an absolute path C:\Users\Ahmed Amin Bejoui\Desktop\ai-code-review-platform\apps\dashboard\lib\roles
2026-04-06T23:18:05.228Z next:jsconfig-paths-plugin skipping request as it is an absolute path C:\Users\Ahmed Amin Bejoui\Desktop\ai-code-review-platform\apps\dashboard\lib\roles
2026-04-06T23:18:05.231Z next:jsconfig-paths-plugin skipping request as it is an absolute path C:\Users\Ahmed Amin Bejoui\Desktop\ai-code-review-platform\apps\dashboard\lib\capacitor
2026-04-06T23:18:05.254Z next:jsconfig-paths-plugin skipping request as it is an absolute path C:\Users\Ahmed Amin Bejoui\Desktop\ai-code-review-platform\apps\dashboard\lib\roles
2026-04-06T23:18:05.255Z next:jsconfig-paths-plugin skipping request as it is an absolute path C:\Users\Ahmed Amin Bejoui\Desktop\ai-code-review-platform\apps\dashboard\lib\utils
2026-04-06T23:18:05.255Z next:jsconfig-paths-plugin skipping request as it is an absolute path C:\Users\Ahmed Amin Bejoui\Desktop\ai-code-review-platform\apps\dashboard\hooks\use-project
2026-04-06T23:18:05.255Z next:jsconfig-paths-plugin skipping request as it is an absolute path C:\Users\Ahmed Amin Bejoui\Desktop\ai-code-review-platform\apps\dashboard\components\ui\card
2026-04-06T23:18:05.255Z next:jsconfig-paths-plugin skipping request as it is an absolute path C:\Users\Ahmed Amin Bejoui\Desktop\ai-code-review-platform\apps\dashboard\components\ui\button
2026-04-06T23:18:05.255Z next:jsconfig-paths-plugin skipping request as it is an absolute path C:\Users\Ahmed Amin Bejoui\Desktop\ai-code-review-platform\apps\dashboard\components\ui\input
2026-04-06T23:18:05.255Z next:jsconfig-paths-plugin skipping request as it is an absolute path C:\Users\Ahmed Amin Bejoui\Desktop\ai-code-review-platform\apps\dashboard\components\ui\label
2026-04-06T23:18:05.255Z next:jsconfig-paths-plugin skipping request as it is an absolute path C:\Users\Ahmed Amin Bejoui\Desktop\ai-code-review-platform\apps\dashboard\components\ui\alert
2026-04-06T23:18:05.257Z next:jsconfig-paths-plugin skipping request as it is an absolute path C:\Users\Ahmed Amin Bejoui\Desktop\ai-code-review-platform\apps\dashboard\lib\roles
2026-04-06T23:18:05.257Z next:jsconfig-paths-plugin skipping request as it is an absolute path C:\Users\Ahmed Amin Bejoui\Desktop\ai-code-review-platform\apps\dashboard\lib\roles
2026-04-06T23:18:05.263Z next:jsconfig-paths-plugin skipping request as it is an absolute path C:\Users\Ahmed Amin Bejoui\Desktop\ai-code-review-platform\apps\dashboard\lib\capacitor
2026-04-06T23:18:05.264Z next:jsconfig-paths-plugin skipping request as it is an absolute path C:\Users\Ahmed Amin Bejoui\Desktop\ai-code-review-platform\apps\dashboard\lib\roles
2026-04-06T23:18:05.265Z next:jsconfig-paths-plugin skipping request as it is an absolute path C:\Users\Ahmed Amin Bejoui\Desktop\ai-code-review-platform\apps\dashboard\lib\utils
2026-04-06T23:18:05.265Z next:jsconfig-paths-plugin skipping request as it is an absolute path C:\Users\Ahmed Amin Bejoui\Desktop\ai-code-review-platform\apps\dashboard\hooks\use-project
2026-04-06T23:18:05.266Z next:jsconfig-paths-plugin skipping request as it is an absolute path C:\Users\Ahmed Amin Bejoui\Desktop\ai-code-review-platform\apps\dashboard\components\ui\card
2026-04-06T23:18:05.266Z next:jsconfig-paths-plugin skipping request as it is an absolute path C:\Users\Ahmed Amin Bejoui\Desktop\ai-code-review-platform\apps\dashboard\components\ui\button
2026-04-06T23:18:05.266Z next:jsconfig-paths-plugin skipping request as it is an absolute path C:\Users\Ahmed Amin Bejoui\Desktop\ai-code-review-platform\apps\dashboard\components\ui\input
2026-04-06T23:18:05.266Z next:jsconfig-paths-plugin skipping request as it is an absolute path C:\Users\Ahmed Amin Bejoui\Desktop\ai-code-review-platform\apps\dashboard\components\ui\label
2026-04-06T23:18:05.266Z next:jsconfig-paths-plugin skipping request as it is an absolute path C:\Users\Ahmed Amin Bejoui\Desktop\ai-code-review-platform\apps\dashboard\components\ui\alert
2026-04-06T23:18:05.266Z next:jsconfig-paths-plugin skipping request as it is an absolute path C:\Users\Ahmed Amin Bejoui\Desktop\ai-code-review-platform\apps\dashboard\lib\roles
2026-04-06T23:18:05.266Z next:jsconfig-paths-plugin skipping request as it is an absolute path C:\Users\Ahmed Amin Bejoui\Desktop\ai-code-review-platform\apps\dashboard\lib\roles
2026-04-06T23:18:05.270Z next:jsconfig-paths-plugin skipping request as it is an absolute path C:\Users\Ahmed Amin Bejoui\Desktop\ai-code-review-platform\apps\dashboard\components\ui\card
2026-04-06T23:18:05.270Z next:jsconfig-paths-plugin skipping request as it is an absolute path C:\Users\Ahmed Amin Bejoui\Desktop\ai-code-review-platform\apps\dashboard\components\ui\button
2026-04-06T23:18:05.270Z next:jsconfig-paths-plugin skipping request as it is an absolute path C:\Users\Ahmed Amin Bejoui\Desktop\ai-code-review-platform\apps\dashboard\components\ui\input
2026-04-06T23:18:05.271Z next:jsconfig-paths-plugin skipping request as it is an absolute path C:\Users\Ahmed Amin Bejoui\Desktop\ai-code-review-platform\apps\dashboard\components\ui\card
2026-04-06T23:18:05.271Z next:jsconfig-paths-plugin skipping request as it is an absolute path C:\Users\Ahmed Amin Bejoui\Desktop\ai-code-review-platform\apps\dashboard\components\ui\button
2026-04-06T23:18:05.271Z next:jsconfig-paths-plugin skipping request as it is an absolute path C:\Users\Ahmed Amin Bejoui\Desktop\ai-code-review-platform\apps\dashboard\components\ui\input
2026-04-06T23:18:05.273Z next:jsconfig-paths-plugin skipping request as it is an absolute path C:\Users\Ahmed Amin Bejoui\Desktop\ai-code-review-platform\apps\dashboard\components\ui\card
2026-04-06T23:18:05.273Z next:jsconfig-paths-plugin skipping request as it is an absolute path C:\Users\Ahmed Amin Bejoui\Desktop\ai-code-review-platform\apps\dashboard\components\ui\button
2026-04-06T23:18:05.273Z next:jsconfig-paths-plugin skipping request as it is an absolute path C:\Users\Ahmed Amin Bejoui\Desktop\ai-code-review-platform\apps\dashboard\components\ui\input
2026-04-06T23:18:05.275Z next:jsconfig-paths-plugin skipping request as it is an absolute path C:\Users\Ahmed Amin Bejoui\Desktop\ai-code-review-platform\apps\dashboard\components\ui\card
2026-04-06T23:18:05.275Z next:jsconfig-paths-plugin skipping request as it is an absolute path C:\Users\Ahmed Amin Bejoui\Desktop\ai-code-review-platform\apps\dashboard\components\ui\button
2026-04-06T23:18:05.275Z next:jsconfig-paths-plugin skipping request as it is an absolute path C:\Users\Ahmed Amin Bejoui\Desktop\ai-code-review-platform\apps\dashboard\components\ui\input
2026-04-06T23:18:05.340Z next:jsconfig-paths-plugin skipping request as it is an absolute path C:\Users\Ahmed Amin Bejoui\Desktop\ai-code-review-platform\apps\dashboard\components\ui\textarea
2026-04-06T23:18:05.340Z next:jsconfig-paths-plugin skipping request as it is an absolute path C:\Users\Ahmed Amin Bejoui\Desktop\ai-code-review-platform\apps\dashboard\components\ui\select
2026-04-06T23:18:05.340Z next:jsconfig-paths-plugin skipping request as it is an absolute path C:\Users\Ahmed Amin Bejoui\Desktop\ai-code-review-platform\apps\dashboard\components\ui\switch
2026-04-06T23:18:05.341Z next:jsconfig-paths-plugin skipping request as it is an absolute path C:\Users\Ahmed Amin Bejoui\Desktop\ai-code-review-platform\apps\dashboard\components\ui\badge
2026-04-06T23:18:05.341Z next:jsconfig-paths-plugin skipping request as it is an absolute path C:\Users\Ahmed Amin Bejoui\Desktop\ai-code-review-platform\apps\dashboard\components\ui\separator
2026-04-06T23:18:05.341Z next:jsconfig-paths-plugin skipping request as it is an absolute path C:\Users\Ahmed Amin Bejoui\Desktop\ai-code-review-platform\apps\dashboard\components\ui\table
2026-04-06T23:18:05.346Z next:jsconfig-paths-plugin skipping request as it is an absolute path C:\Users\Ahmed Amin Bejoui\Desktop\ai-code-review-platform\apps\dashboard\components\ui\textarea
2026-04-06T23:18:05.347Z next:jsconfig-paths-plugin skipping request as it is an absolute path C:\Users\Ahmed Amin Bejoui\Desktop\ai-code-review-platform\apps\dashboard\components\ui\select
2026-04-06T23:18:05.347Z next:jsconfig-paths-plugin skipping request as it is an absolute path C:\Users\Ahmed Amin Bejoui\Desktop\ai-code-review-platform\apps\dashboard\components\ui\switch
2026-04-06T23:18:05.347Z next:jsconfig-paths-plugin skipping request as it is an absolute path C:\Users\Ahmed Amin Bejoui\Desktop\ai-code-review-platform\apps\dashboard\components\ui\badge
2026-04-06T23:18:05.347Z next:jsconfig-paths-plugin skipping request as it is an absolute path C:\Users\Ahmed Amin Bejoui\Desktop\ai-code-review-platform\apps\dashboard\components\ui\separator
2026-04-06T23:18:05.347Z next:jsconfig-paths-plugin skipping request as it is an absolute path C:\Users\Ahmed Amin Bejoui\Desktop\ai-code-review-platform\apps\dashboard\components\ui\table
2026-04-06T23:18:05.348Z next:jsconfig-paths-plugin skipping request as it is an absolute path C:\Users\Ahmed Amin Bejoui\Desktop\ai-code-review-platform\apps\dashboard\components\ui\textarea
2026-04-06T23:18:05.348Z next:jsconfig-paths-plugin skipping request as it is an absolute path C:\Users\Ahmed Amin Bejoui\Desktop\ai-code-review-platform\apps\dashboard\components\ui\select
2026-04-06T23:18:05.348Z next:jsconfig-paths-plugin skipping request as it is an absolute path C:\Users\Ahmed Amin Bejoui\Desktop\ai-code-review-platform\apps\dashboard\components\ui\switch
2026-04-06T23:18:05.348Z next:jsconfig-paths-plugin skipping request as it is an absolute path C:\Users\Ahmed Amin Bejoui\Desktop\ai-code-review-platform\apps\dashboard\components\ui\badge
2026-04-06T23:18:05.348Z next:jsconfig-paths-plugin skipping request as it is an absolute path C:\Users\Ahmed Amin Bejoui\Desktop\ai-code-review-platform\apps\dashboard\components\ui\separator
2026-04-06T23:18:05.348Z next:jsconfig-paths-plugin skipping request as it is an absolute path C:\Users\Ahmed Amin Bejoui\Desktop\ai-code-review-platform\apps\dashboard\components\ui\table
2026-04-06T23:18:05.355Z next:jsconfig-paths-plugin skipping request as it is an absolute path C:\Users\Ahmed Amin Bejoui\Desktop\ai-code-review-platform\apps\dashboard\components\ui\textarea
2026-04-06T23:18:05.355Z next:jsconfig-paths-plugin skipping request as it is an absolute path C:\Users\Ahmed Amin Bejoui\Desktop\ai-code-review-platform\apps\dashboard\components\ui\select
2026-04-06T23:18:05.355Z next:jsconfig-paths-plugin skipping request as it is an absolute path C:\Users\Ahmed Amin Bejoui\Desktop\ai-code-review-platform\apps\dashboard\components\ui\switch
2026-04-06T23:18:05.355Z next:jsconfig-paths-plugin skipping request as it is an absolute path C:\Users\Ahmed Amin Bejoui\Desktop\ai-code-review-platform\apps\dashboard\components\ui\badge
2026-04-06T23:18:05.355Z next:jsconfig-paths-plugin skipping request as it is an absolute path C:\Users\Ahmed Amin Bejoui\Desktop\ai-code-review-platform\apps\dashboard\components\ui\separator
2026-04-06T23:18:05.355Z next:jsconfig-paths-plugin skipping request as it is an absolute path C:\Users\Ahmed Amin Bejoui\Desktop\ai-code-review-platform\apps\dashboard\components\ui\table
2026-04-06T23:18:05.361Z next:jsconfig-paths-plugin skipping request as it is an absolute path C:\Users\Ahmed Amin Bejoui\Desktop\ai-code-review-platform\apps\dashboard\components\ui\textarea
2026-04-06T23:18:05.361Z next:jsconfig-paths-plugin skipping request as it is an absolute path C:\Users\Ahmed Amin Bejoui\Desktop\ai-code-review-platform\apps\dashboard\components\ui\select
2026-04-06T23:18:05.362Z next:jsconfig-paths-plugin skipping request as it is an absolute path C:\Users\Ahmed Amin Bejoui\Desktop\ai-code-review-platform\apps\dashboard\components\ui\switch
2026-04-06T23:18:05.362Z next:jsconfig-paths-plugin skipping request as it is an absolute path C:\Users\Ahmed Amin Bejoui\Desktop\ai-code-review-platform\apps\dashboard\components\ui\badge
2026-04-06T23:18:05.362Z next:jsconfig-paths-plugin skipping request as it is an absolute path C:\Users\Ahmed Amin Bejoui\Desktop\ai-code-review-platform\apps\dashboard\components\ui\separator
2026-04-06T23:18:05.362Z next:jsconfig-paths-plugin skipping request as it is an absolute path C:\Users\Ahmed Amin Bejoui\Desktop\ai-code-review-platform\apps\dashboard\components\ui\table
2026-04-06T23:18:05.368Z next:jsconfig-paths-plugin skipping request as it is an absolute path C:\Users\Ahmed Amin Bejoui\Desktop\ai-code-review-platform\apps\dashboard\components\ui\textarea
2026-04-06T23:18:05.368Z next:jsconfig-paths-plugin skipping request as it is an absolute path C:\Users\Ahmed Amin Bejoui\Desktop\ai-code-review-platform\apps\dashboard\components\ui\select
2026-04-06T23:18:05.368Z next:jsconfig-paths-plugin skipping request as it is an absolute path C:\Users\Ahmed Amin Bejoui\Desktop\ai-code-review-platform\apps\dashboard\components\ui\badge
2026-04-06T23:18:05.368Z next:jsconfig-paths-plugin skipping request as it is an absolute path C:\Users\Ahmed Amin Bejoui\Desktop\ai-code-review-platform\apps\dashboard\components\ui\table
2026-04-06T23:18:05.370Z next:jsconfig-paths-plugin skipping request as it is an absolute path C:\Users\Ahmed Amin Bejoui\Desktop\ai-code-review-platform\apps\dashboard\components\ui\textarea
2026-04-06T23:18:05.371Z next:jsconfig-paths-plugin skipping request as it is an absolute path C:\Users\Ahmed Amin Bejoui\Desktop\ai-code-review-platform\apps\dashboard\components\ui\select
2026-04-06T23:18:05.371Z next:jsconfig-paths-plugin skipping request as it is an absolute path C:\Users\Ahmed Amin Bejoui\Desktop\ai-code-review-platform\apps\dashboard\components\ui\badge
2026-04-06T23:18:05.371Z next:jsconfig-paths-plugin skipping request as it is an absolute path C:\Users\Ahmed Amin Bejoui\Desktop\ai-code-review-platform\apps\dashboard\components\ui\table
2026-04-06T23:18:05.377Z next:jsconfig-paths-plugin skipping request as it is an absolute path C:\Users\Ahmed Amin Bejoui\Desktop\ai-code-review-platform\apps\dashboard\components\ui\textarea
2026-04-06T23:18:05.378Z next:jsconfig-paths-plugin skipping request as it is an absolute path C:\Users\Ahmed Amin Bejoui\Desktop\ai-code-review-platform\apps\dashboard\components\ui\select
2026-04-06T23:18:05.378Z next:jsconfig-paths-plugin skipping request as it is an absolute path C:\Users\Ahmed Amin Bejoui\Desktop\ai-code-review-platform\apps\dashboard\components\ui\badge
2026-04-06T23:18:05.378Z next:jsconfig-paths-plugin skipping request as it is an absolute path C:\Users\Ahmed Amin Bejoui\Desktop\ai-code-review-platform\apps\dashboard\components\ui\table
2026-04-06T23:18:05.385Z next:jsconfig-paths-plugin skipping request as it is an absolute path C:\Users\Ahmed Amin Bejoui\Desktop\ai-code-review-platform\apps\dashboard\components\ui\textarea
2026-04-06T23:18:05.385Z next:jsconfig-paths-plugin skipping request as it is an absolute path C:\Users\Ahmed Amin Bejoui\Desktop\ai-code-review-platform\apps\dashboard\components\ui\select
2026-04-06T23:18:05.385Z next:jsconfig-paths-plugin skipping request as it is an absolute path C:\Users\Ahmed Amin Bejoui\Desktop\ai-code-review-platform\apps\dashboard\components\ui\badge
2026-04-06T23:18:05.385Z next:jsconfig-paths-plugin skipping request as it is an absolute path C:\Users\Ahmed Amin Bejoui\Desktop\ai-code-review-platform\apps\dashboard\components\ui\table
2026-04-06T23:18:05.396Z next:jsconfig-paths-plugin skipping request as it is an absolute path C:\Users\Ahmed Amin Bejoui\Desktop\ai-code-review-platform\apps\dashboard\components\ui\label
2026-04-06T23:18:05.397Z next:jsconfig-paths-plugin skipping request as it is an absolute path C:\Users\Ahmed Amin Bejoui\Desktop\ai-code-review-platform\apps\dashboard\components\ui\label
2026-04-06T23:18:05.397Z next:jsconfig-paths-plugin skipping request as it is an absolute path C:\Users\Ahmed Amin Bejoui\Desktop\ai-code-review-platform\apps\dashboard\components\ui\label
2026-04-06T23:18:05.397Z next:jsconfig-paths-plugin skipping request as it is an absolute path C:\Users\Ahmed Amin Bejoui\Desktop\ai-code-review-platform\apps\dashboard\components\ui\label
2026-04-06T23:18:05.397Z next:jsconfig-paths-plugin skipping request as it is an absolute path C:\Users\Ahmed Amin Bejoui\Desktop\ai-code-review-platform\apps\dashboard\components\ui\label
2026-04-06T23:18:05.397Z next:jsconfig-paths-plugin skipping request as it is an absolute path C:\Users\Ahmed Amin Bejoui\Desktop\ai-code-review-platform\apps\dashboard\components\ui\switch
2026-04-06T23:18:05.397Z next:jsconfig-paths-plugin skipping request as it is an absolute path C:\Users\Ahmed Amin Bejoui\Desktop\ai-code-review-platform\apps\dashboard\components\ui\switch
2026-04-06T23:18:05.397Z next:jsconfig-paths-plugin skipping request as it is an absolute path C:\Users\Ahmed Amin Bejoui\Desktop\ai-code-review-platform\apps\dashboard\components\ui\switch
2026-04-06T23:18:05.397Z next:jsconfig-paths-plugin skipping request as it is an absolute path C:\Users\Ahmed Amin Bejoui\Desktop\ai-code-review-platform\apps\dashboard\components\ui\switch
2026-04-06T23:18:05.397Z next:jsconfig-paths-plugin skipping request as it is an absolute path C:\Users\Ahmed Amin Bejoui\Desktop\ai-code-review-platform\apps\dashboard\components\ui\switch
2026-04-06T23:18:05.397Z next:jsconfig-paths-plugin skipping request as it is an absolute path C:\Users\Ahmed Amin Bejoui\Desktop\ai-code-review-platform\apps\dashboard\components\ui\separator
2026-04-06T23:18:05.397Z next:jsconfig-paths-plugin skipping request as it is an absolute path C:\Users\Ahmed Amin Bejoui\Desktop\ai-code-review-platform\apps\dashboard\components\ui\separator
2026-04-06T23:18:05.397Z next:jsconfig-paths-plugin skipping request as it is an absolute path C:\Users\Ahmed Amin Bejoui\Desktop\ai-code-review-platform\apps\dashboard\components\ui\separator
2026-04-06T23:18:05.398Z next:jsconfig-paths-plugin skipping request as it is an absolute path C:\Users\Ahmed Amin Bejoui\Desktop\ai-code-review-platform\apps\dashboard\components\ui\separator
2026-04-06T23:18:05.398Z next:jsconfig-paths-plugin skipping request as it is an absolute path C:\Users\Ahmed Amin Bejoui\Desktop\ai-code-review-platform\apps\dashboard\components\ui\separator
2026-04-06T23:18:05.398Z next:jsconfig-paths-plugin skipping request as it is an absolute path C:\Users\Ahmed Amin Bejoui\Desktop\ai-code-review-platform\apps\dashboard\components\ui\dialog
2026-04-06T23:18:05.398Z next:jsconfig-paths-plugin skipping request as it is an absolute path C:\Users\Ahmed Amin Bejoui\Desktop\ai-code-review-platform\apps\dashboard\components\ui\theme
2026-04-06T23:18:05.401Z next:jsconfig-paths-plugin skipping request as it is an absolute path C:\Users\Ahmed Amin Bejoui\Desktop\ai-code-review-platform\apps\dashboard\components\ui\label
2026-04-06T23:18:05.401Z next:jsconfig-paths-plugin skipping request as it is an absolute path C:\Users\Ahmed Amin Bejoui\Desktop\ai-code-review-platform\apps\dashboard\components\ui\label
2026-04-06T23:18:05.401Z next:jsconfig-paths-plugin skipping request as it is an absolute path C:\Users\Ahmed Amin Bejoui\Desktop\ai-code-review-platform\apps\dashboard\components\ui\label
2026-04-06T23:18:05.401Z next:jsconfig-paths-plugin skipping request as it is an absolute path C:\Users\Ahmed Amin Bejoui\Desktop\ai-code-review-platform\apps\dashboard\components\ui\label
2026-04-06T23:18:05.401Z next:jsconfig-paths-plugin skipping request as it is an absolute path C:\Users\Ahmed Amin Bejoui\Desktop\ai-code-review-platform\apps\dashboard\components\ui\label
2026-04-06T23:18:05.401Z next:jsconfig-paths-plugin skipping request as it is an absolute path C:\Users\Ahmed Amin Bejoui\Desktop\ai-code-review-platform\apps\dashboard\components\ui\switch
2026-04-06T23:18:05.401Z next:jsconfig-paths-plugin skipping request as it is an absolute path C:\Users\Ahmed Amin Bejoui\Desktop\ai-code-review-platform\apps\dashboard\components\ui\switch
2026-04-06T23:18:05.402Z next:jsconfig-paths-plugin skipping request as it is an absolute path C:\Users\Ahmed Amin Bejoui\Desktop\ai-code-review-platform\apps\dashboard\components\ui\switch
2026-04-06T23:18:05.402Z next:jsconfig-paths-plugin skipping request as it is an absolute path C:\Users\Ahmed Amin Bejoui\Desktop\ai-code-review-platform\apps\dashboard\components\ui\switch
2026-04-06T23:18:05.402Z next:jsconfig-paths-plugin skipping request as it is an absolute path C:\Users\Ahmed Amin Bejoui\Desktop\ai-code-review-platform\apps\dashboard\components\ui\switch
2026-04-06T23:18:05.402Z next:jsconfig-paths-plugin skipping request as it is an absolute path C:\Users\Ahmed Amin Bejoui\Desktop\ai-code-review-platform\apps\dashboard\components\ui\separator
2026-04-06T23:18:05.402Z next:jsconfig-paths-plugin skipping request as it is an absolute path C:\Users\Ahmed Amin Bejoui\Desktop\ai-code-review-platform\apps\dashboard\components\ui\separator
2026-04-06T23:18:05.402Z next:jsconfig-paths-plugin skipping request as it is an absolute path C:\Users\Ahmed Amin Bejoui\Desktop\ai-code-review-platform\apps\dashboard\components\ui\separator
2026-04-06T23:18:05.402Z next:jsconfig-paths-plugin skipping request as it is an absolute path C:\Users\Ahmed Amin Bejoui\Desktop\ai-code-review-platform\apps\dashboard\components\ui\separator
2026-04-06T23:18:05.402Z next:jsconfig-paths-plugin skipping request as it is an absolute path C:\Users\Ahmed Amin Bejoui\Desktop\ai-code-review-platform\apps\dashboard\components\ui\separator
2026-04-06T23:18:05.402Z next:jsconfig-paths-plugin skipping request as it is an absolute path C:\Users\Ahmed Amin Bejoui\Desktop\ai-code-review-platform\apps\dashboard\components\ui\dialog
2026-04-06T23:18:05.402Z next:jsconfig-paths-plugin skipping request as it is an absolute path C:\Users\Ahmed Amin Bejoui\Desktop\ai-code-review-platform\apps\dashboard\components\ui\theme
2026-04-06T23:18:05.416Z next:jsconfig-paths-plugin skipping request as it is an absolute path C:\Users\Ahmed Amin Bejoui\Desktop\ai-code-review-platform\apps\dashboard\components\ui\label
2026-04-06T23:18:05.416Z next:jsconfig-paths-plugin skipping request as it is an absolute path C:\Users\Ahmed Amin Bejoui\Desktop\ai-code-review-platform\apps\dashboard\components\ui\label
2026-04-06T23:18:05.416Z next:jsconfig-paths-plugin skipping request as it is an absolute path C:\Users\Ahmed Amin Bejoui\Desktop\ai-code-review-platform\apps\dashboard\components\ui\label
2026-04-06T23:18:05.416Z next:jsconfig-paths-plugin skipping request as it is an absolute path C:\Users\Ahmed Amin Bejoui\Desktop\ai-code-review-platform\apps\dashboard\components\ui\label
2026-04-06T23:18:05.416Z next:jsconfig-paths-plugin skipping request as it is an absolute path C:\Users\Ahmed Amin Bejoui\Desktop\ai-code-review-platform\apps\dashboard\components\ui\label
2026-04-06T23:18:05.416Z next:jsconfig-paths-plugin skipping request as it is an absolute path C:\Users\Ahmed Amin Bejoui\Desktop\ai-code-review-platform\apps\dashboard\components\ui\switch
2026-04-06T23:18:05.416Z next:jsconfig-paths-plugin skipping request as it is an absolute path C:\Users\Ahmed Amin Bejoui\Desktop\ai-code-review-platform\apps\dashboard\components\ui\switch
2026-04-06T23:18:05.416Z next:jsconfig-paths-plugin skipping request as it is an absolute path C:\Users\Ahmed Amin Bejoui\Desktop\ai-code-review-platform\apps\dashboard\components\ui\switch
2026-04-06T23:18:05.416Z next:jsconfig-paths-plugin skipping request as it is an absolute path C:\Users\Ahmed Amin Bejoui\Desktop\ai-code-review-platform\apps\dashboard\components\ui\switch
2026-04-06T23:18:05.417Z next:jsconfig-paths-plugin skipping request as it is an absolute path C:\Users\Ahmed Amin Bejoui\Desktop\ai-code-review-platform\apps\dashboard\components\ui\switch
2026-04-06T23:18:05.417Z next:jsconfig-paths-plugin skipping request as it is an absolute path C:\Users\Ahmed Amin Bejoui\Desktop\ai-code-review-platform\apps\dashboard\components\ui\separator
2026-04-06T23:18:05.417Z next:jsconfig-paths-plugin skipping request as it is an absolute path C:\Users\Ahmed Amin Bejoui\Desktop\ai-code-review-platform\apps\dashboard\components\ui\separator
2026-04-06T23:18:05.417Z next:jsconfig-paths-plugin skipping request as it is an absolute path C:\Users\Ahmed Amin Bejoui\Desktop\ai-code-review-platform\apps\dashboard\components\ui\separator
2026-04-06T23:18:05.422Z next:jsconfig-paths-plugin skipping request as it is an absolute path C:\Users\Ahmed Amin Bejoui\Desktop\ai-code-review-platform\apps\dashboard\components\ui\separator
2026-04-06T23:18:05.444Z next:jsconfig-paths-plugin skipping request as it is an absolute path C:\Users\Ahmed Amin Bejoui\Desktop\ai-code-review-platform\apps\dashboard\components\ui\separator
2026-04-06T23:18:05.445Z next:jsconfig-paths-plugin skipping request as it is an absolute path C:\Users\Ahmed Amin Bejoui\Desktop\ai-code-review-platform\apps\dashboard\components\ui\dialog
2026-04-06T23:18:05.445Z next:jsconfig-paths-plugin skipping request as it is an absolute path C:\Users\Ahmed Amin Bejoui\Desktop\ai-code-review-platform\apps\dashboard\components\ui\theme
2026-04-06T23:18:05.458Z next:jsconfig-paths-plugin skipping request as it is an absolute path C:\Users\Ahmed Amin Bejoui\Desktop\ai-code-review-platform\apps\dashboard\components\ui\label
2026-04-06T23:18:05.458Z next:jsconfig-paths-plugin skipping request as it is an absolute path C:\Users\Ahmed Amin Bejoui\Desktop\ai-code-review-platform\apps\dashboard\components\ui\label
2026-04-06T23:18:05.459Z next:jsconfig-paths-plugin skipping request as it is an absolute path C:\Users\Ahmed Amin Bejoui\Desktop\ai-code-review-platform\apps\dashboard\components\ui\label
2026-04-06T23:18:05.459Z next:jsconfig-paths-plugin skipping request as it is an absolute path C:\Users\Ahmed Amin Bejoui\Desktop\ai-code-review-platform\apps\dashboard\components\ui\label
2026-04-06T23:18:05.459Z next:jsconfig-paths-plugin skipping request as it is an absolute path C:\Users\Ahmed Amin Bejoui\Desktop\ai-code-review-platform\apps\dashboard\components\ui\label
2026-04-06T23:18:05.459Z next:jsconfig-paths-plugin skipping request as it is an absolute path C:\Users\Ahmed Amin Bejoui\Desktop\ai-code-review-platform\apps\dashboard\components\ui\switch
2026-04-06T23:18:05.459Z next:jsconfig-paths-plugin skipping request as it is an absolute path C:\Users\Ahmed Amin Bejoui\Desktop\ai-code-review-platform\apps\dashboard\components\ui\switch
2026-04-06T23:18:05.459Z next:jsconfig-paths-plugin skipping request as it is an absolute path C:\Users\Ahmed Amin Bejoui\Desktop\ai-code-review-platform\apps\dashboard\components\ui\switch
2026-04-06T23:18:05.459Z next:jsconfig-paths-plugin skipping request as it is an absolute path C:\Users\Ahmed Amin Bejoui\Desktop\ai-code-review-platform\apps\dashboard\components\ui\switch
2026-04-06T23:18:05.459Z next:jsconfig-paths-plugin skipping request as it is an absolute path C:\Users\Ahmed Amin Bejoui\Desktop\ai-code-review-platform\apps\dashboard\components\ui\switch
2026-04-06T23:18:05.459Z next:jsconfig-paths-plugin skipping request as it is an absolute path C:\Users\Ahmed Amin Bejoui\Desktop\ai-code-review-platform\apps\dashboard\components\ui\separator
2026-04-06T23:18:05.459Z next:jsconfig-paths-plugin skipping request as it is an absolute path C:\Users\Ahmed Amin Bejoui\Desktop\ai-code-review-platform\apps\dashboard\components\ui\separator
2026-04-06T23:18:05.460Z next:jsconfig-paths-plugin skipping request as it is an absolute path C:\Users\Ahmed Amin Bejoui\Desktop\ai-code-review-platform\apps\dashboard\components\ui\separator
2026-04-06T23:18:05.460Z next:jsconfig-paths-plugin skipping request as it is an absolute path C:\Users\Ahmed Amin Bejoui\Desktop\ai-code-review-platform\apps\dashboard\components\ui\separator
2026-04-06T23:18:05.460Z next:jsconfig-paths-plugin skipping request as it is an absolute path C:\Users\Ahmed Amin Bejoui\Desktop\ai-code-review-platform\apps\dashboard\components\ui\separator
2026-04-06T23:18:05.461Z next:jsconfig-paths-plugin skipping request as it is an absolute path C:\Users\Ahmed Amin Bejoui\Desktop\ai-code-review-platform\apps\dashboard\components\ui\dialog
2026-04-06T23:18:05.461Z next:jsconfig-paths-plugin skipping request as it is an absolute path C:\Users\Ahmed Amin Bejoui\Desktop\ai-code-review-platform\apps\dashboard\components\ui\theme
2026-04-06T23:18:05.467Z next:jsconfig-paths-plugin moduleName did not match any paths pattern react/jsx-runtime
2026-04-06T23:18:05.523Z next:jsconfig-paths-plugin moduleName did not match any paths pattern react
2026-04-06T23:18:05.524Z next:jsconfig-paths-plugin moduleName did not match any paths pattern framer-motion
2026-04-06T23:18:05.787Z next:jsconfig-paths-plugin skipping request as it is an absolute path C:\Users\Ahmed Amin Bejoui\Desktop\ai-code-review-platform\apps\dashboard\components\ui\alert
2026-04-06T23:18:05.787Z next:jsconfig-paths-plugin moduleName did not match any paths pattern react/jsx-runtime
2026-04-06T23:18:05.787Z next:jsconfig-paths-plugin moduleName did not match any paths pattern react
2026-04-06T23:18:05.788Z next:jsconfig-paths-plugin moduleName did not match any paths pattern next/dist/server/future/route-modules/app-page/vendored/ssr/react-jsx-runtime
2026-04-06T23:18:05.788Z next:jsconfig-paths-plugin moduleName did not match any paths pattern next/dist/server/future/route-modules/app-page/vendored/ssr/react
2026-04-06T23:18:05.788Z next:jsconfig-paths-plugin skipping request as it is an absolute path C:\Users\Ahmed Amin Bejoui\Desktop\ai-code-review-platform\apps\dashboard\node_modules\next/dist/server/future/route-modules/app-page/vendored/ssr/react-jsx-runtime
2026-04-06T23:18:05.788Z next:jsconfig-paths-plugin skipping request as it is an absolute path C:\Users\Ahmed Amin Bejoui\Desktop\ai-code-review-platform\apps\dashboard\node_modules\next/dist/server/future/route-modules/app-page/vendored/ssr/react
2026-04-06T23:18:05.788Z next:jsconfig-paths-plugin skipping request as it is an absolute path C:\Users\Ahmed Amin Bejoui\Desktop\ai-code-review-platform\apps\dashboard\components\ui\alert
2026-04-06T23:18:05.791Z next:jsconfig-paths-plugin skipping request as it is an absolute path C:\Users\Ahmed Amin Bejoui\Desktop\ai-code-review-platform\apps\dashboard\components\ui\alert
2026-04-06T23:18:05.793Z next:jsconfig-paths-plugin skipping request as it is an absolute path C:\Users\Ahmed Amin Bejoui\Desktop\ai-code-review-platform\apps\dashboard\components\ui\alert
2026-04-06T23:18:05.819Z next:jsconfig-paths-plugin skipping request as it is inside node_modules react/jsx-runtime
2026-04-06T23:18:05.819Z next:jsconfig-paths-plugin skipping request as it is inside node_modules ./search-params
2026-04-06T23:18:05.820Z next:jsconfig-paths-plugin moduleName did not match any paths pattern sonner
2026-04-06T23:18:05.820Z next:jsconfig-paths-plugin moduleName did not match any paths pattern react/jsx-runtime
2026-04-06T23:18:05.820Z next:jsconfig-paths-plugin moduleName did not match any paths pattern react
2026-04-06T23:18:05.820Z next:jsconfig-paths-plugin moduleName did not match any paths pattern framer-motion
2026-04-06T23:18:05.839Z next:jsconfig-paths-plugin moduleName did not match any paths pattern lucide-react
2026-04-06T23:18:05.840Z next:jsconfig-paths-plugin skipping request as it is inside node_modules next/dist/server/future/route-modules/app-page/vendored/ssr/react-jsx-runtime
2026-04-06T23:18:05.840Z next:jsconfig-paths-plugin skipping request as it is an absolute path C:\Users\Ahmed Amin Bejoui\Desktop\ai-code-review-platform\apps\dashboard\components\ui\card
2026-04-06T23:18:05.840Z next:jsconfig-paths-plugin skipping request as it is an absolute path C:\Users\Ahmed Amin Bejoui\Desktop\ai-code-review-platform\apps\dashboard\components\ui\button
2026-04-06T23:18:05.840Z next:jsconfig-paths-plugin skipping request as it is an absolute path C:\Users\Ahmed Amin Bejoui\Desktop\ai-code-review-platform\apps\dashboard\components\ui\switch
2026-04-06T23:18:05.840Z next:jsconfig-paths-plugin skipping request as it is an absolute path C:\Users\Ahmed Amin Bejoui\Desktop\ai-code-review-platform\apps\dashboard\components\ui\badge
2026-04-06T23:18:05.840Z next:jsconfig-paths-plugin skipping request as it is an absolute path C:\Users\Ahmed Amin Bejoui\Desktop\ai-code-review-platform\apps\dashboard\components\ui\separator
2026-04-06T23:18:05.840Z next:jsconfig-paths-plugin skipping request as it is an absolute path C:\Users\Ahmed Amin Bejoui\Desktop\ai-code-review-platform\apps\dashboard\components\ui\select
2026-04-06T23:18:05.840Z next:jsconfig-paths-plugin skipping request as it is an absolute path C:\Users\Ahmed Amin Bejoui\Desktop\ai-code-review-platform\apps\dashboard\components\ui\alert
2026-04-06T23:18:05.840Z next:jsconfig-paths-plugin skipping request as it is an absolute path C:\Users\Ahmed Amin Bejoui\Desktop\ai-code-review-platform\apps\dashboard\components\ui\skeleton
2026-04-06T23:18:05.843Z next:jsconfig-paths-plugin skipping request as it is an absolute path C:\Users\Ahmed Amin Bejoui\Desktop\ai-code-review-platform\apps\dashboard\components\ui\card
2026-04-06T23:18:05.844Z next:jsconfig-paths-plugin skipping request as it is an absolute path C:\Users\Ahmed Amin Bejoui\Desktop\ai-code-review-platform\apps\dashboard\components\ui\button
2026-04-06T23:18:05.844Z next:jsconfig-paths-plugin skipping request as it is an absolute path C:\Users\Ahmed Amin Bejoui\Desktop\ai-code-review-platform\apps\dashboard\components\ui\input
2026-04-06T23:18:05.844Z next:jsconfig-paths-plugin skipping request as it is an absolute path C:\Users\Ahmed Amin Bejoui\Desktop\ai-code-review-platform\apps\dashboard\components\ui\label
2026-04-06T23:18:05.844Z next:jsconfig-paths-plugin skipping request as it is an absolute path C:\Users\Ahmed Amin Bejoui\Desktop\ai-code-review-platform\apps\dashboard\components\ui\textarea
2026-04-06T23:18:05.844Z next:jsconfig-paths-plugin skipping request as it is an absolute path C:\Users\Ahmed Amin Bejoui\Desktop\ai-code-review-platform\apps\dashboard\components\ui\avatar
2026-04-06T23:18:05.860Z next:jsconfig-paths-plugin skipping request as it is an absolute path C:\Users\Ahmed Amin Bejoui\Desktop\ai-code-review-platform\apps\dashboard\components\ui\badge
2026-04-06T23:18:05.860Z next:jsconfig-paths-plugin skipping request as it is an absolute path C:\Users\Ahmed Amin Bejoui\Desktop\ai-code-review-platform\apps\dashboard\components\ui\separator
2026-04-06T23:18:05.861Z next:jsconfig-paths-plugin skipping request as it is an absolute path C:\Users\Ahmed Amin Bejoui\Desktop\ai-code-review-platform\apps\dashboard\node_modules\lucide-react\dist\esm\lucide-react.js
2026-04-06T23:18:05.861Z next:jsconfig-paths-plugin skipping request as it is inside node_modules C:\Users\Ahmed Amin Bejoui\Desktop\ai-code-review-platform\apps\dashboard\node_modules\next/dist/server/future/route-modules/app-page/vendored/ssr/react-jsx-runtime
2026-04-06T23:18:05.893Z next:jsconfig-paths-plugin moduleName did not match any paths pattern react/jsx-runtime
2026-04-06T23:18:05.894Z next:jsconfig-paths-plugin skipping request as it is an absolute path C:\Users\Ahmed Amin Bejoui\Desktop\ai-code-review-platform\apps\dashboard\components\ui\card
2026-04-06T23:18:05.894Z next:jsconfig-paths-plugin skipping request as it is an absolute path C:\Users\Ahmed Amin Bejoui\Desktop\ai-code-review-platform\apps\dashboard\components\ui\button
2026-04-06T23:18:05.894Z next:jsconfig-paths-plugin skipping request as it is an absolute path C:\Users\Ahmed Amin Bejoui\Desktop\ai-code-review-platform\apps\dashboard\components\ui\switch
2026-04-06T23:18:05.894Z next:jsconfig-paths-plugin skipping request as it is an absolute path C:\Users\Ahmed Amin Bejoui\Desktop\ai-code-review-platform\apps\dashboard\components\ui\badge
2026-04-06T23:18:05.894Z next:jsconfig-paths-plugin skipping request as it is an absolute path C:\Users\Ahmed Amin Bejoui\Desktop\ai-code-review-platform\apps\dashboard\components\ui\separator
2026-04-06T23:18:05.894Z next:jsconfig-paths-plugin skipping request as it is an absolute path C:\Users\Ahmed Amin Bejoui\Desktop\ai-code-review-platform\apps\dashboard\components\ui\select
2026-04-06T23:18:05.895Z next:jsconfig-paths-plugin skipping request as it is an absolute path C:\Users\Ahmed Amin Bejoui\Desktop\ai-code-review-platform\apps\dashboard\components\ui\alert
2026-04-06T23:18:05.895Z next:jsconfig-paths-plugin skipping request as it is inside node_modules ./search-params
2026-04-06T23:18:05.899Z next:jsconfig-paths-plugin skipping request as it is an absolute path C:\Users\Ahmed Amin Bejoui\Desktop\ai-code-review-platform\apps\dashboard\components\ui\card
2026-04-06T23:18:05.899Z next:jsconfig-paths-plugin skipping request as it is an absolute path C:\Users\Ahmed Amin Bejoui\Desktop\ai-code-review-platform\apps\dashboard\components\ui\button
2026-04-06T23:18:05.899Z next:jsconfig-paths-plugin skipping request as it is an absolute path C:\Users\Ahmed Amin Bejoui\Desktop\ai-code-review-platform\apps\dashboard\components\ui\switch
2026-04-06T23:18:05.899Z next:jsconfig-paths-plugin skipping request as it is an absolute path C:\Users\Ahmed Amin Bejoui\Desktop\ai-code-review-platform\apps\dashboard\components\ui\badge
2026-04-06T23:18:05.899Z next:jsconfig-paths-plugin skipping request as it is an absolute path C:\Users\Ahmed Amin Bejoui\Desktop\ai-code-review-platform\apps\dashboard\components\ui\separator
2026-04-06T23:18:05.899Z next:jsconfig-paths-plugin skipping request as it is an absolute path C:\Users\Ahmed Amin Bejoui\Desktop\ai-code-review-platform\apps\dashboard\components\ui\select
2026-04-06T23:18:05.899Z next:jsconfig-paths-plugin skipping request as it is an absolute path C:\Users\Ahmed Amin Bejoui\Desktop\ai-code-review-platform\apps\dashboard\components\ui\alert
2026-04-06T23:18:05.905Z next:jsconfig-paths-plugin skipping request as it is an absolute path C:\Users\Ahmed Amin Bejoui\Desktop\ai-code-review-platform\apps\dashboard\components\ui\card
2026-04-06T23:18:05.905Z next:jsconfig-paths-plugin skipping request as it is an absolute path C:\Users\Ahmed Amin Bejoui\Desktop\ai-code-review-platform\apps\dashboard\components\ui\button
2026-04-06T23:18:05.905Z next:jsconfig-paths-plugin skipping request as it is an absolute path C:\Users\Ahmed Amin Bejoui\Desktop\ai-code-review-platform\apps\dashboard\components\ui\switch
2026-04-06T23:18:05.905Z next:jsconfig-paths-plugin skipping request as it is an absolute path C:\Users\Ahmed Amin Bejoui\Desktop\ai-code-review-platform\apps\dashboard\components\ui\badge
2026-04-06T23:18:05.905Z next:jsconfig-paths-plugin skipping request as it is an absolute path C:\Users\Ahmed Amin Bejoui\Desktop\ai-code-review-platform\apps\dashboard\components\ui\separator
2026-04-06T23:18:05.905Z next:jsconfig-paths-plugin skipping request as it is an absolute path C:\Users\Ahmed Amin Bejoui\Desktop\ai-code-review-platform\apps\dashboard\components\ui\select
2026-04-06T23:18:05.905Z next:jsconfig-paths-plugin skipping request as it is an absolute path C:\Users\Ahmed Amin Bejoui\Desktop\ai-code-review-platform\apps\dashboard\components\ui\alert
2026-04-06T23:18:05.909Z next:jsconfig-paths-plugin skipping request as it is inside node_modules react/jsx-runtime
2026-04-06T23:18:05.910Z next:jsconfig-paths-plugin skipping request as it is inside node_modules next/dist/server/future/route-modules/app-page/vendored/ssr/react-jsx-runtime
2026-04-06T23:18:05.911Z next:jsconfig-paths-plugin skipping request as it is an absolute path C:\Users\Ahmed Amin Bejoui\Desktop\ai-code-review-platform\apps\dashboard\components\ui\card
2026-04-06T23:18:05.911Z next:jsconfig-paths-plugin skipping request as it is an absolute path C:\Users\Ahmed Amin Bejoui\Desktop\ai-code-review-platform\apps\dashboard\components\ui\button
2026-04-06T23:18:05.911Z next:jsconfig-paths-plugin skipping request as it is an absolute path C:\Users\Ahmed Amin Bejoui\Desktop\ai-code-review-platform\apps\dashboard\components\ui\switch
2026-04-06T23:18:05.911Z next:jsconfig-paths-plugin skipping request as it is an absolute path C:\Users\Ahmed Amin Bejoui\Desktop\ai-code-review-platform\apps\dashboard\components\ui\badge
2026-04-06T23:18:05.911Z next:jsconfig-paths-plugin skipping request as it is an absolute path C:\Users\Ahmed Amin Bejoui\Desktop\ai-code-review-platform\apps\dashboard\components\ui\separator
2026-04-06T23:18:05.911Z next:jsconfig-paths-plugin skipping request as it is an absolute path C:\Users\Ahmed Amin Bejoui\Desktop\ai-code-review-platform\apps\dashboard\components\ui\select
2026-04-06T23:18:05.911Z next:jsconfig-paths-plugin skipping request as it is an absolute path C:\Users\Ahmed Amin Bejoui\Desktop\ai-code-review-platform\apps\dashboard\components\ui\alert
2026-04-06T23:18:05.911Z next:jsconfig-paths-plugin skipping request as it is inside node_modules C:\Users\Ahmed Amin Bejoui\Desktop\ai-code-review-platform\apps\dashboard\node_modules\next/dist/server/future/route-modules/app-page/vendored/ssr/react-jsx-runtime
2026-04-06T23:18:05.918Z next:jsconfig-paths-plugin skipping request as it is an absolute path C:\Users\Ahmed Amin Bejoui\Desktop\ai-code-review-platform\apps\dashboard\components\ui\card
2026-04-06T23:18:05.918Z next:jsconfig-paths-plugin skipping request as it is an absolute path C:\Users\Ahmed Amin Bejoui\Desktop\ai-code-review-platform\apps\dashboard\components\ui\button
2026-04-06T23:18:05.919Z next:jsconfig-paths-plugin skipping request as it is an absolute path C:\Users\Ahmed Amin Bejoui\Desktop\ai-code-review-platform\apps\dashboard\components\ui\switch
2026-04-06T23:18:05.919Z next:jsconfig-paths-plugin skipping request as it is an absolute path C:\Users\Ahmed Amin Bejoui\Desktop\ai-code-review-platform\apps\dashboard\components\ui\badge
2026-04-06T23:18:05.919Z next:jsconfig-paths-plugin skipping request as it is an absolute path C:\Users\Ahmed Amin Bejoui\Desktop\ai-code-review-platform\apps\dashboard\components\ui\separator
2026-04-06T23:18:05.919Z next:jsconfig-paths-plugin skipping request as it is an absolute path C:\Users\Ahmed Amin Bejoui\Desktop\ai-code-review-platform\apps\dashboard\components\ui\select
2026-04-06T23:18:05.919Z next:jsconfig-paths-plugin skipping request as it is an absolute path C:\Users\Ahmed Amin Bejoui\Desktop\ai-code-review-platform\apps\dashboard\components\ui\alert
2026-04-06T23:18:05.920Z next:jsconfig-paths-plugin skipping request as it is an absolute path C:\Users\Ahmed Amin Bejoui\Desktop\ai-code-review-platform\apps\dashboard\components\ui\card
2026-04-06T23:18:05.920Z next:jsconfig-paths-plugin skipping request as it is an absolute path C:\Users\Ahmed Amin Bejoui\Desktop\ai-code-review-platform\apps\dashboard\components\ui\button
2026-04-06T23:18:05.920Z next:jsconfig-paths-plugin skipping request as it is an absolute path C:\Users\Ahmed Amin Bejoui\Desktop\ai-code-review-platform\apps\dashboard\components\ui\switch
2026-04-06T23:18:05.920Z next:jsconfig-paths-plugin skipping request as it is an absolute path C:\Users\Ahmed Amin Bejoui\Desktop\ai-code-review-platform\apps\dashboard\components\ui\badge
2026-04-06T23:18:05.920Z next:jsconfig-paths-plugin skipping request as it is an absolute path C:\Users\Ahmed Amin Bejoui\Desktop\ai-code-review-platform\apps\dashboard\components\ui\separator
2026-04-06T23:18:05.920Z next:jsconfig-paths-plugin skipping request as it is an absolute path C:\Users\Ahmed Amin Bejoui\Desktop\ai-code-review-platform\apps\dashboard\components\ui\select
2026-04-06T23:18:05.921Z next:jsconfig-paths-plugin skipping request as it is an absolute path C:\Users\Ahmed Amin Bejoui\Desktop\ai-code-review-platform\apps\dashboard\components\ui\alert
2026-04-06T23:18:05.927Z next:jsconfig-paths-plugin skipping request as it is an absolute path C:\Users\Ahmed Amin Bejoui\Desktop\ai-code-review-platform\apps\dashboard\components\ui\card
2026-04-06T23:18:05.928Z next:jsconfig-paths-plugin skipping request as it is an absolute path C:\Users\Ahmed Amin Bejoui\Desktop\ai-code-review-platform\apps\dashboard\components\ui\button
2026-04-06T23:18:05.928Z next:jsconfig-paths-plugin skipping request as it is an absolute path C:\Users\Ahmed Amin Bejoui\Desktop\ai-code-review-platform\apps\dashboard\components\ui\switch
2026-04-06T23:18:05.928Z next:jsconfig-paths-plugin skipping request as it is an absolute path C:\Users\Ahmed Amin Bejoui\Desktop\ai-code-review-platform\apps\dashboard\components\ui\badge
2026-04-06T23:18:05.928Z next:jsconfig-paths-plugin skipping request as it is an absolute path C:\Users\Ahmed Amin Bejoui\Desktop\ai-code-review-platform\apps\dashboard\components\ui\separator
2026-04-06T23:18:05.928Z next:jsconfig-paths-plugin skipping request as it is an absolute path C:\Users\Ahmed Amin Bejoui\Desktop\ai-code-review-platform\apps\dashboard\components\ui\select
2026-04-06T23:18:05.928Z next:jsconfig-paths-plugin skipping request as it is an absolute path C:\Users\Ahmed Amin Bejoui\Desktop\ai-code-review-platform\apps\dashboard\components\ui\alert
2026-04-06T23:18:05.972Z next:jsconfig-paths-plugin skipping request as it is an absolute path C:\Users\Ahmed Amin Bejoui\Desktop\ai-code-review-platform\apps\dashboard\components\ui\card
2026-04-06T23:18:05.972Z next:jsconfig-paths-plugin skipping request as it is an absolute path C:\Users\Ahmed Amin Bejoui\Desktop\ai-code-review-platform\apps\dashboard\components\ui\button
2026-04-06T23:18:05.972Z next:jsconfig-paths-plugin skipping request as it is an absolute path C:\Users\Ahmed Amin Bejoui\Desktop\ai-code-review-platform\apps\dashboard\components\ui\switch
2026-04-06T23:18:05.972Z next:jsconfig-paths-plugin skipping request as it is an absolute path C:\Users\Ahmed Amin Bejoui\Desktop\ai-code-review-platform\apps\dashboard\components\ui\badge
2026-04-06T23:18:05.972Z next:jsconfig-paths-plugin skipping request as it is an absolute path C:\Users\Ahmed Amin Bejoui\Desktop\ai-code-review-platform\apps\dashboard\components\ui\separator
2026-04-06T23:18:05.972Z next:jsconfig-paths-plugin skipping request as it is an absolute path C:\Users\Ahmed Amin Bejoui\Desktop\ai-code-review-platform\apps\dashboard\components\ui\select
2026-04-06T23:18:05.972Z next:jsconfig-paths-plugin skipping request as it is an absolute path C:\Users\Ahmed Amin Bejoui\Desktop\ai-code-review-platform\apps\dashboard\components\ui\alert
2026-04-06T23:18:06.137Z next:jsconfig-paths-plugin skipping request as it is inside node_modules react
2026-04-06T23:18:06.137Z next:jsconfig-paths-plugin skipping request as it is inside node_modules ./navigation
2026-04-06T23:18:06.138Z next:jsconfig-paths-plugin skipping request as it is inside node_modules ./is-next-router-error
2026-04-06T23:18:06.138Z next:jsconfig-paths-plugin skipping request as it is inside node_modules ./static-generation-async-storage.external
2026-04-06T23:18:06.138Z next:jsconfig-paths-plugin skipping request as it is inside node_modules ./not-found
2026-04-06T23:18:06.138Z next:jsconfig-paths-plugin skipping request as it is inside node_modules ../../shared/lib/utils/warn-once
2026-04-06T23:18:06.138Z next:jsconfig-paths-plugin skipping request as it is inside node_modules ../../shared/lib/app-router-context.shared-runtime
2026-04-06T23:18:06.140Z next:jsconfig-paths-plugin skipping request as it is inside node_modules @swc/helpers/_/_interop_require_default
2026-04-06T23:18:06.140Z next:jsconfig-paths-plugin skipping request as it is inside node_modules @swc/helpers/_/_interop_require_wildcard
2026-04-06T23:18:06.140Z next:jsconfig-paths-plugin moduleName did not match any paths pattern lucide-react
2026-04-06T23:18:06.141Z next:jsconfig-paths-plugin skipping request as it is inside node_modules next/dist/server/future/route-modules/app-page/vendored/ssr/react
2026-04-06T23:18:06.144Z next:jsconfig-paths-plugin skipping request as it is inside node_modules C:\Users\Ahmed Amin Bejoui\Desktop\ai-code-review-platform\apps\dashboard\node_modules\@swc\helpers\_/_interop_require_default
2026-04-06T23:18:06.144Z next:jsconfig-paths-plugin skipping request as it is inside node_modules C:\Users\Ahmed Amin Bejoui\Desktop\ai-code-review-platform\apps\dashboard\node_modules\@swc\helpers\_/_interop_require_wildcard
2026-04-06T23:18:06.145Z next:jsconfig-paths-plugin skipping request as it is an absolute path C:\Users\Ahmed Amin Bejoui\Desktop\ai-code-review-platform\apps\dashboard\components\dashboard\dashboard-user-provider
2026-04-06T23:18:06.145Z next:jsconfig-paths-plugin skipping request as it is an absolute path C:\Users\Ahmed Amin Bejoui\Desktop\ai-code-review-platform\apps\dashboard\node_modules\lucide-react\dist\esm\lucide-react.js
2026-04-06T23:18:06.145Z next:jsconfig-paths-plugin skipping request as it is inside node_modules C:\Users\Ahmed Amin Bejoui\Desktop\ai-code-review-platform\apps\dashboard\node_modules\next/dist/server/future/route-modules/app-page/vendored/ssr/react
2026-04-06T23:18:06.169Z next:jsconfig-paths-plugin moduleName did not match any paths pattern react
2026-04-06T23:18:06.170Z next:jsconfig-paths-plugin skipping request as it is inside node_modules ../../shared/lib/utils/warn-once
2026-04-06T23:18:06.188Z next:jsconfig-paths-plugin skipping request as it is inside node_modules react
2026-04-06T23:18:06.188Z next:jsconfig-paths-plugin skipping request as it is inside node_modules next/dist/server/future/route-modules/app-page/vendored/ssr/react
2026-04-06T23:18:06.188Z next:jsconfig-paths-plugin skipping request as it is inside node_modules C:\Users\Ahmed Amin Bejoui\Desktop\ai-code-review-platform\apps\dashboard\node_modules\next/dist/server/future/route-modules/app-page/vendored/ssr/react
2026-04-06T23:18:06.211Z next:jsconfig-paths-plugin moduleName did not match any paths pattern motion/react
2026-04-06T23:18:06.212Z next:jsconfig-paths-plugin moduleName did not match any paths pattern motion/react
2026-04-06T23:18:06.212Z next:jsconfig-paths-plugin moduleName did not match any paths pattern motion/react
2026-04-06T23:18:06.212Z next:jsconfig-paths-plugin moduleName did not match any paths pattern motion/react
2026-04-06T23:18:06.221Z next:jsconfig-paths-plugin skipping request as it is an absolute path C:\Users\Ahmed Amin Bejoui\Desktop\ai-code-review-platform\apps\dashboard\components\ui\card
2026-04-06T23:18:06.221Z next:jsconfig-paths-plugin skipping request as it is an absolute path C:\Users\Ahmed Amin Bejoui\Desktop\ai-code-review-platform\apps\dashboard\components\ui\button
2026-04-06T23:18:06.221Z next:jsconfig-paths-plugin skipping request as it is an absolute path C:\Users\Ahmed Amin Bejoui\Desktop\ai-code-review-platform\apps\dashboard\components\ui\input
2026-04-06T23:18:06.221Z next:jsconfig-paths-plugin skipping request as it is an absolute path C:\Users\Ahmed Amin Bejoui\Desktop\ai-code-review-platform\apps\dashboard\components\ui\label
2026-04-06T23:18:06.221Z next:jsconfig-paths-plugin skipping request as it is an absolute path C:\Users\Ahmed Amin Bejoui\Desktop\ai-code-review-platform\apps\dashboard\components\ui\textarea
2026-04-06T23:18:06.221Z next:jsconfig-paths-plugin skipping request as it is an absolute path C:\Users\Ahmed Amin Bejoui\Desktop\ai-code-review-platform\apps\dashboard\components\ui\avatar
2026-04-06T23:18:06.221Z next:jsconfig-paths-plugin skipping request as it is an absolute path C:\Users\Ahmed Amin Bejoui\Desktop\ai-code-review-platform\apps\dashboard\components\ui\badge
2026-04-06T23:18:06.221Z next:jsconfig-paths-plugin skipping request as it is an absolute path C:\Users\Ahmed Amin Bejoui\Desktop\ai-code-review-platform\apps\dashboard\components\ui\separator
2026-04-06T23:18:06.221Z next:jsconfig-paths-plugin skipping request as it is an absolute path C:\Users\Ahmed Amin Bejoui\Desktop\ai-code-review-platform\apps\dashboard\components\dashboard\dashboard-user-provider
2026-04-06T23:18:06.221Z next:jsconfig-paths-plugin skipping request as it is an absolute path C:\Users\Ahmed Amin Bejoui\Desktop\ai-code-review-platform\apps\dashboard\components\ui\skeleton
2026-04-06T23:18:06.221Z next:jsconfig-paths-plugin moduleName did not match any paths pattern react/jsx-runtime
2026-04-06T23:18:06.221Z next:jsconfig-paths-plugin moduleName did not match any paths pattern react
2026-04-06T23:18:06.222Z next:jsconfig-paths-plugin moduleName did not match any paths pattern next/dist/server/future/route-modules/app-page/vendored/ssr/react-jsx-runtime
2026-04-06T23:18:06.223Z next:jsconfig-paths-plugin moduleName did not match any paths pattern next/dist/server/future/route-modules/app-page/vendored/ssr/react
2026-04-06T23:18:06.223Z next:jsconfig-paths-plugin skipping request as it is an absolute path C:\Users\Ahmed Amin Bejoui\Desktop\ai-code-review-platform\apps\dashboard\components\ui\card
2026-04-06T23:18:06.223Z next:jsconfig-paths-plugin skipping request as it is an absolute path C:\Users\Ahmed Amin Bejoui\Desktop\ai-code-review-platform\apps\dashboard\components\ui\button
2026-04-06T23:18:06.223Z next:jsconfig-paths-plugin skipping request as it is an absolute path C:\Users\Ahmed Amin Bejoui\Desktop\ai-code-review-platform\apps\dashboard\components\ui\input
2026-04-06T23:18:06.223Z next:jsconfig-paths-plugin skipping request as it is an absolute path C:\Users\Ahmed Amin Bejoui\Desktop\ai-code-review-platform\apps\dashboard\components\ui\label
2026-04-06T23:18:06.223Z next:jsconfig-paths-plugin skipping request as it is an absolute path C:\Users\Ahmed Amin Bejoui\Desktop\ai-code-review-platform\apps\dashboard\components\ui\textarea
2026-04-06T23:18:06.223Z next:jsconfig-paths-plugin skipping request as it is an absolute path C:\Users\Ahmed Amin Bejoui\Desktop\ai-code-review-platform\apps\dashboard\components\ui\avatar
2026-04-06T23:18:06.223Z next:jsconfig-paths-plugin skipping request as it is an absolute path C:\Users\Ahmed Amin Bejoui\Desktop\ai-code-review-platform\apps\dashboard\components\ui\badge
2026-04-06T23:18:06.223Z next:jsconfig-paths-plugin skipping request as it is an absolute path C:\Users\Ahmed Amin Bejoui\Desktop\ai-code-review-platform\apps\dashboard\components\ui\separator
2026-04-06T23:18:06.224Z next:jsconfig-paths-plugin skipping request as it is an absolute path C:\Users\Ahmed Amin Bejoui\Desktop\ai-code-review-platform\apps\dashboard\components\dashboard\dashboard-user-provider
2026-04-06T23:18:06.224Z next:jsconfig-paths-plugin skipping request as it is an absolute path C:\Users\Ahmed Amin Bejoui\Desktop\ai-code-review-platform\apps\dashboard\components\ui\skeleton
2026-04-06T23:18:06.224Z next:jsconfig-paths-plugin skipping request as it is an absolute path C:\Users\Ahmed Amin Bejoui\Desktop\ai-code-review-platform\apps\dashboard\node_modules\next/dist/server/future/route-modules/app-page/vendored/ssr/react-jsx-runtime
2026-04-06T23:18:06.224Z next:jsconfig-paths-plugin skipping request as it is an absolute path C:\Users\Ahmed Amin Bejoui\Desktop\ai-code-review-platform\apps\dashboard\node_modules\next/dist/server/future/route-modules/app-page/vendored/ssr/react
2026-04-06T23:18:06.245Z next:jsconfig-paths-plugin skipping request as it is an absolute path C:\Users\Ahmed Amin Bejoui\Desktop\ai-code-review-platform\apps\dashboard\components\ui\card
2026-04-06T23:18:06.245Z next:jsconfig-paths-plugin skipping request as it is an absolute path C:\Users\Ahmed Amin Bejoui\Desktop\ai-code-review-platform\apps\dashboard\components\ui\button
2026-04-06T23:18:06.245Z next:jsconfig-paths-plugin skipping request as it is an absolute path C:\Users\Ahmed Amin Bejoui\Desktop\ai-code-review-platform\apps\dashboard\components\ui\input
2026-04-06T23:18:06.260Z next:jsconfig-paths-plugin skipping request as it is an absolute path C:\Users\Ahmed Amin Bejoui\Desktop\ai-code-review-platform\apps\dashboard\components\ui\label
2026-04-06T23:18:06.260Z next:jsconfig-paths-plugin skipping request as it is an absolute path C:\Users\Ahmed Amin Bejoui\Desktop\ai-code-review-platform\apps\dashboard\components\ui\textarea
2026-04-06T23:18:06.260Z next:jsconfig-paths-plugin skipping request as it is an absolute path C:\Users\Ahmed Amin Bejoui\Desktop\ai-code-review-platform\apps\dashboard\components\ui\avatar
2026-04-06T23:18:06.260Z next:jsconfig-paths-plugin skipping request as it is an absolute path C:\Users\Ahmed Amin Bejoui\Desktop\ai-code-review-platform\apps\dashboard\components\ui\badge
2026-04-06T23:18:06.260Z next:jsconfig-paths-plugin skipping request as it is an absolute path C:\Users\Ahmed Amin Bejoui\Desktop\ai-code-review-platform\apps\dashboard\components\ui\separator
2026-04-06T23:18:06.260Z next:jsconfig-paths-plugin skipping request as it is an absolute path C:\Users\Ahmed Amin Bejoui\Desktop\ai-code-review-platform\apps\dashboard\components\dashboard\dashboard-user-provider
2026-04-06T23:18:06.260Z next:jsconfig-paths-plugin skipping request as it is an absolute path C:\Users\Ahmed Amin Bejoui\Desktop\ai-code-review-platform\apps\dashboard\components\ui\skeleton
2026-04-06T23:18:06.280Z next:jsconfig-paths-plugin skipping request as it is an absolute path C:\Users\Ahmed Amin Bejoui\Desktop\ai-code-review-platform\apps\dashboard\components\ui\card
2026-04-06T23:18:06.280Z next:jsconfig-paths-plugin skipping request as it is an absolute path C:\Users\Ahmed Amin Bejoui\Desktop\ai-code-review-platform\apps\dashboard\components\ui\button
2026-04-06T23:18:06.281Z next:jsconfig-paths-plugin skipping request as it is an absolute path C:\Users\Ahmed Amin Bejoui\Desktop\ai-code-review-platform\apps\dashboard\components\ui\input
2026-04-06T23:18:06.281Z next:jsconfig-paths-plugin skipping request as it is an absolute path C:\Users\Ahmed Amin Bejoui\Desktop\ai-code-review-platform\apps\dashboard\components\ui\label
2026-04-06T23:18:06.281Z next:jsconfig-paths-plugin skipping request as it is an absolute path C:\Users\Ahmed Amin Bejoui\Desktop\ai-code-review-platform\apps\dashboard\components\ui\textarea
2026-04-06T23:18:06.281Z next:jsconfig-paths-plugin skipping request as it is an absolute path C:\Users\Ahmed Amin Bejoui\Desktop\ai-code-review-platform\apps\dashboard\components\ui\avatar
2026-04-06T23:18:06.281Z next:jsconfig-paths-plugin skipping request as it is an absolute path C:\Users\Ahmed Amin Bejoui\Desktop\ai-code-review-platform\apps\dashboard\components\ui\badge
2026-04-06T23:18:06.281Z next:jsconfig-paths-plugin skipping request as it is an absolute path C:\Users\Ahmed Amin Bejoui\Desktop\ai-code-review-platform\apps\dashboard\components\ui\separator
2026-04-06T23:18:06.281Z next:jsconfig-paths-plugin skipping request as it is an absolute path C:\Users\Ahmed Amin Bejoui\Desktop\ai-code-review-platform\apps\dashboard\components\dashboard\dashboard-user-provider
2026-04-06T23:18:06.282Z next:jsconfig-paths-plugin skipping request as it is an absolute path C:\Users\Ahmed Amin Bejoui\Desktop\ai-code-review-platform\apps\dashboard\components\ui\skeleton
2026-04-06T23:18:06.315Z next:jsconfig-paths-plugin skipping request as it is an absolute path C:\Users\Ahmed Amin Bejoui\Desktop\ai-code-review-platform\apps\dashboard\components\ui\card
2026-04-06T23:18:06.315Z next:jsconfig-paths-plugin skipping request as it is an absolute path C:\Users\Ahmed Amin Bejoui\Desktop\ai-code-review-platform\apps\dashboard\components\ui\button
2026-04-06T23:18:06.315Z next:jsconfig-paths-plugin skipping request as it is an absolute path C:\Users\Ahmed Amin Bejoui\Desktop\ai-code-review-platform\apps\dashboard\components\ui\input
2026-04-06T23:18:06.315Z next:jsconfig-paths-plugin skipping request as it is an absolute path C:\Users\Ahmed Amin Bejoui\Desktop\ai-code-review-platform\apps\dashboard\components\ui\label
2026-04-06T23:18:06.315Z next:jsconfig-paths-plugin skipping request as it is an absolute path C:\Users\Ahmed Amin Bejoui\Desktop\ai-code-review-platform\apps\dashboard\components\ui\textarea
2026-04-06T23:18:06.315Z next:jsconfig-paths-plugin skipping request as it is an absolute path C:\Users\Ahmed Amin Bejoui\Desktop\ai-code-review-platform\apps\dashboard\components\ui\avatar
2026-04-06T23:18:06.315Z next:jsconfig-paths-plugin skipping request as it is an absolute path C:\Users\Ahmed Amin Bejoui\Desktop\ai-code-review-platform\apps\dashboard\components\ui\badge
2026-04-06T23:18:06.315Z next:jsconfig-paths-plugin skipping request as it is an absolute path C:\Users\Ahmed Amin Bejoui\Desktop\ai-code-review-platform\apps\dashboard\components\ui\separator
2026-04-06T23:18:06.315Z next:jsconfig-paths-plugin skipping request as it is an absolute path C:\Users\Ahmed Amin Bejoui\Desktop\ai-code-review-platform\apps\dashboard\components\dashboard\dashboard-user-provider
2026-04-06T23:18:06.317Z next:jsconfig-paths-plugin skipping request as it is an absolute path C:\Users\Ahmed Amin Bejoui\Desktop\ai-code-review-platform\apps\dashboard\components\ui\card
2026-04-06T23:18:06.318Z next:jsconfig-paths-plugin skipping request as it is an absolute path C:\Users\Ahmed Amin Bejoui\Desktop\ai-code-review-platform\apps\dashboard\components\ui\button
2026-04-06T23:18:06.318Z next:jsconfig-paths-plugin skipping request as it is an absolute path C:\Users\Ahmed Amin Bejoui\Desktop\ai-code-review-platform\apps\dashboard\components\ui\input
2026-04-06T23:18:06.318Z next:jsconfig-paths-plugin skipping request as it is an absolute path C:\Users\Ahmed Amin Bejoui\Desktop\ai-code-review-platform\apps\dashboard\components\ui\label
2026-04-06T23:18:06.318Z next:jsconfig-paths-plugin skipping request as it is an absolute path C:\Users\Ahmed Amin Bejoui\Desktop\ai-code-review-platform\apps\dashboard\components\ui\textarea
2026-04-06T23:18:06.318Z next:jsconfig-paths-plugin skipping request as it is an absolute path C:\Users\Ahmed Amin Bejoui\Desktop\ai-code-review-platform\apps\dashboard\components\ui\avatar
2026-04-06T23:18:06.318Z next:jsconfig-paths-plugin skipping request as it is an absolute path C:\Users\Ahmed Amin Bejoui\Desktop\ai-code-review-platform\apps\dashboard\components\ui\badge
2026-04-06T23:18:06.318Z next:jsconfig-paths-plugin skipping request as it is an absolute path C:\Users\Ahmed Amin Bejoui\Desktop\ai-code-review-platform\apps\dashboard\components\ui\separator
2026-04-06T23:18:06.318Z next:jsconfig-paths-plugin skipping request as it is an absolute path C:\Users\Ahmed Amin Bejoui\Desktop\ai-code-review-platform\apps\dashboard\components\dashboard\dashboard-user-provider
2026-04-06T23:18:06.323Z next:jsconfig-paths-plugin skipping request as it is an absolute path C:\Users\Ahmed Amin Bejoui\Desktop\ai-code-review-platform\apps\dashboard\components\ui\card
2026-04-06T23:18:06.324Z next:jsconfig-paths-plugin skipping request as it is an absolute path C:\Users\Ahmed Amin Bejoui\Desktop\ai-code-review-platform\apps\dashboard\components\ui\button
2026-04-06T23:18:06.324Z next:jsconfig-paths-plugin skipping request as it is an absolute path C:\Users\Ahmed Amin Bejoui\Desktop\ai-code-review-platform\apps\dashboard\components\ui\input
2026-04-06T23:18:06.324Z next:jsconfig-paths-plugin skipping request as it is an absolute path C:\Users\Ahmed Amin Bejoui\Desktop\ai-code-review-platform\apps\dashboard\components\ui\label
2026-04-06T23:18:06.324Z next:jsconfig-paths-plugin skipping request as it is an absolute path C:\Users\Ahmed Amin Bejoui\Desktop\ai-code-review-platform\apps\dashboard\components\ui\textarea
2026-04-06T23:18:06.324Z next:jsconfig-paths-plugin skipping request as it is an absolute path C:\Users\Ahmed Amin Bejoui\Desktop\ai-code-review-platform\apps\dashboard\components\ui\avatar
2026-04-06T23:18:06.324Z next:jsconfig-paths-plugin skipping request as it is an absolute path C:\Users\Ahmed Amin Bejoui\Desktop\ai-code-review-platform\apps\dashboard\components\ui\badge
2026-04-06T23:18:06.324Z next:jsconfig-paths-plugin skipping request as it is an absolute path C:\Users\Ahmed Amin Bejoui\Desktop\ai-code-review-platform\apps\dashboard\components\ui\separator
2026-04-06T23:18:06.324Z next:jsconfig-paths-plugin skipping request as it is an absolute path C:\Users\Ahmed Amin Bejoui\Desktop\ai-code-review-platform\apps\dashboard\components\dashboard\dashboard-user-provider
2026-04-06T23:18:06.333Z next:jsconfig-paths-plugin skipping request as it is an absolute path C:\Users\Ahmed Amin Bejoui\Desktop\ai-code-review-platform\apps\dashboard\components\ui\card
2026-04-06T23:18:06.333Z next:jsconfig-paths-plugin skipping request as it is an absolute path C:\Users\Ahmed Amin Bejoui\Desktop\ai-code-review-platform\apps\dashboard\components\ui\button
2026-04-06T23:18:06.333Z next:jsconfig-paths-plugin skipping request as it is an absolute path C:\Users\Ahmed Amin Bejoui\Desktop\ai-code-review-platform\apps\dashboard\components\ui\input
2026-04-06T23:18:06.333Z next:jsconfig-paths-plugin skipping request as it is an absolute path C:\Users\Ahmed Amin Bejoui\Desktop\ai-code-review-platform\apps\dashboard\components\ui\label
2026-04-06T23:18:06.334Z next:jsconfig-paths-plugin skipping request as it is an absolute path C:\Users\Ahmed Amin Bejoui\Desktop\ai-code-review-platform\apps\dashboard\components\ui\textarea
2026-04-06T23:18:06.334Z next:jsconfig-paths-plugin skipping request as it is an absolute path C:\Users\Ahmed Amin Bejoui\Desktop\ai-code-review-platform\apps\dashboard\components\ui\avatar
2026-04-06T23:18:06.334Z next:jsconfig-paths-plugin skipping request as it is an absolute path C:\Users\Ahmed Amin Bejoui\Desktop\ai-code-review-platform\apps\dashboard\components\ui\badge
2026-04-06T23:18:06.334Z next:jsconfig-paths-plugin skipping request as it is an absolute path C:\Users\Ahmed Amin Bejoui\Desktop\ai-code-review-platform\apps\dashboard\components\ui\separator
2026-04-06T23:18:06.334Z next:jsconfig-paths-plugin skipping request as it is an absolute path C:\Users\Ahmed Amin Bejoui\Desktop\ai-code-review-platform\apps\dashboard\components\dashboard\dashboard-user-provider
2026-04-06T23:18:06.378Z next:jsconfig-paths-plugin skipping request as it is inside node_modules react-dom
2026-04-06T23:18:06.378Z next:jsconfig-paths-plugin skipping request as it is inside node_modules ./router-reducer/fetch-server-response
2026-04-06T23:18:06.378Z next:jsconfig-paths-plugin skipping request as it is inside node_modules ./unresolved-thenable
2026-04-06T23:18:06.378Z next:jsconfig-paths-plugin skipping request as it is inside node_modules ./error-boundary
2026-04-06T23:18:06.378Z next:jsconfig-paths-plugin skipping request as it is inside node_modules ./match-segments
2026-04-06T23:18:06.379Z next:jsconfig-paths-plugin skipping request as it is inside node_modules ../../shared/lib/router/utils/handle-smooth-scroll
2026-04-06T23:18:06.379Z next:jsconfig-paths-plugin skipping request as it is inside node_modules ./redirect-boundary
2026-04-06T23:18:06.379Z next:jsconfig-paths-plugin skipping request as it is inside node_modules ./not-found-boundary
2026-04-06T23:18:06.379Z next:jsconfig-paths-plugin skipping request as it is inside node_modules ./router-reducer/reducers/get-segment-value
2026-04-06T23:18:06.379Z next:jsconfig-paths-plugin skipping request as it is inside node_modules ./router-reducer/create-router-cache-key
2026-04-06T23:18:06.379Z next:jsconfig-paths-plugin skipping request as it is inside node_modules ./router-reducer/reducers/has-interception-route-in-current-tree
2026-04-06T23:18:06.379Z next:jsconfig-paths-plugin skipping request as it is inside node_modules next/dist/server/future/route-modules/app-page/vendored/ssr/react-dom
2026-04-06T23:18:06.380Z next:jsconfig-paths-plugin skipping request as it is inside node_modules C:\Users\Ahmed Amin Bejoui\Desktop\ai-code-review-platform\apps\dashboard\node_modules\next/dist/server/future/route-modules/app-page/vendored/ssr/react-dom
2026-04-06T23:18:06.381Z next:jsconfig-paths-plugin skipping request as it is inside node_modules ./error-boundary
2026-04-06T23:18:06.381Z next:jsconfig-paths-plugin skipping request as it is inside node_modules ./not-found-boundary
2026-04-06T23:18:06.421Z next:jsconfig-paths-plugin moduleName did not match any paths pattern react/jsx-runtime
2026-04-06T23:18:06.433Z next:jsconfig-paths-plugin moduleName did not match any paths pattern react
2026-04-06T23:18:06.433Z next:jsconfig-paths-plugin moduleName did not match any paths pattern motion/react
2026-04-06T23:18:06.448Z next:jsconfig-paths-plugin moduleName did not match any paths pattern react/jsx-runtime
2026-04-06T23:18:06.448Z next:jsconfig-paths-plugin moduleName did not match any paths pattern react
2026-04-06T23:18:06.449Z next:jsconfig-paths-plugin moduleName did not match any paths pattern next/navigation
2026-04-06T23:18:06.449Z next:jsconfig-paths-plugin moduleName did not match any paths pattern lucide-react
2026-04-06T23:18:06.449Z next:jsconfig-paths-plugin moduleName did not match any paths pattern next/navigation
2026-04-06T23:18:06.449Z next:jsconfig-paths-plugin skipping request as it is an absolute path C:\Users\Ahmed Amin Bejoui\Desktop\ai-code-review-platform\apps\dashboard\components\ui\card
2026-04-06T23:18:06.449Z next:jsconfig-paths-plugin skipping request as it is an absolute path C:\Users\Ahmed Amin Bejoui\Desktop\ai-code-review-platform\apps\dashboard\components\ui\tabs
2026-04-06T23:18:06.449Z next:jsconfig-paths-plugin skipping request as it is an absolute path C:\Users\Ahmed Amin Bejoui\Desktop\ai-code-review-platform\apps\dashboard\components\ui\button
2026-04-06T23:18:06.449Z next:jsconfig-paths-plugin skipping request as it is an absolute path C:\Users\Ahmed Amin Bejoui\Desktop\ai-code-review-platform\apps\dashboard\components\ui\badge
2026-04-06T23:18:06.449Z next:jsconfig-paths-plugin skipping request as it is an absolute path C:\Users\Ahmed Amin Bejoui\Desktop\ai-code-review-platform\apps\dashboard\components\ui\progress
2026-04-06T23:18:06.449Z next:jsconfig-paths-plugin skipping request as it is an absolute path C:\Users\Ahmed Amin Bejoui\Desktop\ai-code-review-platform\apps\dashboard\components\ui\select
2026-04-06T23:18:06.456Z next:jsconfig-paths-plugin skipping request as it is an absolute path C:\Users\Ahmed Amin Bejoui\Desktop\ai-code-review-platform\apps\dashboard\node_modules\next/navigation
2026-04-06T23:18:06.457Z next:jsconfig-paths-plugin skipping request as it is an absolute path C:\Users\Ahmed Amin Bejoui\Desktop\ai-code-review-platform\apps\dashboard\node_modules\lucide-react\dist\esm\lucide-react.js
2026-04-06T23:18:06.457Z next:jsconfig-paths-plugin skipping request as it is an absolute path C:\Users\Ahmed Amin Bejoui\Desktop\ai-code-review-platform\apps\dashboard\node_modules\next/navigation
2026-04-06T23:18:06.458Z next:jsconfig-paths-plugin skipping request as it is inside node_modules next/dist/api/navigation
2026-04-06T23:18:06.458Z next:jsconfig-paths-plugin skipping request as it is inside node_modules next/dist/api/navigation
2026-04-06T23:18:06.458Z next:jsconfig-paths-plugin skipping request as it is inside node_modules C:\Users\Ahmed Amin Bejoui\Desktop\ai-code-review-platform\apps\dashboard\node_modules\next/dist/api/navigation
2026-04-06T23:18:06.458Z next:jsconfig-paths-plugin skipping request as it is inside node_modules C:\Users\Ahmed Amin Bejoui\Desktop\ai-code-review-platform\apps\dashboard\node_modules\next/dist/api/navigation
2026-04-06T23:18:06.527Z next:jsconfig-paths-plugin skipping request as it is inside node_modules ./not-found
2026-04-06T23:18:06.529Z next:jsconfig-paths-plugin skipping request as it is inside node_modules ./navigation
2026-04-06T23:18:06.530Z next:jsconfig-paths-plugin skipping request as it is inside node_modules next/dist/server/future/route-modules/app-page/vendored/contexts/app-router-context
2026-04-06T23:18:06.530Z next:jsconfig-paths-plugin skipping request as it is inside node_modules C:\Users\Ahmed Amin Bejoui\Desktop\ai-code-review-platform\apps\dashboard\node_modules\next/dist/server/future/route-modules/app-page/vendored/contexts/app-router-context
2026-04-06T23:18:06.532Z next:jsconfig-paths-plugin skipping request as it is inside node_modules ./is-next-router-error
2026-04-06T23:18:06.589Z next:jsconfig-paths-plugin moduleName did not match any paths pattern react/jsx-runtime
2026-04-06T23:18:06.589Z next:jsconfig-paths-plugin moduleName did not match any paths pattern react
2026-04-06T23:18:06.590Z next:jsconfig-paths-plugin moduleName did not match any paths pattern @clerk/clerk-react
2026-04-06T23:18:06.590Z next:jsconfig-paths-plugin moduleName did not match any paths pattern react/jsx-runtime
2026-04-06T23:18:06.590Z next:jsconfig-paths-plugin moduleName did not match any paths pattern react
2026-04-06T23:18:06.590Z next:jsconfig-paths-plugin moduleName did not match any paths pattern lucide-react
2026-04-06T23:18:06.590Z next:jsconfig-paths-plugin moduleName did not match any paths pattern next/navigation
2026-04-06T23:18:06.601Z next:jsconfig-paths-plugin skipping request as it is an absolute path C:\Users\Ahmed Amin Bejoui\Desktop\ai-code-review-platform\apps\dashboard\components\ui\card
2026-04-06T23:18:06.602Z next:jsconfig-paths-plugin skipping request as it is an absolute path C:\Users\Ahmed Amin Bejoui\Desktop\ai-code-review-platform\apps\dashboard\components\ui\button
2026-04-06T23:18:06.602Z next:jsconfig-paths-plugin skipping request as it is an absolute path C:\Users\Ahmed Amin Bejoui\Desktop\ai-code-review-platform\apps\dashboard\components\ui\input
2026-04-06T23:18:06.602Z next:jsconfig-paths-plugin skipping request as it is an absolute path C:\Users\Ahmed Amin Bejoui\Desktop\ai-code-review-platform\apps\dashboard\components\ui\label
2026-04-06T23:18:06.602Z next:jsconfig-paths-plugin skipping request as it is an absolute path C:\Users\Ahmed Amin Bejoui\Desktop\ai-code-review-platform\apps\dashboard\components\ui\select
2026-04-06T23:18:06.602Z next:jsconfig-paths-plugin skipping request as it is an absolute path C:\Users\Ahmed Amin Bejoui\Desktop\ai-code-review-platform\apps\dashboard\components\ui\dropdown-menu
2026-04-06T23:18:06.602Z next:jsconfig-paths-plugin skipping request as it is an absolute path C:\Users\Ahmed Amin Bejoui\Desktop\ai-code-review-platform\apps\dashboard\components\ui\table
2026-04-06T23:18:06.602Z next:jsconfig-paths-plugin skipping request as it is an absolute path C:\Users\Ahmed Amin Bejoui\Desktop\ai-code-review-platform\apps\dashboard\components\ui\dialog
2026-04-06T23:18:06.602Z next:jsconfig-paths-plugin skipping request as it is an absolute path C:\Users\Ahmed Amin Bejoui\Desktop\ai-code-review-platform\apps\dashboard\components\ui\skeleton
2026-04-06T23:18:06.602Z next:jsconfig-paths-plugin skipping request as it is an absolute path C:\Users\Ahmed Amin Bejoui\Desktop\ai-code-review-platform\apps\dashboard\components\ui\badge
2026-04-06T23:18:06.602Z next:jsconfig-paths-plugin skipping request as it is an absolute path C:\Users\Ahmed Amin Bejoui\Desktop\ai-code-review-platform\apps\dashboard\node_modules\lucide-react\dist\esm\lucide-react.js
2026-04-06T23:18:06.602Z next:jsconfig-paths-plugin skipping request as it is an absolute path C:\Users\Ahmed Amin Bejoui\Desktop\ai-code-review-platform\apps\dashboard\node_modules\next/navigation
2026-04-06T23:18:06.605Z next:jsconfig-paths-plugin skipping request as it is inside node_modules next/dist/api/navigation
2026-04-06T23:18:06.605Z next:jsconfig-paths-plugin skipping request as it is inside node_modules C:\Users\Ahmed Amin Bejoui\Desktop\ai-code-review-platform\apps\dashboard\node_modules\next/dist/api/navigation
2026-04-06T23:18:06.612Z next:jsconfig-paths-plugin moduleName did not match any paths pattern react/jsx-runtime
2026-04-06T23:18:06.612Z next:jsconfig-paths-plugin moduleName did not match any paths pattern react
2026-04-06T23:18:06.612Z next:jsconfig-paths-plugin moduleName did not match any paths pattern next/dist/server/future/route-modules/app-page/vendored/ssr/react-jsx-runtime
2026-04-06T23:18:06.612Z next:jsconfig-paths-plugin moduleName did not match any paths pattern next/dist/server/future/route-modules/app-page/vendored/ssr/react
2026-04-06T23:18:06.612Z next:jsconfig-paths-plugin skipping request as it is an absolute path C:\Users\Ahmed Amin Bejoui\Desktop\ai-code-review-platform\apps\dashboard\node_modules\next/dist/server/future/route-modules/app-page/vendored/ssr/react-jsx-runtime
2026-04-06T23:18:06.612Z next:jsconfig-paths-plugin skipping request as it is an absolute path C:\Users\Ahmed Amin Bejoui\Desktop\ai-code-review-platform\apps\dashboard\node_modules\next/dist/server/future/route-modules/app-page/vendored/ssr/react
2026-04-06T23:18:06.617Z next:jsconfig-paths-plugin moduleName did not match any paths pattern framer-motion
2026-04-06T23:18:06.619Z next:jsconfig-paths-plugin moduleName did not match any paths pattern framer-motion
2026-04-06T23:18:06.619Z next:jsconfig-paths-plugin moduleName did not match any paths pattern framer-motion
2026-04-06T23:18:06.619Z next:jsconfig-paths-plugin moduleName did not match any paths pattern framer-motion
2026-04-06T23:18:06.619Z next:jsconfig-paths-plugin moduleName did not match any paths pattern framer-motion
2026-04-06T23:18:06.620Z next:jsconfig-paths-plugin moduleName did not match any paths pattern framer-motion
2026-04-06T23:18:06.620Z next:jsconfig-paths-plugin moduleName did not match any paths pattern framer-motion
2026-04-06T23:18:06.620Z next:jsconfig-paths-plugin moduleName did not match any paths pattern framer-motion
2026-04-06T23:18:06.620Z next:jsconfig-paths-plugin moduleName did not match any paths pattern framer-motion
2026-04-06T23:18:06.666Z next:jsconfig-paths-plugin skipping request as it is an absolute path C:\Users\Ahmed Amin Bejoui\Desktop\ai-code-review-platform\apps\dashboard\components\ui\card
2026-04-06T23:18:06.666Z next:jsconfig-paths-plugin skipping request as it is an absolute path C:\Users\Ahmed Amin Bejoui\Desktop\ai-code-review-platform\apps\dashboard\components\ui\tabs
2026-04-06T23:18:06.666Z next:jsconfig-paths-plugin skipping request as it is an absolute path C:\Users\Ahmed Amin Bejoui\Desktop\ai-code-review-platform\apps\dashboard\components\ui\button
2026-04-06T23:18:06.666Z next:jsconfig-paths-plugin skipping request as it is an absolute path C:\Users\Ahmed Amin Bejoui\Desktop\ai-code-review-platform\apps\dashboard\components\ui\badge
2026-04-06T23:18:06.666Z next:jsconfig-paths-plugin skipping request as it is an absolute path C:\Users\Ahmed Amin Bejoui\Desktop\ai-code-review-platform\apps\dashboard\components\ui\progress
2026-04-06T23:18:06.666Z next:jsconfig-paths-plugin skipping request as it is an absolute path C:\Users\Ahmed Amin Bejoui\Desktop\ai-code-review-platform\apps\dashboard\components\ui\select
2026-04-06T23:18:06.666Z next:jsconfig-paths-plugin skipping request as it is an absolute path C:\Users\Ahmed Amin Bejoui\Desktop\ai-code-review-platform\apps\dashboard\components\ui\card
2026-04-06T23:18:06.666Z next:jsconfig-paths-plugin skipping request as it is an absolute path C:\Users\Ahmed Amin Bejoui\Desktop\ai-code-review-platform\apps\dashboard\components\ui\button
2026-04-06T23:18:06.666Z next:jsconfig-paths-plugin skipping request as it is an absolute path C:\Users\Ahmed Amin Bejoui\Desktop\ai-code-review-platform\apps\dashboard\components\ui\input
2026-04-06T23:18:06.666Z next:jsconfig-paths-plugin skipping request as it is an absolute path C:\Users\Ahmed Amin Bejoui\Desktop\ai-code-review-platform\apps\dashboard\components\ui\label
2026-04-06T23:18:06.666Z next:jsconfig-paths-plugin skipping request as it is an absolute path C:\Users\Ahmed Amin Bejoui\Desktop\ai-code-review-platform\apps\dashboard\components\ui\select
2026-04-06T23:18:06.667Z next:jsconfig-paths-plugin skipping request as it is an absolute path C:\Users\Ahmed Amin Bejoui\Desktop\ai-code-review-platform\apps\dashboard\components\ui\dropdown-menu
2026-04-06T23:18:06.667Z next:jsconfig-paths-plugin skipping request as it is an absolute path C:\Users\Ahmed Amin Bejoui\Desktop\ai-code-review-platform\apps\dashboard\components\ui\table
2026-04-06T23:18:06.667Z next:jsconfig-paths-plugin skipping request as it is an absolute path C:\Users\Ahmed Amin Bejoui\Desktop\ai-code-review-platform\apps\dashboard\components\ui\dialog
2026-04-06T23:18:06.667Z next:jsconfig-paths-plugin skipping request as it is an absolute path C:\Users\Ahmed Amin Bejoui\Desktop\ai-code-review-platform\apps\dashboard\components\ui\skeleton
2026-04-06T23:18:06.667Z next:jsconfig-paths-plugin skipping request as it is an absolute path C:\Users\Ahmed Amin Bejoui\Desktop\ai-code-review-platform\apps\dashboard\components\ui\badge
2026-04-06T23:18:06.667Z next:jsconfig-paths-plugin skipping request as it is an absolute path C:\Users\Ahmed Amin Bejoui\Desktop\ai-code-review-platform\apps\dashboard\components\ui\skeleton
2026-04-06T23:18:06.668Z next:jsconfig-paths-plugin moduleName did not match any paths pattern react/jsx-runtime
2026-04-06T23:18:06.668Z next:jsconfig-paths-plugin moduleName did not match any paths pattern motion/react
2026-04-06T23:18:06.668Z next:jsconfig-paths-plugin moduleName did not match any paths pattern react
2026-04-06T23:18:06.668Z next:jsconfig-paths-plugin moduleName did not match any paths pattern react/jsx-runtime
2026-04-06T23:18:06.668Z next:jsconfig-paths-plugin moduleName did not match any paths pattern react
2026-04-06T23:18:06.669Z next:jsconfig-paths-plugin moduleName did not match any paths pattern next/dist/server/future/route-modules/app-page/vendored/ssr/react-jsx-runtime
2026-04-06T23:18:06.669Z next:jsconfig-paths-plugin moduleName did not match any paths pattern next/dist/server/future/route-modules/app-page/vendored/ssr/react
2026-04-06T23:18:06.669Z next:jsconfig-paths-plugin moduleName did not match any paths pattern next/dist/server/future/route-modules/app-page/vendored/ssr/react-jsx-runtime
2026-04-06T23:18:06.669Z next:jsconfig-paths-plugin moduleName did not match any paths pattern next/dist/server/future/route-modules/app-page/vendored/ssr/react
2026-04-06T23:18:06.669Z next:jsconfig-paths-plugin skipping request as it is an absolute path C:\Users\Ahmed Amin Bejoui\Desktop\ai-code-review-platform\apps\dashboard\components\ui\card
2026-04-06T23:18:06.669Z next:jsconfig-paths-plugin skipping request as it is an absolute path C:\Users\Ahmed Amin Bejoui\Desktop\ai-code-review-platform\apps\dashboard\components\ui\tabs
2026-04-06T23:18:06.669Z next:jsconfig-paths-plugin skipping request as it is an absolute path C:\Users\Ahmed Amin Bejoui\Desktop\ai-code-review-platform\apps\dashboard\components\ui\button
2026-04-06T23:18:06.670Z next:jsconfig-paths-plugin skipping request as it is an absolute path C:\Users\Ahmed Amin Bejoui\Desktop\ai-code-review-platform\apps\dashboard\components\ui\badge
2026-04-06T23:18:06.670Z next:jsconfig-paths-plugin skipping request as it is an absolute path C:\Users\Ahmed Amin Bejoui\Desktop\ai-code-review-platform\apps\dashboard\components\ui\progress
2026-04-06T23:18:06.670Z next:jsconfig-paths-plugin skipping request as it is an absolute path C:\Users\Ahmed Amin Bejoui\Desktop\ai-code-review-platform\apps\dashboard\components\ui\select
2026-04-06T23:18:06.670Z next:jsconfig-paths-plugin skipping request as it is an absolute path C:\Users\Ahmed Amin Bejoui\Desktop\ai-code-review-platform\apps\dashboard\components\ui\card
2026-04-06T23:18:06.670Z next:jsconfig-paths-plugin skipping request as it is an absolute path C:\Users\Ahmed Amin Bejoui\Desktop\ai-code-review-platform\apps\dashboard\components\ui\button
2026-04-06T23:18:06.670Z next:jsconfig-paths-plugin skipping request as it is an absolute path C:\Users\Ahmed Amin Bejoui\Desktop\ai-code-review-platform\apps\dashboard\components\ui\input
2026-04-06T23:18:06.670Z next:jsconfig-paths-plugin skipping request as it is an absolute path C:\Users\Ahmed Amin Bejoui\Desktop\ai-code-review-platform\apps\dashboard\components\ui\label
2026-04-06T23:18:06.670Z next:jsconfig-paths-plugin skipping request as it is an absolute path C:\Users\Ahmed Amin Bejoui\Desktop\ai-code-review-platform\apps\dashboard\components\ui\select
2026-04-06T23:18:06.670Z next:jsconfig-paths-plugin skipping request as it is an absolute path C:\Users\Ahmed Amin Bejoui\Desktop\ai-code-review-platform\apps\dashboard\components\ui\dropdown-menu
2026-04-06T23:18:06.670Z next:jsconfig-paths-plugin skipping request as it is an absolute path C:\Users\Ahmed Amin Bejoui\Desktop\ai-code-review-platform\apps\dashboard\components\ui\table
2026-04-06T23:18:06.670Z next:jsconfig-paths-plugin skipping request as it is an absolute path C:\Users\Ahmed Amin Bejoui\Desktop\ai-code-review-platform\apps\dashboard\components\ui\dialog
2026-04-06T23:18:06.670Z next:jsconfig-paths-plugin skipping request as it is an absolute path C:\Users\Ahmed Amin Bejoui\Desktop\ai-code-review-platform\apps\dashboard\components\ui\skeleton
2026-04-06T23:18:06.670Z next:jsconfig-paths-plugin skipping request as it is an absolute path C:\Users\Ahmed Amin Bejoui\Desktop\ai-code-review-platform\apps\dashboard\components\ui\badge
2026-04-06T23:18:06.670Z next:jsconfig-paths-plugin skipping request as it is an absolute path C:\Users\Ahmed Amin Bejoui\Desktop\ai-code-review-platform\apps\dashboard\node_modules\next/dist/server/future/route-modules/app-page/vendored/ssr/react-jsx-runtime
2026-04-06T23:18:06.670Z next:jsconfig-paths-plugin skipping request as it is an absolute path C:\Users\Ahmed Amin Bejoui\Desktop\ai-code-review-platform\apps\dashboard\node_modules\next/dist/server/future/route-modules/app-page/vendored/ssr/react
2026-04-06T23:18:06.670Z next:jsconfig-paths-plugin skipping request as it is an absolute path C:\Users\Ahmed Amin Bejoui\Desktop\ai-code-review-platform\apps\dashboard\node_modules\next/dist/server/future/route-modules/app-page/vendored/ssr/react-jsx-runtime
2026-04-06T23:18:06.671Z next:jsconfig-paths-plugin skipping request as it is an absolute path C:\Users\Ahmed Amin Bejoui\Desktop\ai-code-review-platform\apps\dashboard\node_modules\next/dist/server/future/route-modules/app-page/vendored/ssr/react
2026-04-06T23:18:06.672Z next:jsconfig-paths-plugin skipping request as it is an absolute path C:\Users\Ahmed Amin Bejoui\Desktop\ai-code-review-platform\apps\dashboard\components\ui\skeleton
2026-04-06T23:18:06.688Z next:jsconfig-paths-plugin skipping request as it is an absolute path C:\Users\Ahmed Amin Bejoui\Desktop\ai-code-review-platform\apps\dashboard\components\ui\card
2026-04-06T23:18:06.688Z next:jsconfig-paths-plugin skipping request as it is an absolute path C:\Users\Ahmed Amin Bejoui\Desktop\ai-code-review-platform\apps\dashboard\components\ui\tabs
2026-04-06T23:18:06.688Z next:jsconfig-paths-plugin skipping request as it is an absolute path C:\Users\Ahmed Amin Bejoui\Desktop\ai-code-review-platform\apps\dashboard\components\ui\button
2026-04-06T23:18:06.688Z next:jsconfig-paths-plugin skipping request as it is an absolute path C:\Users\Ahmed Amin Bejoui\Desktop\ai-code-review-platform\apps\dashboard\components\ui\badge
2026-04-06T23:18:06.688Z next:jsconfig-paths-plugin skipping request as it is an absolute path C:\Users\Ahmed Amin Bejoui\Desktop\ai-code-review-platform\apps\dashboard\components\ui\progress
2026-04-06T23:18:06.688Z next:jsconfig-paths-plugin skipping request as it is an absolute path C:\Users\Ahmed Amin Bejoui\Desktop\ai-code-review-platform\apps\dashboard\components\ui\select
2026-04-06T23:18:06.688Z next:jsconfig-paths-plugin skipping request as it is an absolute path C:\Users\Ahmed Amin Bejoui\Desktop\ai-code-review-platform\apps\dashboard\components\ui\card
2026-04-06T23:18:06.688Z next:jsconfig-paths-plugin skipping request as it is an absolute path C:\Users\Ahmed Amin Bejoui\Desktop\ai-code-review-platform\apps\dashboard\components\ui\button
2026-04-06T23:18:06.688Z next:jsconfig-paths-plugin skipping request as it is an absolute path C:\Users\Ahmed Amin Bejoui\Desktop\ai-code-review-platform\apps\dashboard\components\ui\input
2026-04-06T23:18:06.688Z next:jsconfig-paths-plugin skipping request as it is an absolute path C:\Users\Ahmed Amin Bejoui\Desktop\ai-code-review-platform\apps\dashboard\components\ui\label
2026-04-06T23:18:06.688Z next:jsconfig-paths-plugin skipping request as it is an absolute path C:\Users\Ahmed Amin Bejoui\Desktop\ai-code-review-platform\apps\dashboard\components\ui\select
2026-04-06T23:18:06.688Z next:jsconfig-paths-plugin skipping request as it is an absolute path C:\Users\Ahmed Amin Bejoui\Desktop\ai-code-review-platform\apps\dashboard\components\ui\dropdown-menu
2026-04-06T23:18:06.688Z next:jsconfig-paths-plugin skipping request as it is an absolute path C:\Users\Ahmed Amin Bejoui\Desktop\ai-code-review-platform\apps\dashboard\components\ui\table
2026-04-06T23:18:06.688Z next:jsconfig-paths-plugin skipping request as it is an absolute path C:\Users\Ahmed Amin Bejoui\Desktop\ai-code-review-platform\apps\dashboard\components\ui\dialog
2026-04-06T23:18:06.688Z next:jsconfig-paths-plugin skipping request as it is an absolute path C:\Users\Ahmed Amin Bejoui\Desktop\ai-code-review-platform\apps\dashboard\components\ui\skeleton
2026-04-06T23:18:06.688Z next:jsconfig-paths-plugin skipping request as it is an absolute path C:\Users\Ahmed Amin Bejoui\Desktop\ai-code-review-platform\apps\dashboard\components\ui\badge
2026-04-06T23:18:06.693Z next:jsconfig-paths-plugin skipping request as it is an absolute path C:\Users\Ahmed Amin Bejoui\Desktop\ai-code-review-platform\apps\dashboard\components\ui\skeleton
2026-04-06T23:18:06.700Z next:jsconfig-paths-plugin skipping request as it is an absolute path C:\Users\Ahmed Amin Bejoui\Desktop\ai-code-review-platform\apps\dashboard\components\ui\card
2026-04-06T23:18:06.701Z next:jsconfig-paths-plugin skipping request as it is an absolute path C:\Users\Ahmed Amin Bejoui\Desktop\ai-code-review-platform\apps\dashboard\components\ui\tabs
2026-04-06T23:18:06.701Z next:jsconfig-paths-plugin skipping request as it is an absolute path C:\Users\Ahmed Amin Bejoui\Desktop\ai-code-review-platform\apps\dashboard\components\ui\button
2026-04-06T23:18:06.701Z next:jsconfig-paths-plugin skipping request as it is an absolute path C:\Users\Ahmed Amin Bejoui\Desktop\ai-code-review-platform\apps\dashboard\components\ui\badge
2026-04-06T23:18:06.701Z next:jsconfig-paths-plugin skipping request as it is an absolute path C:\Users\Ahmed Amin Bejoui\Desktop\ai-code-review-platform\apps\dashboard\components\ui\progress
2026-04-06T23:18:06.702Z next:jsconfig-paths-plugin skipping request as it is an absolute path C:\Users\Ahmed Amin Bejoui\Desktop\ai-code-review-platform\apps\dashboard\components\ui\select
2026-04-06T23:18:06.702Z next:jsconfig-paths-plugin skipping request as it is an absolute path C:\Users\Ahmed Amin Bejoui\Desktop\ai-code-review-platform\apps\dashboard\components\ui\card
2026-04-06T23:18:06.702Z next:jsconfig-paths-plugin skipping request as it is an absolute path C:\Users\Ahmed Amin Bejoui\Desktop\ai-code-review-platform\apps\dashboard\components\ui\button
2026-04-06T23:18:06.702Z next:jsconfig-paths-plugin skipping request as it is an absolute path C:\Users\Ahmed Amin Bejoui\Desktop\ai-code-review-platform\apps\dashboard\components\ui\input
2026-04-06T23:18:06.702Z next:jsconfig-paths-plugin skipping request as it is an absolute path C:\Users\Ahmed Amin Bejoui\Desktop\ai-code-review-platform\apps\dashboard\components\ui\label
2026-04-06T23:18:06.703Z next:jsconfig-paths-plugin skipping request as it is an absolute path C:\Users\Ahmed Amin Bejoui\Desktop\ai-code-review-platform\apps\dashboard\components\ui\select
2026-04-06T23:18:06.703Z next:jsconfig-paths-plugin skipping request as it is an absolute path C:\Users\Ahmed Amin Bejoui\Desktop\ai-code-review-platform\apps\dashboard\components\ui\dropdown-menu
2026-04-06T23:18:06.703Z next:jsconfig-paths-plugin skipping request as it is an absolute path C:\Users\Ahmed Amin Bejoui\Desktop\ai-code-review-platform\apps\dashboard\components\ui\table
2026-04-06T23:18:06.703Z next:jsconfig-paths-plugin skipping request as it is an absolute path C:\Users\Ahmed Amin Bejoui\Desktop\ai-code-review-platform\apps\dashboard\components\ui\dialog
2026-04-06T23:18:06.703Z next:jsconfig-paths-plugin skipping request as it is an absolute path C:\Users\Ahmed Amin Bejoui\Desktop\ai-code-review-platform\apps\dashboard\components\ui\skeleton
2026-04-06T23:18:06.703Z next:jsconfig-paths-plugin skipping request as it is an absolute path C:\Users\Ahmed Amin Bejoui\Desktop\ai-code-review-platform\apps\dashboard\components\ui\badge
2026-04-06T23:18:06.703Z next:jsconfig-paths-plugin skipping request as it is an absolute path C:\Users\Ahmed Amin Bejoui\Desktop\ai-code-review-platform\apps\dashboard\components\ui\skeleton
2026-04-06T23:18:06.786Z next:jsconfig-paths-plugin skipping request as it is an absolute path C:\Users\Ahmed Amin Bejoui\Desktop\ai-code-review-platform\apps\dashboard\components\ui\card
2026-04-06T23:18:06.786Z next:jsconfig-paths-plugin skipping request as it is an absolute path C:\Users\Ahmed Amin Bejoui\Desktop\ai-code-review-platform\apps\dashboard\components\ui\tabs
2026-04-06T23:18:06.786Z next:jsconfig-paths-plugin skipping request as it is an absolute path C:\Users\Ahmed Amin Bejoui\Desktop\ai-code-review-platform\apps\dashboard\components\ui\button
2026-04-06T23:18:06.786Z next:jsconfig-paths-plugin skipping request as it is an absolute path C:\Users\Ahmed Amin Bejoui\Desktop\ai-code-review-platform\apps\dashboard\components\ui\badge
2026-04-06T23:18:06.786Z next:jsconfig-paths-plugin skipping request as it is an absolute path C:\Users\Ahmed Amin Bejoui\Desktop\ai-code-review-platform\apps\dashboard\components\ui\progress
2026-04-06T23:18:06.786Z next:jsconfig-paths-plugin skipping request as it is an absolute path C:\Users\Ahmed Amin Bejoui\Desktop\ai-code-review-platform\apps\dashboard\components\ui\select
2026-04-06T23:18:06.786Z next:jsconfig-paths-plugin skipping request as it is an absolute path C:\Users\Ahmed Amin Bejoui\Desktop\ai-code-review-platform\apps\dashboard\components\ui\card
2026-04-06T23:18:06.786Z next:jsconfig-paths-plugin skipping request as it is an absolute path C:\Users\Ahmed Amin Bejoui\Desktop\ai-code-review-platform\apps\dashboard\components\ui\button
2026-04-06T23:18:06.786Z next:jsconfig-paths-plugin skipping request as it is an absolute path C:\Users\Ahmed Amin Bejoui\Desktop\ai-code-review-platform\apps\dashboard\components\ui\input
2026-04-06T23:18:06.786Z next:jsconfig-paths-plugin skipping request as it is an absolute path C:\Users\Ahmed Amin Bejoui\Desktop\ai-code-review-platform\apps\dashboard\components\ui\label
2026-04-06T23:18:06.787Z next:jsconfig-paths-plugin skipping request as it is an absolute path C:\Users\Ahmed Amin Bejoui\Desktop\ai-code-review-platform\apps\dashboard\components\ui\select
2026-04-06T23:18:06.787Z next:jsconfig-paths-plugin skipping request as it is an absolute path C:\Users\Ahmed Amin Bejoui\Desktop\ai-code-review-platform\apps\dashboard\components\ui\dropdown-menu
2026-04-06T23:18:06.787Z next:jsconfig-paths-plugin skipping request as it is an absolute path C:\Users\Ahmed Amin Bejoui\Desktop\ai-code-review-platform\apps\dashboard\components\ui\table
2026-04-06T23:18:06.787Z next:jsconfig-paths-plugin skipping request as it is an absolute path C:\Users\Ahmed Amin Bejoui\Desktop\ai-code-review-platform\apps\dashboard\components\ui\dialog
2026-04-06T23:18:06.787Z next:jsconfig-paths-plugin skipping request as it is an absolute path C:\Users\Ahmed Amin Bejoui\Desktop\ai-code-review-platform\apps\dashboard\components\ui\skeleton
2026-04-06T23:18:06.787Z next:jsconfig-paths-plugin skipping request as it is an absolute path C:\Users\Ahmed Amin Bejoui\Desktop\ai-code-review-platform\apps\dashboard\components\ui\badge
2026-04-06T23:18:06.791Z next:jsconfig-paths-plugin skipping request as it is an absolute path C:\Users\Ahmed Amin Bejoui\Desktop\ai-code-review-platform\apps\dashboard\components\ui\card
2026-04-06T23:18:06.791Z next:jsconfig-paths-plugin skipping request as it is an absolute path C:\Users\Ahmed Amin Bejoui\Desktop\ai-code-review-platform\apps\dashboard\components\ui\tabs
2026-04-06T23:18:06.791Z next:jsconfig-paths-plugin skipping request as it is an absolute path C:\Users\Ahmed Amin Bejoui\Desktop\ai-code-review-platform\apps\dashboard\components\ui\button
2026-04-06T23:18:06.791Z next:jsconfig-paths-plugin skipping request as it is an absolute path C:\Users\Ahmed Amin Bejoui\Desktop\ai-code-review-platform\apps\dashboard\components\ui\badge
2026-04-06T23:18:06.791Z next:jsconfig-paths-plugin skipping request as it is an absolute path C:\Users\Ahmed Amin Bejoui\Desktop\ai-code-review-platform\apps\dashboard\components\ui\progress
2026-04-06T23:18:06.791Z next:jsconfig-paths-plugin skipping request as it is an absolute path C:\Users\Ahmed Amin Bejoui\Desktop\ai-code-review-platform\apps\dashboard\components\ui\select
2026-04-06T23:18:06.791Z next:jsconfig-paths-plugin skipping request as it is an absolute path C:\Users\Ahmed Amin Bejoui\Desktop\ai-code-review-platform\apps\dashboard\components\ui\card
2026-04-06T23:18:06.791Z next:jsconfig-paths-plugin skipping request as it is an absolute path C:\Users\Ahmed Amin Bejoui\Desktop\ai-code-review-platform\apps\dashboard\components\ui\button
2026-04-06T23:18:06.791Z next:jsconfig-paths-plugin skipping request as it is an absolute path C:\Users\Ahmed Amin Bejoui\Desktop\ai-code-review-platform\apps\dashboard\components\ui\input
2026-04-06T23:18:06.791Z next:jsconfig-paths-plugin skipping request as it is an absolute path C:\Users\Ahmed Amin Bejoui\Desktop\ai-code-review-platform\apps\dashboard\components\ui\label
2026-04-06T23:18:06.792Z next:jsconfig-paths-plugin skipping request as it is an absolute path C:\Users\Ahmed Amin Bejoui\Desktop\ai-code-review-platform\apps\dashboard\components\ui\select
2026-04-06T23:18:06.792Z next:jsconfig-paths-plugin skipping request as it is an absolute path C:\Users\Ahmed Amin Bejoui\Desktop\ai-code-review-platform\apps\dashboard\components\ui\dropdown-menu
2026-04-06T23:18:06.792Z next:jsconfig-paths-plugin skipping request as it is an absolute path C:\Users\Ahmed Amin Bejoui\Desktop\ai-code-review-platform\apps\dashboard\components\ui\table
2026-04-06T23:18:06.792Z next:jsconfig-paths-plugin skipping request as it is an absolute path C:\Users\Ahmed Amin Bejoui\Desktop\ai-code-review-platform\apps\dashboard\components\ui\dialog
2026-04-06T23:18:06.792Z next:jsconfig-paths-plugin skipping request as it is an absolute path C:\Users\Ahmed Amin Bejoui\Desktop\ai-code-review-platform\apps\dashboard\components\ui\skeleton
2026-04-06T23:18:06.792Z next:jsconfig-paths-plugin skipping request as it is an absolute path C:\Users\Ahmed Amin Bejoui\Desktop\ai-code-review-platform\apps\dashboard\components\ui\badge
2026-04-06T23:18:06.809Z next:jsconfig-paths-plugin skipping request as it is an absolute path C:\Users\Ahmed Amin Bejoui\Desktop\ai-code-review-platform\apps\dashboard\components\ui\card
2026-04-06T23:18:06.809Z next:jsconfig-paths-plugin skipping request as it is an absolute path C:\Users\Ahmed Amin Bejoui\Desktop\ai-code-review-platform\apps\dashboard\components\ui\tabs
2026-04-06T23:18:06.809Z next:jsconfig-paths-plugin skipping request as it is an absolute path C:\Users\Ahmed Amin Bejoui\Desktop\ai-code-review-platform\apps\dashboard\components\ui\button
2026-04-06T23:18:06.809Z next:jsconfig-paths-plugin skipping request as it is an absolute path C:\Users\Ahmed Amin Bejoui\Desktop\ai-code-review-platform\apps\dashboard\components\ui\badge
2026-04-06T23:18:06.809Z next:jsconfig-paths-plugin skipping request as it is an absolute path C:\Users\Ahmed Amin Bejoui\Desktop\ai-code-review-platform\apps\dashboard\components\ui\progress
2026-04-06T23:18:06.810Z next:jsconfig-paths-plugin skipping request as it is an absolute path C:\Users\Ahmed Amin Bejoui\Desktop\ai-code-review-platform\apps\dashboard\components\ui\select
2026-04-06T23:18:06.810Z next:jsconfig-paths-plugin skipping request as it is an absolute path C:\Users\Ahmed Amin Bejoui\Desktop\ai-code-review-platform\apps\dashboard\components\ui\card
2026-04-06T23:18:06.810Z next:jsconfig-paths-plugin skipping request as it is an absolute path C:\Users\Ahmed Amin Bejoui\Desktop\ai-code-review-platform\apps\dashboard\components\ui\button
2026-04-06T23:18:06.810Z next:jsconfig-paths-plugin skipping request as it is an absolute path C:\Users\Ahmed Amin Bejoui\Desktop\ai-code-review-platform\apps\dashboard\components\ui\input
2026-04-06T23:18:06.810Z next:jsconfig-paths-plugin skipping request as it is an absolute path C:\Users\Ahmed Amin Bejoui\Desktop\ai-code-review-platform\apps\dashboard\components\ui\label
2026-04-06T23:18:06.810Z next:jsconfig-paths-plugin skipping request as it is an absolute path C:\Users\Ahmed Amin Bejoui\Desktop\ai-code-review-platform\apps\dashboard\components\ui\select
2026-04-06T23:18:06.810Z next:jsconfig-paths-plugin skipping request as it is an absolute path C:\Users\Ahmed Amin Bejoui\Desktop\ai-code-review-platform\apps\dashboard\components\ui\dropdown-menu
2026-04-06T23:18:06.810Z next:jsconfig-paths-plugin skipping request as it is an absolute path C:\Users\Ahmed Amin Bejoui\Desktop\ai-code-review-platform\apps\dashboard\components\ui\table
2026-04-06T23:18:06.810Z next:jsconfig-paths-plugin skipping request as it is an absolute path C:\Users\Ahmed Amin Bejoui\Desktop\ai-code-review-platform\apps\dashboard\components\ui\dialog
2026-04-06T23:18:06.810Z next:jsconfig-paths-plugin skipping request as it is an absolute path C:\Users\Ahmed Amin Bejoui\Desktop\ai-code-review-platform\apps\dashboard\components\ui\skeleton
2026-04-06T23:18:06.810Z next:jsconfig-paths-plugin skipping request as it is an absolute path C:\Users\Ahmed Amin Bejoui\Desktop\ai-code-review-platform\apps\dashboard\components\ui\badge
2026-04-06T23:18:06.819Z next:jsconfig-paths-plugin skipping request as it is an absolute path C:\Users\Ahmed Amin Bejoui\Desktop\ai-code-review-platform\apps\dashboard\components\ui\card
2026-04-06T23:18:06.819Z next:jsconfig-paths-plugin skipping request as it is an absolute path C:\Users\Ahmed Amin Bejoui\Desktop\ai-code-review-platform\apps\dashboard\components\ui\tabs
2026-04-06T23:18:06.819Z next:jsconfig-paths-plugin skipping request as it is an absolute path C:\Users\Ahmed Amin Bejoui\Desktop\ai-code-review-platform\apps\dashboard\components\ui\button
2026-04-06T23:18:06.819Z next:jsconfig-paths-plugin skipping request as it is an absolute path C:\Users\Ahmed Amin Bejoui\Desktop\ai-code-review-platform\apps\dashboard\components\ui\badge
2026-04-06T23:18:06.819Z next:jsconfig-paths-plugin skipping request as it is an absolute path C:\Users\Ahmed Amin Bejoui\Desktop\ai-code-review-platform\apps\dashboard\components\ui\progress
2026-04-06T23:18:06.819Z next:jsconfig-paths-plugin skipping request as it is an absolute path C:\Users\Ahmed Amin Bejoui\Desktop\ai-code-review-platform\apps\dashboard\components\ui\select
2026-04-06T23:18:06.819Z next:jsconfig-paths-plugin skipping request as it is an absolute path C:\Users\Ahmed Amin Bejoui\Desktop\ai-code-review-platform\apps\dashboard\components\ui\card
2026-04-06T23:18:06.820Z next:jsconfig-paths-plugin skipping request as it is an absolute path C:\Users\Ahmed Amin Bejoui\Desktop\ai-code-review-platform\apps\dashboard\components\ui\button
2026-04-06T23:18:06.820Z next:jsconfig-paths-plugin skipping request as it is an absolute path C:\Users\Ahmed Amin Bejoui\Desktop\ai-code-review-platform\apps\dashboard\components\ui\input
2026-04-06T23:18:06.821Z next:jsconfig-paths-plugin skipping request as it is an absolute path C:\Users\Ahmed Amin Bejoui\Desktop\ai-code-review-platform\apps\dashboard\components\ui\label
2026-04-06T23:18:06.821Z next:jsconfig-paths-plugin skipping request as it is an absolute path C:\Users\Ahmed Amin Bejoui\Desktop\ai-code-review-platform\apps\dashboard\components\ui\select
2026-04-06T23:18:06.821Z next:jsconfig-paths-plugin skipping request as it is an absolute path C:\Users\Ahmed Amin Bejoui\Desktop\ai-code-review-platform\apps\dashboard\components\ui\dropdown-menu
2026-04-06T23:18:06.821Z next:jsconfig-paths-plugin skipping request as it is an absolute path C:\Users\Ahmed Amin Bejoui\Desktop\ai-code-review-platform\apps\dashboard\components\ui\table
2026-04-06T23:18:06.821Z next:jsconfig-paths-plugin skipping request as it is an absolute path C:\Users\Ahmed Amin Bejoui\Desktop\ai-code-review-platform\apps\dashboard\components\ui\dialog
2026-04-06T23:18:06.821Z next:jsconfig-paths-plugin skipping request as it is an absolute path C:\Users\Ahmed Amin Bejoui\Desktop\ai-code-review-platform\apps\dashboard\components\ui\skeleton
2026-04-06T23:18:06.821Z next:jsconfig-paths-plugin skipping request as it is an absolute path C:\Users\Ahmed Amin Bejoui\Desktop\ai-code-review-platform\apps\dashboard\components\ui\badge
2026-04-06T23:18:06.931Z next:jsconfig-paths-plugin skipping request as it is inside node_modules ./unresolved-thenable
2026-04-06T23:18:06.933Z next:jsconfig-paths-plugin skipping request as it is inside node_modules ./match-segments
2026-04-06T23:18:06.934Z next:jsconfig-paths-plugin skipping request as it is inside node_modules ./redirect-boundary
2026-04-06T23:18:06.934Z next:jsconfig-paths-plugin skipping request as it is inside node_modules ../../shared/lib/router/utils/handle-smooth-scroll
2026-04-06T23:18:06.936Z next:jsconfig-paths-plugin moduleName did not match any paths pattern react-dom
2026-04-06T23:18:06.936Z next:jsconfig-paths-plugin skipping request as it is inside node_modules react-dom
2026-04-06T23:18:06.936Z next:jsconfig-paths-plugin skipping request as it is inside node_modules next/dist/server/future/route-modules/app-page/vendored/ssr/react-dom
2026-04-06T23:18:06.937Z next:jsconfig-paths-plugin skipping request as it is inside node_modules C:\Users\Ahmed Amin Bejoui\Desktop\ai-code-review-platform\apps\dashboard\node_modules\next/dist/server/future/route-modules/app-page/vendored/ssr/react-dom
2026-04-06T23:18:07.011Z next:jsconfig-paths-plugin moduleName did not match any paths pattern react/jsx-runtime
2026-04-06T23:18:07.011Z next:jsconfig-paths-plugin moduleName did not match any paths pattern framer-motion
2026-04-06T23:18:07.012Z next:jsconfig-paths-plugin moduleName did not match any paths pattern react/jsx-runtime
2026-04-06T23:18:07.012Z next:jsconfig-paths-plugin moduleName did not match any paths pattern react
2026-04-06T23:18:07.012Z next:jsconfig-paths-plugin moduleName did not match any paths pattern motion/react
2026-04-06T23:18:07.012Z next:jsconfig-paths-plugin moduleName did not match any paths pattern react/jsx-runtime
2026-04-06T23:18:07.012Z next:jsconfig-paths-plugin moduleName did not match any paths pattern framer-motion
2026-04-06T23:18:07.012Z next:jsconfig-paths-plugin moduleName did not match any paths pattern react/jsx-runtime
2026-04-06T23:18:07.012Z next:jsconfig-paths-plugin moduleName did not match any paths pattern framer-motion
2026-04-06T23:18:07.012Z next:jsconfig-paths-plugin moduleName did not match any paths pattern lucide-react
2026-04-06T23:18:07.013Z next:jsconfig-paths-plugin moduleName did not match any paths pattern lucide-react
2026-04-06T23:18:07.013Z next:jsconfig-paths-plugin moduleName did not match any paths pattern next/link
2026-04-06T23:18:07.013Z next:jsconfig-paths-plugin moduleName did not match any paths pattern lucide-react
2026-04-06T23:18:07.013Z next:jsconfig-paths-plugin moduleName did not match any paths pattern framer-motion
2026-04-06T23:18:07.013Z next:jsconfig-paths-plugin moduleName did not match any paths pattern next/navigation
2026-04-06T23:18:07.013Z next:jsconfig-paths-plugin moduleName did not match any paths pattern lucide-react
2026-04-06T23:18:07.013Z next:jsconfig-paths-plugin skipping request as it is an absolute path C:\Users\Ahmed Amin Bejoui\Desktop\ai-code-review-platform\apps\dashboard\components\ui\badge
2026-04-06T23:18:07.014Z next:jsconfig-paths-plugin skipping request as it is an absolute path C:\Users\Ahmed Amin Bejoui\Desktop\ai-code-review-platform\apps\dashboard\components\ui\card
2026-04-06T23:18:07.014Z next:jsconfig-paths-plugin skipping request as it is an absolute path C:\Users\Ahmed Amin Bejoui\Desktop\ai-code-review-platform\apps\dashboard\components\ui\button
2026-04-06T23:18:07.014Z next:jsconfig-paths-plugin skipping request as it is an absolute path C:\Users\Ahmed Amin Bejoui\Desktop\ai-code-review-platform\apps\dashboard\components\ui\card
2026-04-06T23:18:07.014Z next:jsconfig-paths-plugin skipping request as it is an absolute path C:\Users\Ahmed Amin Bejoui\Desktop\ai-code-review-platform\apps\dashboard\components\ui\button
2026-04-06T23:18:07.014Z next:jsconfig-paths-plugin skipping request as it is an absolute path C:\Users\Ahmed Amin Bejoui\Desktop\ai-code-review-platform\apps\dashboard\components\ui\badge
2026-04-06T23:18:07.014Z next:jsconfig-paths-plugin skipping request as it is an absolute path C:\Users\Ahmed Amin Bejoui\Desktop\ai-code-review-platform\apps\dashboard\components\dashboard\dashboard-user-provider
2026-04-06T23:18:07.014Z next:jsconfig-paths-plugin skipping request as it is an absolute path C:\Users\Ahmed Amin Bejoui\Desktop\ai-code-review-platform\apps\dashboard\lib\roles
2026-04-06T23:18:07.014Z next:jsconfig-paths-plugin skipping request as it is an absolute path C:\Users\Ahmed Amin Bejoui\Desktop\ai-code-review-platform\apps\dashboard\lib\reviewer-dashboard
2026-04-06T23:18:07.014Z next:jsconfig-paths-plugin skipping request as it is an absolute path C:\Users\Ahmed Amin Bejoui\Desktop\ai-code-review-platform\apps\dashboard\components\ui\badge
2026-04-06T23:18:07.014Z next:jsconfig-paths-plugin skipping request as it is an absolute path C:\Users\Ahmed Amin Bejoui\Desktop\ai-code-review-platform\apps\dashboard\components\ui\card
2026-04-06T23:18:07.014Z next:jsconfig-paths-plugin skipping request as it is an absolute path C:\Users\Ahmed Amin Bejoui\Desktop\ai-code-review-platform\apps\dashboard\node_modules\lucide-react\dist\esm\lucide-react.js
2026-04-06T23:18:07.014Z next:jsconfig-paths-plugin skipping request as it is an absolute path C:\Users\Ahmed Amin Bejoui\Desktop\ai-code-review-platform\apps\dashboard\node_modules\lucide-react\dist\esm\lucide-react.js
2026-04-06T23:18:07.015Z next:jsconfig-paths-plugin skipping request as it is an absolute path C:\Users\Ahmed Amin Bejoui\Desktop\ai-code-review-platform\apps\dashboard\node_modules\next/link
2026-04-06T23:18:07.015Z next:jsconfig-paths-plugin skipping request as it is an absolute path C:\Users\Ahmed Amin Bejoui\Desktop\ai-code-review-platform\apps\dashboard\node_modules\lucide-react\dist\esm\lucide-react.js
2026-04-06T23:18:07.015Z next:jsconfig-paths-plugin skipping request as it is an absolute path C:\Users\Ahmed Amin Bejoui\Desktop\ai-code-review-platform\apps\dashboard\components\ui\card
2026-04-06T23:18:07.016Z next:jsconfig-paths-plugin skipping request as it is an absolute path C:\Users\Ahmed Amin Bejoui\Desktop\ai-code-review-platform\apps\dashboard\components\ui\tabs
2026-04-06T23:18:07.016Z next:jsconfig-paths-plugin skipping request as it is an absolute path C:\Users\Ahmed Amin Bejoui\Desktop\ai-code-review-platform\apps\dashboard\components\ui\button
2026-04-06T23:18:07.016Z next:jsconfig-paths-plugin skipping request as it is an absolute path C:\Users\Ahmed Amin Bejoui\Desktop\ai-code-review-platform\apps\dashboard\components\ui\avatar
2026-04-06T23:18:07.016Z next:jsconfig-paths-plugin skipping request as it is an absolute path C:\Users\Ahmed Amin Bejoui\Desktop\ai-code-review-platform\apps\dashboard\node_modules\next/navigation
2026-04-06T23:18:07.016Z next:jsconfig-paths-plugin skipping request as it is an absolute path C:\Users\Ahmed Amin Bejoui\Desktop\ai-code-review-platform\apps\dashboard\node_modules\lucide-react\dist\esm\lucide-react.js
2026-04-06T23:18:07.017Z next:jsconfig-paths-plugin skipping request as it is inside node_modules next/dist/api/link
2026-04-06T23:18:07.017Z next:jsconfig-paths-plugin skipping request as it is inside node_modules C:\Users\Ahmed Amin Bejoui\Desktop\ai-code-review-platform\apps\dashboard\node_modules\next/dist/api/link
2026-04-06T23:18:07.018Z next:jsconfig-paths-plugin skipping request as it is inside node_modules next/dist/api/navigation
2026-04-06T23:18:07.018Z next:jsconfig-paths-plugin skipping request as it is inside node_modules C:\Users\Ahmed Amin Bejoui\Desktop\ai-code-review-platform\apps\dashboard\node_modules\next/dist/api/navigation
2026-04-06T23:18:07.023Z next:jsconfig-paths-plugin moduleName did not match any paths pattern react/jsx-runtime
2026-04-06T23:18:07.023Z next:jsconfig-paths-plugin moduleName did not match any paths pattern framer-motion
2026-04-06T23:18:07.023Z next:jsconfig-paths-plugin moduleName did not match any paths pattern next/dist/server/future/route-modules/app-page/vendored/ssr/react-jsx-runtime
2026-04-06T23:18:07.024Z next:jsconfig-paths-plugin skipping request as it is an absolute path C:\Users\Ahmed Amin Bejoui\Desktop\ai-code-review-platform\apps\dashboard\node_modules\next/dist/server/future/route-modules/app-page/vendored/ssr/react-jsx-runtime
2026-04-06T23:18:07.027Z next:jsconfig-paths-plugin skipping request as it is an absolute path C:\Users\Ahmed Amin Bejoui\Desktop\ai-code-review-platform\apps\dashboard\components\ui\card
2026-04-06T23:18:07.027Z next:jsconfig-paths-plugin skipping request as it is an absolute path C:\Users\Ahmed Amin Bejoui\Desktop\ai-code-review-platform\apps\dashboard\components\ui\tabs
2026-04-06T23:18:07.027Z next:jsconfig-paths-plugin skipping request as it is an absolute path C:\Users\Ahmed Amin Bejoui\Desktop\ai-code-review-platform\apps\dashboard\components\ui\button
2026-04-06T23:18:07.027Z next:jsconfig-paths-plugin skipping request as it is an absolute path C:\Users\Ahmed Amin Bejoui\Desktop\ai-code-review-platform\apps\dashboard\components\ui\avatar
2026-04-06T23:18:07.027Z next:jsconfig-paths-plugin moduleName did not match any paths pattern react/jsx-runtime
2026-04-06T23:18:07.027Z next:jsconfig-paths-plugin moduleName did not match any paths pattern react
2026-04-06T23:18:07.027Z next:jsconfig-paths-plugin moduleName did not match any paths pattern framer-motion
2026-04-06T23:18:07.028Z next:jsconfig-paths-plugin moduleName did not match any paths pattern next/dist/server/future/route-modules/app-page/vendored/ssr/react-jsx-runtime
2026-04-06T23:18:07.028Z next:jsconfig-paths-plugin moduleName did not match any paths pattern next/dist/server/future/route-modules/app-page/vendored/ssr/react
2026-04-06T23:18:07.028Z next:jsconfig-paths-plugin skipping request as it is an absolute path C:\Users\Ahmed Amin Bejoui\Desktop\ai-code-review-platform\apps\dashboard\components\ui\card
2026-04-06T23:18:07.028Z next:jsconfig-paths-plugin skipping request as it is an absolute path C:\Users\Ahmed Amin Bejoui\Desktop\ai-code-review-platform\apps\dashboard\components\ui\tabs
2026-04-06T23:18:07.028Z next:jsconfig-paths-plugin skipping request as it is an absolute path C:\Users\Ahmed Amin Bejoui\Desktop\ai-code-review-platform\apps\dashboard\components\ui\button
2026-04-06T23:18:07.028Z next:jsconfig-paths-plugin skipping request as it is an absolute path C:\Users\Ahmed Amin Bejoui\Desktop\ai-code-review-platform\apps\dashboard\components\ui\avatar
2026-04-06T23:18:07.028Z next:jsconfig-paths-plugin skipping request as it is an absolute path C:\Users\Ahmed Amin Bejoui\Desktop\ai-code-review-platform\apps\dashboard\node_modules\next/dist/server/future/route-modules/app-page/vendored/ssr/react-jsx-runtime
2026-04-06T23:18:07.028Z next:jsconfig-paths-plugin skipping request as it is an absolute path C:\Users\Ahmed Amin Bejoui\Desktop\ai-code-review-platform\apps\dashboard\node_modules\next/dist/server/future/route-modules/app-page/vendored/ssr/react
2026-04-06T23:18:07.033Z next:jsconfig-paths-plugin skipping request as it is an absolute path C:\Users\Ahmed Amin Bejoui\Desktop\ai-code-review-platform\apps\dashboard\components\ui\card
2026-04-06T23:18:07.033Z next:jsconfig-paths-plugin skipping request as it is an absolute path C:\Users\Ahmed Amin Bejoui\Desktop\ai-code-review-platform\apps\dashboard\components\ui\tabs
2026-04-06T23:18:07.033Z next:jsconfig-paths-plugin skipping request as it is an absolute path C:\Users\Ahmed Amin Bejoui\Desktop\ai-code-review-platform\apps\dashboard\components\ui\button
2026-04-06T23:18:07.033Z next:jsconfig-paths-plugin skipping request as it is an absolute path C:\Users\Ahmed Amin Bejoui\Desktop\ai-code-review-platform\apps\dashboard\components\ui\avatar
2026-04-06T23:18:07.036Z next:jsconfig-paths-plugin skipping request as it is an absolute path C:\Users\Ahmed Amin Bejoui\Desktop\ai-code-review-platform\apps\dashboard\components\ui\card
2026-04-06T23:18:07.036Z next:jsconfig-paths-plugin skipping request as it is an absolute path C:\Users\Ahmed Amin Bejoui\Desktop\ai-code-review-platform\apps\dashboard\components\ui\tabs
2026-04-06T23:18:07.036Z next:jsconfig-paths-plugin skipping request as it is an absolute path C:\Users\Ahmed Amin Bejoui\Desktop\ai-code-review-platform\apps\dashboard\components\ui\button
2026-04-06T23:18:07.036Z next:jsconfig-paths-plugin skipping request as it is an absolute path C:\Users\Ahmed Amin Bejoui\Desktop\ai-code-review-platform\apps\dashboard\components\ui\avatar
2026-04-06T23:18:07.076Z next:jsconfig-paths-plugin skipping request as it is an absolute path C:\Users\Ahmed Amin Bejoui\Desktop\ai-code-review-platform\apps\dashboard\components\ui\card
2026-04-06T23:18:07.076Z next:jsconfig-paths-plugin skipping request as it is an absolute path C:\Users\Ahmed Amin Bejoui\Desktop\ai-code-review-platform\apps\dashboard\components\ui\tabs
2026-04-06T23:18:07.076Z next:jsconfig-paths-plugin skipping request as it is an absolute path C:\Users\Ahmed Amin Bejoui\Desktop\ai-code-review-platform\apps\dashboard\components\ui\button
2026-04-06T23:18:07.076Z next:jsconfig-paths-plugin skipping request as it is an absolute path C:\Users\Ahmed Amin Bejoui\Desktop\ai-code-review-platform\apps\dashboard\components\ui\avatar
2026-04-06T23:18:07.077Z next:jsconfig-paths-plugin skipping request as it is an absolute path C:\Users\Ahmed Amin Bejoui\Desktop\ai-code-review-platform\apps\dashboard\components\ui\card
2026-04-06T23:18:07.077Z next:jsconfig-paths-plugin skipping request as it is an absolute path C:\Users\Ahmed Amin Bejoui\Desktop\ai-code-review-platform\apps\dashboard\components\ui\tabs
2026-04-06T23:18:07.077Z next:jsconfig-paths-plugin skipping request as it is an absolute path C:\Users\Ahmed Amin Bejoui\Desktop\ai-code-review-platform\apps\dashboard\components\ui\button
2026-04-06T23:18:07.077Z next:jsconfig-paths-plugin skipping request as it is an absolute path C:\Users\Ahmed Amin Bejoui\Desktop\ai-code-review-platform\apps\dashboard\components\ui\avatar
2026-04-06T23:18:07.080Z next:jsconfig-paths-plugin skipping request as it is an absolute path C:\Users\Ahmed Amin Bejoui\Desktop\ai-code-review-platform\apps\dashboard\components\ui\card
2026-04-06T23:18:07.081Z next:jsconfig-paths-plugin skipping request as it is an absolute path C:\Users\Ahmed Amin Bejoui\Desktop\ai-code-review-platform\apps\dashboard\components\ui\tabs
2026-04-06T23:18:07.081Z next:jsconfig-paths-plugin skipping request as it is an absolute path C:\Users\Ahmed Amin Bejoui\Desktop\ai-code-review-platform\apps\dashboard\components\ui\button
2026-04-06T23:18:07.081Z next:jsconfig-paths-plugin skipping request as it is an absolute path C:\Users\Ahmed Amin Bejoui\Desktop\ai-code-review-platform\apps\dashboard\components\ui\avatar
2026-04-06T23:18:07.086Z next:jsconfig-paths-plugin skipping request as it is an absolute path C:\Users\Ahmed Amin Bejoui\Desktop\ai-code-review-platform\apps\dashboard\components\ui\card
2026-04-06T23:18:07.086Z next:jsconfig-paths-plugin skipping request as it is an absolute path C:\Users\Ahmed Amin Bejoui\Desktop\ai-code-review-platform\apps\dashboard\components\ui\tabs
2026-04-06T23:18:07.086Z next:jsconfig-paths-plugin skipping request as it is an absolute path C:\Users\Ahmed Amin Bejoui\Desktop\ai-code-review-platform\apps\dashboard\components\ui\button
2026-04-06T23:18:07.086Z next:jsconfig-paths-plugin skipping request as it is an absolute path C:\Users\Ahmed Amin Bejoui\Desktop\ai-code-review-platform\apps\dashboard\components\ui\avatar
2026-04-06T23:18:07.174Z next:jsconfig-paths-plugin skipping request as it is an absolute path C:\Users\Ahmed Amin Bejoui\Desktop\ai-code-review-platform\apps\dashboard\components\ui\input
2026-04-06T23:18:07.175Z next:jsconfig-paths-plugin skipping request as it is an absolute path C:\Users\Ahmed Amin Bejoui\Desktop\ai-code-review-platform\apps\dashboard\components\ui\table
2026-04-06T23:18:07.175Z next:jsconfig-paths-plugin skipping request as it is an absolute path C:\Users\Ahmed Amin Bejoui\Desktop\ai-code-review-platform\apps\dashboard\components\ui\select
2026-04-06T23:18:07.175Z next:jsconfig-paths-plugin skipping request as it is an absolute path C:\Users\Ahmed Amin Bejoui\Desktop\ai-code-review-platform\apps\dashboard\components\ui\dropdown-menu
2026-04-06T23:18:07.175Z next:jsconfig-paths-plugin skipping request as it is an absolute path C:\Users\Ahmed Amin Bejoui\Desktop\ai-code-review-platform\apps\dashboard\components\ui\tabs
2026-04-06T23:18:07.175Z next:jsconfig-paths-plugin skipping request as it is an absolute path C:\Users\Ahmed Amin Bejoui\Desktop\ai-code-review-platform\apps\dashboard\lib\review-queue
2026-04-06T23:18:07.183Z next:jsconfig-paths-plugin skipping request as it is an absolute path C:\Users\Ahmed Amin Bejoui\Desktop\ai-code-review-platform\apps\dashboard\components\ui\badge
2026-04-06T23:18:07.184Z next:jsconfig-paths-plugin skipping request as it is an absolute path C:\Users\Ahmed Amin Bejoui\Desktop\ai-code-review-platform\apps\dashboard\components\ui\card
2026-04-06T23:18:07.184Z next:jsconfig-paths-plugin skipping request as it is an absolute path C:\Users\Ahmed Amin Bejoui\Desktop\ai-code-review-platform\apps\dashboard\components\ui\button
2026-04-06T23:18:07.184Z next:jsconfig-paths-plugin skipping request as it is an absolute path C:\Users\Ahmed Amin Bejoui\Desktop\ai-code-review-platform\apps\dashboard\lib\roles
2026-04-06T23:18:07.184Z next:jsconfig-paths-plugin skipping request as it is an absolute path C:\Users\Ahmed Amin Bejoui\Desktop\ai-code-review-platform\apps\dashboard\components\ui\card
2026-04-06T23:18:07.184Z next:jsconfig-paths-plugin skipping request as it is an absolute path C:\Users\Ahmed Amin Bejoui\Desktop\ai-code-review-platform\apps\dashboard\components\ui\button
2026-04-06T23:18:07.184Z next:jsconfig-paths-plugin skipping request as it is an absolute path C:\Users\Ahmed Amin Bejoui\Desktop\ai-code-review-platform\apps\dashboard\components\ui\badge
2026-04-06T23:18:07.184Z next:jsconfig-paths-plugin skipping request as it is an absolute path C:\Users\Ahmed Amin Bejoui\Desktop\ai-code-review-platform\apps\dashboard\components\dashboard\dashboard-user-provider
2026-04-06T23:18:07.184Z next:jsconfig-paths-plugin skipping request as it is an absolute path C:\Users\Ahmed Amin Bejoui\Desktop\ai-code-review-platform\apps\dashboard\components\ui\input
2026-04-06T23:18:07.184Z next:jsconfig-paths-plugin skipping request as it is an absolute path C:\Users\Ahmed Amin Bejoui\Desktop\ai-code-review-platform\apps\dashboard\components\ui\table
2026-04-06T23:18:07.184Z next:jsconfig-paths-plugin skipping request as it is an absolute path C:\Users\Ahmed Amin Bejoui\Desktop\ai-code-review-platform\apps\dashboard\components\ui\select
2026-04-06T23:18:07.184Z next:jsconfig-paths-plugin skipping request as it is an absolute path C:\Users\Ahmed Amin Bejoui\Desktop\ai-code-review-platform\apps\dashboard\components\ui\dropdown-menu
2026-04-06T23:18:07.184Z next:jsconfig-paths-plugin skipping request as it is an absolute path C:\Users\Ahmed Amin Bejoui\Desktop\ai-code-review-platform\apps\dashboard\components\ui\tabs
2026-04-06T23:18:07.184Z next:jsconfig-paths-plugin skipping request as it is an absolute path C:\Users\Ahmed Amin Bejoui\Desktop\ai-code-review-platform\apps\dashboard\components\ui\badge
2026-04-06T23:18:07.184Z next:jsconfig-paths-plugin skipping request as it is an absolute path C:\Users\Ahmed Amin Bejoui\Desktop\ai-code-review-platform\apps\dashboard\components\ui\card
2026-04-06T23:18:07.184Z next:jsconfig-paths-plugin skipping request as it is an absolute path C:\Users\Ahmed Amin Bejoui\Desktop\ai-code-review-platform\apps\dashboard\lib\reviewer-dashboard
2026-04-06T23:18:07.185Z next:jsconfig-paths-plugin moduleName did not match any paths pattern react/jsx-runtime
2026-04-06T23:18:07.185Z next:jsconfig-paths-plugin moduleName did not match any paths pattern framer-motion
2026-04-06T23:18:07.185Z next:jsconfig-paths-plugin moduleName did not match any paths pattern react/jsx-runtime
2026-04-06T23:18:07.203Z next:jsconfig-paths-plugin moduleName did not match any paths pattern motion/react
2026-04-06T23:18:07.203Z next:jsconfig-paths-plugin moduleName did not match any paths pattern react
2026-04-06T23:18:07.203Z next:jsconfig-paths-plugin moduleName did not match any paths pattern react/jsx-runtime
2026-04-06T23:18:07.203Z next:jsconfig-paths-plugin moduleName did not match any paths pattern framer-motion
2026-04-06T23:18:07.235Z next:jsconfig-paths-plugin moduleName did not match any paths pattern next/dist/server/future/route-modules/app-page/vendored/ssr/react-jsx-runtime
2026-04-06T23:18:07.235Z next:jsconfig-paths-plugin moduleName did not match any paths pattern next/dist/server/future/route-modules/app-page/vendored/ssr/react-jsx-runtime
2026-04-06T23:18:07.235Z next:jsconfig-paths-plugin moduleName did not match any paths pattern next/dist/server/future/route-modules/app-page/vendored/ssr/react
2026-04-06T23:18:07.235Z next:jsconfig-paths-plugin moduleName did not match any paths pattern next/dist/server/future/route-modules/app-page/vendored/ssr/react-jsx-runtime
2026-04-06T23:18:07.235Z next:jsconfig-paths-plugin skipping request as it is an absolute path C:\Users\Ahmed Amin Bejoui\Desktop\ai-code-review-platform\apps\dashboard\lib\roles
2026-04-06T23:18:07.235Z next:jsconfig-paths-plugin skipping request as it is an absolute path C:\Users\Ahmed Amin Bejoui\Desktop\ai-code-review-platform\apps\dashboard\lib\reviewer-dashboard
2026-04-06T23:18:07.235Z next:jsconfig-paths-plugin skipping request as it is an absolute path C:\Users\Ahmed Amin Bejoui\Desktop\ai-code-review-platform\apps\dashboard\components\ui\badge
2026-04-06T23:18:07.236Z next:jsconfig-paths-plugin skipping request as it is an absolute path C:\Users\Ahmed Amin Bejoui\Desktop\ai-code-review-platform\apps\dashboard\components\ui\card
2026-04-06T23:18:07.236Z next:jsconfig-paths-plugin skipping request as it is an absolute path C:\Users\Ahmed Amin Bejoui\Desktop\ai-code-review-platform\apps\dashboard\components\ui\button
2026-04-06T23:18:07.236Z next:jsconfig-paths-plugin skipping request as it is an absolute path C:\Users\Ahmed Amin Bejoui\Desktop\ai-code-review-platform\apps\dashboard\components\ui\card
2026-04-06T23:18:07.236Z next:jsconfig-paths-plugin skipping request as it is an absolute path C:\Users\Ahmed Amin Bejoui\Desktop\ai-code-review-platform\apps\dashboard\components\ui\card
2026-04-06T23:18:07.236Z next:jsconfig-paths-plugin skipping request as it is an absolute path C:\Users\Ahmed Amin Bejoui\Desktop\ai-code-review-platform\apps\dashboard\components\ui\button
2026-04-06T23:18:07.236Z next:jsconfig-paths-plugin skipping request as it is an absolute path C:\Users\Ahmed Amin Bejoui\Desktop\ai-code-review-platform\apps\dashboard\components\ui\button
2026-04-06T23:18:07.236Z next:jsconfig-paths-plugin skipping request as it is an absolute path C:\Users\Ahmed Amin Bejoui\Desktop\ai-code-review-platform\apps\dashboard\components\ui\badge
2026-04-06T23:18:07.236Z next:jsconfig-paths-plugin skipping request as it is an absolute path C:\Users\Ahmed Amin Bejoui\Desktop\ai-code-review-platform\apps\dashboard\components\ui\badge
2026-04-06T23:18:07.236Z next:jsconfig-paths-plugin skipping request as it is an absolute path C:\Users\Ahmed Amin Bejoui\Desktop\ai-code-review-platform\apps\dashboard\components\dashboard\dashboard-user-provider
2026-04-06T23:18:07.236Z next:jsconfig-paths-plugin skipping request as it is an absolute path C:\Users\Ahmed Amin Bejoui\Desktop\ai-code-review-platform\apps\dashboard\components\ui\input
2026-04-06T23:18:07.236Z next:jsconfig-paths-plugin skipping request as it is an absolute path C:\Users\Ahmed Amin Bejoui\Desktop\ai-code-review-platform\apps\dashboard\components\ui\table
2026-04-06T23:18:07.236Z next:jsconfig-paths-plugin skipping request as it is an absolute path C:\Users\Ahmed Amin Bejoui\Desktop\ai-code-review-platform\apps\dashboard\components\ui\select
2026-04-06T23:18:07.236Z next:jsconfig-paths-plugin skipping request as it is an absolute path C:\Users\Ahmed Amin Bejoui\Desktop\ai-code-review-platform\apps\dashboard\components\ui\dropdown-menu
2026-04-06T23:18:07.236Z next:jsconfig-paths-plugin skipping request as it is an absolute path C:\Users\Ahmed Amin Bejoui\Desktop\ai-code-review-platform\apps\dashboard\components\ui\tabs
2026-04-06T23:18:07.236Z next:jsconfig-paths-plugin skipping request as it is an absolute path C:\Users\Ahmed Amin Bejoui\Desktop\ai-code-review-platform\apps\dashboard\components\ui\badge
2026-04-06T23:18:07.236Z next:jsconfig-paths-plugin skipping request as it is an absolute path C:\Users\Ahmed Amin Bejoui\Desktop\ai-code-review-platform\apps\dashboard\components\ui\card
2026-04-06T23:18:07.236Z next:jsconfig-paths-plugin skipping request as it is an absolute path C:\Users\Ahmed Amin Bejoui\Desktop\ai-code-review-platform\apps\dashboard\node_modules\next/dist/server/future/route-modules/app-page/vendored/ssr/react-jsx-runtime
2026-04-06T23:18:07.236Z next:jsconfig-paths-plugin skipping request as it is an absolute path C:\Users\Ahmed Amin Bejoui\Desktop\ai-code-review-platform\apps\dashboard\node_modules\next/dist/server/future/route-modules/app-page/vendored/ssr/react-jsx-runtime
2026-04-06T23:18:07.236Z next:jsconfig-paths-plugin skipping request as it is an absolute path C:\Users\Ahmed Amin Bejoui\Desktop\ai-code-review-platform\apps\dashboard\node_modules\next/dist/server/future/route-modules/app-page/vendored/ssr/react
2026-04-06T23:18:07.236Z next:jsconfig-paths-plugin skipping request as it is an absolute path C:\Users\Ahmed Amin Bejoui\Desktop\ai-code-review-platform\apps\dashboard\node_modules\next/dist/server/future/route-modules/app-page/vendored/ssr/react-jsx-runtime
2026-04-06T23:18:07.252Z next:jsconfig-paths-plugin skipping request as it is an absolute path C:\Users\Ahmed Amin Bejoui\Desktop\ai-code-review-platform\apps\dashboard\lib\roles
2026-04-06T23:18:07.257Z next:jsconfig-paths-plugin skipping request as it is an absolute path C:\Users\Ahmed Amin Bejoui\Desktop\ai-code-review-platform\apps\dashboard\lib\reviewer-dashboard
2026-04-06T23:18:07.257Z next:jsconfig-paths-plugin skipping request as it is an absolute path C:\Users\Ahmed Amin Bejoui\Desktop\ai-code-review-platform\apps\dashboard\components\ui\badge
2026-04-06T23:18:07.257Z next:jsconfig-paths-plugin skipping request as it is an absolute path C:\Users\Ahmed Amin Bejoui\Desktop\ai-code-review-platform\apps\dashboard\components\ui\card
2026-04-06T23:18:07.257Z next:jsconfig-paths-plugin skipping request as it is an absolute path C:\Users\Ahmed Amin Bejoui\Desktop\ai-code-review-platform\apps\dashboard\components\ui\button
2026-04-06T23:18:07.258Z next:jsconfig-paths-plugin skipping request as it is an absolute path C:\Users\Ahmed Amin Bejoui\Desktop\ai-code-review-platform\apps\dashboard\components\ui\card
2026-04-06T23:18:07.258Z next:jsconfig-paths-plugin skipping request as it is an absolute path C:\Users\Ahmed Amin Bejoui\Desktop\ai-code-review-platform\apps\dashboard\components\ui\card
2026-04-06T23:18:07.258Z next:jsconfig-paths-plugin skipping request as it is an absolute path C:\Users\Ahmed Amin Bejoui\Desktop\ai-code-review-platform\apps\dashboard\components\ui\button
2026-04-06T23:18:07.258Z next:jsconfig-paths-plugin skipping request as it is an absolute path C:\Users\Ahmed Amin Bejoui\Desktop\ai-code-review-platform\apps\dashboard\components\ui\button
2026-04-06T23:18:07.258Z next:jsconfig-paths-plugin skipping request as it is an absolute path C:\Users\Ahmed Amin Bejoui\Desktop\ai-code-review-platform\apps\dashboard\components\ui\badge
2026-04-06T23:18:07.258Z next:jsconfig-paths-plugin skipping request as it is an absolute path C:\Users\Ahmed Amin Bejoui\Desktop\ai-code-review-platform\apps\dashboard\components\ui\badge
2026-04-06T23:18:07.258Z next:jsconfig-paths-plugin skipping request as it is an absolute path C:\Users\Ahmed Amin Bejoui\Desktop\ai-code-review-platform\apps\dashboard\components\dashboard\dashboard-user-provider
2026-04-06T23:18:07.258Z next:jsconfig-paths-plugin skipping request as it is an absolute path C:\Users\Ahmed Amin Bejoui\Desktop\ai-code-review-platform\apps\dashboard\components\ui\input
2026-04-06T23:18:07.258Z next:jsconfig-paths-plugin skipping request as it is an absolute path C:\Users\Ahmed Amin Bejoui\Desktop\ai-code-review-platform\apps\dashboard\components\ui\table
2026-04-06T23:18:07.258Z next:jsconfig-paths-plugin skipping request as it is an absolute path C:\Users\Ahmed Amin Bejoui\Desktop\ai-code-review-platform\apps\dashboard\components\ui\select
2026-04-06T23:18:07.258Z next:jsconfig-paths-plugin skipping request as it is an absolute path C:\Users\Ahmed Amin Bejoui\Desktop\ai-code-review-platform\apps\dashboard\components\ui\dropdown-menu
2026-04-06T23:18:07.258Z next:jsconfig-paths-plugin skipping request as it is an absolute path C:\Users\Ahmed Amin Bejoui\Desktop\ai-code-review-platform\apps\dashboard\components\ui\tabs
2026-04-06T23:18:07.259Z next:jsconfig-paths-plugin skipping request as it is an absolute path C:\Users\Ahmed Amin Bejoui\Desktop\ai-code-review-platform\apps\dashboard\components\ui\badge
2026-04-06T23:18:07.259Z next:jsconfig-paths-plugin skipping request as it is an absolute path C:\Users\Ahmed Amin Bejoui\Desktop\ai-code-review-platform\apps\dashboard\components\ui\card
2026-04-06T23:18:07.266Z next:jsconfig-paths-plugin skipping request as it is an absolute path C:\Users\Ahmed Amin Bejoui\Desktop\ai-code-review-platform\apps\dashboard\lib\roles
2026-04-06T23:18:07.266Z next:jsconfig-paths-plugin skipping request as it is an absolute path C:\Users\Ahmed Amin Bejoui\Desktop\ai-code-review-platform\apps\dashboard\lib\reviewer-dashboard
2026-04-06T23:18:07.267Z next:jsconfig-paths-plugin skipping request as it is an absolute path C:\Users\Ahmed Amin Bejoui\Desktop\ai-code-review-platform\apps\dashboard\components\ui\badge
2026-04-06T23:18:07.267Z next:jsconfig-paths-plugin skipping request as it is an absolute path C:\Users\Ahmed Amin Bejoui\Desktop\ai-code-review-platform\apps\dashboard\components\ui\card
2026-04-06T23:18:07.268Z next:jsconfig-paths-plugin skipping request as it is an absolute path C:\Users\Ahmed Amin Bejoui\Desktop\ai-code-review-platform\apps\dashboard\components\ui\button
2026-04-06T23:18:07.268Z next:jsconfig-paths-plugin skipping request as it is an absolute path C:\Users\Ahmed Amin Bejoui\Desktop\ai-code-review-platform\apps\dashboard\components\ui\card
2026-04-06T23:18:07.268Z next:jsconfig-paths-plugin skipping request as it is an absolute path C:\Users\Ahmed Amin Bejoui\Desktop\ai-code-review-platform\apps\dashboard\components\ui\button
2026-04-06T23:18:07.268Z next:jsconfig-paths-plugin skipping request as it is an absolute path C:\Users\Ahmed Amin Bejoui\Desktop\ai-code-review-platform\apps\dashboard\components\ui\badge
2026-04-06T23:18:07.268Z next:jsconfig-paths-plugin skipping request as it is an absolute path C:\Users\Ahmed Amin Bejoui\Desktop\ai-code-review-platform\apps\dashboard\components\dashboard\dashboard-user-provider
2026-04-06T23:18:07.268Z next:jsconfig-paths-plugin skipping request as it is an absolute path C:\Users\Ahmed Amin Bejoui\Desktop\ai-code-review-platform\apps\dashboard\components\ui\input
2026-04-06T23:18:07.268Z next:jsconfig-paths-plugin skipping request as it is an absolute path C:\Users\Ahmed Amin Bejoui\Desktop\ai-code-review-platform\apps\dashboard\components\ui\table
2026-04-06T23:18:07.268Z next:jsconfig-paths-plugin skipping request as it is an absolute path C:\Users\Ahmed Amin Bejoui\Desktop\ai-code-review-platform\apps\dashboard\components\ui\select
2026-04-06T23:18:07.268Z next:jsconfig-paths-plugin skipping request as it is an absolute path C:\Users\Ahmed Amin Bejoui\Desktop\ai-code-review-platform\apps\dashboard\components\ui\dropdown-menu
2026-04-06T23:18:07.268Z next:jsconfig-paths-plugin skipping request as it is an absolute path C:\Users\Ahmed Amin Bejoui\Desktop\ai-code-review-platform\apps\dashboard\components\ui\tabs
2026-04-06T23:18:07.268Z next:jsconfig-paths-plugin skipping request as it is an absolute path C:\Users\Ahmed Amin Bejoui\Desktop\ai-code-review-platform\apps\dashboard\components\ui\badge
2026-04-06T23:18:07.269Z next:jsconfig-paths-plugin skipping request as it is an absolute path C:\Users\Ahmed Amin Bejoui\Desktop\ai-code-review-platform\apps\dashboard\components\ui\card
2026-04-06T23:18:07.280Z next:jsconfig-paths-plugin skipping request as it is an absolute path C:\Users\Ahmed Amin Bejoui\Desktop\ai-code-review-platform\apps\dashboard\lib\roles
2026-04-06T23:18:07.280Z next:jsconfig-paths-plugin skipping request as it is an absolute path C:\Users\Ahmed Amin Bejoui\Desktop\ai-code-review-platform\apps\dashboard\components\ui\badge
2026-04-06T23:18:07.281Z next:jsconfig-paths-plugin skipping request as it is an absolute path C:\Users\Ahmed Amin Bejoui\Desktop\ai-code-review-platform\apps\dashboard\components\ui\card
2026-04-06T23:18:07.281Z next:jsconfig-paths-plugin skipping request as it is an absolute path C:\Users\Ahmed Amin Bejoui\Desktop\ai-code-review-platform\apps\dashboard\components\ui\button
2026-04-06T23:18:07.281Z next:jsconfig-paths-plugin skipping request as it is an absolute path C:\Users\Ahmed Amin Bejoui\Desktop\ai-code-review-platform\apps\dashboard\components\ui\card
2026-04-06T23:18:07.281Z next:jsconfig-paths-plugin skipping request as it is an absolute path C:\Users\Ahmed Amin Bejoui\Desktop\ai-code-review-platform\apps\dashboard\components\ui\button
2026-04-06T23:18:07.281Z next:jsconfig-paths-plugin skipping request as it is an absolute path C:\Users\Ahmed Amin Bejoui\Desktop\ai-code-review-platform\apps\dashboard\components\ui\badge
2026-04-06T23:18:07.281Z next:jsconfig-paths-plugin skipping request as it is an absolute path C:\Users\Ahmed Amin Bejoui\Desktop\ai-code-review-platform\apps\dashboard\components\dashboard\dashboard-user-provider
2026-04-06T23:18:07.281Z next:jsconfig-paths-plugin skipping request as it is an absolute path C:\Users\Ahmed Amin Bejoui\Desktop\ai-code-review-platform\apps\dashboard\components\ui\input
2026-04-06T23:18:07.281Z next:jsconfig-paths-plugin skipping request as it is an absolute path C:\Users\Ahmed Amin Bejoui\Desktop\ai-code-review-platform\apps\dashboard\components\ui\table
2026-04-06T23:18:07.281Z next:jsconfig-paths-plugin skipping request as it is an absolute path C:\Users\Ahmed Amin Bejoui\Desktop\ai-code-review-platform\apps\dashboard\components\ui\select
2026-04-06T23:18:07.281Z next:jsconfig-paths-plugin skipping request as it is an absolute path C:\Users\Ahmed Amin Bejoui\Desktop\ai-code-review-platform\apps\dashboard\components\ui\dropdown-menu
2026-04-06T23:18:07.281Z next:jsconfig-paths-plugin skipping request as it is an absolute path C:\Users\Ahmed Amin Bejoui\Desktop\ai-code-review-platform\apps\dashboard\components\ui\tabs
2026-04-06T23:18:07.281Z next:jsconfig-paths-plugin skipping request as it is an absolute path C:\Users\Ahmed Amin Bejoui\Desktop\ai-code-review-platform\apps\dashboard\components\ui\badge
2026-04-06T23:18:07.281Z next:jsconfig-paths-plugin skipping request as it is an absolute path C:\Users\Ahmed Amin Bejoui\Desktop\ai-code-review-platform\apps\dashboard\components\ui\card
2026-04-06T23:18:07.283Z next:jsconfig-paths-plugin skipping request as it is an absolute path C:\Users\Ahmed Amin Bejoui\Desktop\ai-code-review-platform\apps\dashboard\lib\roles
2026-04-06T23:18:07.284Z next:jsconfig-paths-plugin skipping request as it is an absolute path C:\Users\Ahmed Amin Bejoui\Desktop\ai-code-review-platform\apps\dashboard\components\ui\badge
2026-04-06T23:18:07.284Z next:jsconfig-paths-plugin skipping request as it is an absolute path C:\Users\Ahmed Amin Bejoui\Desktop\ai-code-review-platform\apps\dashboard\components\ui\card
2026-04-06T23:18:07.284Z next:jsconfig-paths-plugin skipping request as it is an absolute path C:\Users\Ahmed Amin Bejoui\Desktop\ai-code-review-platform\apps\dashboard\components\ui\button
2026-04-06T23:18:07.284Z next:jsconfig-paths-plugin skipping request as it is an absolute path C:\Users\Ahmed Amin Bejoui\Desktop\ai-code-review-platform\apps\dashboard\components\ui\card
2026-04-06T23:18:07.284Z next:jsconfig-paths-plugin skipping request as it is an absolute path C:\Users\Ahmed Amin Bejoui\Desktop\ai-code-review-platform\apps\dashboard\components\ui\card
2026-04-06T23:18:07.284Z next:jsconfig-paths-plugin skipping request as it is an absolute path C:\Users\Ahmed Amin Bejoui\Desktop\ai-code-review-platform\apps\dashboard\components\ui\button
2026-04-06T23:18:07.284Z next:jsconfig-paths-plugin skipping request as it is an absolute path C:\Users\Ahmed Amin Bejoui\Desktop\ai-code-review-platform\apps\dashboard\components\ui\button
2026-04-06T23:18:07.284Z next:jsconfig-paths-plugin skipping request as it is an absolute path C:\Users\Ahmed Amin Bejoui\Desktop\ai-code-review-platform\apps\dashboard\components\ui\badge
2026-04-06T23:18:07.284Z next:jsconfig-paths-plugin skipping request as it is an absolute path C:\Users\Ahmed Amin Bejoui\Desktop\ai-code-review-platform\apps\dashboard\components\ui\badge
2026-04-06T23:18:07.284Z next:jsconfig-paths-plugin skipping request as it is an absolute path C:\Users\Ahmed Amin Bejoui\Desktop\ai-code-review-platform\apps\dashboard\components\dashboard\dashboard-user-provider
2026-04-06T23:18:07.284Z next:jsconfig-paths-plugin skipping request as it is an absolute path C:\Users\Ahmed Amin Bejoui\Desktop\ai-code-review-platform\apps\dashboard\components\ui\input
2026-04-06T23:18:07.284Z next:jsconfig-paths-plugin skipping request as it is an absolute path C:\Users\Ahmed Amin Bejoui\Desktop\ai-code-review-platform\apps\dashboard\components\ui\table
2026-04-06T23:18:07.285Z next:jsconfig-paths-plugin skipping request as it is an absolute path C:\Users\Ahmed Amin Bejoui\Desktop\ai-code-review-platform\apps\dashboard\components\ui\select
2026-04-06T23:18:07.285Z next:jsconfig-paths-plugin skipping request as it is an absolute path C:\Users\Ahmed Amin Bejoui\Desktop\ai-code-review-platform\apps\dashboard\components\ui\dropdown-menu
2026-04-06T23:18:07.285Z next:jsconfig-paths-plugin skipping request as it is an absolute path C:\Users\Ahmed Amin Bejoui\Desktop\ai-code-review-platform\apps\dashboard\components\ui\tabs
2026-04-06T23:18:07.285Z next:jsconfig-paths-plugin skipping request as it is an absolute path C:\Users\Ahmed Amin Bejoui\Desktop\ai-code-review-platform\apps\dashboard\components\ui\badge
2026-04-06T23:18:07.285Z next:jsconfig-paths-plugin skipping request as it is an absolute path C:\Users\Ahmed Amin Bejoui\Desktop\ai-code-review-platform\apps\dashboard\components\ui\card
2026-04-06T23:18:07.344Z next:jsconfig-paths-plugin skipping request as it is an absolute path C:\Users\Ahmed Amin Bejoui\Desktop\ai-code-review-platform\apps\dashboard\lib\roles
2026-04-06T23:18:07.369Z next:jsconfig-paths-plugin skipping request as it is an absolute path C:\Users\Ahmed Amin Bejoui\Desktop\ai-code-review-platform\apps\dashboard\components\ui\badge
2026-04-06T23:18:07.369Z next:jsconfig-paths-plugin skipping request as it is an absolute path C:\Users\Ahmed Amin Bejoui\Desktop\ai-code-review-platform\apps\dashboard\components\ui\card
2026-04-06T23:18:07.369Z next:jsconfig-paths-plugin skipping request as it is an absolute path C:\Users\Ahmed Amin Bejoui\Desktop\ai-code-review-platform\apps\dashboard\components\ui\button
2026-04-06T23:18:07.369Z next:jsconfig-paths-plugin skipping request as it is an absolute path C:\Users\Ahmed Amin Bejoui\Desktop\ai-code-review-platform\apps\dashboard\components\ui\card
2026-04-06T23:18:07.370Z next:jsconfig-paths-plugin skipping request as it is an absolute path C:\Users\Ahmed Amin Bejoui\Desktop\ai-code-review-platform\apps\dashboard\components\ui\card
2026-04-06T23:18:07.370Z next:jsconfig-paths-plugin skipping request as it is an absolute path C:\Users\Ahmed Amin Bejoui\Desktop\ai-code-review-platform\apps\dashboard\components\ui\button
2026-04-06T23:18:07.372Z next:jsconfig-paths-plugin skipping request as it is an absolute path C:\Users\Ahmed Amin Bejoui\Desktop\ai-code-review-platform\apps\dashboard\components\ui\button
2026-04-06T23:18:07.372Z next:jsconfig-paths-plugin skipping request as it is an absolute path C:\Users\Ahmed Amin Bejoui\Desktop\ai-code-review-platform\apps\dashboard\components\ui\badge
2026-04-06T23:18:07.372Z next:jsconfig-paths-plugin skipping request as it is an absolute path C:\Users\Ahmed Amin Bejoui\Desktop\ai-code-review-platform\apps\dashboard\components\ui\badge
2026-04-06T23:18:07.372Z next:jsconfig-paths-plugin skipping request as it is an absolute path C:\Users\Ahmed Amin Bejoui\Desktop\ai-code-review-platform\apps\dashboard\components\dashboard\dashboard-user-provider
2026-04-06T23:18:07.372Z next:jsconfig-paths-plugin skipping request as it is an absolute path C:\Users\Ahmed Amin Bejoui\Desktop\ai-code-review-platform\apps\dashboard\components\ui\input
2026-04-06T23:18:07.372Z next:jsconfig-paths-plugin skipping request as it is an absolute path C:\Users\Ahmed Amin Bejoui\Desktop\ai-code-review-platform\apps\dashboard\components\ui\table
2026-04-06T23:18:07.372Z next:jsconfig-paths-plugin skipping request as it is an absolute path C:\Users\Ahmed Amin Bejoui\Desktop\ai-code-review-platform\apps\dashboard\components\ui\select
2026-04-06T23:18:07.372Z next:jsconfig-paths-plugin skipping request as it is an absolute path C:\Users\Ahmed Amin Bejoui\Desktop\ai-code-review-platform\apps\dashboard\components\ui\dropdown-menu
2026-04-06T23:18:07.373Z next:jsconfig-paths-plugin skipping request as it is an absolute path C:\Users\Ahmed Amin Bejoui\Desktop\ai-code-review-platform\apps\dashboard\components\ui\tabs
2026-04-06T23:18:07.373Z next:jsconfig-paths-plugin skipping request as it is an absolute path C:\Users\Ahmed Amin Bejoui\Desktop\ai-code-review-platform\apps\dashboard\components\ui\badge
2026-04-06T23:18:07.373Z next:jsconfig-paths-plugin skipping request as it is an absolute path C:\Users\Ahmed Amin Bejoui\Desktop\ai-code-review-platform\apps\dashboard\components\ui\card
2026-04-06T23:18:07.380Z next:jsconfig-paths-plugin skipping request as it is an absolute path C:\Users\Ahmed Amin Bejoui\Desktop\ai-code-review-platform\apps\dashboard\lib\roles
2026-04-06T23:18:07.380Z next:jsconfig-paths-plugin skipping request as it is an absolute path C:\Users\Ahmed Amin Bejoui\Desktop\ai-code-review-platform\apps\dashboard\components\ui\badge
2026-04-06T23:18:07.380Z next:jsconfig-paths-plugin skipping request as it is an absolute path C:\Users\Ahmed Amin Bejoui\Desktop\ai-code-review-platform\apps\dashboard\components\ui\card
2026-04-06T23:18:07.380Z next:jsconfig-paths-plugin skipping request as it is an absolute path C:\Users\Ahmed Amin Bejoui\Desktop\ai-code-review-platform\apps\dashboard\components\ui\button
2026-04-06T23:18:07.380Z next:jsconfig-paths-plugin skipping request as it is an absolute path C:\Users\Ahmed Amin Bejoui\Desktop\ai-code-review-platform\apps\dashboard\components\ui\card
2026-04-06T23:18:07.380Z next:jsconfig-paths-plugin skipping request as it is an absolute path C:\Users\Ahmed Amin Bejoui\Desktop\ai-code-review-platform\apps\dashboard\components\ui\button
2026-04-06T23:18:07.380Z next:jsconfig-paths-plugin skipping request as it is an absolute path C:\Users\Ahmed Amin Bejoui\Desktop\ai-code-review-platform\apps\dashboard\components\ui\badge
2026-04-06T23:18:07.380Z next:jsconfig-paths-plugin skipping request as it is an absolute path C:\Users\Ahmed Amin Bejoui\Desktop\ai-code-review-platform\apps\dashboard\components\dashboard\dashboard-user-provider
2026-04-06T23:18:07.380Z next:jsconfig-paths-plugin skipping request as it is an absolute path C:\Users\Ahmed Amin Bejoui\Desktop\ai-code-review-platform\apps\dashboard\components\ui\input
2026-04-06T23:18:07.381Z next:jsconfig-paths-plugin skipping request as it is an absolute path C:\Users\Ahmed Amin Bejoui\Desktop\ai-code-review-platform\apps\dashboard\components\ui\table
2026-04-06T23:18:07.381Z next:jsconfig-paths-plugin skipping request as it is an absolute path C:\Users\Ahmed Amin Bejoui\Desktop\ai-code-review-platform\apps\dashboard\components\ui\select
2026-04-06T23:18:07.381Z next:jsconfig-paths-plugin skipping request as it is an absolute path C:\Users\Ahmed Amin Bejoui\Desktop\ai-code-review-platform\apps\dashboard\components\ui\dropdown-menu
2026-04-06T23:18:07.381Z next:jsconfig-paths-plugin skipping request as it is an absolute path C:\Users\Ahmed Amin Bejoui\Desktop\ai-code-review-platform\apps\dashboard\components\ui\tabs
2026-04-06T23:18:07.381Z next:jsconfig-paths-plugin skipping request as it is an absolute path C:\Users\Ahmed Amin Bejoui\Desktop\ai-code-review-platform\apps\dashboard\components\ui\badge
2026-04-06T23:18:07.381Z next:jsconfig-paths-plugin skipping request as it is an absolute path C:\Users\Ahmed Amin Bejoui\Desktop\ai-code-review-platform\apps\dashboard\components\ui\card
2026-04-06T23:18:07.908Z next:jsconfig-paths-plugin moduleName did not match any paths pattern react/jsx-runtime
2026-04-06T23:18:07.909Z next:jsconfig-paths-plugin moduleName did not match any paths pattern react
2026-04-06T23:18:07.909Z next:jsconfig-paths-plugin moduleName did not match any paths pattern framer-motion
2026-04-06T23:18:07.909Z next:jsconfig-paths-plugin moduleName did not match any paths pattern lucide-react
2026-04-06T23:18:07.909Z next:jsconfig-paths-plugin moduleName did not match any paths pattern next/link
2026-04-06T23:18:07.910Z next:jsconfig-paths-plugin skipping request as it is an absolute path C:\Users\Ahmed Amin Bejoui\Desktop\ai-code-review-platform\apps\dashboard\components\ui\badge
2026-04-06T23:18:07.910Z next:jsconfig-paths-plugin skipping request as it is an absolute path C:\Users\Ahmed Amin Bejoui\Desktop\ai-code-review-platform\apps\dashboard\components\ui\button
2026-04-06T23:18:07.910Z next:jsconfig-paths-plugin skipping request as it is an absolute path C:\Users\Ahmed Amin Bejoui\Desktop\ai-code-review-platform\apps\dashboard\components\ui\card
2026-04-06T23:18:07.933Z next:jsconfig-paths-plugin skipping request as it is an absolute path C:\Users\Ahmed Amin Bejoui\Desktop\ai-code-review-platform\apps\dashboard\components\ui\input
2026-04-06T23:18:07.933Z next:jsconfig-paths-plugin skipping request as it is an absolute path C:\Users\Ahmed Amin Bejoui\Desktop\ai-code-review-platform\apps\dashboard\components\ui\textarea
2026-04-06T23:18:07.933Z next:jsconfig-paths-plugin skipping request as it is an absolute path C:\Users\Ahmed Amin Bejoui\Desktop\ai-code-review-platform\apps\dashboard\components\ui\select
2026-04-06T23:18:07.933Z next:jsconfig-paths-plugin skipping request as it is an absolute path C:\Users\Ahmed Amin Bejoui\Desktop\ai-code-review-platform\apps\dashboard\components\ui\table
2026-04-06T23:18:07.933Z next:jsconfig-paths-plugin skipping request as it is an absolute path C:\Users\Ahmed Amin Bejoui\Desktop\ai-code-review-platform\apps\dashboard\lib\dashboard-insights
2026-04-06T23:18:07.933Z next:jsconfig-paths-plugin skipping request as it is an absolute path C:\Users\Ahmed Amin Bejoui\Desktop\ai-code-review-platform\apps\dashboard\node_modules\lucide-react\dist\esm\lucide-react.js
2026-04-06T23:18:07.933Z next:jsconfig-paths-plugin skipping request as it is an absolute path C:\Users\Ahmed Amin Bejoui\Desktop\ai-code-review-platform\apps\dashboard\node_modules\next/link
2026-04-06T23:18:07.934Z next:jsconfig-paths-plugin skipping request as it is an absolute path C:\Users\Ahmed Amin Bejoui\Desktop\ai-code-review-platform\apps\dashboard\components\ui\label
2026-04-06T23:18:07.934Z next:jsconfig-paths-plugin skipping request as it is an absolute path C:\Users\Ahmed Amin Bejoui\Desktop\ai-code-review-platform\apps\dashboard\components\ui\switch
2026-04-06T23:18:07.934Z next:jsconfig-paths-plugin skipping request as it is an absolute path C:\Users\Ahmed Amin Bejoui\Desktop\ai-code-review-platform\apps\dashboard\components\ui\progress
2026-04-06T23:18:07.934Z next:jsconfig-paths-plugin skipping request as it is an absolute path C:\Users\Ahmed Amin Bejoui\Desktop\ai-code-review-platform\apps\dashboard\components\ui\tabs
2026-04-06T23:18:07.934Z next:jsconfig-paths-plugin skipping request as it is an absolute path C:\Users\Ahmed Amin Bejoui\Desktop\ai-code-review-platform\apps\dashboard\components\ui\avatar
2026-04-06T23:18:07.988Z next:jsconfig-paths-plugin skipping request as it is inside node_modules ./router-reducer/create-router-cache-key
2026-04-06T23:18:07.990Z next:jsconfig-paths-plugin skipping request as it is inside node_modules ./router-reducer/fetch-server-response
2026-04-06T23:18:08.017Z next:jsconfig-paths-plugin skipping request as it is inside node_modules ./router-reducer/reducers/get-segment-value
2026-04-06T23:18:08.017Z next:jsconfig-paths-plugin skipping request as it is inside node_modules ./router-reducer/reducers/has-interception-route-in-current-tree
2026-04-06T23:18:08.017Z next:jsconfig-paths-plugin skipping request as it is inside node_modules ./router-reducer/router-reducer-types
2026-04-06T23:18:08.017Z next:jsconfig-paths-plugin skipping request as it is inside node_modules ./router-reducer/create-href-from-url
2026-04-06T23:18:08.017Z next:jsconfig-paths-plugin skipping request as it is inside node_modules ../../shared/lib/hooks-client-context.shared-runtime
2026-04-06T23:18:08.017Z next:jsconfig-paths-plugin skipping request as it is inside node_modules ./use-reducer-with-devtools
2026-04-06T23:18:08.017Z next:jsconfig-paths-plugin skipping request as it is inside node_modules ./router-reducer/create-initial-router-state
2026-04-06T23:18:08.017Z next:jsconfig-paths-plugin skipping request as it is inside node_modules ../../shared/lib/router/utils/is-bot
2026-04-06T23:18:08.017Z next:jsconfig-paths-plugin skipping request as it is inside node_modules ../add-base-path
2026-04-06T23:18:08.017Z next:jsconfig-paths-plugin skipping request as it is inside node_modules ./app-router-announcer
2026-04-06T23:18:08.018Z next:jsconfig-paths-plugin skipping request as it is inside node_modules ./router-reducer/reducers/find-head-in-cache
2026-04-06T23:18:08.018Z next:jsconfig-paths-plugin skipping request as it is inside node_modules ./app-router-headers
2026-04-06T23:18:08.018Z next:jsconfig-paths-plugin skipping request as it is inside node_modules ../remove-base-path
2026-04-06T23:18:08.018Z next:jsconfig-paths-plugin skipping request as it is inside node_modules ../has-base-path
2026-04-06T23:18:08.018Z next:jsconfig-paths-plugin skipping request as it is inside node_modules ../../shared/lib/segment
2026-04-06T23:18:08.018Z next:jsconfig-paths-plugin skipping request as it is inside node_modules next/dist/api/link
2026-04-06T23:18:08.019Z next:jsconfig-paths-plugin skipping request as it is inside node_modules C:\Users\Ahmed Amin Bejoui\Desktop\ai-code-review-platform\apps\dashboard\node_modules\next/dist/api/link
2026-04-06T23:18:08.100Z next:jsconfig-paths-plugin moduleName did not match any paths pattern @clerk/clerk-react
2026-04-06T23:18:08.102Z next:jsconfig-paths-plugin skipping request as it is an absolute path C:\Users\Ahmed Amin Bejoui\Desktop\ai-code-review-platform\apps\dashboard\components\ui\dialog
2026-04-06T23:18:08.176Z next:jsconfig-paths-plugin skipping request as it is a relative path ./GroupedPermissions
2026-04-06T23:18:08.176Z next:jsconfig-paths-plugin skipping request as it is inside node_modules react/jsx-runtime
2026-04-06T23:18:08.176Z next:jsconfig-paths-plugin skipping request as it is inside node_modules @swc/helpers/_/_interop_require_default
2026-04-06T23:18:08.176Z next:jsconfig-paths-plugin skipping request as it is inside node_modules next/dist/server/future/route-modules/app-page/vendored/ssr/react-jsx-runtime
2026-04-06T23:18:08.176Z next:jsconfig-paths-plugin skipping request as it is inside node_modules C:\Users\Ahmed Amin Bejoui\Desktop\ai-code-review-platform\apps\dashboard\node_modules\@swc\helpers\_/_interop_require_default
2026-04-06T23:18:08.194Z next:jsconfig-paths-plugin skipping request as it is inside node_modules C:\Users\Ahmed Amin Bejoui\Desktop\ai-code-review-platform\apps\dashboard\node_modules\next/dist/server/future/route-modules/app-page/vendored/ssr/react-jsx-runtime
2026-04-06T23:18:08.262Z next:jsconfig-paths-plugin skipping request as it is a relative path ./GroupedPermissions
2026-04-06T23:18:08.262Z next:jsconfig-paths-plugin skipping request as it is a relative path ./GroupedPermissions
2026-04-06T23:18:08.282Z next:jsconfig-paths-plugin skipping request as it is an absolute path C:\Users\Ahmed Amin Bejoui\Desktop\ai-code-review-platform\apps\dashboard\lib\review-queue
2026-04-06T23:18:08.282Z next:jsconfig-paths-plugin skipping request as it is an absolute path C:\Users\Ahmed Amin Bejoui\Desktop\ai-code-review-platform\apps\dashboard\lib\reviewer-dashboard
2026-04-06T23:18:08.282Z next:jsconfig-paths-plugin skipping request as it is an absolute path C:\Users\Ahmed Amin Bejoui\Desktop\ai-code-review-platform\apps\dashboard\components\ui\badge
2026-04-06T23:18:08.282Z next:jsconfig-paths-plugin skipping request as it is an absolute path C:\Users\Ahmed Amin Bejoui\Desktop\ai-code-review-platform\apps\dashboard\components\ui\button
2026-04-06T23:18:08.282Z next:jsconfig-paths-plugin skipping request as it is an absolute path C:\Users\Ahmed Amin Bejoui\Desktop\ai-code-review-platform\apps\dashboard\components\ui\card
2026-04-06T23:18:08.282Z next:jsconfig-paths-plugin skipping request as it is an absolute path C:\Users\Ahmed Amin Bejoui\Desktop\ai-code-review-platform\apps\dashboard\components\ui\input
2026-04-06T23:18:08.282Z next:jsconfig-paths-plugin skipping request as it is an absolute path C:\Users\Ahmed Amin Bejoui\Desktop\ai-code-review-platform\apps\dashboard\components\ui\textarea
2026-04-06T23:18:08.282Z next:jsconfig-paths-plugin skipping request as it is an absolute path C:\Users\Ahmed Amin Bejoui\Desktop\ai-code-review-platform\apps\dashboard\components\ui\select
2026-04-06T23:18:08.282Z next:jsconfig-paths-plugin skipping request as it is an absolute path C:\Users\Ahmed Amin Bejoui\Desktop\ai-code-review-platform\apps\dashboard\components\ui\table
2026-04-06T23:18:08.282Z next:jsconfig-paths-plugin skipping request as it is an absolute path C:\Users\Ahmed Amin Bejoui\Desktop\ai-code-review-platform\apps\dashboard\components\ui\label
2026-04-06T23:18:08.282Z next:jsconfig-paths-plugin skipping request as it is an absolute path C:\Users\Ahmed Amin Bejoui\Desktop\ai-code-review-platform\apps\dashboard\components\ui\switch
2026-04-06T23:18:08.282Z next:jsconfig-paths-plugin skipping request as it is an absolute path C:\Users\Ahmed Amin Bejoui\Desktop\ai-code-review-platform\apps\dashboard\components\ui\progress
2026-04-06T23:18:08.282Z next:jsconfig-paths-plugin skipping request as it is an absolute path C:\Users\Ahmed Amin Bejoui\Desktop\ai-code-review-platform\apps\dashboard\components\ui\tabs
2026-04-06T23:18:08.283Z next:jsconfig-paths-plugin skipping request as it is an absolute path C:\Users\Ahmed Amin Bejoui\Desktop\ai-code-review-platform\apps\dashboard\components\ui\avatar
2026-04-06T23:18:08.283Z next:jsconfig-paths-plugin skipping request as it is an absolute path C:\Users\Ahmed Amin Bejoui\Desktop\ai-code-review-platform\apps\dashboard\components\ui\dialog
2026-04-06T23:18:08.283Z next:jsconfig-paths-plugin skipping request as it is an absolute path C:\Users\Ahmed Amin Bejoui\Desktop\ai-code-review-platform\apps\dashboard\lib\dashboard-insights
2026-04-06T23:18:08.283Z next:jsconfig-paths-plugin skipping request as it is a relative path ./GroupedPermissions
2026-04-06T23:18:08.311Z next:jsconfig-paths-plugin skipping request as it is an absolute path C:\Users\Ahmed Amin Bejoui\Desktop\ai-code-review-platform\apps\dashboard\lib\review-queue
2026-04-06T23:18:08.311Z next:jsconfig-paths-plugin skipping request as it is an absolute path C:\Users\Ahmed Amin Bejoui\Desktop\ai-code-review-platform\apps\dashboard\lib\dashboard-insights
2026-04-06T23:18:08.312Z next:jsconfig-paths-plugin skipping request as it is an absolute path C:\Users\Ahmed Amin Bejoui\Desktop\ai-code-review-platform\apps\dashboard\components\ui\badge
2026-04-06T23:18:08.312Z next:jsconfig-paths-plugin skipping request as it is an absolute path C:\Users\Ahmed Amin Bejoui\Desktop\ai-code-review-platform\apps\dashboard\components\ui\badge
2026-04-06T23:18:08.312Z next:jsconfig-paths-plugin skipping request as it is an absolute path C:\Users\Ahmed Amin Bejoui\Desktop\ai-code-review-platform\apps\dashboard\components\ui\badge
2026-04-06T23:18:08.312Z next:jsconfig-paths-plugin skipping request as it is an absolute path C:\Users\Ahmed Amin Bejoui\Desktop\ai-code-review-platform\apps\dashboard\components\ui\badge
2026-04-06T23:18:08.312Z next:jsconfig-paths-plugin skipping request as it is an absolute path C:\Users\Ahmed Amin Bejoui\Desktop\ai-code-review-platform\apps\dashboard\components\ui\button
2026-04-06T23:18:08.312Z next:jsconfig-paths-plugin skipping request as it is an absolute path C:\Users\Ahmed Amin Bejoui\Desktop\ai-code-review-platform\apps\dashboard\components\ui\button
2026-04-06T23:18:08.312Z next:jsconfig-paths-plugin skipping request as it is an absolute path C:\Users\Ahmed Amin Bejoui\Desktop\ai-code-review-platform\apps\dashboard\components\ui\button
2026-04-06T23:18:08.312Z next:jsconfig-paths-plugin skipping request as it is an absolute path C:\Users\Ahmed Amin Bejoui\Desktop\ai-code-review-platform\apps\dashboard\components\ui\button
2026-04-06T23:18:08.312Z next:jsconfig-paths-plugin skipping request as it is an absolute path C:\Users\Ahmed Amin Bejoui\Desktop\ai-code-review-platform\apps\dashboard\components\ui\button
2026-04-06T23:18:08.312Z next:jsconfig-paths-plugin skipping request as it is an absolute path C:\Users\Ahmed Amin Bejoui\Desktop\ai-code-review-platform\apps\dashboard\components\ui\card
2026-04-06T23:18:08.312Z next:jsconfig-paths-plugin skipping request as it is an absolute path C:\Users\Ahmed Amin Bejoui\Desktop\ai-code-review-platform\apps\dashboard\components\ui\card
2026-04-06T23:18:08.312Z next:jsconfig-paths-plugin skipping request as it is an absolute path C:\Users\Ahmed Amin Bejoui\Desktop\ai-code-review-platform\apps\dashboard\components\ui\card
2026-04-06T23:18:08.312Z next:jsconfig-paths-plugin skipping request as it is an absolute path C:\Users\Ahmed Amin Bejoui\Desktop\ai-code-review-platform\apps\dashboard\components\ui\card
2026-04-06T23:18:08.313Z next:jsconfig-paths-plugin skipping request as it is an absolute path C:\Users\Ahmed Amin Bejoui\Desktop\ai-code-review-platform\apps\dashboard\components\ui\card
2026-04-06T23:18:08.313Z next:jsconfig-paths-plugin skipping request as it is an absolute path C:\Users\Ahmed Amin Bejoui\Desktop\ai-code-review-platform\apps\dashboard\components\ui\input
2026-04-06T23:18:08.313Z next:jsconfig-paths-plugin skipping request as it is an absolute path C:\Users\Ahmed Amin Bejoui\Desktop\ai-code-review-platform\apps\dashboard\components\ui\input
2026-04-06T23:18:08.313Z next:jsconfig-paths-plugin skipping request as it is an absolute path C:\Users\Ahmed Amin Bejoui\Desktop\ai-code-review-platform\apps\dashboard\components\ui\textarea
2026-04-06T23:18:08.313Z next:jsconfig-paths-plugin skipping request as it is an absolute path C:\Users\Ahmed Amin Bejoui\Desktop\ai-code-review-platform\apps\dashboard\components\ui\select
2026-04-06T23:18:08.313Z next:jsconfig-paths-plugin skipping request as it is an absolute path C:\Users\Ahmed Amin Bejoui\Desktop\ai-code-review-platform\apps\dashboard\components\ui\select
2026-04-06T23:18:08.313Z next:jsconfig-paths-plugin skipping request as it is an absolute path C:\Users\Ahmed Amin Bejoui\Desktop\ai-code-review-platform\apps\dashboard\components\ui\table
2026-04-06T23:18:08.313Z next:jsconfig-paths-plugin skipping request as it is an absolute path C:\Users\Ahmed Amin Bejoui\Desktop\ai-code-review-platform\apps\dashboard\components\ui\table
2026-04-06T23:18:08.313Z next:jsconfig-paths-plugin skipping request as it is an absolute path C:\Users\Ahmed Amin Bejoui\Desktop\ai-code-review-platform\apps\dashboard\components\ui\table
2026-04-06T23:18:08.313Z next:jsconfig-paths-plugin skipping request as it is an absolute path C:\Users\Ahmed Amin Bejoui\Desktop\ai-code-review-platform\apps\dashboard\components\ui\label
2026-04-06T23:18:08.313Z next:jsconfig-paths-plugin skipping request as it is an absolute path C:\Users\Ahmed Amin Bejoui\Desktop\ai-code-review-platform\apps\dashboard\components\ui\switch
2026-04-06T23:18:08.313Z next:jsconfig-paths-plugin skipping request as it is an absolute path C:\Users\Ahmed Amin Bejoui\Desktop\ai-code-review-platform\apps\dashboard\components\ui\progress
2026-04-06T23:18:08.313Z next:jsconfig-paths-plugin skipping request as it is an absolute path C:\Users\Ahmed Amin Bejoui\Desktop\ai-code-review-platform\apps\dashboard\components\ui\tabs
2026-04-06T23:18:08.313Z next:jsconfig-paths-plugin skipping request as it is an absolute path C:\Users\Ahmed Amin Bejoui\Desktop\ai-code-review-platform\apps\dashboard\components\ui\avatar
2026-04-06T23:18:08.314Z next:jsconfig-paths-plugin skipping request as it is an absolute path C:\Users\Ahmed Amin Bejoui\Desktop\ai-code-review-platform\apps\dashboard\components\ui\dialog
2026-04-06T23:18:08.315Z next:jsconfig-paths-plugin skipping request as it is an absolute path C:\Users\Ahmed Amin Bejoui\Desktop\ai-code-review-platform\apps\dashboard\lib\reviewer-dashboard
2026-04-06T23:18:08.324Z next:jsconfig-paths-plugin skipping request as it is an absolute path C:\Users\Ahmed Amin Bejoui\Desktop\ai-code-review-platform\apps\dashboard\lib\review-queue
2026-04-06T23:18:08.328Z next:jsconfig-paths-plugin skipping request as it is an absolute path C:\Users\Ahmed Amin Bejoui\Desktop\ai-code-review-platform\apps\dashboard\lib\dashboard-insights
2026-04-06T23:18:08.329Z next:jsconfig-paths-plugin skipping request as it is an absolute path C:\Users\Ahmed Amin Bejoui\Desktop\ai-code-review-platform\apps\dashboard\components\ui\badge
2026-04-06T23:18:08.329Z next:jsconfig-paths-plugin skipping request as it is an absolute path C:\Users\Ahmed Amin Bejoui\Desktop\ai-code-review-platform\apps\dashboard\components\ui\badge
2026-04-06T23:18:08.329Z next:jsconfig-paths-plugin skipping request as it is an absolute path C:\Users\Ahmed Amin Bejoui\Desktop\ai-code-review-platform\apps\dashboard\components\ui\badge
2026-04-06T23:18:08.329Z next:jsconfig-paths-plugin skipping request as it is an absolute path C:\Users\Ahmed Amin Bejoui\Desktop\ai-code-review-platform\apps\dashboard\components\ui\badge
2026-04-06T23:18:08.329Z next:jsconfig-paths-plugin skipping request as it is an absolute path C:\Users\Ahmed Amin Bejoui\Desktop\ai-code-review-platform\apps\dashboard\components\ui\button
2026-04-06T23:18:08.329Z next:jsconfig-paths-plugin skipping request as it is an absolute path C:\Users\Ahmed Amin Bejoui\Desktop\ai-code-review-platform\apps\dashboard\components\ui\button
2026-04-06T23:18:08.329Z next:jsconfig-paths-plugin skipping request as it is an absolute path C:\Users\Ahmed Amin Bejoui\Desktop\ai-code-review-platform\apps\dashboard\components\ui\button
2026-04-06T23:18:08.329Z next:jsconfig-paths-plugin skipping request as it is an absolute path C:\Users\Ahmed Amin Bejoui\Desktop\ai-code-review-platform\apps\dashboard\components\ui\button
2026-04-06T23:18:08.329Z next:jsconfig-paths-plugin skipping request as it is an absolute path C:\Users\Ahmed Amin Bejoui\Desktop\ai-code-review-platform\apps\dashboard\components\ui\button
2026-04-06T23:18:08.329Z next:jsconfig-paths-plugin skipping request as it is an absolute path C:\Users\Ahmed Amin Bejoui\Desktop\ai-code-review-platform\apps\dashboard\components\ui\card
2026-04-06T23:18:08.329Z next:jsconfig-paths-plugin skipping request as it is an absolute path C:\Users\Ahmed Amin Bejoui\Desktop\ai-code-review-platform\apps\dashboard\components\ui\card
2026-04-06T23:18:08.329Z next:jsconfig-paths-plugin skipping request as it is an absolute path C:\Users\Ahmed Amin Bejoui\Desktop\ai-code-review-platform\apps\dashboard\components\ui\card
2026-04-06T23:18:08.329Z next:jsconfig-paths-plugin skipping request as it is an absolute path C:\Users\Ahmed Amin Bejoui\Desktop\ai-code-review-platform\apps\dashboard\components\ui\card
2026-04-06T23:18:08.329Z next:jsconfig-paths-plugin skipping request as it is an absolute path C:\Users\Ahmed Amin Bejoui\Desktop\ai-code-review-platform\apps\dashboard\components\ui\card
2026-04-06T23:18:08.329Z next:jsconfig-paths-plugin skipping request as it is an absolute path C:\Users\Ahmed Amin Bejoui\Desktop\ai-code-review-platform\apps\dashboard\components\ui\input
2026-04-06T23:18:08.330Z next:jsconfig-paths-plugin skipping request as it is an absolute path C:\Users\Ahmed Amin Bejoui\Desktop\ai-code-review-platform\apps\dashboard\components\ui\input
2026-04-06T23:18:08.330Z next:jsconfig-paths-plugin skipping request as it is an absolute path C:\Users\Ahmed Amin Bejoui\Desktop\ai-code-review-platform\apps\dashboard\components\ui\textarea
2026-04-06T23:18:08.330Z next:jsconfig-paths-plugin skipping request as it is an absolute path C:\Users\Ahmed Amin Bejoui\Desktop\ai-code-review-platform\apps\dashboard\components\ui\select
2026-04-06T23:18:08.330Z next:jsconfig-paths-plugin skipping request as it is an absolute path C:\Users\Ahmed Amin Bejoui\Desktop\ai-code-review-platform\apps\dashboard\components\ui\select
2026-04-06T23:18:08.330Z next:jsconfig-paths-plugin skipping request as it is an absolute path C:\Users\Ahmed Amin Bejoui\Desktop\ai-code-review-platform\apps\dashboard\components\ui\table
2026-04-06T23:18:08.330Z next:jsconfig-paths-plugin skipping request as it is an absolute path C:\Users\Ahmed Amin Bejoui\Desktop\ai-code-review-platform\apps\dashboard\components\ui\table
2026-04-06T23:18:08.330Z next:jsconfig-paths-plugin skipping request as it is an absolute path C:\Users\Ahmed Amin Bejoui\Desktop\ai-code-review-platform\apps\dashboard\components\ui\table
2026-04-06T23:18:08.330Z next:jsconfig-paths-plugin skipping request as it is an absolute path C:\Users\Ahmed Amin Bejoui\Desktop\ai-code-review-platform\apps\dashboard\components\ui\label
2026-04-06T23:18:08.330Z next:jsconfig-paths-plugin skipping request as it is an absolute path C:\Users\Ahmed Amin Bejoui\Desktop\ai-code-review-platform\apps\dashboard\components\ui\switch
2026-04-06T23:18:08.330Z next:jsconfig-paths-plugin skipping request as it is an absolute path C:\Users\Ahmed Amin Bejoui\Desktop\ai-code-review-platform\apps\dashboard\components\ui\progress
2026-04-06T23:18:08.330Z next:jsconfig-paths-plugin skipping request as it is an absolute path C:\Users\Ahmed Amin Bejoui\Desktop\ai-code-review-platform\apps\dashboard\components\ui\tabs
2026-04-06T23:18:08.330Z next:jsconfig-paths-plugin skipping request as it is an absolute path C:\Users\Ahmed Amin Bejoui\Desktop\ai-code-review-platform\apps\dashboard\components\ui\avatar
2026-04-06T23:18:08.330Z next:jsconfig-paths-plugin skipping request as it is an absolute path C:\Users\Ahmed Amin Bejoui\Desktop\ai-code-review-platform\apps\dashboard\components\ui\dialog
2026-04-06T23:18:08.332Z next:jsconfig-paths-plugin skipping request as it is an absolute path C:\Users\Ahmed Amin Bejoui\Desktop\ai-code-review-platform\apps\dashboard\lib\reviewer-dashboard
2026-04-06T23:18:08.344Z next:jsconfig-paths-plugin skipping request as it is an absolute path C:\Users\Ahmed Amin Bejoui\Desktop\ai-code-review-platform\apps\dashboard\lib\review-queue
2026-04-06T23:18:08.344Z next:jsconfig-paths-plugin skipping request as it is an absolute path C:\Users\Ahmed Amin Bejoui\Desktop\ai-code-review-platform\apps\dashboard\lib\dashboard-insights
2026-04-06T23:18:08.345Z next:jsconfig-paths-plugin skipping request as it is an absolute path C:\Users\Ahmed Amin Bejoui\Desktop\ai-code-review-platform\apps\dashboard\components\ui\badge
2026-04-06T23:18:08.345Z next:jsconfig-paths-plugin skipping request as it is an absolute path C:\Users\Ahmed Amin Bejoui\Desktop\ai-code-review-platform\apps\dashboard\components\ui\button
2026-04-06T23:18:08.345Z next:jsconfig-paths-plugin skipping request as it is an absolute path C:\Users\Ahmed Amin Bejoui\Desktop\ai-code-review-platform\apps\dashboard\components\ui\card
2026-04-06T23:18:08.345Z next:jsconfig-paths-plugin skipping request as it is an absolute path C:\Users\Ahmed Amin Bejoui\Desktop\ai-code-review-platform\apps\dashboard\components\ui\input
2026-04-06T23:18:08.345Z next:jsconfig-paths-plugin skipping request as it is an absolute path C:\Users\Ahmed Amin Bejoui\Desktop\ai-code-review-platform\apps\dashboard\components\ui\textarea
2026-04-06T23:18:08.345Z next:jsconfig-paths-plugin skipping request as it is an absolute path C:\Users\Ahmed Amin Bejoui\Desktop\ai-code-review-platform\apps\dashboard\components\ui\select
2026-04-06T23:18:08.345Z next:jsconfig-paths-plugin skipping request as it is an absolute path C:\Users\Ahmed Amin Bejoui\Desktop\ai-code-review-platform\apps\dashboard\components\ui\table
2026-04-06T23:18:08.345Z next:jsconfig-paths-plugin skipping request as it is an absolute path C:\Users\Ahmed Amin Bejoui\Desktop\ai-code-review-platform\apps\dashboard\components\ui\label
2026-04-06T23:18:08.345Z next:jsconfig-paths-plugin skipping request as it is an absolute path C:\Users\Ahmed Amin Bejoui\Desktop\ai-code-review-platform\apps\dashboard\components\ui\switch
2026-04-06T23:18:08.346Z next:jsconfig-paths-plugin skipping request as it is an absolute path C:\Users\Ahmed Amin Bejoui\Desktop\ai-code-review-platform\apps\dashboard\components\ui\progress
2026-04-06T23:18:08.346Z next:jsconfig-paths-plugin skipping request as it is an absolute path C:\Users\Ahmed Amin Bejoui\Desktop\ai-code-review-platform\apps\dashboard\components\ui\tabs
2026-04-06T23:18:08.346Z next:jsconfig-paths-plugin skipping request as it is an absolute path C:\Users\Ahmed Amin Bejoui\Desktop\ai-code-review-platform\apps\dashboard\components\ui\avatar
2026-04-06T23:18:08.346Z next:jsconfig-paths-plugin skipping request as it is an absolute path C:\Users\Ahmed Amin Bejoui\Desktop\ai-code-review-platform\apps\dashboard\components\ui\dialog
2026-04-06T23:18:08.346Z next:jsconfig-paths-plugin skipping request as it is an absolute path C:\Users\Ahmed Amin Bejoui\Desktop\ai-code-review-platform\apps\dashboard\lib\reviewer-dashboard
2026-04-06T23:18:08.361Z next:jsconfig-paths-plugin skipping request as it is an absolute path C:\Users\Ahmed Amin Bejoui\Desktop\ai-code-review-platform\apps\dashboard\components\ui\badge
2026-04-06T23:18:08.361Z next:jsconfig-paths-plugin skipping request as it is an absolute path C:\Users\Ahmed Amin Bejoui\Desktop\ai-code-review-platform\apps\dashboard\components\ui\button
2026-04-06T23:18:08.361Z next:jsconfig-paths-plugin skipping request as it is an absolute path C:\Users\Ahmed Amin Bejoui\Desktop\ai-code-review-platform\apps\dashboard\components\ui\card
2026-04-06T23:18:08.361Z next:jsconfig-paths-plugin skipping request as it is an absolute path C:\Users\Ahmed Amin Bejoui\Desktop\ai-code-review-platform\apps\dashboard\components\ui\input
2026-04-06T23:18:08.362Z next:jsconfig-paths-plugin skipping request as it is an absolute path C:\Users\Ahmed Amin Bejoui\Desktop\ai-code-review-platform\apps\dashboard\components\ui\textarea
2026-04-06T23:18:08.362Z next:jsconfig-paths-plugin skipping request as it is an absolute path C:\Users\Ahmed Amin Bejoui\Desktop\ai-code-review-platform\apps\dashboard\components\ui\select
2026-04-06T23:18:08.362Z next:jsconfig-paths-plugin skipping request as it is an absolute path C:\Users\Ahmed Amin Bejoui\Desktop\ai-code-review-platform\apps\dashboard\components\ui\table
2026-04-06T23:18:08.362Z next:jsconfig-paths-plugin skipping request as it is an absolute path C:\Users\Ahmed Amin Bejoui\Desktop\ai-code-review-platform\apps\dashboard\components\ui\label
2026-04-06T23:18:08.362Z next:jsconfig-paths-plugin skipping request as it is an absolute path C:\Users\Ahmed Amin Bejoui\Desktop\ai-code-review-platform\apps\dashboard\components\ui\switch
2026-04-06T23:18:08.362Z next:jsconfig-paths-plugin skipping request as it is an absolute path C:\Users\Ahmed Amin Bejoui\Desktop\ai-code-review-platform\apps\dashboard\components\ui\progress
2026-04-06T23:18:08.362Z next:jsconfig-paths-plugin skipping request as it is an absolute path C:\Users\Ahmed Amin Bejoui\Desktop\ai-code-review-platform\apps\dashboard\components\ui\tabs
2026-04-06T23:18:08.362Z next:jsconfig-paths-plugin skipping request as it is an absolute path C:\Users\Ahmed Amin Bejoui\Desktop\ai-code-review-platform\apps\dashboard\components\ui\avatar
2026-04-06T23:18:08.362Z next:jsconfig-paths-plugin skipping request as it is an absolute path C:\Users\Ahmed Amin Bejoui\Desktop\ai-code-review-platform\apps\dashboard\components\ui\dialog
2026-04-06T23:18:08.366Z next:jsconfig-paths-plugin skipping request as it is an absolute path C:\Users\Ahmed Amin Bejoui\Desktop\ai-code-review-platform\apps\dashboard\components\ui\badge
2026-04-06T23:18:08.366Z next:jsconfig-paths-plugin skipping request as it is an absolute path C:\Users\Ahmed Amin Bejoui\Desktop\ai-code-review-platform\apps\dashboard\components\ui\badge
2026-04-06T23:18:08.367Z next:jsconfig-paths-plugin skipping request as it is an absolute path C:\Users\Ahmed Amin Bejoui\Desktop\ai-code-review-platform\apps\dashboard\components\ui\badge
2026-04-06T23:18:08.367Z next:jsconfig-paths-plugin skipping request as it is an absolute path C:\Users\Ahmed Amin Bejoui\Desktop\ai-code-review-platform\apps\dashboard\components\ui\badge
2026-04-06T23:18:08.367Z next:jsconfig-paths-plugin skipping request as it is an absolute path C:\Users\Ahmed Amin Bejoui\Desktop\ai-code-review-platform\apps\dashboard\components\ui\button
2026-04-06T23:18:08.367Z next:jsconfig-paths-plugin skipping request as it is an absolute path C:\Users\Ahmed Amin Bejoui\Desktop\ai-code-review-platform\apps\dashboard\components\ui\button
2026-04-06T23:18:08.367Z next:jsconfig-paths-plugin skipping request as it is an absolute path C:\Users\Ahmed Amin Bejoui\Desktop\ai-code-review-platform\apps\dashboard\components\ui\button
2026-04-06T23:18:08.367Z next:jsconfig-paths-plugin skipping request as it is an absolute path C:\Users\Ahmed Amin Bejoui\Desktop\ai-code-review-platform\apps\dashboard\components\ui\button
2026-04-06T23:18:08.367Z next:jsconfig-paths-plugin skipping request as it is an absolute path C:\Users\Ahmed Amin Bejoui\Desktop\ai-code-review-platform\apps\dashboard\components\ui\button
2026-04-06T23:18:08.367Z next:jsconfig-paths-plugin skipping request as it is an absolute path C:\Users\Ahmed Amin Bejoui\Desktop\ai-code-review-platform\apps\dashboard\components\ui\card
2026-04-06T23:18:08.367Z next:jsconfig-paths-plugin skipping request as it is an absolute path C:\Users\Ahmed Amin Bejoui\Desktop\ai-code-review-platform\apps\dashboard\components\ui\card
2026-04-06T23:18:08.367Z next:jsconfig-paths-plugin skipping request as it is an absolute path C:\Users\Ahmed Amin Bejoui\Desktop\ai-code-review-platform\apps\dashboard\components\ui\card
2026-04-06T23:18:08.367Z next:jsconfig-paths-plugin skipping request as it is an absolute path C:\Users\Ahmed Amin Bejoui\Desktop\ai-code-review-platform\apps\dashboard\components\ui\card
2026-04-06T23:18:08.367Z next:jsconfig-paths-plugin skipping request as it is an absolute path C:\Users\Ahmed Amin Bejoui\Desktop\ai-code-review-platform\apps\dashboard\components\ui\card
2026-04-06T23:18:08.367Z next:jsconfig-paths-plugin skipping request as it is an absolute path C:\Users\Ahmed Amin Bejoui\Desktop\ai-code-review-platform\apps\dashboard\components\ui\input
2026-04-06T23:18:08.367Z next:jsconfig-paths-plugin skipping request as it is an absolute path C:\Users\Ahmed Amin Bejoui\Desktop\ai-code-review-platform\apps\dashboard\components\ui\input
2026-04-06T23:18:08.367Z next:jsconfig-paths-plugin skipping request as it is an absolute path C:\Users\Ahmed Amin Bejoui\Desktop\ai-code-review-platform\apps\dashboard\components\ui\textarea
2026-04-06T23:18:08.367Z next:jsconfig-paths-plugin skipping request as it is an absolute path C:\Users\Ahmed Amin Bejoui\Desktop\ai-code-review-platform\apps\dashboard\components\ui\select
2026-04-06T23:18:08.367Z next:jsconfig-paths-plugin skipping request as it is an absolute path C:\Users\Ahmed Amin Bejoui\Desktop\ai-code-review-platform\apps\dashboard\components\ui\select
2026-04-06T23:18:08.367Z next:jsconfig-paths-plugin skipping request as it is an absolute path C:\Users\Ahmed Amin Bejoui\Desktop\ai-code-review-platform\apps\dashboard\components\ui\table
2026-04-06T23:18:08.368Z next:jsconfig-paths-plugin skipping request as it is an absolute path C:\Users\Ahmed Amin Bejoui\Desktop\ai-code-review-platform\apps\dashboard\components\ui\table
2026-04-06T23:18:08.368Z next:jsconfig-paths-plugin skipping request as it is an absolute path C:\Users\Ahmed Amin Bejoui\Desktop\ai-code-review-platform\apps\dashboard\components\ui\table
2026-04-06T23:18:08.368Z next:jsconfig-paths-plugin skipping request as it is an absolute path C:\Users\Ahmed Amin Bejoui\Desktop\ai-code-review-platform\apps\dashboard\components\ui\label
2026-04-06T23:18:08.368Z next:jsconfig-paths-plugin skipping request as it is an absolute path C:\Users\Ahmed Amin Bejoui\Desktop\ai-code-review-platform\apps\dashboard\components\ui\switch
2026-04-06T23:18:08.368Z next:jsconfig-paths-plugin skipping request as it is an absolute path C:\Users\Ahmed Amin Bejoui\Desktop\ai-code-review-platform\apps\dashboard\components\ui\progress
2026-04-06T23:18:08.368Z next:jsconfig-paths-plugin skipping request as it is an absolute path C:\Users\Ahmed Amin Bejoui\Desktop\ai-code-review-platform\apps\dashboard\components\ui\tabs
2026-04-06T23:18:08.368Z next:jsconfig-paths-plugin skipping request as it is an absolute path C:\Users\Ahmed Amin Bejoui\Desktop\ai-code-review-platform\apps\dashboard\components\ui\avatar
2026-04-06T23:18:08.368Z next:jsconfig-paths-plugin skipping request as it is an absolute path C:\Users\Ahmed Amin Bejoui\Desktop\ai-code-review-platform\apps\dashboard\components\ui\dialog
2026-04-06T23:18:08.448Z next:jsconfig-paths-plugin skipping request as it is an absolute path C:\Users\Ahmed Amin Bejoui\Desktop\ai-code-review-platform\apps\dashboard\components\ui\badge
2026-04-06T23:18:08.448Z next:jsconfig-paths-plugin skipping request as it is an absolute path C:\Users\Ahmed Amin Bejoui\Desktop\ai-code-review-platform\apps\dashboard\components\ui\badge
2026-04-06T23:18:08.448Z next:jsconfig-paths-plugin skipping request as it is an absolute path C:\Users\Ahmed Amin Bejoui\Desktop\ai-code-review-platform\apps\dashboard\components\ui\badge
2026-04-06T23:18:08.448Z next:jsconfig-paths-plugin skipping request as it is an absolute path C:\Users\Ahmed Amin Bejoui\Desktop\ai-code-review-platform\apps\dashboard\components\ui\badge
2026-04-06T23:18:08.448Z next:jsconfig-paths-plugin skipping request as it is an absolute path C:\Users\Ahmed Amin Bejoui\Desktop\ai-code-review-platform\apps\dashboard\components\ui\button
2026-04-06T23:18:08.449Z next:jsconfig-paths-plugin skipping request as it is an absolute path C:\Users\Ahmed Amin Bejoui\Desktop\ai-code-review-platform\apps\dashboard\components\ui\button
2026-04-06T23:18:08.449Z next:jsconfig-paths-plugin skipping request as it is an absolute path C:\Users\Ahmed Amin Bejoui\Desktop\ai-code-review-platform\apps\dashboard\components\ui\button
2026-04-06T23:18:08.449Z next:jsconfig-paths-plugin skipping request as it is an absolute path C:\Users\Ahmed Amin Bejoui\Desktop\ai-code-review-platform\apps\dashboard\components\ui\button
2026-04-06T23:18:08.449Z next:jsconfig-paths-plugin skipping request as it is an absolute path C:\Users\Ahmed Amin Bejoui\Desktop\ai-code-review-platform\apps\dashboard\components\ui\button
2026-04-06T23:18:08.449Z next:jsconfig-paths-plugin skipping request as it is an absolute path C:\Users\Ahmed Amin Bejoui\Desktop\ai-code-review-platform\apps\dashboard\components\ui\card
2026-04-06T23:18:08.449Z next:jsconfig-paths-plugin skipping request as it is an absolute path C:\Users\Ahmed Amin Bejoui\Desktop\ai-code-review-platform\apps\dashboard\components\ui\card
2026-04-06T23:18:08.449Z next:jsconfig-paths-plugin skipping request as it is an absolute path C:\Users\Ahmed Amin Bejoui\Desktop\ai-code-review-platform\apps\dashboard\components\ui\card
2026-04-06T23:18:08.449Z next:jsconfig-paths-plugin skipping request as it is an absolute path C:\Users\Ahmed Amin Bejoui\Desktop\ai-code-review-platform\apps\dashboard\components\ui\card
2026-04-06T23:18:08.450Z next:jsconfig-paths-plugin skipping request as it is an absolute path C:\Users\Ahmed Amin Bejoui\Desktop\ai-code-review-platform\apps\dashboard\components\ui\card
2026-04-06T23:18:08.450Z next:jsconfig-paths-plugin skipping request as it is an absolute path C:\Users\Ahmed Amin Bejoui\Desktop\ai-code-review-platform\apps\dashboard\components\ui\input
2026-04-06T23:18:08.450Z next:jsconfig-paths-plugin skipping request as it is an absolute path C:\Users\Ahmed Amin Bejoui\Desktop\ai-code-review-platform\apps\dashboard\components\ui\input
2026-04-06T23:18:08.450Z next:jsconfig-paths-plugin skipping request as it is an absolute path C:\Users\Ahmed Amin Bejoui\Desktop\ai-code-review-platform\apps\dashboard\components\ui\textarea
2026-04-06T23:18:08.450Z next:jsconfig-paths-plugin skipping request as it is an absolute path C:\Users\Ahmed Amin Bejoui\Desktop\ai-code-review-platform\apps\dashboard\components\ui\select
2026-04-06T23:18:08.450Z next:jsconfig-paths-plugin skipping request as it is an absolute path C:\Users\Ahmed Amin Bejoui\Desktop\ai-code-review-platform\apps\dashboard\components\ui\select
2026-04-06T23:18:08.450Z next:jsconfig-paths-plugin skipping request as it is an absolute path C:\Users\Ahmed Amin Bejoui\Desktop\ai-code-review-platform\apps\dashboard\components\ui\table
2026-04-06T23:18:08.450Z next:jsconfig-paths-plugin skipping request as it is an absolute path C:\Users\Ahmed Amin Bejoui\Desktop\ai-code-review-platform\apps\dashboard\components\ui\table
2026-04-06T23:18:08.450Z next:jsconfig-paths-plugin skipping request as it is an absolute path C:\Users\Ahmed Amin Bejoui\Desktop\ai-code-review-platform\apps\dashboard\components\ui\table
2026-04-06T23:18:08.450Z next:jsconfig-paths-plugin skipping request as it is an absolute path C:\Users\Ahmed Amin Bejoui\Desktop\ai-code-review-platform\apps\dashboard\components\ui\label
2026-04-06T23:18:08.450Z next:jsconfig-paths-plugin skipping request as it is an absolute path C:\Users\Ahmed Amin Bejoui\Desktop\ai-code-review-platform\apps\dashboard\components\ui\switch
2026-04-06T23:18:08.450Z next:jsconfig-paths-plugin skipping request as it is an absolute path C:\Users\Ahmed Amin Bejoui\Desktop\ai-code-review-platform\apps\dashboard\components\ui\progress
2026-04-06T23:18:08.451Z next:jsconfig-paths-plugin skipping request as it is an absolute path C:\Users\Ahmed Amin Bejoui\Desktop\ai-code-review-platform\apps\dashboard\components\ui\tabs
2026-04-06T23:18:08.451Z next:jsconfig-paths-plugin skipping request as it is an absolute path C:\Users\Ahmed Amin Bejoui\Desktop\ai-code-review-platform\apps\dashboard\components\ui\avatar
2026-04-06T23:18:08.451Z next:jsconfig-paths-plugin skipping request as it is an absolute path C:\Users\Ahmed Amin Bejoui\Desktop\ai-code-review-platform\apps\dashboard\components\ui\dialog
2026-04-06T23:18:08.507Z next:jsconfig-paths-plugin skipping request as it is an absolute path C:\Users\Ahmed Amin Bejoui\Desktop\ai-code-review-platform\apps\dashboard\components\ui\badge
2026-04-06T23:18:08.508Z next:jsconfig-paths-plugin skipping request as it is an absolute path C:\Users\Ahmed Amin Bejoui\Desktop\ai-code-review-platform\apps\dashboard\components\ui\button
2026-04-06T23:18:08.508Z next:jsconfig-paths-plugin skipping request as it is an absolute path C:\Users\Ahmed Amin Bejoui\Desktop\ai-code-review-platform\apps\dashboard\components\ui\card
2026-04-06T23:18:08.508Z next:jsconfig-paths-plugin skipping request as it is an absolute path C:\Users\Ahmed Amin Bejoui\Desktop\ai-code-review-platform\apps\dashboard\components\ui\input
2026-04-06T23:18:08.508Z next:jsconfig-paths-plugin skipping request as it is an absolute path C:\Users\Ahmed Amin Bejoui\Desktop\ai-code-review-platform\apps\dashboard\components\ui\textarea
2026-04-06T23:18:08.508Z next:jsconfig-paths-plugin skipping request as it is an absolute path C:\Users\Ahmed Amin Bejoui\Desktop\ai-code-review-platform\apps\dashboard\components\ui\select
2026-04-06T23:18:08.508Z next:jsconfig-paths-plugin skipping request as it is an absolute path C:\Users\Ahmed Amin Bejoui\Desktop\ai-code-review-platform\apps\dashboard\components\ui\table
2026-04-06T23:18:08.509Z next:jsconfig-paths-plugin skipping request as it is an absolute path C:\Users\Ahmed Amin Bejoui\Desktop\ai-code-review-platform\apps\dashboard\components\ui\label
2026-04-06T23:18:08.509Z next:jsconfig-paths-plugin skipping request as it is an absolute path C:\Users\Ahmed Amin Bejoui\Desktop\ai-code-review-platform\apps\dashboard\components\ui\switch
2026-04-06T23:18:08.509Z next:jsconfig-paths-plugin skipping request as it is an absolute path C:\Users\Ahmed Amin Bejoui\Desktop\ai-code-review-platform\apps\dashboard\components\ui\progress
2026-04-06T23:18:08.509Z next:jsconfig-paths-plugin skipping request as it is an absolute path C:\Users\Ahmed Amin Bejoui\Desktop\ai-code-review-platform\apps\dashboard\components\ui\tabs
2026-04-06T23:18:08.509Z next:jsconfig-paths-plugin skipping request as it is an absolute path C:\Users\Ahmed Amin Bejoui\Desktop\ai-code-review-platform\apps\dashboard\components\ui\avatar
2026-04-06T23:18:08.510Z next:jsconfig-paths-plugin skipping request as it is an absolute path C:\Users\Ahmed Amin Bejoui\Desktop\ai-code-review-platform\apps\dashboard\components\ui\dialog
2026-04-06T23:18:08.577Z next:jsconfig-paths-plugin moduleName did not match any paths pattern @clerk/clerk-react
2026-04-06T23:18:08.577Z next:jsconfig-paths-plugin moduleName did not match any paths pattern @clerk/clerk-react
2026-04-06T23:18:08.577Z next:jsconfig-paths-plugin moduleName did not match any paths pattern @clerk/clerk-react
2026-04-06T23:18:08.577Z next:jsconfig-paths-plugin moduleName did not match any paths pattern react/jsx-runtime
2026-04-06T23:18:08.578Z next:jsconfig-paths-plugin moduleName did not match any paths pattern react
2026-04-06T23:18:08.578Z next:jsconfig-paths-plugin moduleName did not match any paths pattern framer-motion
2026-04-06T23:18:08.578Z next:jsconfig-paths-plugin skipping request as it is inside node_modules react/jsx-runtime
2026-04-06T23:18:08.578Z next:jsconfig-paths-plugin skipping request as it is inside node_modules ./app-router-headers
2026-04-06T23:18:08.578Z next:jsconfig-paths-plugin skipping request as it is inside node_modules ../../shared/lib/segment
2026-04-06T23:18:08.578Z next:jsconfig-paths-plugin moduleName did not match any paths pattern @clerk/clerk-react
2026-04-06T23:18:08.578Z next:jsconfig-paths-plugin moduleName did not match any paths pattern @clerk/clerk-react
2026-04-06T23:18:08.578Z next:jsconfig-paths-plugin skipping request as it is inside node_modules ../add-base-path
2026-04-06T23:18:08.578Z next:jsconfig-paths-plugin skipping request as it is inside node_modules ../has-base-path
2026-04-06T23:18:08.578Z next:jsconfig-paths-plugin skipping request as it is inside node_modules next/dist/server/future/route-modules/app-page/vendored/contexts/hooks-client-context
2026-04-06T23:18:08.578Z next:jsconfig-paths-plugin skipping request as it is inside node_modules ../remove-base-path
2026-04-06T23:18:08.578Z next:jsconfig-paths-plugin skipping request as it is inside node_modules ./use-reducer-with-devtools
2026-04-06T23:18:08.579Z next:jsconfig-paths-plugin skipping request as it is inside node_modules ./app-router-announcer
2026-04-06T23:18:08.579Z next:jsconfig-paths-plugin skipping request as it is inside node_modules ./router-reducer/router-reducer-types
2026-04-06T23:18:08.579Z next:jsconfig-paths-plugin skipping request as it is inside node_modules ./router-reducer/create-href-from-url
2026-04-06T23:18:08.579Z next:jsconfig-paths-plugin skipping request as it is inside node_modules ./router-reducer/create-initial-router-state
2026-04-06T23:18:08.579Z next:jsconfig-paths-plugin skipping request as it is inside node_modules ./router-reducer/reducers/find-head-in-cache
2026-04-06T23:18:08.579Z next:jsconfig-paths-plugin skipping request as it is inside node_modules ../../shared/lib/router/utils/is-bot
2026-04-06T23:18:08.579Z next:jsconfig-paths-plugin moduleName did not match any paths pattern next/dist/server/future/route-modules/app-page/vendored/ssr/react-jsx-runtime
2026-04-06T23:18:08.579Z next:jsconfig-paths-plugin moduleName did not match any paths pattern next/dist/server/future/route-modules/app-page/vendored/ssr/react
2026-04-06T23:18:08.579Z next:jsconfig-paths-plugin skipping request as it is inside node_modules next/dist/server/future/route-modules/app-page/vendored/ssr/react-jsx-runtime
2026-04-06T23:18:08.580Z next:jsconfig-paths-plugin skipping request as it is inside node_modules C:\Users\Ahmed Amin Bejoui\Desktop\ai-code-review-platform\apps\dashboard\node_modules\next/dist/server/future/route-modules/app-page/vendored/contexts/hooks-client-context
2026-04-06T23:18:08.580Z next:jsconfig-paths-plugin skipping request as it is an absolute path C:\Users\Ahmed Amin Bejoui\Desktop\ai-code-review-platform\apps\dashboard\node_modules\next/dist/server/future/route-modules/app-page/vendored/ssr/react-jsx-runtime
2026-04-06T23:18:08.580Z next:jsconfig-paths-plugin skipping request as it is an absolute path C:\Users\Ahmed Amin Bejoui\Desktop\ai-code-review-platform\apps\dashboard\node_modules\next/dist/server/future/route-modules/app-page/vendored/ssr/react
2026-04-06T23:18:08.580Z next:jsconfig-paths-plugin skipping request as it is inside node_modules C:\Users\Ahmed Amin Bejoui\Desktop\ai-code-review-platform\apps\dashboard\node_modules\next/dist/server/future/route-modules/app-page/vendored/ssr/react-jsx-runtime
2026-04-06T23:18:08.613Z next:jsconfig-paths-plugin moduleName did not match any paths pattern next-themes
2026-04-06T23:18:08.613Z next:jsconfig-paths-plugin moduleName did not match any paths pattern sonner
2026-04-06T23:18:08.616Z next:jsconfig-paths-plugin moduleName did not match any paths pattern next-themes
2026-04-06T23:18:08.616Z next:jsconfig-paths-plugin moduleName did not match any paths pattern sonner
2026-04-06T23:18:08.616Z next:jsconfig-paths-plugin moduleName did not match any paths pattern sonner
2026-04-06T23:18:08.638Z next:jsconfig-paths-plugin skipping request as it is an absolute path C:\Users\Ahmed Amin Bejoui\Desktop\ai-code-review-platform\apps\dashboard\components\ui\button
2026-04-06T23:18:08.638Z next:jsconfig-paths-plugin skipping request as it is an absolute path C:\Users\Ahmed Amin Bejoui\Desktop\ai-code-review-platform\apps\dashboard\components\ui\card
2026-04-06T23:18:08.638Z next:jsconfig-paths-plugin skipping request as it is an absolute path C:\Users\Ahmed Amin Bejoui\Desktop\ai-code-review-platform\apps\dashboard\components\ui\input
2026-04-06T23:18:08.639Z next:jsconfig-paths-plugin skipping request as it is an absolute path C:\Users\Ahmed Amin Bejoui\Desktop\ai-code-review-platform\apps\dashboard\components\ui\label
2026-04-06T23:18:08.639Z next:jsconfig-paths-plugin skipping request as it is an absolute path C:\Users\Ahmed Amin Bejoui\Desktop\ai-code-review-platform\apps\dashboard\components\ui\select
2026-04-06T23:18:08.639Z next:jsconfig-paths-plugin skipping request as it is an absolute path C:\Users\Ahmed Amin Bejoui\Desktop\ai-code-review-platform\apps\dashboard\components\ui\switch
2026-04-06T23:18:08.639Z next:jsconfig-paths-plugin skipping request as it is an absolute path C:\Users\Ahmed Amin Bejoui\Desktop\ai-code-review-platform\apps\dashboard\components\ui\textarea
2026-04-06T23:18:08.642Z next:jsconfig-paths-plugin skipping request as it is an absolute path C:\Users\Ahmed Amin Bejoui\Desktop\ai-code-review-platform\apps\dashboard\components\ui\button
2026-04-06T23:18:08.642Z next:jsconfig-paths-plugin skipping request as it is an absolute path C:\Users\Ahmed Amin Bejoui\Desktop\ai-code-review-platform\apps\dashboard\components\ui\card
2026-04-06T23:18:08.642Z next:jsconfig-paths-plugin skipping request as it is an absolute path C:\Users\Ahmed Amin Bejoui\Desktop\ai-code-review-platform\apps\dashboard\components\ui\input
2026-04-06T23:18:08.642Z next:jsconfig-paths-plugin skipping request as it is an absolute path C:\Users\Ahmed Amin Bejoui\Desktop\ai-code-review-platform\apps\dashboard\components\ui\label
2026-04-06T23:18:08.642Z next:jsconfig-paths-plugin skipping request as it is an absolute path C:\Users\Ahmed Amin Bejoui\Desktop\ai-code-review-platform\apps\dashboard\components\ui\select
2026-04-06T23:18:08.642Z next:jsconfig-paths-plugin skipping request as it is an absolute path C:\Users\Ahmed Amin Bejoui\Desktop\ai-code-review-platform\apps\dashboard\components\ui\switch
2026-04-06T23:18:08.642Z next:jsconfig-paths-plugin skipping request as it is an absolute path C:\Users\Ahmed Amin Bejoui\Desktop\ai-code-review-platform\apps\dashboard\components\ui\textarea
2026-04-06T23:18:08.723Z next:jsconfig-paths-plugin skipping request as it is inside node_modules react
2026-04-06T23:18:08.723Z next:jsconfig-paths-plugin skipping request as it is inside node_modules ./resolve-href
2026-04-06T23:18:08.723Z next:jsconfig-paths-plugin skipping request as it is inside node_modules ../shared/lib/router/utils/is-local-url
2026-04-06T23:18:08.723Z next:jsconfig-paths-plugin skipping request as it is inside node_modules ../shared/lib/router/utils/format-url
2026-04-06T23:18:08.723Z next:jsconfig-paths-plugin skipping request as it is inside node_modules ../shared/lib/utils
2026-04-06T23:18:08.723Z next:jsconfig-paths-plugin skipping request as it is inside node_modules ./add-locale
2026-04-06T23:18:08.723Z next:jsconfig-paths-plugin skipping request as it is inside node_modules ../shared/lib/router-context.shared-runtime
2026-04-06T23:18:08.723Z next:jsconfig-paths-plugin skipping request as it is inside node_modules ../shared/lib/app-router-context.shared-runtime
2026-04-06T23:18:08.723Z next:jsconfig-paths-plugin skipping request as it is inside node_modules ./use-intersection
2026-04-06T23:18:08.724Z next:jsconfig-paths-plugin skipping request as it is inside node_modules ./get-domain-locale
2026-04-06T23:18:08.724Z next:jsconfig-paths-plugin skipping request as it is inside node_modules ./add-base-path
2026-04-06T23:18:08.724Z next:jsconfig-paths-plugin skipping request as it is inside node_modules ./components/router-reducer/router-reducer-types
2026-04-06T23:18:08.724Z next:jsconfig-paths-plugin skipping request as it is an absolute path C:\Users\Ahmed Amin Bejoui\Desktop\ai-code-review-platform\apps\dashboard\components\ui\button
2026-04-06T23:18:08.724Z next:jsconfig-paths-plugin skipping request as it is an absolute path C:\Users\Ahmed Amin Bejoui\Desktop\ai-code-review-platform\apps\dashboard\components\ui\card
2026-04-06T23:18:08.724Z next:jsconfig-paths-plugin skipping request as it is an absolute path C:\Users\Ahmed Amin Bejoui\Desktop\ai-code-review-platform\apps\dashboard\components\ui\input
2026-04-06T23:18:08.725Z next:jsconfig-paths-plugin skipping request as it is an absolute path C:\Users\Ahmed Amin Bejoui\Desktop\ai-code-review-platform\apps\dashboard\components\ui\label
2026-04-06T23:18:08.725Z next:jsconfig-paths-plugin skipping request as it is an absolute path C:\Users\Ahmed Amin Bejoui\Desktop\ai-code-review-platform\apps\dashboard\components\ui\select
2026-04-06T23:18:08.725Z next:jsconfig-paths-plugin skipping request as it is an absolute path C:\Users\Ahmed Amin Bejoui\Desktop\ai-code-review-platform\apps\dashboard\components\ui\switch
2026-04-06T23:18:08.725Z next:jsconfig-paths-plugin skipping request as it is an absolute path C:\Users\Ahmed Amin Bejoui\Desktop\ai-code-review-platform\apps\dashboard\components\ui\textarea
2026-04-06T23:18:08.725Z next:jsconfig-paths-plugin skipping request as it is inside node_modules next/dist/server/future/route-modules/app-page/vendored/ssr/react
2026-04-06T23:18:08.725Z next:jsconfig-paths-plugin moduleName did not match any paths pattern react/jsx-runtime
2026-04-06T23:18:08.749Z next:jsconfig-paths-plugin moduleName did not match any paths pattern react
2026-04-06T23:18:08.749Z next:jsconfig-paths-plugin moduleName did not match any paths pattern framer-motion
2026-04-06T23:18:08.750Z next:jsconfig-paths-plugin skipping request as it is an absolute path C:\Users\Ahmed Amin Bejoui\Desktop\ai-code-review-platform\apps\dashboard\components\ui\slider
2026-04-06T23:18:08.750Z next:jsconfig-paths-plugin moduleName did not match any paths pattern lucide-react
2026-04-06T23:18:08.750Z next:jsconfig-paths-plugin skipping request as it is inside node_modules C:\Users\Ahmed Amin Bejoui\Desktop\ai-code-review-platform\apps\dashboard\node_modules\next/dist/server/future/route-modules/app-page/vendored/ssr/react
2026-04-06T23:18:08.775Z next:jsconfig-paths-plugin skipping request as it is an absolute path C:\Users\Ahmed Amin Bejoui\Desktop\ai-code-review-platform\apps\dashboard\components\ui\card
2026-04-06T23:18:08.775Z next:jsconfig-paths-plugin skipping request as it is an absolute path C:\Users\Ahmed Amin Bejoui\Desktop\ai-code-review-platform\apps\dashboard\components\ui\button
2026-04-06T23:18:08.776Z next:jsconfig-paths-plugin skipping request as it is an absolute path C:\Users\Ahmed Amin Bejoui\Desktop\ai-code-review-platform\apps\dashboard\components\ui\input
2026-04-06T23:18:08.776Z next:jsconfig-paths-plugin skipping request as it is an absolute path C:\Users\Ahmed Amin Bejoui\Desktop\ai-code-review-platform\apps\dashboard\components\ui\label
2026-04-06T23:18:08.776Z next:jsconfig-paths-plugin skipping request as it is an absolute path C:\Users\Ahmed Amin Bejoui\Desktop\ai-code-review-platform\apps\dashboard\components\ui\switch
2026-04-06T23:18:08.776Z next:jsconfig-paths-plugin skipping request as it is an absolute path C:\Users\Ahmed Amin Bejoui\Desktop\ai-code-review-platform\apps\dashboard\components\ui\badge
2026-04-06T23:18:08.776Z next:jsconfig-paths-plugin skipping request as it is an absolute path C:\Users\Ahmed Amin Bejoui\Desktop\ai-code-review-platform\apps\dashboard\components\ui\dialog
2026-04-06T23:18:08.776Z next:jsconfig-paths-plugin skipping request as it is an absolute path C:\Users\Ahmed Amin Bejoui\Desktop\ai-code-review-platform\apps\dashboard\components\dashboard\dashboard-user-provider
2026-04-06T23:18:08.776Z next:jsconfig-paths-plugin skipping request as it is an absolute path C:\Users\Ahmed Amin Bejoui\Desktop\ai-code-review-platform\apps\dashboard\node_modules\lucide-react\dist\esm\lucide-react.js
2026-04-06T23:18:08.782Z next:jsconfig-paths-plugin skipping request as it is an absolute path C:\Users\Ahmed Amin Bejoui\Desktop\ai-code-review-platform\apps\dashboard\components\ui\button
2026-04-06T23:18:08.783Z next:jsconfig-paths-plugin skipping request as it is an absolute path C:\Users\Ahmed Amin Bejoui\Desktop\ai-code-review-platform\apps\dashboard\components\ui\card
2026-04-06T23:18:08.783Z next:jsconfig-paths-plugin skipping request as it is an absolute path C:\Users\Ahmed Amin Bejoui\Desktop\ai-code-review-platform\apps\dashboard\components\ui\input
2026-04-06T23:18:08.783Z next:jsconfig-paths-plugin skipping request as it is an absolute path C:\Users\Ahmed Amin Bejoui\Desktop\ai-code-review-platform\apps\dashboard\components\ui\label
2026-04-06T23:18:08.783Z next:jsconfig-paths-plugin skipping request as it is an absolute path C:\Users\Ahmed Amin Bejoui\Desktop\ai-code-review-platform\apps\dashboard\components\ui\select
2026-04-06T23:18:08.783Z next:jsconfig-paths-plugin skipping request as it is an absolute path C:\Users\Ahmed Amin Bejoui\Desktop\ai-code-review-platform\apps\dashboard\components\ui\switch
2026-04-06T23:18:08.783Z next:jsconfig-paths-plugin skipping request as it is an absolute path C:\Users\Ahmed Amin Bejoui\Desktop\ai-code-review-platform\apps\dashboard\components\ui\textarea
2026-04-06T23:18:08.932Z next:jsconfig-paths-plugin skipping request as it is inside node_modules ./add-base-path
2026-04-06T23:18:08.933Z next:jsconfig-paths-plugin skipping request as it is inside node_modules ../shared/lib/utils
2026-04-06T23:18:08.933Z next:jsconfig-paths-plugin skipping request as it is inside node_modules next/dist/server/future/route-modules/app-page/vendored/contexts/app-router-context
2026-04-06T23:18:08.933Z next:jsconfig-paths-plugin skipping request as it is inside node_modules ./components/router-reducer/router-reducer-types
2026-04-06T23:18:08.933Z next:jsconfig-paths-plugin skipping request as it is inside node_modules react
2026-04-06T23:18:08.933Z next:jsconfig-paths-plugin skipping request as it is inside node_modules C:\Users\Ahmed Amin Bejoui\Desktop\ai-code-review-platform\apps\dashboard\node_modules\next/dist/server/future/route-modules/app-page/vendored/contexts/app-router-context
2026-04-06T23:18:08.933Z next:jsconfig-paths-plugin skipping request as it is inside node_modules next/dist/server/future/route-modules/app-page/vendored/ssr/react
2026-04-06T23:18:08.934Z next:jsconfig-paths-plugin skipping request as it is inside node_modules C:\Users\Ahmed Amin Bejoui\Desktop\ai-code-review-platform\apps\dashboard\node_modules\next/dist/server/future/route-modules/app-page/vendored/ssr/react
2026-04-06T23:18:09.104Z next:jsconfig-paths-plugin skipping request as it is an absolute path C:\Users\Ahmed Amin Bejoui\Desktop\ai-code-review-platform\apps\dashboard\components\ui\button
2026-04-06T23:18:09.104Z next:jsconfig-paths-plugin skipping request as it is an absolute path C:\Users\Ahmed Amin Bejoui\Desktop\ai-code-review-platform\apps\dashboard\components\ui\input
2026-04-06T23:18:09.121Z next:jsconfig-paths-plugin skipping request as it is an absolute path C:\Users\Ahmed Amin Bejoui\Desktop\ai-code-review-platform\apps\dashboard\components\ui\button
2026-04-06T23:18:09.121Z next:jsconfig-paths-plugin skipping request as it is an absolute path C:\Users\Ahmed Amin Bejoui\Desktop\ai-code-review-platform\apps\dashboard\components\ui\input
2026-04-06T23:18:09.236Z next:jsconfig-paths-plugin skipping request as it is inside node_modules ../client/link
2026-04-06T23:18:09.238Z next:jsconfig-paths-plugin moduleName did not match any paths pattern next-themes
2026-04-06T23:18:09.238Z next:jsconfig-paths-plugin moduleName did not match any paths pattern react
2026-04-06T23:18:09.238Z next:jsconfig-paths-plugin moduleName did not match any paths pattern @radix-ui/react-slot
2026-04-06T23:18:09.238Z next:jsconfig-paths-plugin moduleName did not match any paths pattern class-variance-authority
2026-04-06T23:18:09.239Z next:jsconfig-paths-plugin skipping request as it is a relative path ./utils
2026-04-06T23:18:09.240Z next:jsconfig-paths-plugin skipping request as it is a relative path ./AnalysisPipeline
2026-04-06T23:18:09.240Z next:jsconfig-paths-plugin skipping request as it is inside node_modules ./icons/loader-circle.js
2026-04-06T23:18:09.240Z next:jsconfig-paths-plugin skipping request as it is inside node_modules ./icons/arrow-right.js
2026-04-06T23:18:09.240Z next:jsconfig-paths-plugin skipping request as it is inside node_modules ./icons/git-branch.js
2026-04-06T23:18:09.240Z next:jsconfig-paths-plugin skipping request as it is inside node_modules ./icons/shield.js
2026-04-06T23:18:09.241Z next:jsconfig-paths-plugin skipping request as it is inside node_modules ./icons/zap.js
2026-04-06T23:18:09.241Z next:jsconfig-paths-plugin skipping request as it is inside node_modules ./icons/circle-alert.js
2026-04-06T23:18:09.241Z next:jsconfig-paths-plugin skipping request as it is inside node_modules ./icons/book-open.js
2026-04-06T23:18:09.241Z next:jsconfig-paths-plugin skipping request as it is inside node_modules ./icons/circle-check.js
2026-04-06T23:18:09.241Z next:jsconfig-paths-plugin skipping request as it is inside node_modules ./icons/chevron-right.js
2026-04-06T23:18:09.241Z next:jsconfig-paths-plugin skipping request as it is inside node_modules ./icons/code-xml.js
2026-04-06T23:18:09.241Z next:jsconfig-paths-plugin skipping request as it is inside node_modules ./icons/database.js
2026-04-06T23:18:09.241Z next:jsconfig-paths-plugin skipping request as it is inside node_modules ./icons/file-text.js
2026-04-06T23:18:09.241Z next:jsconfig-paths-plugin skipping request as it is inside node_modules ./icons/search.js
2026-04-06T23:18:09.241Z next:jsconfig-paths-plugin skipping request as it is inside node_modules ./icons/upload.js
2026-04-06T23:18:09.241Z next:jsconfig-paths-plugin skipping request as it is inside node_modules ./icons/sparkles.js
2026-04-06T23:18:09.241Z next:jsconfig-paths-plugin skipping request as it is inside node_modules ./icons/trending-up.js
2026-04-06T23:18:09.241Z next:jsconfig-paths-plugin skipping request as it is inside node_modules ./icons/triangle-alert.js
2026-04-06T23:18:09.241Z next:jsconfig-paths-plugin skipping request as it is inside node_modules ./icons/clock.js
2026-04-06T23:18:09.241Z next:jsconfig-paths-plugin skipping request as it is inside node_modules ./icons/download.js
2026-04-06T23:18:09.241Z next:jsconfig-paths-plugin skipping request as it is inside node_modules ./icons/eye.js
2026-04-06T23:18:09.241Z next:jsconfig-paths-plugin skipping request as it is inside node_modules ./icons/ellipsis.js
2026-04-06T23:18:09.241Z next:jsconfig-paths-plugin skipping request as it is inside node_modules ./icons/share-2.js
2026-04-06T23:18:09.242Z next:jsconfig-paths-plugin skipping request as it is an absolute path C:\Users\Ahmed Amin Bejoui\Desktop\ai-code-review-platform\apps\dashboard\components\ui\button
2026-04-06T23:18:09.242Z next:jsconfig-paths-plugin skipping request as it is an absolute path C:\Users\Ahmed Amin Bejoui\Desktop\ai-code-review-platform\apps\dashboard\components\ui\input
2026-04-06T23:18:09.244Z next:jsconfig-paths-plugin skipping request as it is an absolute path C:\Users\Ahmed Amin Bejoui\Desktop\ai-code-review-platform\apps\dashboard\components\ui\two-level-sidebar
2026-04-06T23:18:09.244Z next:jsconfig-paths-plugin skipping request as it is an absolute path C:\Users\Ahmed Amin Bejoui\Desktop\ai-code-review-platform\apps\dashboard\lib\dashboard-analyses
2026-04-06T23:18:09.244Z next:jsconfig-paths-plugin skipping request as it is an absolute path C:\Users\Ahmed Amin Bejoui\Desktop\ai-code-review-platform\apps\dashboard\lib\utils
2026-04-06T23:18:09.315Z next:jsconfig-paths-plugin skipping request as it is inside node_modules ../client/link
2026-04-06T23:18:09.315Z next:jsconfig-paths-plugin skipping request as it is a relative path ./utils
2026-04-06T23:18:09.315Z next:jsconfig-paths-plugin skipping request as it is a relative path ./utils
2026-04-06T23:18:09.317Z next:jsconfig-paths-plugin skipping request as it is inside node_modules ../client/link
2026-04-06T23:18:09.317Z next:jsconfig-paths-plugin skipping request as it is a relative path ./utils
2026-04-06T23:18:09.317Z next:jsconfig-paths-plugin skipping request as it is a relative path ./utils
2026-04-06T23:18:09.322Z next:jsconfig-paths-plugin skipping request as it is an absolute path C:\Users\Ahmed Amin Bejoui\Desktop\ai-code-review-platform\apps\dashboard\components\ui\button
2026-04-06T23:18:09.323Z next:jsconfig-paths-plugin skipping request as it is an absolute path C:\Users\Ahmed Amin Bejoui\Desktop\ai-code-review-platform\apps\dashboard\components\ui\input
2026-04-06T23:18:09.327Z next:jsconfig-paths-plugin moduleName did not match any paths pattern class-variance-authority
2026-04-06T23:18:09.327Z next:jsconfig-paths-plugin moduleName did not match any paths pattern @radix-ui/react-slot
2026-04-06T23:18:09.327Z next:jsconfig-paths-plugin skipping request as it is an absolute path C:\Users\Ahmed Amin Bejoui\Desktop\ai-code-review-platform\apps\dashboard\lib\utils
2026-04-06T23:18:09.327Z next:jsconfig-paths-plugin skipping request as it is inside node_modules ../client/link
2026-04-06T23:18:09.327Z next:jsconfig-paths-plugin skipping request as it is a relative path ./utils
2026-04-06T23:18:09.327Z next:jsconfig-paths-plugin skipping request as it is inside node_modules ./icons/shield.js
2026-04-06T23:18:09.327Z next:jsconfig-paths-plugin moduleName did not match any paths pattern react
2026-04-06T23:18:09.327Z next:jsconfig-paths-plugin moduleName did not match any paths pattern next-themes
2026-04-06T23:18:09.328Z next:jsconfig-paths-plugin moduleName did not match any paths pattern next/dist/server/future/route-modules/app-page/vendored/ssr/react
2026-04-06T23:18:09.328Z next:jsconfig-paths-plugin skipping request as it is an absolute path C:\Users\Ahmed Amin Bejoui\Desktop\ai-code-review-platform\apps\dashboard\lib\utils
2026-04-06T23:18:09.329Z next:jsconfig-paths-plugin skipping request as it is an absolute path C:\Users\Ahmed Amin Bejoui\Desktop\ai-code-review-platform\apps\dashboard\node_modules\next/dist/server/future/route-modules/app-page/vendored/ssr/react
2026-04-06T23:18:09.330Z next:jsconfig-paths-plugin skipping request as it is a relative path ./utils
2026-04-06T23:18:09.330Z next:jsconfig-paths-plugin skipping request as it is a relative path ./utils
2026-04-06T23:18:09.335Z next:jsconfig-paths-plugin skipping request as it is a relative path ./utils
2026-04-06T23:18:09.335Z next:jsconfig-paths-plugin skipping request as it is a relative path ./utils
2026-04-06T23:18:09.370Z next:jsconfig-paths-plugin skipping request as it is an absolute path C:\Users\Ahmed Amin Bejoui\Desktop\ai-code-review-platform\apps\dashboard\lib\utils
2026-04-06T23:18:09.375Z next:jsconfig-paths-plugin skipping request as it is inside node_modules ../client/link
2026-04-06T23:18:09.375Z next:jsconfig-paths-plugin moduleName did not match any paths pattern class-variance-authority
2026-04-06T23:18:09.375Z next:jsconfig-paths-plugin moduleName did not match any paths pattern @radix-ui/react-slot
2026-04-06T23:18:09.375Z next:jsconfig-paths-plugin skipping request as it is a relative path ./utils
2026-04-06T23:18:09.376Z next:jsconfig-paths-plugin skipping request as it is an absolute path C:\Users\Ahmed Amin Bejoui\Desktop\ai-code-review-platform\apps\dashboard\lib\utils
2026-04-06T23:18:09.385Z next:jsconfig-paths-plugin skipping request as it is an absolute path C:\Users\Ahmed Amin Bejoui\Desktop\ai-code-review-platform\apps\dashboard\lib\utils
2026-04-06T23:18:09.385Z next:jsconfig-paths-plugin skipping request as it is an absolute path C:\Users\Ahmed Amin Bejoui\Desktop\ai-code-review-platform\apps\dashboard\lib\utils
2026-04-06T23:18:09.386Z next:jsconfig-paths-plugin skipping request as it is an absolute path C:\Users\Ahmed Amin Bejoui\Desktop\ai-code-review-platform\apps\dashboard\lib\utils
2026-04-06T23:18:09.386Z next:jsconfig-paths-plugin skipping request as it is an absolute path C:\Users\Ahmed Amin Bejoui\Desktop\ai-code-review-platform\apps\dashboard\lib\utils
2026-04-06T23:18:09.388Z next:jsconfig-paths-plugin skipping request as it is a relative path ./GroupedPermissions
2026-04-06T23:18:09.392Z next:jsconfig-paths-plugin skipping request as it is a relative path ./GroupedPermissions
2026-04-06T23:18:09.396Z next:jsconfig-paths-plugin skipping request as it is an absolute path C:\Users\Ahmed Amin Bejoui\Desktop\ai-code-review-platform\apps\dashboard\lib\review-queue
2026-04-06T23:18:09.396Z next:jsconfig-paths-plugin skipping request as it is an absolute path C:\Users\Ahmed Amin Bejoui\Desktop\ai-code-review-platform\apps\dashboard\lib\dashboard-insights
2026-04-06T23:18:09.397Z next:jsconfig-paths-plugin skipping request as it is an absolute path C:\Users\Ahmed Amin Bejoui\Desktop\ai-code-review-platform\apps\dashboard\components\ui\slider
2026-04-06T23:18:09.399Z next:jsconfig-paths-plugin skipping request as it is a relative path ./GroupedPermissions
2026-04-06T23:18:09.400Z next:jsconfig-paths-plugin skipping request as it is an absolute path C:\Users\Ahmed Amin Bejoui\Desktop\ai-code-review-platform\apps\dashboard\components\ui\card
2026-04-06T23:18:09.400Z next:jsconfig-paths-plugin skipping request as it is an absolute path C:\Users\Ahmed Amin Bejoui\Desktop\ai-code-review-platform\apps\dashboard\components\ui\button
2026-04-06T23:18:09.400Z next:jsconfig-paths-plugin skipping request as it is an absolute path C:\Users\Ahmed Amin Bejoui\Desktop\ai-code-review-platform\apps\dashboard\components\ui\input
2026-04-06T23:18:09.400Z next:jsconfig-paths-plugin skipping request as it is an absolute path C:\Users\Ahmed Amin Bejoui\Desktop\ai-code-review-platform\apps\dashboard\components\ui\label
2026-04-06T23:18:09.400Z next:jsconfig-paths-plugin skipping request as it is an absolute path C:\Users\Ahmed Amin Bejoui\Desktop\ai-code-review-platform\apps\dashboard\components\ui\switch
2026-04-06T23:18:09.400Z next:jsconfig-paths-plugin skipping request as it is an absolute path C:\Users\Ahmed Amin Bejoui\Desktop\ai-code-review-platform\apps\dashboard\components\ui\badge
2026-04-06T23:18:09.400Z next:jsconfig-paths-plugin skipping request as it is an absolute path C:\Users\Ahmed Amin Bejoui\Desktop\ai-code-review-platform\apps\dashboard\components\ui\dialog
2026-04-06T23:18:09.400Z next:jsconfig-paths-plugin skipping request as it is an absolute path C:\Users\Ahmed Amin Bejoui\Desktop\ai-code-review-platform\apps\dashboard\components\dashboard\dashboard-user-provider
2026-04-06T23:18:09.400Z next:jsconfig-paths-plugin moduleName did not match any paths pattern react/jsx-runtime
2026-04-06T23:18:09.400Z next:jsconfig-paths-plugin moduleName did not match any paths pattern react
2026-04-06T23:18:09.400Z next:jsconfig-paths-plugin moduleName did not match any paths pattern framer-motion
2026-04-06T23:18:09.401Z next:jsconfig-paths-plugin skipping request as it is an absolute path C:\Users\Ahmed Amin Bejoui\Desktop\ai-code-review-platform\apps\dashboard\components\ui\slider
2026-04-06T23:18:09.403Z next:jsconfig-paths-plugin moduleName did not match any paths pattern next/dist/server/future/route-modules/app-page/vendored/ssr/react-jsx-runtime
2026-04-06T23:18:09.403Z next:jsconfig-paths-plugin moduleName did not match any paths pattern next/dist/server/future/route-modules/app-page/vendored/ssr/react
2026-04-06T23:18:09.403Z next:jsconfig-paths-plugin skipping request as it is an absolute path C:\Users\Ahmed Amin Bejoui\Desktop\ai-code-review-platform\apps\dashboard\lib\review-queue
2026-04-06T23:18:09.403Z next:jsconfig-paths-plugin skipping request as it is an absolute path C:\Users\Ahmed Amin Bejoui\Desktop\ai-code-review-platform\apps\dashboard\lib\dashboard-insights
2026-04-06T23:18:09.403Z next:jsconfig-paths-plugin skipping request as it is an absolute path C:\Users\Ahmed Amin Bejoui\Desktop\ai-code-review-platform\apps\dashboard\components\ui\card
2026-04-06T23:18:09.403Z next:jsconfig-paths-plugin skipping request as it is an absolute path C:\Users\Ahmed Amin Bejoui\Desktop\ai-code-review-platform\apps\dashboard\components\ui\button
2026-04-06T23:18:09.403Z next:jsconfig-paths-plugin skipping request as it is an absolute path C:\Users\Ahmed Amin Bejoui\Desktop\ai-code-review-platform\apps\dashboard\components\ui\input
2026-04-06T23:18:09.403Z next:jsconfig-paths-plugin skipping request as it is an absolute path C:\Users\Ahmed Amin Bejoui\Desktop\ai-code-review-platform\apps\dashboard\components\ui\label
2026-04-06T23:18:09.403Z next:jsconfig-paths-plugin skipping request as it is an absolute path C:\Users\Ahmed Amin Bejoui\Desktop\ai-code-review-platform\apps\dashboard\components\ui\switch
2026-04-06T23:18:09.404Z next:jsconfig-paths-plugin skipping request as it is an absolute path C:\Users\Ahmed Amin Bejoui\Desktop\ai-code-review-platform\apps\dashboard\components\ui\badge
2026-04-06T23:18:09.404Z next:jsconfig-paths-plugin skipping request as it is an absolute path C:\Users\Ahmed Amin Bejoui\Desktop\ai-code-review-platform\apps\dashboard\components\ui\dialog
2026-04-06T23:18:09.404Z next:jsconfig-paths-plugin skipping request as it is an absolute path C:\Users\Ahmed Amin Bejoui\Desktop\ai-code-review-platform\apps\dashboard\components\dashboard\dashboard-user-provider
2026-04-06T23:18:09.406Z next:jsconfig-paths-plugin skipping request as it is an absolute path C:\Users\Ahmed Amin Bejoui\Desktop\ai-code-review-platform\apps\dashboard\node_modules\next/dist/server/future/route-modules/app-page/vendored/ssr/react-jsx-runtime
2026-04-06T23:18:09.406Z next:jsconfig-paths-plugin skipping request as it is an absolute path C:\Users\Ahmed Amin Bejoui\Desktop\ai-code-review-platform\apps\dashboard\node_modules\next/dist/server/future/route-modules/app-page/vendored/ssr/react
2026-04-06T23:18:09.413Z next:jsconfig-paths-plugin skipping request as it is an absolute path C:\Users\Ahmed Amin Bejoui\Desktop\ai-code-review-platform\apps\dashboard\components\ui\slider
2026-04-06T23:18:09.520Z next:jsconfig-paths-plugin skipping request as it is an absolute path C:\Users\Ahmed Amin Bejoui\Desktop\ai-code-review-platform\apps\dashboard\lib\review-queue
2026-04-06T23:18:09.521Z next:jsconfig-paths-plugin skipping request as it is an absolute path C:\Users\Ahmed Amin Bejoui\Desktop\ai-code-review-platform\apps\dashboard\lib\dashboard-insights
2026-04-06T23:18:09.603Z next:jsconfig-paths-plugin skipping request as it is an absolute path C:\Users\Ahmed Amin Bejoui\Desktop\ai-code-review-platform\apps\dashboard\components\ui\card
2026-04-06T23:18:09.603Z next:jsconfig-paths-plugin skipping request as it is an absolute path C:\Users\Ahmed Amin Bejoui\Desktop\ai-code-review-platform\apps\dashboard\components\ui\button
2026-04-06T23:18:09.603Z next:jsconfig-paths-plugin skipping request as it is an absolute path C:\Users\Ahmed Amin Bejoui\Desktop\ai-code-review-platform\apps\dashboard\components\ui\input
2026-04-06T23:18:09.603Z next:jsconfig-paths-plugin skipping request as it is an absolute path C:\Users\Ahmed Amin Bejoui\Desktop\ai-code-review-platform\apps\dashboard\components\ui\label
2026-04-06T23:18:09.603Z next:jsconfig-paths-plugin skipping request as it is an absolute path C:\Users\Ahmed Amin Bejoui\Desktop\ai-code-review-platform\apps\dashboard\components\ui\switch
2026-04-06T23:18:09.604Z next:jsconfig-paths-plugin skipping request as it is an absolute path C:\Users\Ahmed Amin Bejoui\Desktop\ai-code-review-platform\apps\dashboard\components\ui\badge
2026-04-06T23:18:09.604Z next:jsconfig-paths-plugin skipping request as it is an absolute path C:\Users\Ahmed Amin Bejoui\Desktop\ai-code-review-platform\apps\dashboard\components\ui\dialog
2026-04-06T23:18:09.604Z next:jsconfig-paths-plugin skipping request as it is an absolute path C:\Users\Ahmed Amin Bejoui\Desktop\ai-code-review-platform\apps\dashboard\components\dashboard\dashboard-user-provider
2026-04-06T23:18:09.613Z next:jsconfig-paths-plugin skipping request as it is an absolute path C:\Users\Ahmed Amin Bejoui\Desktop\ai-code-review-platform\apps\dashboard\components\ui\slider
2026-04-06T23:18:09.614Z next:jsconfig-paths-plugin skipping request as it is an absolute path C:\Users\Ahmed Amin Bejoui\Desktop\ai-code-review-platform\apps\dashboard\lib\review-queue
2026-04-06T23:18:09.614Z next:jsconfig-paths-plugin skipping request as it is an absolute path C:\Users\Ahmed Amin Bejoui\Desktop\ai-code-review-platform\apps\dashboard\lib\dashboard-insights
2026-04-06T23:18:09.615Z next:jsconfig-paths-plugin skipping request as it is an absolute path C:\Users\Ahmed Amin Bejoui\Desktop\ai-code-review-platform\apps\dashboard\components\ui\card
2026-04-06T23:18:09.615Z next:jsconfig-paths-plugin skipping request as it is an absolute path C:\Users\Ahmed Amin Bejoui\Desktop\ai-code-review-platform\apps\dashboard\components\ui\button
2026-04-06T23:18:09.615Z next:jsconfig-paths-plugin skipping request as it is an absolute path C:\Users\Ahmed Amin Bejoui\Desktop\ai-code-review-platform\apps\dashboard\components\ui\input
2026-04-06T23:18:09.615Z next:jsconfig-paths-plugin skipping request as it is an absolute path C:\Users\Ahmed Amin Bejoui\Desktop\ai-code-review-platform\apps\dashboard\components\ui\label
2026-04-06T23:18:09.615Z next:jsconfig-paths-plugin skipping request as it is an absolute path C:\Users\Ahmed Amin Bejoui\Desktop\ai-code-review-platform\apps\dashboard\components\ui\switch
2026-04-06T23:18:09.615Z next:jsconfig-paths-plugin skipping request as it is an absolute path C:\Users\Ahmed Amin Bejoui\Desktop\ai-code-review-platform\apps\dashboard\components\ui\badge
2026-04-06T23:18:09.615Z next:jsconfig-paths-plugin skipping request as it is an absolute path C:\Users\Ahmed Amin Bejoui\Desktop\ai-code-review-platform\apps\dashboard\components\ui\dialog
2026-04-06T23:18:09.615Z next:jsconfig-paths-plugin skipping request as it is an absolute path C:\Users\Ahmed Amin Bejoui\Desktop\ai-code-review-platform\apps\dashboard\components\dashboard\dashboard-user-provider
2026-04-06T23:18:09.669Z next:jsconfig-paths-plugin skipping request as it is an absolute path C:\Users\Ahmed Amin Bejoui\Desktop\ai-code-review-platform\apps\dashboard\components\ui\card
2026-04-06T23:18:09.669Z next:jsconfig-paths-plugin skipping request as it is an absolute path C:\Users\Ahmed Amin Bejoui\Desktop\ai-code-review-platform\apps\dashboard\components\ui\button
2026-04-06T23:18:09.669Z next:jsconfig-paths-plugin skipping request as it is an absolute path C:\Users\Ahmed Amin Bejoui\Desktop\ai-code-review-platform\apps\dashboard\components\ui\input
2026-04-06T23:18:09.669Z next:jsconfig-paths-plugin skipping request as it is an absolute path C:\Users\Ahmed Amin Bejoui\Desktop\ai-code-review-platform\apps\dashboard\components\ui\label
2026-04-06T23:18:09.669Z next:jsconfig-paths-plugin skipping request as it is an absolute path C:\Users\Ahmed Amin Bejoui\Desktop\ai-code-review-platform\apps\dashboard\components\ui\switch
2026-04-06T23:18:09.669Z next:jsconfig-paths-plugin skipping request as it is an absolute path C:\Users\Ahmed Amin Bejoui\Desktop\ai-code-review-platform\apps\dashboard\components\ui\badge
2026-04-06T23:18:09.669Z next:jsconfig-paths-plugin skipping request as it is an absolute path C:\Users\Ahmed Amin Bejoui\Desktop\ai-code-review-platform\apps\dashboard\components\ui\dialog
2026-04-06T23:18:09.670Z next:jsconfig-paths-plugin skipping request as it is an absolute path C:\Users\Ahmed Amin Bejoui\Desktop\ai-code-review-platform\apps\dashboard\components\dashboard\dashboard-user-provider
2026-04-06T23:18:09.713Z next:jsconfig-paths-plugin skipping request as it is an absolute path C:\Users\Ahmed Amin Bejoui\Desktop\ai-code-review-platform\apps\dashboard\components\ui\card
2026-04-06T23:18:09.714Z next:jsconfig-paths-plugin skipping request as it is an absolute path C:\Users\Ahmed Amin Bejoui\Desktop\ai-code-review-platform\apps\dashboard\components\ui\button
2026-04-06T23:18:09.714Z next:jsconfig-paths-plugin skipping request as it is an absolute path C:\Users\Ahmed Amin Bejoui\Desktop\ai-code-review-platform\apps\dashboard\components\ui\input
2026-04-06T23:18:09.714Z next:jsconfig-paths-plugin skipping request as it is an absolute path C:\Users\Ahmed Amin Bejoui\Desktop\ai-code-review-platform\apps\dashboard\components\ui\label
2026-04-06T23:18:09.714Z next:jsconfig-paths-plugin skipping request as it is an absolute path C:\Users\Ahmed Amin Bejoui\Desktop\ai-code-review-platform\apps\dashboard\components\ui\switch
2026-04-06T23:18:09.714Z next:jsconfig-paths-plugin skipping request as it is an absolute path C:\Users\Ahmed Amin Bejoui\Desktop\ai-code-review-platform\apps\dashboard\components\ui\badge
2026-04-06T23:18:09.714Z next:jsconfig-paths-plugin skipping request as it is an absolute path C:\Users\Ahmed Amin Bejoui\Desktop\ai-code-review-platform\apps\dashboard\components\ui\dialog
2026-04-06T23:18:09.731Z next:jsconfig-paths-plugin skipping request as it is an absolute path C:\Users\Ahmed Amin Bejoui\Desktop\ai-code-review-platform\apps\dashboard\components\dashboard\dashboard-user-provider
2026-04-06T23:18:09.741Z next:jsconfig-paths-plugin skipping request as it is an absolute path C:\Users\Ahmed Amin Bejoui\Desktop\ai-code-review-platform\apps\dashboard\components\ui\card
2026-04-06T23:18:09.741Z next:jsconfig-paths-plugin skipping request as it is an absolute path C:\Users\Ahmed Amin Bejoui\Desktop\ai-code-review-platform\apps\dashboard\components\ui\button
2026-04-06T23:18:09.742Z next:jsconfig-paths-plugin skipping request as it is an absolute path C:\Users\Ahmed Amin Bejoui\Desktop\ai-code-review-platform\apps\dashboard\components\ui\input
2026-04-06T23:18:09.742Z next:jsconfig-paths-plugin skipping request as it is an absolute path C:\Users\Ahmed Amin Bejoui\Desktop\ai-code-review-platform\apps\dashboard\components\ui\label
2026-04-06T23:18:09.742Z next:jsconfig-paths-plugin skipping request as it is an absolute path C:\Users\Ahmed Amin Bejoui\Desktop\ai-code-review-platform\apps\dashboard\components\ui\switch
2026-04-06T23:18:09.742Z next:jsconfig-paths-plugin skipping request as it is an absolute path C:\Users\Ahmed Amin Bejoui\Desktop\ai-code-review-platform\apps\dashboard\components\ui\badge
2026-04-06T23:18:09.742Z next:jsconfig-paths-plugin skipping request as it is an absolute path C:\Users\Ahmed Amin Bejoui\Desktop\ai-code-review-platform\apps\dashboard\components\ui\dialog
2026-04-06T23:18:09.742Z next:jsconfig-paths-plugin skipping request as it is an absolute path C:\Users\Ahmed Amin Bejoui\Desktop\ai-code-review-platform\apps\dashboard\components\dashboard\dashboard-user-provider
2026-04-06T23:18:09.749Z next:jsconfig-paths-plugin skipping request as it is an absolute path C:\Users\Ahmed Amin Bejoui\Desktop\ai-code-review-platform\apps\dashboard\components\ui\card
2026-04-06T23:18:09.749Z next:jsconfig-paths-plugin skipping request as it is an absolute path C:\Users\Ahmed Amin Bejoui\Desktop\ai-code-review-platform\apps\dashboard\components\ui\button
2026-04-06T23:18:09.749Z next:jsconfig-paths-plugin skipping request as it is an absolute path C:\Users\Ahmed Amin Bejoui\Desktop\ai-code-review-platform\apps\dashboard\components\ui\input
2026-04-06T23:18:09.749Z next:jsconfig-paths-plugin skipping request as it is an absolute path C:\Users\Ahmed Amin Bejoui\Desktop\ai-code-review-platform\apps\dashboard\components\ui\label
2026-04-06T23:18:09.749Z next:jsconfig-paths-plugin skipping request as it is an absolute path C:\Users\Ahmed Amin Bejoui\Desktop\ai-code-review-platform\apps\dashboard\components\ui\switch
2026-04-06T23:18:09.749Z next:jsconfig-paths-plugin skipping request as it is an absolute path C:\Users\Ahmed Amin Bejoui\Desktop\ai-code-review-platform\apps\dashboard\components\ui\badge
2026-04-06T23:18:09.749Z next:jsconfig-paths-plugin skipping request as it is an absolute path C:\Users\Ahmed Amin Bejoui\Desktop\ai-code-review-platform\apps\dashboard\components\ui\dialog
2026-04-06T23:18:09.749Z next:jsconfig-paths-plugin skipping request as it is an absolute path C:\Users\Ahmed Amin Bejoui\Desktop\ai-code-review-platform\apps\dashboard\components\dashboard\dashboard-user-provider
2026-04-06T23:18:10.094Z next:jsconfig-paths-plugin skipping request as it is inside node_modules ./icons/trash-2.js
2026-04-06T23:18:10.095Z next:jsconfig-paths-plugin skipping request as it is inside node_modules ./icons/circle-x.js
2026-04-06T23:18:10.095Z next:jsconfig-paths-plugin skipping request as it is inside node_modules ./icons/archive.js
2026-04-06T23:18:10.095Z next:jsconfig-paths-plugin skipping request as it is inside node_modules ./icons/folder.js
2026-04-06T23:18:10.095Z next:jsconfig-paths-plugin skipping request as it is inside node_modules ./icons/grid-3x3.js
2026-04-06T23:18:10.095Z next:jsconfig-paths-plugin skipping request as it is inside node_modules ./icons/list.js
2026-04-06T23:18:10.095Z next:jsconfig-paths-plugin skipping request as it is inside node_modules ./icons/plus.js
2026-04-06T23:18:10.095Z next:jsconfig-paths-plugin skipping request as it is inside node_modules ./icons/refresh-cw.js
2026-04-06T23:18:10.095Z next:jsconfig-paths-plugin skipping request as it is inside node_modules ./icons/settings.js
2026-04-06T23:18:10.095Z next:jsconfig-paths-plugin skipping request as it is inside node_modules ./icons/star.js
2026-04-06T23:18:10.095Z next:jsconfig-paths-plugin skipping request as it is inside node_modules ./icons/star-off.js
2026-04-06T23:18:10.095Z next:jsconfig-paths-plugin skipping request as it is inside node_modules ./icons/check.js
2026-04-06T23:18:10.095Z next:jsconfig-paths-plugin skipping request as it is inside node_modules ./icons/funnel.js
2026-04-06T23:18:10.095Z next:jsconfig-paths-plugin skipping request as it is inside node_modules ./icons/award.js
2026-04-06T23:18:10.095Z next:jsconfig-paths-plugin skipping request as it is inside node_modules ./icons/calendar.js
2026-04-06T23:18:10.095Z next:jsconfig-paths-plugin skipping request as it is inside node_modules ./icons/circle-check-big.js
2026-04-06T23:18:10.095Z next:jsconfig-paths-plugin skipping request as it is inside node_modules ./icons/crown.js
2026-04-06T23:18:10.098Z next:jsconfig-paths-plugin skipping request as it is a relative path ./AnalysisPipeline
2026-04-06T23:18:10.098Z next:jsconfig-paths-plugin skipping request as it is a relative path ./AnalysisPipeline
2026-04-06T23:18:10.099Z next:jsconfig-paths-plugin skipping request as it is an absolute path C:\Users\Ahmed Amin Bejoui\Desktop\ai-code-review-platform\apps\dashboard\lib\dashboard-analyses
2026-04-06T23:18:10.099Z next:jsconfig-paths-plugin skipping request as it is an absolute path C:\Users\Ahmed Amin Bejoui\Desktop\ai-code-review-platform\apps\dashboard\components\ui\two-level-sidebar
2026-04-06T23:18:10.099Z next:jsconfig-paths-plugin skipping request as it is a relative path ./AnalysisPipeline
2026-04-06T23:18:10.100Z next:jsconfig-paths-plugin skipping request as it is an absolute path C:\Users\Ahmed Amin Bejoui\Desktop\ai-code-review-platform\apps\dashboard\lib\dashboard-analyses
2026-04-06T23:18:10.100Z next:jsconfig-paths-plugin skipping request as it is an absolute path C:\Users\Ahmed Amin Bejoui\Desktop\ai-code-review-platform\apps\dashboard\components\ui\two-level-sidebar
2026-04-06T23:18:10.101Z next:jsconfig-paths-plugin skipping request as it is an absolute path C:\Users\Ahmed Amin Bejoui\Desktop\ai-code-review-platform\apps\dashboard\lib\dashboard-analyses
2026-04-06T23:18:10.101Z next:jsconfig-paths-plugin skipping request as it is an absolute path C:\Users\Ahmed Amin Bejoui\Desktop\ai-code-review-platform\apps\dashboard\components\ui\two-level-sidebar
2026-04-06T23:18:10.103Z next:jsconfig-paths-plugin skipping request as it is an absolute path C:\Users\Ahmed Amin Bejoui\Desktop\ai-code-review-platform\apps\dashboard\lib\dashboard-analyses
2026-04-06T23:18:10.103Z next:jsconfig-paths-plugin skipping request as it is an absolute path C:\Users\Ahmed Amin Bejoui\Desktop\ai-code-review-platform\apps\dashboard\components\ui\two-level-sidebar
2026-04-06T23:18:10.131Z next:jsconfig-paths-plugin skipping request as it is inside node_modules ./resolve-href
2026-04-06T23:18:10.132Z next:jsconfig-paths-plugin skipping request as it is inside node_modules ./add-locale
2026-04-06T23:18:10.151Z next:jsconfig-paths-plugin skipping request as it is inside node_modules ./use-intersection
2026-04-06T23:18:10.156Z next:jsconfig-paths-plugin skipping request as it is inside node_modules ./get-domain-locale
2026-04-06T23:18:10.187Z next:jsconfig-paths-plugin skipping request as it is inside node_modules next/dist/server/future/route-modules/app-page/vendored/contexts/router-context
2026-04-06T23:18:10.187Z next:jsconfig-paths-plugin skipping request as it is inside node_modules C:\Users\Ahmed Amin Bejoui\Desktop\ai-code-review-platform\apps\dashboard\node_modules\next/dist/server/future/route-modules/app-page/vendored/contexts/router-context
2026-04-06T23:18:10.188Z next:jsconfig-paths-plugin skipping request as it is inside node_modules ../shared/lib/router/utils/is-local-url
2026-04-06T23:18:10.189Z next:jsconfig-paths-plugin skipping request as it is inside node_modules ../shared/lib/router/utils/format-url
2026-04-06T23:18:10.191Z next:jsconfig-paths-plugin skipping request as it is inside node_modules ./icons/loader-circle.js
2026-04-06T23:18:10.195Z next:jsconfig-paths-plugin skipping request as it is inside node_modules ./icons/arrow-right.js
2026-04-06T23:18:10.196Z next:jsconfig-paths-plugin skipping request as it is inside node_modules ./icons/git-branch.js
2026-04-06T23:18:10.197Z next:jsconfig-paths-plugin skipping request as it is inside node_modules ./icons/zap.js
2026-04-06T23:18:10.199Z next:jsconfig-paths-plugin skipping request as it is inside node_modules ./icons/circle-alert.js
2026-04-06T23:18:10.202Z next:jsconfig-paths-plugin skipping request as it is inside node_modules ./icons/circle-check.js
2026-04-06T23:18:10.203Z next:jsconfig-paths-plugin skipping request as it is inside node_modules ./icons/chevron-right.js
2026-04-06T23:18:10.204Z next:jsconfig-paths-plugin skipping request as it is inside node_modules ./icons/book-open.js
2026-04-06T23:18:10.205Z next:jsconfig-paths-plugin skipping request as it is inside node_modules ./icons/code-xml.js
2026-04-06T23:18:10.206Z next:jsconfig-paths-plugin skipping request as it is inside node_modules ./icons/database.js
2026-04-06T23:18:10.208Z next:jsconfig-paths-plugin skipping request as it is inside node_modules ./icons/file-text.js
2026-04-06T23:18:10.210Z next:jsconfig-paths-plugin skipping request as it is inside node_modules ./icons/search.js
2026-04-06T23:18:10.212Z next:jsconfig-paths-plugin skipping request as it is inside node_modules ./icons/upload.js
2026-04-06T23:18:10.212Z next:jsconfig-paths-plugin skipping request as it is inside node_modules ./icons/sparkles.js
2026-04-06T23:18:10.213Z next:jsconfig-paths-plugin skipping request as it is inside node_modules ./icons/trending-up.js
2026-04-06T23:18:10.215Z next:jsconfig-paths-plugin skipping request as it is inside node_modules ./icons/triangle-alert.js
2026-04-06T23:18:10.216Z next:jsconfig-paths-plugin skipping request as it is inside node_modules ./icons/clock.js
2026-04-06T23:18:10.218Z next:jsconfig-paths-plugin skipping request as it is inside node_modules ./icons/download.js
2026-04-06T23:18:10.219Z next:jsconfig-paths-plugin skipping request as it is inside node_modules ./icons/eye.js
2026-04-06T23:18:10.221Z next:jsconfig-paths-plugin skipping request as it is inside node_modules ./icons/ellipsis.js
2026-04-06T23:18:10.223Z next:jsconfig-paths-plugin skipping request as it is inside node_modules ./icons/share-2.js
2026-04-06T23:18:10.301Z next:jsconfig-paths-plugin skipping request as it is inside node_modules ./icons/file-pen.js
2026-04-06T23:18:10.301Z next:jsconfig-paths-plugin skipping request as it is inside node_modules ./icons/message-circle.js
2026-04-06T23:18:10.301Z next:jsconfig-paths-plugin skipping request as it is inside node_modules ./icons/target.js
2026-04-06T23:18:10.301Z next:jsconfig-paths-plugin skipping request as it is inside node_modules ./icons/trending-down.js
2026-04-06T23:18:10.301Z next:jsconfig-paths-plugin skipping request as it is inside node_modules ./icons/activity.js
2026-04-06T23:18:10.301Z next:jsconfig-paths-plugin skipping request as it is inside node_modules ./icons/chart-column.js
2026-04-06T23:18:10.302Z next:jsconfig-paths-plugin skipping request as it is inside node_modules ./icons/users.js
2026-04-06T23:18:10.302Z next:jsconfig-paths-plugin skipping request as it is inside node_modules ./icons/bell.js
2026-04-06T23:18:10.302Z next:jsconfig-paths-plugin skipping request as it is inside node_modules ./icons/code.js
2026-04-06T23:18:10.302Z next:jsconfig-paths-plugin skipping request as it is inside node_modules ./icons/mail.js
2026-04-06T23:18:10.302Z next:jsconfig-paths-plugin skipping request as it is inside node_modules ./icons/palette.js
2026-04-06T23:18:10.302Z next:jsconfig-paths-plugin skipping request as it is inside node_modules ./icons/save.js
2026-04-06T23:18:10.370Z next:jsconfig-paths-plugin skipping request as it is inside node_modules ./icons/trash-2.js
2026-04-06T23:18:10.372Z next:jsconfig-paths-plugin skipping request as it is inside node_modules ./icons/archive.js
2026-04-06T23:18:10.374Z next:jsconfig-paths-plugin skipping request as it is inside node_modules ./icons/circle-x.js
2026-04-06T23:18:10.374Z next:jsconfig-paths-plugin skipping request as it is inside node_modules ./icons/folder.js
2026-04-06T23:18:10.375Z next:jsconfig-paths-plugin skipping request as it is inside node_modules ./icons/grid-3x3.js
2026-04-06T23:18:10.376Z next:jsconfig-paths-plugin skipping request as it is inside node_modules ./icons/refresh-cw.js
2026-04-06T23:18:10.378Z next:jsconfig-paths-plugin skipping request as it is inside node_modules ./icons/list.js
2026-04-06T23:18:10.379Z next:jsconfig-paths-plugin skipping request as it is inside node_modules ./icons/settings.js
2026-04-06T23:18:10.381Z next:jsconfig-paths-plugin skipping request as it is inside node_modules ./icons/plus.js
2026-04-06T23:18:10.382Z next:jsconfig-paths-plugin skipping request as it is inside node_modules ./icons/star-off.js
2026-04-06T23:18:10.384Z next:jsconfig-paths-plugin skipping request as it is inside node_modules ./icons/check.js
2026-04-06T23:18:10.386Z next:jsconfig-paths-plugin skipping request as it is inside node_modules ./icons/star.js
2026-04-06T23:18:10.389Z next:jsconfig-paths-plugin skipping request as it is inside node_modules ./icons/award.js
2026-04-06T23:18:10.390Z next:jsconfig-paths-plugin skipping request as it is inside node_modules ./icons/calendar.js
2026-04-06T23:18:10.392Z next:jsconfig-paths-plugin skipping request as it is inside node_modules ./icons/funnel.js
2026-04-06T23:18:10.393Z next:jsconfig-paths-plugin skipping request as it is inside node_modules ./icons/crown.js
2026-04-06T23:18:10.394Z next:jsconfig-paths-plugin skipping request as it is inside node_modules ./icons/circle-check-big.js
2026-04-06T23:18:10.475Z next:jsconfig-paths-plugin skipping request as it is inside node_modules ./icons/smartphone.js
2026-04-06T23:18:10.475Z next:jsconfig-paths-plugin skipping request as it is inside node_modules ./icons/user.js
2026-04-06T23:18:10.475Z next:jsconfig-paths-plugin skipping request as it is inside node_modules ./icons/copy.js
2026-04-06T23:18:10.476Z next:jsconfig-paths-plugin skipping request as it is inside node_modules ./icons/square-pen.js
2026-04-06T23:18:10.476Z next:jsconfig-paths-plugin skipping request as it is inside node_modules ./icons/globe.js
2026-04-06T23:18:10.476Z next:jsconfig-paths-plugin skipping request as it is inside node_modules ./icons/lock.js
2026-04-06T23:18:10.476Z next:jsconfig-paths-plugin skipping request as it is inside node_modules ./icons/languages.js
2026-04-06T23:18:10.476Z next:jsconfig-paths-plugin skipping request as it is inside node_modules ./icons/panels-top-left.js
2026-04-06T23:18:10.476Z next:jsconfig-paths-plugin skipping request as it is inside node_modules ./icons/monitor.js
2026-04-06T23:18:10.476Z next:jsconfig-paths-plugin skipping request as it is inside node_modules ./icons/moon.js
2026-04-06T23:18:10.476Z next:jsconfig-paths-plugin skipping request as it is inside node_modules ./icons/sun.js
2026-04-06T23:18:10.476Z next:jsconfig-paths-plugin skipping request as it is inside node_modules ./icons/type.js
2026-04-06T23:18:10.476Z next:jsconfig-paths-plugin skipping request as it is inside node_modules ./icons/external-link.js
2026-04-06T23:18:10.476Z next:jsconfig-paths-plugin skipping request as it is inside node_modules ./icons/eye-off.js
2026-04-06T23:18:10.477Z next:jsconfig-paths-plugin skipping request as it is inside node_modules ./icons/info.js
2026-04-06T23:18:10.477Z next:jsconfig-paths-plugin skipping request as it is inside node_modules ./icons/message-square.js
2026-04-06T23:18:10.477Z next:jsconfig-paths-plugin skipping request as it is inside node_modules ./icons/slack.js
2026-04-06T23:18:10.477Z next:jsconfig-paths-plugin skipping request as it is inside node_modules ./icons/test-tube.js
2026-04-06T23:18:10.480Z next:jsconfig-paths-plugin skipping request as it is an absolute path C:\Users\Ahmed Amin Bejoui\Desktop\ai-code-review-platform\apps\dashboard\components\ui\slider
2026-04-06T23:18:10.481Z next:jsconfig-paths-plugin skipping request as it is an absolute path C:\Users\Ahmed Amin Bejoui\Desktop\ai-code-review-platform\apps\dashboard\components\ui\slider
2026-04-06T23:18:10.482Z next:jsconfig-paths-plugin skipping request as it is an absolute path C:\Users\Ahmed Amin Bejoui\Desktop\ai-code-review-platform\apps\dashboard\components\ui\slider
2026-04-06T23:18:10.483Z next:jsconfig-paths-plugin skipping request as it is an absolute path C:\Users\Ahmed Amin Bejoui\Desktop\ai-code-review-platform\apps\dashboard\components\ui\slider
2026-04-06T23:18:10.493Z next:jsconfig-paths-plugin skipping request as it is inside node_modules ./icons/file-pen.js
2026-04-06T23:18:10.509Z next:jsconfig-paths-plugin skipping request as it is inside node_modules ./icons/message-circle.js
2026-04-06T23:18:10.511Z next:jsconfig-paths-plugin skipping request as it is inside node_modules ./icons/target.js
2026-04-06T23:18:10.512Z next:jsconfig-paths-plugin skipping request as it is inside node_modules ./icons/trending-down.js
2026-04-06T23:18:10.513Z next:jsconfig-paths-plugin skipping request as it is inside node_modules ./icons/activity.js
2026-04-06T23:18:10.514Z next:jsconfig-paths-plugin skipping request as it is inside node_modules ./icons/users.js
2026-04-06T23:18:10.514Z next:jsconfig-paths-plugin skipping request as it is inside node_modules ./icons/chart-column.js
2026-04-06T23:18:10.515Z next:jsconfig-paths-plugin skipping request as it is inside node_modules ./icons/code.js
2026-04-06T23:18:10.516Z next:jsconfig-paths-plugin skipping request as it is inside node_modules ./icons/bell.js
2026-04-06T23:18:10.517Z next:jsconfig-paths-plugin skipping request as it is inside node_modules ./icons/mail.js
2026-04-06T23:18:10.519Z next:jsconfig-paths-plugin skipping request as it is inside node_modules ./icons/palette.js
2026-04-06T23:18:10.521Z next:jsconfig-paths-plugin skipping request as it is inside node_modules ./icons/save.js
2026-04-06T23:18:10.680Z next:jsconfig-paths-plugin skipping request as it is inside node_modules ./icons/arrow-left.js
2026-04-06T23:18:10.680Z next:jsconfig-paths-plugin skipping request as it is inside node_modules ./icons/folder-git.js
2026-04-06T23:18:10.680Z next:jsconfig-paths-plugin skipping request as it is inside node_modules ../client/components/navigation
2026-04-06T23:18:10.680Z next:jsconfig-paths-plugin skipping request as it is inside node_modules ../../module.compiled
2026-04-06T23:18:10.681Z next:jsconfig-paths-plugin skipping request as it is inside node_modules ../client/components/navigation
2026-04-06T23:18:10.681Z next:jsconfig-paths-plugin skipping request as it is inside node_modules ../client/components/navigation
2026-04-06T23:18:10.785Z next:jsconfig-paths-plugin skipping request as it is inside node_modules ../client/components/navigation
2026-04-06T23:18:10.786Z next:jsconfig-paths-plugin skipping request as it is inside node_modules ../../module.compiled
2026-04-06T23:18:10.790Z next:jsconfig-paths-plugin skipping request as it is inside node_modules ../client/components/navigation
2026-04-06T23:18:10.797Z next:jsconfig-paths-plugin skipping request as it is a relative path ./AnalysisPipeline
2026-04-06T23:18:10.799Z next:jsconfig-paths-plugin skipping request as it is a relative path ./AnalysisPipeline
2026-04-06T23:18:10.800Z next:jsconfig-paths-plugin skipping request as it is an absolute path C:\Users\Ahmed Amin Bejoui\Desktop\ai-code-review-platform\apps\dashboard\lib\dashboard-analyses
2026-04-06T23:18:10.800Z next:jsconfig-paths-plugin skipping request as it is an absolute path C:\Users\Ahmed Amin Bejoui\Desktop\ai-code-review-platform\apps\dashboard\components\ui\two-level-sidebar
2026-04-06T23:18:10.800Z next:jsconfig-paths-plugin skipping request as it is a relative path ./AnalysisPipeline
2026-04-06T23:18:10.802Z next:jsconfig-paths-plugin skipping request as it is an absolute path C:\Users\Ahmed Amin Bejoui\Desktop\ai-code-review-platform\apps\dashboard\lib\dashboard-analyses
2026-04-06T23:18:10.802Z next:jsconfig-paths-plugin skipping request as it is an absolute path C:\Users\Ahmed Amin Bejoui\Desktop\ai-code-review-platform\apps\dashboard\components\ui\two-level-sidebar
2026-04-06T23:18:10.805Z next:jsconfig-paths-plugin skipping request as it is an absolute path C:\Users\Ahmed Amin Bejoui\Desktop\ai-code-review-platform\apps\dashboard\lib\dashboard-analyses
2026-04-06T23:18:10.806Z next:jsconfig-paths-plugin skipping request as it is an absolute path C:\Users\Ahmed Amin Bejoui\Desktop\ai-code-review-platform\apps\dashboard\components\ui\two-level-sidebar
2026-04-06T23:18:10.808Z next:jsconfig-paths-plugin skipping request as it is an absolute path C:\Users\Ahmed Amin Bejoui\Desktop\ai-code-review-platform\apps\dashboard\lib\dashboard-analyses
2026-04-06T23:18:10.808Z next:jsconfig-paths-plugin skipping request as it is an absolute path C:\Users\Ahmed Amin Bejoui\Desktop\ai-code-review-platform\apps\dashboard\components\ui\two-level-sidebar
2026-04-06T23:18:10.813Z next:jsconfig-paths-plugin skipping request as it is inside node_modules ./icons/smartphone.js
2026-04-06T23:18:10.829Z next:jsconfig-paths-plugin skipping request as it is inside node_modules ./icons/user.js
2026-04-06T23:18:10.831Z next:jsconfig-paths-plugin skipping request as it is inside node_modules ./icons/copy.js
2026-04-06T23:18:10.841Z next:jsconfig-paths-plugin skipping request as it is inside node_modules ./icons/square-pen.js
2026-04-06T23:18:10.860Z next:jsconfig-paths-plugin skipping request as it is inside node_modules ./icons/globe.js
2026-04-06T23:18:10.873Z next:jsconfig-paths-plugin skipping request as it is inside node_modules ./icons/lock.js
2026-04-06T23:18:10.875Z next:jsconfig-paths-plugin skipping request as it is inside node_modules ./icons/languages.js
2026-04-06T23:18:10.876Z next:jsconfig-paths-plugin skipping request as it is inside node_modules ./icons/monitor.js
2026-04-06T23:18:10.876Z next:jsconfig-paths-plugin skipping request as it is inside node_modules ./icons/panels-top-left.js
2026-04-06T23:18:10.877Z next:jsconfig-paths-plugin skipping request as it is inside node_modules ./icons/moon.js
2026-04-06T23:18:10.878Z next:jsconfig-paths-plugin skipping request as it is inside node_modules ./icons/sun.js
2026-04-06T23:18:10.879Z next:jsconfig-paths-plugin skipping request as it is inside node_modules ./icons/type.js
2026-04-06T23:18:10.879Z next:jsconfig-paths-plugin skipping request as it is inside node_modules ./icons/external-link.js
2026-04-06T23:18:10.880Z next:jsconfig-paths-plugin skipping request as it is inside node_modules ./icons/eye-off.js
2026-04-06T23:18:10.898Z next:jsconfig-paths-plugin skipping request as it is inside node_modules ./icons/info.js
2026-04-06T23:18:10.901Z next:jsconfig-paths-plugin skipping request as it is inside node_modules ./icons/slack.js
2026-04-06T23:18:10.903Z next:jsconfig-paths-plugin skipping request as it is inside node_modules ./icons/message-square.js
2026-04-06T23:18:10.905Z next:jsconfig-paths-plugin skipping request as it is inside node_modules ./icons/test-tube.js
2026-04-06T23:18:11.195Z next:jsconfig-paths-plugin skipping request as it is a relative path ./utils
2026-04-06T23:18:11.215Z next:jsconfig-paths-plugin skipping request as it is a relative path ./AnalysisPipeline
2026-04-06T23:18:11.216Z next:jsconfig-paths-plugin skipping request as it is a relative path ./utils
2026-04-06T23:18:11.216Z next:jsconfig-paths-plugin skipping request as it is a relative path ./utils
2026-04-06T23:18:11.216Z next:jsconfig-paths-plugin skipping request as it is a relative path ./utils
2026-04-06T23:18:11.216Z next:jsconfig-paths-plugin skipping request as it is a relative path ./utils
2026-04-06T23:18:11.216Z next:jsconfig-paths-plugin skipping request as it is an absolute path C:\Users\Ahmed Amin Bejoui\Desktop\ai-code-review-platform\apps\dashboard\components\ui\button
2026-04-06T23:18:11.216Z next:jsconfig-paths-plugin skipping request as it is an absolute path C:\Users\Ahmed Amin Bejoui\Desktop\ai-code-review-platform\apps\dashboard\components\ui\badge
2026-04-06T23:18:11.216Z next:jsconfig-paths-plugin skipping request as it is an absolute path C:\Users\Ahmed Amin Bejoui\Desktop\ai-code-review-platform\apps\dashboard\components\ui\dialog
2026-04-06T23:18:11.216Z next:jsconfig-paths-plugin skipping request as it is an absolute path C:\Users\Ahmed Amin Bejoui\Desktop\ai-code-review-platform\apps\dashboard\components\ui\input
2026-04-06T23:18:11.216Z next:jsconfig-paths-plugin skipping request as it is an absolute path C:\Users\Ahmed Amin Bejoui\Desktop\ai-code-review-platform\apps\dashboard\components\ui\label
2026-04-06T23:18:11.216Z next:jsconfig-paths-plugin skipping request as it is an absolute path C:\Users\Ahmed Amin Bejoui\Desktop\ai-code-review-platform\apps\dashboard\components\ui\select
2026-04-06T23:18:11.219Z next:jsconfig-paths-plugin skipping request as it is a relative path ./utils
2026-04-06T23:18:11.219Z next:jsconfig-paths-plugin skipping request as it is a relative path ./AnalysisPipeline
2026-04-06T23:18:11.219Z next:jsconfig-paths-plugin skipping request as it is a relative path ./utils
2026-04-06T23:18:11.219Z next:jsconfig-paths-plugin skipping request as it is a relative path ./utils
2026-04-06T23:18:11.219Z next:jsconfig-paths-plugin skipping request as it is a relative path ./utils
2026-04-06T23:18:11.219Z next:jsconfig-paths-plugin skipping request as it is a relative path ./utils
2026-04-06T23:18:11.223Z next:jsconfig-paths-plugin skipping request as it is an absolute path C:\Users\Ahmed Amin Bejoui\Desktop\ai-code-review-platform\apps\dashboard\components\ui\button
2026-04-06T23:18:11.223Z next:jsconfig-paths-plugin skipping request as it is an absolute path C:\Users\Ahmed Amin Bejoui\Desktop\ai-code-review-platform\apps\dashboard\components\ui\badge
2026-04-06T23:18:11.223Z next:jsconfig-paths-plugin skipping request as it is an absolute path C:\Users\Ahmed Amin Bejoui\Desktop\ai-code-review-platform\apps\dashboard\components\ui\dialog
2026-04-06T23:18:11.223Z next:jsconfig-paths-plugin skipping request as it is an absolute path C:\Users\Ahmed Amin Bejoui\Desktop\ai-code-review-platform\apps\dashboard\components\ui\input
2026-04-06T23:18:11.223Z next:jsconfig-paths-plugin skipping request as it is an absolute path C:\Users\Ahmed Amin Bejoui\Desktop\ai-code-review-platform\apps\dashboard\components\ui\label
2026-04-06T23:18:11.223Z next:jsconfig-paths-plugin skipping request as it is an absolute path C:\Users\Ahmed Amin Bejoui\Desktop\ai-code-review-platform\apps\dashboard\components\ui\select
2026-04-06T23:18:11.238Z next:jsconfig-paths-plugin skipping request as it is inside node_modules ./cartesian/Bar
2026-04-06T23:18:11.239Z next:jsconfig-paths-plugin skipping request as it is inside node_modules ./chart/BarChart
2026-04-06T23:18:11.284Z next:jsconfig-paths-plugin skipping request as it is inside node_modules ./cartesian/CartesianGrid
2026-04-06T23:18:11.284Z next:jsconfig-paths-plugin skipping request as it is inside node_modules ./component/Legend
2026-04-06T23:18:11.284Z next:jsconfig-paths-plugin skipping request as it is inside node_modules ./component/ResponsiveContainer
2026-04-06T23:18:11.285Z next:jsconfig-paths-plugin skipping request as it is inside node_modules ./component/Tooltip
2026-04-06T23:18:11.285Z next:jsconfig-paths-plugin skipping request as it is inside node_modules ./cartesian/XAxis
2026-04-06T23:18:11.285Z next:jsconfig-paths-plugin skipping request as it is inside node_modules ./cartesian/YAxis
2026-04-06T23:18:11.285Z next:jsconfig-paths-plugin skipping request as it is inside node_modules ./cartesian/Area
2026-04-06T23:18:11.285Z next:jsconfig-paths-plugin skipping request as it is inside node_modules ./chart/AreaChart
2026-04-06T23:18:11.285Z next:jsconfig-paths-plugin skipping request as it is inside node_modules ./component/Cell
2026-04-06T23:18:11.285Z next:jsconfig-paths-plugin skipping request as it is inside node_modules ./cartesian/Line
2026-04-06T23:18:11.285Z next:jsconfig-paths-plugin skipping request as it is inside node_modules ./chart/LineChart
2026-04-06T23:18:11.285Z next:jsconfig-paths-plugin skipping request as it is inside node_modules ./polar/Pie
2026-04-06T23:18:11.285Z next:jsconfig-paths-plugin skipping request as it is inside node_modules ./chart/PieChart
2026-04-06T23:18:11.285Z next:jsconfig-paths-plugin skipping request as it is a relative path ./utils
2026-04-06T23:18:11.285Z next:jsconfig-paths-plugin skipping request as it is a relative path ./AnalysisPipeline
2026-04-06T23:18:11.285Z next:jsconfig-paths-plugin skipping request as it is a relative path ./utils
2026-04-06T23:18:11.285Z next:jsconfig-paths-plugin skipping request as it is a relative path ./utils
2026-04-06T23:18:11.285Z next:jsconfig-paths-plugin skipping request as it is a relative path ./utils
2026-04-06T23:18:11.285Z next:jsconfig-paths-plugin skipping request as it is a relative path ./utils
2026-04-06T23:18:11.316Z next:jsconfig-paths-plugin moduleName did not match any paths pattern styled-jsx/style
2026-04-06T23:18:11.316Z next:jsconfig-paths-plugin moduleName did not match any paths pattern @clerk/clerk-react
2026-04-06T23:18:11.316Z next:jsconfig-paths-plugin moduleName did not match any paths pattern @radix-ui/react-progress
2026-04-06T23:18:11.316Z next:jsconfig-paths-plugin moduleName did not match any paths pattern @radix-ui/react-select
2026-04-06T23:18:11.316Z next:jsconfig-paths-plugin moduleName did not match any paths pattern next/navigation
2026-04-06T23:18:11.316Z next:jsconfig-paths-plugin moduleName did not match any paths pattern lucide-react
2026-04-06T23:18:11.317Z next:jsconfig-paths-plugin skipping request as it is inside node_modules ../../server/app-render/dynamic-rendering
2026-04-06T23:18:11.348Z next:jsconfig-paths-plugin skipping request as it is inside node_modules ../../server/web/spec-extension/adapters/reflect
2026-04-06T23:18:11.349Z next:jsconfig-paths-plugin skipping request as it is an absolute path C:\Users\Ahmed Amin Bejoui\Desktop\ai-code-review-platform\apps\dashboard\components\ui\button
2026-04-06T23:18:11.349Z next:jsconfig-paths-plugin skipping request as it is an absolute path C:\Users\Ahmed Amin Bejoui\Desktop\ai-code-review-platform\apps\dashboard\components\ui\badge
2026-04-06T23:18:11.349Z next:jsconfig-paths-plugin skipping request as it is an absolute path C:\Users\Ahmed Amin Bejoui\Desktop\ai-code-review-platform\apps\dashboard\components\ui\dialog
2026-04-06T23:18:11.349Z next:jsconfig-paths-plugin skipping request as it is an absolute path C:\Users\Ahmed Amin Bejoui\Desktop\ai-code-review-platform\apps\dashboard\components\ui\input
2026-04-06T23:18:11.349Z next:jsconfig-paths-plugin skipping request as it is an absolute path C:\Users\Ahmed Amin Bejoui\Desktop\ai-code-review-platform\apps\dashboard\components\ui\label
2026-04-06T23:18:11.349Z next:jsconfig-paths-plugin skipping request as it is an absolute path C:\Users\Ahmed Amin Bejoui\Desktop\ai-code-review-platform\apps\dashboard\components\ui\select
2026-04-06T23:18:11.349Z next:jsconfig-paths-plugin skipping request as it is an absolute path C:\Users\Ahmed Amin Bejoui\Desktop\ai-code-review-platform\apps\dashboard\node_modules\next/navigation
2026-04-06T23:18:11.349Z next:jsconfig-paths-plugin skipping request as it is an absolute path C:\Users\Ahmed Amin Bejoui\Desktop\ai-code-review-platform\apps\dashboard\node_modules\lucide-react\dist\esm\lucide-react.js
2026-04-06T23:18:11.401Z next:jsconfig-paths-plugin skipping request as it is inside node_modules next/dist/api/navigation
2026-04-06T23:18:11.402Z next:jsconfig-paths-plugin skipping request as it is inside node_modules C:\Users\Ahmed Amin Bejoui\Desktop\ai-code-review-platform\apps\dashboard\node_modules\next/dist/api/navigation
2026-04-06T23:18:11.433Z next:jsconfig-paths-plugin skipping request as it is a relative path ./utils
2026-04-06T23:18:11.433Z next:jsconfig-paths-plugin skipping request as it is a relative path ./AnalysisPipeline
2026-04-06T23:18:11.433Z next:jsconfig-paths-plugin skipping request as it is a relative path ./utils
2026-04-06T23:18:11.434Z next:jsconfig-paths-plugin skipping request as it is a relative path ./utils
2026-04-06T23:18:11.434Z next:jsconfig-paths-plugin skipping request as it is a relative path ./utils
2026-04-06T23:18:11.434Z next:jsconfig-paths-plugin skipping request as it is a relative path ./utils
2026-04-06T23:18:11.495Z next:jsconfig-paths-plugin skipping request as it is an absolute path C:\Users\Ahmed Amin Bejoui\Desktop\ai-code-review-platform\apps\dashboard\components\ui\button
2026-04-06T23:18:11.495Z next:jsconfig-paths-plugin skipping request as it is an absolute path C:\Users\Ahmed Amin Bejoui\Desktop\ai-code-review-platform\apps\dashboard\components\ui\badge
2026-04-06T23:18:11.495Z next:jsconfig-paths-plugin skipping request as it is an absolute path C:\Users\Ahmed Amin Bejoui\Desktop\ai-code-review-platform\apps\dashboard\components\ui\dialog
2026-04-06T23:18:11.495Z next:jsconfig-paths-plugin skipping request as it is an absolute path C:\Users\Ahmed Amin Bejoui\Desktop\ai-code-review-platform\apps\dashboard\components\ui\input
2026-04-06T23:18:11.496Z next:jsconfig-paths-plugin skipping request as it is an absolute path C:\Users\Ahmed Amin Bejoui\Desktop\ai-code-review-platform\apps\dashboard\components\ui\label
2026-04-06T23:18:11.496Z next:jsconfig-paths-plugin skipping request as it is an absolute path C:\Users\Ahmed Amin Bejoui\Desktop\ai-code-review-platform\apps\dashboard\components\ui\select
2026-04-06T23:18:11.668Z next:jsconfig-paths-plugin moduleName did not match any paths pattern @clerk/clerk-react
2026-04-06T23:18:11.668Z next:jsconfig-paths-plugin skipping request as it is inside node_modules ../../server/app-render/dynamic-rendering
2026-04-06T23:18:11.668Z next:jsconfig-paths-plugin skipping request as it is inside node_modules ../../server/web/spec-extension/adapters/reflect
2026-04-06T23:18:11.848Z next:jsconfig-paths-plugin skipping request as it is inside node_modules ./icons/folder-git.js
2026-04-06T23:18:11.850Z next:jsconfig-paths-plugin skipping request as it is inside node_modules ./icons/arrow-left.js
2026-04-06T23:18:12.075Z next:jsconfig-paths-plugin skipping request as it is a relative path ./utils
2026-04-06T23:18:12.075Z next:jsconfig-paths-plugin skipping request as it is a relative path ./utils
2026-04-06T23:18:12.075Z next:jsconfig-paths-plugin skipping request as it is a relative path ./utils
2026-04-06T23:18:12.075Z next:jsconfig-paths-plugin skipping request as it is a relative path ./utils
2026-04-06T23:18:12.075Z next:jsconfig-paths-plugin skipping request as it is a relative path ./utils
2026-04-06T23:18:12.075Z next:jsconfig-paths-plugin skipping request as it is a relative path ./utils
2026-04-06T23:18:12.075Z next:jsconfig-paths-plugin skipping request as it is a relative path ./utils
2026-04-06T23:18:12.075Z next:jsconfig-paths-plugin skipping request as it is a relative path ./utils
2026-04-06T23:18:12.125Z next:jsconfig-paths-plugin skipping request as it is a relative path ./utils
2026-04-06T23:18:12.126Z next:jsconfig-paths-plugin skipping request as it is a relative path ./utils
2026-04-06T23:18:12.126Z next:jsconfig-paths-plugin skipping request as it is a relative path ./utils
2026-04-06T23:18:12.126Z next:jsconfig-paths-plugin skipping request as it is a relative path ./utils
2026-04-06T23:18:12.126Z next:jsconfig-paths-plugin moduleName did not match any paths pattern @radix-ui/react-tabs
2026-04-06T23:18:12.126Z next:jsconfig-paths-plugin moduleName did not match any paths pattern @radix-ui/react-avatar
2026-04-06T23:18:12.126Z next:jsconfig-paths-plugin moduleName did not match any paths pattern @radix-ui/react-dropdown-menu
2026-04-06T23:18:12.126Z next:jsconfig-paths-plugin moduleName did not match any paths pattern react/jsx-runtime
2026-04-06T23:18:12.126Z next:jsconfig-paths-plugin moduleName did not match any paths pattern react
2026-04-06T23:18:12.147Z next:jsconfig-paths-plugin skipping request as it is inside node_modules ./icons/file-code.js
2026-04-06T23:18:12.147Z next:jsconfig-paths-plugin skipping request as it is inside node_modules ./icons/git-pull-request.js
2026-04-06T23:18:12.147Z next:jsconfig-paths-plugin skipping request as it is inside node_modules ./icons/rotate-ccw.js
2026-04-06T23:18:12.148Z next:jsconfig-paths-plugin skipping request as it is inside node_modules ./icons/volume-2.js
2026-04-06T23:18:12.148Z next:jsconfig-paths-plugin skipping request as it is inside node_modules ./icons/volume-x.js
2026-04-06T23:18:12.148Z next:jsconfig-paths-plugin moduleName did not match any paths pattern recharts
2026-04-06T23:18:12.148Z next:jsconfig-paths-plugin skipping request as it is inside node_modules ./navigation.react-server
2026-04-06T23:18:12.148Z next:jsconfig-paths-plugin skipping request as it is inside node_modules ../../shared/lib/server-inserted-html.shared-runtime
2026-04-06T23:18:12.149Z next:jsconfig-paths-plugin skipping request as it is inside node_modules ./bailout-to-client-rendering
2026-04-06T23:18:12.149Z next:jsconfig-paths-plugin skipping request as it is inside node_modules ../../server/app-render/get-segment-param
2026-04-06T23:18:12.149Z next:jsconfig-paths-plugin skipping request as it is inside node_modules ./redirect
2026-04-06T23:18:12.149Z next:jsconfig-paths-plugin skipping request as it is an absolute path C:\Users\Ahmed Amin Bejoui\Desktop\ai-code-review-platform\apps\dashboard\lib\capacitor
2026-04-06T23:18:12.149Z next:jsconfig-paths-plugin skipping request as it is an absolute path C:\Users\Ahmed Amin Bejoui\Desktop\ai-code-review-platform\apps\dashboard\node_modules\recharts\es6\index.js
2026-04-06T23:18:12.181Z next:jsconfig-paths-plugin skipping request as it is a relative path ./utils
2026-04-06T23:18:12.181Z next:jsconfig-paths-plugin skipping request as it is a relative path ./utils
2026-04-06T23:18:12.181Z next:jsconfig-paths-plugin skipping request as it is a relative path ./utils
2026-04-06T23:18:12.181Z next:jsconfig-paths-plugin skipping request as it is a relative path ./utils
2026-04-06T23:18:12.208Z next:jsconfig-paths-plugin skipping request as it is inside node_modules ./cartesian/CartesianGrid
2026-04-06T23:18:12.208Z next:jsconfig-paths-plugin skipping request as it is inside node_modules ./cartesian/CartesianGrid
2026-04-06T23:18:12.209Z next:jsconfig-paths-plugin skipping request as it is inside node_modules ./cartesian/CartesianGrid
2026-04-06T23:18:12.209Z next:jsconfig-paths-plugin skipping request as it is inside node_modules ./cartesian/CartesianGrid
2026-04-06T23:18:12.209Z next:jsconfig-paths-plugin skipping request as it is inside node_modules ./cartesian/CartesianGrid
2026-04-06T23:18:12.210Z next:jsconfig-paths-plugin skipping request as it is inside node_modules ./cartesian/Bar
2026-04-06T23:18:12.210Z next:jsconfig-paths-plugin skipping request as it is inside node_modules ./cartesian/Bar
2026-04-06T23:18:12.211Z next:jsconfig-paths-plugin skipping request as it is inside node_modules ./cartesian/Bar
2026-04-06T23:18:12.211Z next:jsconfig-paths-plugin skipping request as it is inside node_modules ./cartesian/XAxis
2026-04-06T23:18:12.211Z next:jsconfig-paths-plugin skipping request as it is inside node_modules ./cartesian/XAxis
2026-04-06T23:18:12.211Z next:jsconfig-paths-plugin skipping request as it is inside node_modules ./cartesian/XAxis
2026-04-06T23:18:12.211Z next:jsconfig-paths-plugin skipping request as it is inside node_modules ./cartesian/XAxis
2026-04-06T23:18:12.212Z next:jsconfig-paths-plugin skipping request as it is inside node_modules ./cartesian/XAxis
2026-04-06T23:18:12.212Z next:jsconfig-paths-plugin skipping request as it is inside node_modules ./cartesian/YAxis
2026-04-06T23:18:12.212Z next:jsconfig-paths-plugin skipping request as it is inside node_modules ./cartesian/YAxis
2026-04-06T23:18:12.212Z next:jsconfig-paths-plugin skipping request as it is inside node_modules ./cartesian/YAxis
2026-04-06T23:18:12.212Z next:jsconfig-paths-plugin skipping request as it is inside node_modules ./cartesian/YAxis
2026-04-06T23:18:12.213Z next:jsconfig-paths-plugin skipping request as it is inside node_modules ./cartesian/YAxis
2026-04-06T23:18:12.213Z next:jsconfig-paths-plugin skipping request as it is inside node_modules ./cartesian/Area
2026-04-06T23:18:12.214Z next:jsconfig-paths-plugin skipping request as it is inside node_modules ./cartesian/Area
2026-04-06T23:18:12.214Z next:jsconfig-paths-plugin skipping request as it is inside node_modules ./cartesian/Area
2026-04-06T23:18:12.215Z next:jsconfig-paths-plugin skipping request as it is inside node_modules ./cartesian/Line
2026-04-06T23:18:12.215Z next:jsconfig-paths-plugin skipping request as it is inside node_modules ./cartesian/Line
2026-04-06T23:18:12.215Z next:jsconfig-paths-plugin skipping request as it is inside node_modules ./cartesian/Line
2026-04-06T23:18:12.215Z next:jsconfig-paths-plugin skipping request as it is inside node_modules ./chart/BarChart
2026-04-06T23:18:12.216Z next:jsconfig-paths-plugin skipping request as it is inside node_modules ./chart/BarChart
2026-04-06T23:18:12.216Z next:jsconfig-paths-plugin skipping request as it is inside node_modules ./chart/BarChart
2026-04-06T23:18:12.241Z next:jsconfig-paths-plugin skipping request as it is inside node_modules ./chart/AreaChart
2026-04-06T23:18:12.242Z next:jsconfig-paths-plugin skipping request as it is inside node_modules ./chart/AreaChart
2026-04-06T23:18:12.242Z next:jsconfig-paths-plugin skipping request as it is inside node_modules ./chart/AreaChart
2026-04-06T23:18:12.242Z next:jsconfig-paths-plugin skipping request as it is inside node_modules ./chart/LineChart
2026-04-06T23:18:12.242Z next:jsconfig-paths-plugin skipping request as it is inside node_modules ./chart/LineChart
2026-04-06T23:18:12.243Z next:jsconfig-paths-plugin skipping request as it is inside node_modules ./chart/LineChart
2026-04-06T23:18:12.243Z next:jsconfig-paths-plugin skipping request as it is inside node_modules ./chart/PieChart
2026-04-06T23:18:12.244Z next:jsconfig-paths-plugin skipping request as it is inside node_modules ./chart/PieChart
2026-04-06T23:18:12.244Z next:jsconfig-paths-plugin skipping request as it is inside node_modules ./chart/PieChart
2026-04-06T23:18:12.245Z next:jsconfig-paths-plugin skipping request as it is inside node_modules ./component/Legend
2026-04-06T23:18:12.245Z next:jsconfig-paths-plugin skipping request as it is inside node_modules ./component/Legend
2026-04-06T23:18:12.245Z next:jsconfig-paths-plugin skipping request as it is inside node_modules ./component/Legend
2026-04-06T23:18:12.245Z next:jsconfig-paths-plugin skipping request as it is inside node_modules ./component/Legend
2026-04-06T23:18:12.265Z next:jsconfig-paths-plugin skipping request as it is inside node_modules ./component/Legend
2026-04-06T23:18:12.266Z next:jsconfig-paths-plugin skipping request as it is inside node_modules ./component/ResponsiveContainer
2026-04-06T23:18:12.266Z next:jsconfig-paths-plugin skipping request as it is inside node_modules ./component/ResponsiveContainer
2026-04-06T23:18:12.266Z next:jsconfig-paths-plugin skipping request as it is inside node_modules ./component/ResponsiveContainer
2026-04-06T23:18:12.266Z next:jsconfig-paths-plugin skipping request as it is inside node_modules ./component/ResponsiveContainer
2026-04-06T23:18:12.268Z next:jsconfig-paths-plugin skipping request as it is inside node_modules ./component/ResponsiveContainer
2026-04-06T23:18:12.279Z next:jsconfig-paths-plugin skipping request as it is inside node_modules ./component/Tooltip
2026-04-06T23:18:12.279Z next:jsconfig-paths-plugin skipping request as it is inside node_modules ./component/Tooltip
2026-04-06T23:18:12.280Z next:jsconfig-paths-plugin skipping request as it is inside node_modules ./component/Tooltip
2026-04-06T23:18:12.280Z next:jsconfig-paths-plugin skipping request as it is inside node_modules ./component/Tooltip
2026-04-06T23:18:12.280Z next:jsconfig-paths-plugin skipping request as it is inside node_modules ./component/Tooltip
2026-04-06T23:18:12.280Z next:jsconfig-paths-plugin skipping request as it is inside node_modules ./component/Cell
2026-04-06T23:18:12.281Z next:jsconfig-paths-plugin skipping request as it is inside node_modules ./component/Cell
2026-04-06T23:18:12.281Z next:jsconfig-paths-plugin skipping request as it is inside node_modules ./component/Cell
2026-04-06T23:18:12.291Z next:jsconfig-paths-plugin skipping request as it is inside node_modules ./polar/Pie
2026-04-06T23:18:12.291Z next:jsconfig-paths-plugin skipping request as it is inside node_modules ./polar/Pie
2026-04-06T23:18:12.292Z next:jsconfig-paths-plugin skipping request as it is inside node_modules ./polar/Pie
2026-04-06T23:18:12.407Z next:jsconfig-paths-plugin skipping request as it is inside node_modules ./icons/briefcase.js
2026-04-06T23:18:12.407Z next:jsconfig-paths-plugin skipping request as it is inside node_modules ./icons/camera.js
2026-04-06T23:18:12.408Z next:jsconfig-paths-plugin skipping request as it is inside node_modules ./icons/github.js
2026-04-06T23:18:12.408Z next:jsconfig-paths-plugin skipping request as it is inside node_modules ./icons/link.js
2026-04-06T23:18:12.408Z next:jsconfig-paths-plugin skipping request as it is inside node_modules ./icons/linkedin.js
2026-04-06T23:18:12.408Z next:jsconfig-paths-plugin skipping request as it is inside node_modules ./icons/map-pin.js
2026-04-06T23:18:12.408Z next:jsconfig-paths-plugin skipping request as it is inside node_modules ./icons/twitter.js
2026-04-06T23:18:12.409Z next:jsconfig-paths-plugin skipping request as it is inside node_modules ./icons/chevron-left.js
2026-04-06T23:18:12.409Z next:jsconfig-paths-plugin skipping request as it is inside node_modules ./icons/folder-git-2.js
2026-04-06T23:18:12.409Z next:jsconfig-paths-plugin skipping request as it is inside node_modules ./icons/lock-open.js
2026-04-06T23:18:12.409Z next:jsconfig-paths-plugin skipping request as it is inside node_modules ./icons/arrow-down-right.js
2026-04-06T23:18:12.409Z next:jsconfig-paths-plugin skipping request as it is inside node_modules ./icons/arrow-up-right.js
2026-04-06T23:18:12.411Z next:jsconfig-paths-plugin skipping request as it is an absolute path C:\Users\Ahmed Amin Bejoui\Desktop\ai-code-review-platform\apps\dashboard\lib\capacitor
2026-04-06T23:18:12.411Z next:jsconfig-paths-plugin moduleName did not match any paths pattern react/jsx-runtime
2026-04-06T23:18:12.411Z next:jsconfig-paths-plugin moduleName did not match any paths pattern react
2026-04-06T23:18:12.411Z next:jsconfig-paths-plugin moduleName did not match any paths pattern next/dist/server/future/route-modules/app-page/vendored/ssr/react-jsx-runtime
2026-04-06T23:18:12.411Z next:jsconfig-paths-plugin moduleName did not match any paths pattern next/dist/server/future/route-modules/app-page/vendored/ssr/react
2026-04-06T23:18:12.411Z next:jsconfig-paths-plugin skipping request as it is an absolute path C:\Users\Ahmed Amin Bejoui\Desktop\ai-code-review-platform\apps\dashboard\lib\capacitor
2026-04-06T23:18:12.411Z next:jsconfig-paths-plugin skipping request as it is an absolute path C:\Users\Ahmed Amin Bejoui\Desktop\ai-code-review-platform\apps\dashboard\node_modules\next/dist/server/future/route-modules/app-page/vendored/ssr/react-jsx-runtime
2026-04-06T23:18:12.411Z next:jsconfig-paths-plugin skipping request as it is an absolute path C:\Users\Ahmed Amin Bejoui\Desktop\ai-code-review-platform\apps\dashboard\node_modules\next/dist/server/future/route-modules/app-page/vendored/ssr/react
2026-04-06T23:18:12.414Z next:jsconfig-paths-plugin skipping request as it is an absolute path C:\Users\Ahmed Amin Bejoui\Desktop\ai-code-review-platform\apps\dashboard\lib\capacitor
2026-04-06T23:18:12.414Z next:jsconfig-paths-plugin skipping request as it is an absolute path C:\Users\Ahmed Amin Bejoui\Desktop\ai-code-review-platform\apps\dashboard\lib\capacitor
2026-04-06T23:18:12.415Z next:jsconfig-paths-plugin skipping request as it is an absolute path C:\Users\Ahmed Amin Bejoui\Desktop\ai-code-review-platform\apps\dashboard\lib\capacitor
2026-04-06T23:18:12.415Z next:jsconfig-paths-plugin skipping request as it is an absolute path C:\Users\Ahmed Amin Bejoui\Desktop\ai-code-review-platform\apps\dashboard\lib\capacitor
2026-04-06T23:18:12.416Z next:jsconfig-paths-plugin skipping request as it is an absolute path C:\Users\Ahmed Amin Bejoui\Desktop\ai-code-review-platform\apps\dashboard\lib\capacitor
2026-04-06T23:18:12.417Z next:jsconfig-paths-plugin skipping request as it is an absolute path C:\Users\Ahmed Amin Bejoui\Desktop\ai-code-review-platform\apps\dashboard\lib\capacitor
2026-04-06T23:18:13.394Z next:jsconfig-paths-plugin skipping request as it is inside node_modules ./icons/file-code.js
2026-04-06T23:18:13.424Z next:jsconfig-paths-plugin skipping request as it is inside node_modules ./icons/git-pull-request.js
2026-04-06T23:18:13.425Z next:jsconfig-paths-plugin skipping request as it is inside node_modules ./icons/rotate-ccw.js
2026-04-06T23:18:13.488Z next:jsconfig-paths-plugin skipping request as it is inside node_modules ./icons/volume-2.js
2026-04-06T23:18:13.490Z next:jsconfig-paths-plugin skipping request as it is inside node_modules ./icons/volume-x.js
2026-04-06T23:18:13.713Z next:jsconfig-paths-plugin skipping request as it is an absolute path C:\Users\Ahmed Amin Bejoui\Desktop\ai-code-review-platform\apps\dashboard\components\ui\dialog
2026-04-06T23:18:13.713Z next:jsconfig-paths-plugin skipping request as it is an absolute path C:\Users\Ahmed Amin Bejoui\Desktop\ai-code-review-platform\apps\dashboard\components\ui\button
2026-04-06T23:18:13.713Z next:jsconfig-paths-plugin skipping request as it is an absolute path C:\Users\Ahmed Amin Bejoui\Desktop\ai-code-review-platform\apps\dashboard\components\ui\input
2026-04-06T23:18:13.713Z next:jsconfig-paths-plugin skipping request as it is an absolute path C:\Users\Ahmed Amin Bejoui\Desktop\ai-code-review-platform\apps\dashboard\components\ui\label
2026-04-06T23:18:13.714Z next:jsconfig-paths-plugin skipping request as it is an absolute path C:\Users\Ahmed Amin Bejoui\Desktop\ai-code-review-platform\apps\dashboard\components\ui\textarea
2026-04-06T23:18:13.714Z next:jsconfig-paths-plugin skipping request as it is an absolute path C:\Users\Ahmed Amin Bejoui\Desktop\ai-code-review-platform\apps\dashboard\components\ui\select
2026-04-06T23:18:13.714Z next:jsconfig-paths-plugin skipping request as it is an absolute path C:\Users\Ahmed Amin Bejoui\Desktop\ai-code-review-platform\apps\dashboard\components\ui\switch
2026-04-06T23:18:13.714Z next:jsconfig-paths-plugin skipping request as it is an absolute path C:\Users\Ahmed Amin Bejoui\Desktop\ai-code-review-platform\apps\dashboard\components\ui\badge
2026-04-06T23:18:13.714Z next:jsconfig-paths-plugin skipping request as it is an absolute path C:\Users\Ahmed Amin Bejoui\Desktop\ai-code-review-platform\apps\dashboard\components\ui\tabs
2026-04-06T23:18:13.793Z next:jsconfig-paths-plugin skipping request as it is an absolute path C:\Users\Ahmed Amin Bejoui\Desktop\ai-code-review-platform\apps\dashboard\components\ui\dialog
2026-04-06T23:18:13.825Z next:jsconfig-paths-plugin skipping request as it is an absolute path C:\Users\Ahmed Amin Bejoui\Desktop\ai-code-review-platform\apps\dashboard\components\ui\button
2026-04-06T23:18:13.825Z next:jsconfig-paths-plugin skipping request as it is an absolute path C:\Users\Ahmed Amin Bejoui\Desktop\ai-code-review-platform\apps\dashboard\components\ui\input
2026-04-06T23:18:13.825Z next:jsconfig-paths-plugin skipping request as it is an absolute path C:\Users\Ahmed Amin Bejoui\Desktop\ai-code-review-platform\apps\dashboard\components\ui\label
2026-04-06T23:18:13.825Z next:jsconfig-paths-plugin skipping request as it is an absolute path C:\Users\Ahmed Amin Bejoui\Desktop\ai-code-review-platform\apps\dashboard\components\ui\textarea
2026-04-06T23:18:13.825Z next:jsconfig-paths-plugin skipping request as it is an absolute path C:\Users\Ahmed Amin Bejoui\Desktop\ai-code-review-platform\apps\dashboard\components\ui\select
2026-04-06T23:18:13.825Z next:jsconfig-paths-plugin skipping request as it is an absolute path C:\Users\Ahmed Amin Bejoui\Desktop\ai-code-review-platform\apps\dashboard\components\ui\switch
2026-04-06T23:18:13.825Z next:jsconfig-paths-plugin skipping request as it is an absolute path C:\Users\Ahmed Amin Bejoui\Desktop\ai-code-review-platform\apps\dashboard\components\ui\badge
2026-04-06T23:18:13.825Z next:jsconfig-paths-plugin skipping request as it is an absolute path C:\Users\Ahmed Amin Bejoui\Desktop\ai-code-review-platform\apps\dashboard\components\ui\tabs
2026-04-06T23:18:14.147Z next:jsconfig-paths-plugin skipping request as it is inside node_modules ./icons/chart-line.js
2026-04-06T23:18:14.148Z next:jsconfig-paths-plugin skipping request as it is inside node_modules ./icons/chart-pie.js
2026-04-06T23:18:14.148Z next:jsconfig-paths-plugin skipping request as it is a relative path ./MembersPreviewDialog
2026-04-06T23:18:14.148Z next:jsconfig-paths-plugin skipping request as it is a relative path ./PermissionValidationDialog
2026-04-06T23:18:14.148Z next:jsconfig-paths-plugin skipping request as it is inside node_modules framer-motion
2026-04-06T23:18:14.148Z next:jsconfig-paths-plugin skipping request as it is an absolute path C:\Users\Ahmed Amin Bejoui\Desktop\ai-code-review-platform\apps\dashboard\components\ui\dialog
2026-04-06T23:18:14.149Z next:jsconfig-paths-plugin skipping request as it is an absolute path C:\Users\Ahmed Amin Bejoui\Desktop\ai-code-review-platform\apps\dashboard\components\ui\button
2026-04-06T23:18:14.149Z next:jsconfig-paths-plugin skipping request as it is an absolute path C:\Users\Ahmed Amin Bejoui\Desktop\ai-code-review-platform\apps\dashboard\components\ui\input
2026-04-06T23:18:14.149Z next:jsconfig-paths-plugin skipping request as it is an absolute path C:\Users\Ahmed Amin Bejoui\Desktop\ai-code-review-platform\apps\dashboard\components\ui\label
2026-04-06T23:18:14.149Z next:jsconfig-paths-plugin skipping request as it is an absolute path C:\Users\Ahmed Amin Bejoui\Desktop\ai-code-review-platform\apps\dashboard\components\ui\textarea
2026-04-06T23:18:14.149Z next:jsconfig-paths-plugin skipping request as it is an absolute path C:\Users\Ahmed Amin Bejoui\Desktop\ai-code-review-platform\apps\dashboard\components\ui\select
2026-04-06T23:18:14.149Z next:jsconfig-paths-plugin skipping request as it is an absolute path C:\Users\Ahmed Amin Bejoui\Desktop\ai-code-review-platform\apps\dashboard\components\ui\switch
2026-04-06T23:18:14.149Z next:jsconfig-paths-plugin skipping request as it is an absolute path C:\Users\Ahmed Amin Bejoui\Desktop\ai-code-review-platform\apps\dashboard\components\ui\badge
2026-04-06T23:18:14.149Z next:jsconfig-paths-plugin skipping request as it is an absolute path C:\Users\Ahmed Amin Bejoui\Desktop\ai-code-review-platform\apps\dashboard\components\ui\tabs
2026-04-06T23:18:14.149Z next:jsconfig-paths-plugin skipping request as it is an absolute path C:\Users\Ahmed Amin Bejoui\Desktop\ai-code-review-platform\apps\dashboard\lib\audit-service
2026-04-06T23:18:14.191Z next:jsconfig-paths-plugin skipping request as it is an absolute path C:\Users\Ahmed Amin Bejoui\Desktop\ai-code-review-platform\apps\dashboard\components\ui\dialog
2026-04-06T23:18:14.192Z next:jsconfig-paths-plugin skipping request as it is an absolute path C:\Users\Ahmed Amin Bejoui\Desktop\ai-code-review-platform\apps\dashboard\components\ui\button
2026-04-06T23:18:14.192Z next:jsconfig-paths-plugin skipping request as it is an absolute path C:\Users\Ahmed Amin Bejoui\Desktop\ai-code-review-platform\apps\dashboard\components\ui\input
2026-04-06T23:18:14.192Z next:jsconfig-paths-plugin skipping request as it is an absolute path C:\Users\Ahmed Amin Bejoui\Desktop\ai-code-review-platform\apps\dashboard\components\ui\label
2026-04-06T23:18:14.192Z next:jsconfig-paths-plugin skipping request as it is an absolute path C:\Users\Ahmed Amin Bejoui\Desktop\ai-code-review-platform\apps\dashboard\components\ui\textarea
2026-04-06T23:18:14.192Z next:jsconfig-paths-plugin skipping request as it is an absolute path C:\Users\Ahmed Amin Bejoui\Desktop\ai-code-review-platform\apps\dashboard\components\ui\select
2026-04-06T23:18:14.192Z next:jsconfig-paths-plugin skipping request as it is an absolute path C:\Users\Ahmed Amin Bejoui\Desktop\ai-code-review-platform\apps\dashboard\components\ui\switch
2026-04-06T23:18:14.192Z next:jsconfig-paths-plugin skipping request as it is an absolute path C:\Users\Ahmed Amin Bejoui\Desktop\ai-code-review-platform\apps\dashboard\components\ui\badge
2026-04-06T23:18:14.192Z next:jsconfig-paths-plugin skipping request as it is an absolute path C:\Users\Ahmed Amin Bejoui\Desktop\ai-code-review-platform\apps\dashboard\components\ui\tabs
2026-04-06T23:18:14.254Z next:jsconfig-paths-plugin skipping request as it is inside node_modules ./navigation.react-server
2026-04-06T23:18:14.277Z next:jsconfig-paths-plugin skipping request as it is inside node_modules ./bailout-to-client-rendering
2026-04-06T23:18:14.278Z next:jsconfig-paths-plugin skipping request as it is inside node_modules ./redirect
2026-04-06T23:18:14.304Z next:jsconfig-paths-plugin skipping request as it is inside node_modules ./icons/briefcase.js
2026-04-06T23:18:14.305Z next:jsconfig-paths-plugin skipping request as it is inside node_modules ./icons/camera.js
2026-04-06T23:18:14.308Z next:jsconfig-paths-plugin skipping request as it is inside node_modules ./icons/github.js
2026-04-06T23:18:14.309Z next:jsconfig-paths-plugin skipping request as it is inside node_modules ./icons/linkedin.js
2026-04-06T23:18:14.326Z next:jsconfig-paths-plugin skipping request as it is inside node_modules ./icons/link.js
2026-04-06T23:18:14.327Z next:jsconfig-paths-plugin skipping request as it is inside node_modules ./icons/twitter.js
2026-04-06T23:18:14.337Z next:jsconfig-paths-plugin skipping request as it is inside node_modules ./icons/map-pin.js
2026-04-06T23:18:14.339Z next:jsconfig-paths-plugin skipping request as it is inside node_modules ./icons/folder-git-2.js
2026-04-06T23:18:14.358Z next:jsconfig-paths-plugin skipping request as it is inside node_modules ./icons/chevron-left.js
2026-04-06T23:18:14.359Z next:jsconfig-paths-plugin skipping request as it is inside node_modules ./icons/arrow-up-right.js
2026-04-06T23:18:14.370Z next:jsconfig-paths-plugin skipping request as it is inside node_modules ./icons/arrow-down-right.js
2026-04-06T23:18:14.371Z next:jsconfig-paths-plugin skipping request as it is inside node_modules ./icons/lock-open.js
2026-04-06T23:18:14.446Z next:jsconfig-paths-plugin skipping request as it is a relative path ./utils
2026-04-06T23:18:14.446Z next:jsconfig-paths-plugin skipping request as it is a relative path ./utils
2026-04-06T23:18:14.446Z next:jsconfig-paths-plugin skipping request as it is a relative path ./utils
2026-04-06T23:18:14.446Z next:jsconfig-paths-plugin skipping request as it is a relative path ./utils
2026-04-06T23:18:14.446Z next:jsconfig-paths-plugin skipping request as it is a relative path ./utils
2026-04-06T23:18:14.449Z next:jsconfig-paths-plugin skipping request as it is a relative path ./utils
2026-04-06T23:18:14.449Z next:jsconfig-paths-plugin skipping request as it is a relative path ./utils
2026-04-06T23:18:14.449Z next:jsconfig-paths-plugin skipping request as it is a relative path ./utils
2026-04-06T23:18:14.449Z next:jsconfig-paths-plugin skipping request as it is a relative path ./utils
2026-04-06T23:18:14.449Z next:jsconfig-paths-plugin skipping request as it is a relative path ./utils
2026-04-06T23:18:14.480Z next:jsconfig-paths-plugin moduleName did not match any paths pattern clsx
2026-04-06T23:18:14.492Z next:jsconfig-paths-plugin moduleName did not match any paths pattern tailwind-merge
2026-04-06T23:18:14.492Z next:jsconfig-paths-plugin moduleName did not match any paths pattern @capacitor/core
2026-04-06T23:18:14.492Z next:jsconfig-paths-plugin moduleName did not match any paths pattern @capacitor/status-bar
2026-04-06T23:18:14.492Z next:jsconfig-paths-plugin moduleName did not match any paths pattern @capacitor/splash-screen
2026-04-06T23:18:14.492Z next:jsconfig-paths-plugin moduleName did not match any paths pattern @capacitor/keyboard
2026-04-06T23:18:14.492Z next:jsconfig-paths-plugin moduleName did not match any paths pattern @capacitor/app
2026-04-06T23:18:14.492Z next:jsconfig-paths-plugin moduleName did not match any paths pattern @capacitor/haptics
2026-04-06T23:18:14.492Z next:jsconfig-paths-plugin moduleName did not match any paths pattern @capacitor/browser
2026-04-06T23:18:14.493Z next:jsconfig-paths-plugin moduleName did not match any paths pattern @capacitor/preferences
2026-04-06T23:18:14.493Z next:jsconfig-paths-plugin skipping request as it is a relative path ./utils
2026-04-06T23:18:14.493Z next:jsconfig-paths-plugin skipping request as it is a relative path ./utils
2026-04-06T23:18:14.493Z next:jsconfig-paths-plugin skipping request as it is a relative path ./utils
2026-04-06T23:18:14.493Z next:jsconfig-paths-plugin skipping request as it is a relative path ./utils
2026-04-06T23:18:14.493Z next:jsconfig-paths-plugin skipping request as it is a relative path ./utils
2026-04-06T23:18:14.493Z next:jsconfig-paths-plugin moduleName did not match any paths pattern @radix-ui/react-separator
2026-04-06T23:18:14.493Z next:jsconfig-paths-plugin moduleName did not match any paths pattern @radix-ui/react-switch
2026-04-06T23:18:14.493Z next:jsconfig-paths-plugin moduleName did not match any paths pattern @radix-ui/react-label
2026-04-06T23:18:14.493Z next:jsconfig-paths-plugin moduleName did not match any paths pattern @radix-ui/react-dialog
2026-04-06T23:18:14.493Z next:jsconfig-paths-plugin moduleName did not match any paths pattern next-themes
2026-04-06T23:18:14.494Z next:jsconfig-paths-plugin skipping request as it is an absolute path C:\Users\Ahmed Amin Bejoui\Desktop\ai-code-review-platform\apps\dashboard\components\ui\tabs
2026-04-06T23:18:14.494Z next:jsconfig-paths-plugin skipping request as it is an absolute path C:\Users\Ahmed Amin Bejoui\Desktop\ai-code-review-platform\apps\dashboard\lib\utils
2026-04-06T23:18:14.494Z next:jsconfig-paths-plugin skipping request as it is an absolute path C:\Users\Ahmed Amin Bejoui\Desktop\ai-code-review-platform\apps\dashboard\components\ui\dropdown-menu
2026-04-06T23:18:14.494Z next:jsconfig-paths-plugin skipping request as it is an absolute path C:\Users\Ahmed Amin Bejoui\Desktop\ai-code-review-platform\apps\dashboard\components\ui\radio-group
2026-04-06T23:18:14.496Z next:jsconfig-paths-plugin skipping request as it is a relative path ./utils
2026-04-06T23:18:14.497Z next:jsconfig-paths-plugin skipping request as it is a relative path ./utils
2026-04-06T23:18:14.497Z next:jsconfig-paths-plugin skipping request as it is a relative path ./utils
2026-04-06T23:18:14.497Z next:jsconfig-paths-plugin skipping request as it is a relative path ./utils
2026-04-06T23:18:14.497Z next:jsconfig-paths-plugin skipping request as it is a relative path ./utils
2026-04-06T23:18:14.502Z next:jsconfig-paths-plugin skipping request as it is an absolute path C:\Users\Ahmed Amin Bejoui\Desktop\ai-code-review-platform\apps\dashboard\lib\utils
2026-04-06T23:18:14.502Z next:jsconfig-paths-plugin skipping request as it is an absolute path C:\Users\Ahmed Amin Bejoui\Desktop\ai-code-review-platform\apps\dashboard\components\ui\tabs
2026-04-06T23:18:14.502Z next:jsconfig-paths-plugin skipping request as it is an absolute path C:\Users\Ahmed Amin Bejoui\Desktop\ai-code-review-platform\apps\dashboard\components\ui\dropdown-menu
2026-04-06T23:18:14.502Z next:jsconfig-paths-plugin moduleName did not match any paths pattern next-themes
2026-04-06T23:18:14.502Z next:jsconfig-paths-plugin skipping request as it is an absolute path C:\Users\Ahmed Amin Bejoui\Desktop\ai-code-review-platform\apps\dashboard\lib\utils
2026-04-06T23:18:14.503Z next:jsconfig-paths-plugin skipping request as it is an absolute path C:\Users\Ahmed Amin Bejoui\Desktop\ai-code-review-platform\apps\dashboard\components\ui\tabs
2026-04-06T23:18:14.503Z next:jsconfig-paths-plugin skipping request as it is an absolute path C:\Users\Ahmed Amin Bejoui\Desktop\ai-code-review-platform\apps\dashboard\components\ui\dropdown-menu
2026-04-06T23:18:14.505Z next:jsconfig-paths-plugin skipping request as it is an absolute path C:\Users\Ahmed Amin Bejoui\Desktop\ai-code-review-platform\apps\dashboard\lib\utils
2026-04-06T23:18:14.506Z next:jsconfig-paths-plugin skipping request as it is an absolute path C:\Users\Ahmed Amin Bejoui\Desktop\ai-code-review-platform\apps\dashboard\components\ui\tabs
2026-04-06T23:18:14.506Z next:jsconfig-paths-plugin skipping request as it is an absolute path C:\Users\Ahmed Amin Bejoui\Desktop\ai-code-review-platform\apps\dashboard\components\ui\dropdown-menu
2026-04-06T23:18:14.508Z next:jsconfig-paths-plugin skipping request as it is an absolute path C:\Users\Ahmed Amin Bejoui\Desktop\ai-code-review-platform\apps\dashboard\lib\utils
2026-04-06T23:18:14.509Z next:jsconfig-paths-plugin skipping request as it is an absolute path C:\Users\Ahmed Amin Bejoui\Desktop\ai-code-review-platform\apps\dashboard\components\ui\tabs
2026-04-06T23:18:14.509Z next:jsconfig-paths-plugin skipping request as it is an absolute path C:\Users\Ahmed Amin Bejoui\Desktop\ai-code-review-platform\apps\dashboard\components\ui\dropdown-menu
2026-04-06T23:18:14.512Z next:jsconfig-paths-plugin skipping request as it is an absolute path C:\Users\Ahmed Amin Bejoui\Desktop\ai-code-review-platform\apps\dashboard\lib\utils
2026-04-06T23:18:14.512Z next:jsconfig-paths-plugin skipping request as it is an absolute path C:\Users\Ahmed Amin Bejoui\Desktop\ai-code-review-platform\apps\dashboard\components\ui\tabs
2026-04-06T23:18:14.512Z next:jsconfig-paths-plugin skipping request as it is an absolute path C:\Users\Ahmed Amin Bejoui\Desktop\ai-code-review-platform\apps\dashboard\components\ui\dropdown-menu
2026-04-06T23:18:14.513Z next:jsconfig-paths-plugin skipping request as it is an absolute path C:\Users\Ahmed Amin Bejoui\Desktop\ai-code-review-platform\apps\dashboard\lib\utils
2026-04-06T23:18:14.513Z next:jsconfig-paths-plugin skipping request as it is an absolute path C:\Users\Ahmed Amin Bejoui\Desktop\ai-code-review-platform\apps\dashboard\components\ui\tabs
2026-04-06T23:18:14.513Z next:jsconfig-paths-plugin skipping request as it is an absolute path C:\Users\Ahmed Amin Bejoui\Desktop\ai-code-review-platform\apps\dashboard\components\ui\dropdown-menu
2026-04-06T23:18:14.514Z next:jsconfig-paths-plugin skipping request as it is an absolute path C:\Users\Ahmed Amin Bejoui\Desktop\ai-code-review-platform\apps\dashboard\lib\utils
2026-04-06T23:18:14.516Z next:jsconfig-paths-plugin skipping request as it is an absolute path C:\Users\Ahmed Amin Bejoui\Desktop\ai-code-review-platform\apps\dashboard\components\ui\tabs
2026-04-06T23:18:14.516Z next:jsconfig-paths-plugin skipping request as it is an absolute path C:\Users\Ahmed Amin Bejoui\Desktop\ai-code-review-platform\apps\dashboard\components\ui\dropdown-menu
2026-04-06T23:18:14.518Z next:jsconfig-paths-plugin skipping request as it is an absolute path C:\Users\Ahmed Amin Bejoui\Desktop\ai-code-review-platform\apps\dashboard\lib\utils
2026-04-06T23:18:14.518Z next:jsconfig-paths-plugin skipping request as it is an absolute path C:\Users\Ahmed Amin Bejoui\Desktop\ai-code-review-platform\apps\dashboard\components\ui\tabs
2026-04-06T23:18:14.518Z next:jsconfig-paths-plugin skipping request as it is an absolute path C:\Users\Ahmed Amin Bejoui\Desktop\ai-code-review-platform\apps\dashboard\components\ui\dropdown-menu
2026-04-06T23:18:14.521Z next:jsconfig-paths-plugin skipping request as it is a relative path ./MembersPreviewDialog
2026-04-06T23:18:14.521Z next:jsconfig-paths-plugin skipping request as it is a relative path ./PermissionValidationDialog
2026-04-06T23:18:14.522Z next:jsconfig-paths-plugin skipping request as it is a relative path ./MembersPreviewDialog
2026-04-06T23:18:14.522Z next:jsconfig-paths-plugin skipping request as it is a relative path ./PermissionValidationDialog
2026-04-06T23:18:14.522Z next:jsconfig-paths-plugin skipping request as it is an absolute path C:\Users\Ahmed Amin Bejoui\Desktop\ai-code-review-platform\apps\dashboard\lib\audit-service
2026-04-06T23:18:14.523Z next:jsconfig-paths-plugin skipping request as it is a relative path ./MembersPreviewDialog
2026-04-06T23:18:14.523Z next:jsconfig-paths-plugin skipping request as it is a relative path ./PermissionValidationDialog
2026-04-06T23:18:14.523Z next:jsconfig-paths-plugin skipping request as it is an absolute path C:\Users\Ahmed Amin Bejoui\Desktop\ai-code-review-platform\apps\dashboard\lib\audit-service
2026-04-06T23:18:14.524Z next:jsconfig-paths-plugin skipping request as it is an absolute path C:\Users\Ahmed Amin Bejoui\Desktop\ai-code-review-platform\apps\dashboard\lib\audit-service
2026-04-06T23:18:14.525Z next:jsconfig-paths-plugin skipping request as it is an absolute path C:\Users\Ahmed Amin Bejoui\Desktop\ai-code-review-platform\apps\dashboard\lib\audit-service
2026-04-06T23:18:14.527Z next:jsconfig-paths-plugin skipping request as it is inside node_modules ./chart/BarChart
2026-04-06T23:18:14.527Z next:jsconfig-paths-plugin skipping request as it is inside node_modules ./chart/AreaChart
2026-04-06T23:18:14.527Z next:jsconfig-paths-plugin skipping request as it is inside node_modules ./chart/PieChart
2026-04-06T23:18:14.527Z next:jsconfig-paths-plugin skipping request as it is inside node_modules ./chart/LineChart
2026-04-06T23:18:14.533Z next:jsconfig-paths-plugin skipping request as it is inside node_modules ./cartesian/CartesianGrid
2026-04-06T23:18:14.533Z next:jsconfig-paths-plugin skipping request as it is inside node_modules ./cartesian/Bar
2026-04-06T23:18:14.533Z next:jsconfig-paths-plugin skipping request as it is inside node_modules ./cartesian/XAxis
2026-04-06T23:18:14.533Z next:jsconfig-paths-plugin skipping request as it is inside node_modules ./cartesian/YAxis
2026-04-06T23:18:14.533Z next:jsconfig-paths-plugin skipping request as it is inside node_modules ./cartesian/Area
2026-04-06T23:18:14.533Z next:jsconfig-paths-plugin skipping request as it is inside node_modules ./cartesian/Line
2026-04-06T23:18:14.542Z next:jsconfig-paths-plugin skipping request as it is inside node_modules ./component/Legend
2026-04-06T23:18:14.542Z next:jsconfig-paths-plugin skipping request as it is inside node_modules ./component/Tooltip
2026-04-06T23:18:14.543Z next:jsconfig-paths-plugin skipping request as it is inside node_modules ./component/ResponsiveContainer
2026-04-06T23:18:14.543Z next:jsconfig-paths-plugin skipping request as it is inside node_modules ./component/Cell
2026-04-06T23:18:14.546Z next:jsconfig-paths-plugin skipping request as it is inside node_modules ./polar/Pie
2026-04-06T23:18:14.562Z next:jsconfig-paths-plugin skipping request as it is inside node_modules ../../server/app-render/get-segment-param
2026-04-06T23:18:14.659Z next:jsconfig-paths-plugin skipping request as it is inside node_modules ./icons/chart-pie.js
2026-04-06T23:18:14.662Z next:jsconfig-paths-plugin skipping request as it is inside node_modules ./icons/chart-line.js
2026-04-06T23:18:14.844Z next:jsconfig-paths-plugin skipping request as it is inside node_modules ./icons/user-plus.js
2026-04-06T23:18:14.844Z next:jsconfig-paths-plugin skipping request as it is inside node_modules ./icons/shield-alert.js
2026-04-06T23:18:14.844Z next:jsconfig-paths-plugin skipping request as it is inside node_modules ./icons/arrow-up-down.js
2026-04-06T23:18:14.844Z next:jsconfig-paths-plugin skipping request as it is inside node_modules ./icons/ellipsis-vertical.js
2026-04-06T23:18:14.844Z next:jsconfig-paths-plugin skipping request as it is inside node_modules ./icons/play.js
2026-04-06T23:18:14.844Z next:jsconfig-paths-plugin moduleName did not match any paths pattern react/jsx-runtime
2026-04-06T23:18:14.856Z next:jsconfig-paths-plugin moduleName did not match any paths pattern clsx
2026-04-06T23:18:14.856Z next:jsconfig-paths-plugin moduleName did not match any paths pattern tailwind-merge
2026-04-06T23:18:14.856Z next:jsconfig-paths-plugin skipping request as it is an absolute path C:\Users\Ahmed Amin Bejoui\Desktop\ai-code-review-platform\apps\dashboard\components\ui\radio-group
2026-04-06T23:18:14.857Z next:jsconfig-paths-plugin skipping request as it is an absolute path C:\Users\Ahmed Amin Bejoui\Desktop\ai-code-review-platform\apps\dashboard\components\ui\radio-group
2026-04-06T23:18:14.858Z next:jsconfig-paths-plugin skipping request as it is an absolute path C:\Users\Ahmed Amin Bejoui\Desktop\ai-code-review-platform\apps\dashboard\components\ui\radio-group
2026-04-06T23:18:14.859Z next:jsconfig-paths-plugin moduleName did not match any paths pattern clsx
2026-04-06T23:18:14.859Z next:jsconfig-paths-plugin moduleName did not match any paths pattern tailwind-merge
2026-04-06T23:18:14.859Z next:jsconfig-paths-plugin skipping request as it is an absolute path C:\Users\Ahmed Amin Bejoui\Desktop\ai-code-review-platform\apps\dashboard\components\ui\radio-group
2026-04-06T23:18:14.863Z next:jsconfig-paths-plugin skipping request as it is inside node_modules next/dist/server/future/route-modules/app-page/vendored/contexts/server-inserted-html
2026-04-06T23:18:14.863Z next:jsconfig-paths-plugin skipping request as it is inside node_modules C:\Users\Ahmed Amin Bejoui\Desktop\ai-code-review-platform\apps\dashboard\node_modules\next/dist/server/future/route-modules/app-page/vendored/contexts/server-inserted-html
2026-04-06T23:18:15.091Z next:jsconfig-paths-plugin moduleName did not match any paths pattern react
2026-04-06T23:18:15.116Z next:jsconfig-paths-plugin moduleName did not match any paths pattern motion/react
2026-04-06T23:18:15.116Z next:jsconfig-paths-plugin skipping request as it is a relative path ./AnimatedCounter
2026-04-06T23:18:15.116Z next:jsconfig-paths-plugin skipping request as it is a relative path ./LiveActivityFeed
2026-04-06T23:18:15.116Z next:jsconfig-paths-plugin skipping request as it is a relative path ./CommandPalette
2026-04-06T23:18:15.117Z next:jsconfig-paths-plugin moduleName did not match any paths pattern lucide-react
2026-04-06T23:18:15.117Z next:jsconfig-paths-plugin moduleName did not match any paths pattern recharts
2026-04-06T23:18:15.162Z next:jsconfig-paths-plugin skipping request as it is an absolute path C:\Users\Ahmed Amin Bejoui\Desktop\ai-code-review-platform\apps\dashboard\lib\dashboard-statistics
2026-04-06T23:18:15.162Z next:jsconfig-paths-plugin skipping request as it is an absolute path C:\Users\Ahmed Amin Bejoui\Desktop\ai-code-review-platform\apps\dashboard\node_modules\lucide-react\dist\esm\lucide-react.js
2026-04-06T23:18:15.162Z next:jsconfig-paths-plugin skipping request as it is an absolute path C:\Users\Ahmed Amin Bejoui\Desktop\ai-code-review-platform\apps\dashboard\node_modules\recharts\es6\index.js
2026-04-06T23:18:15.417Z next:jsconfig-paths-plugin moduleName did not match any paths pattern react/jsx-runtime
2026-04-06T23:18:15.421Z next:jsconfig-paths-plugin moduleName did not match any paths pattern motion/react
2026-04-06T23:18:15.421Z next:jsconfig-paths-plugin moduleName did not match any paths pattern react
2026-04-06T23:18:15.421Z next:jsconfig-paths-plugin moduleName did not match any paths pattern next/dist/server/future/route-modules/app-page/vendored/ssr/react-jsx-runtime
2026-04-06T23:18:15.422Z next:jsconfig-paths-plugin moduleName did not match any paths pattern next/dist/server/future/route-modules/app-page/vendored/ssr/react
2026-04-06T23:18:15.422Z next:jsconfig-paths-plugin skipping request as it is an absolute path C:\Users\Ahmed Amin Bejoui\Desktop\ai-code-review-platform\apps\dashboard\node_modules\next/dist/server/future/route-modules/app-page/vendored/ssr/react-jsx-runtime
2026-04-06T23:18:15.422Z next:jsconfig-paths-plugin skipping request as it is an absolute path C:\Users\Ahmed Amin Bejoui\Desktop\ai-code-review-platform\apps\dashboard\node_modules\next/dist/server/future/route-modules/app-page/vendored/ssr/react
2026-04-06T23:18:15.544Z next:jsconfig-paths-plugin skipping request as it is inside node_modules ./icons/user-plus.js
2026-04-06T23:18:15.545Z next:jsconfig-paths-plugin skipping request as it is inside node_modules ./icons/shield-alert.js
2026-04-06T23:18:15.546Z next:jsconfig-paths-plugin skipping request as it is inside node_modules ./icons/arrow-up-down.js
2026-04-06T23:18:15.571Z next:jsconfig-paths-plugin skipping request as it is inside node_modules ./icons/ellipsis-vertical.js
2026-04-06T23:18:15.587Z next:jsconfig-paths-plugin skipping request as it is inside node_modules ./icons/play.js
2026-04-06T23:18:16.369Z next:jsconfig-paths-plugin skipping request as it is a relative path ./utils
2026-04-06T23:18:16.369Z next:jsconfig-paths-plugin skipping request as it is a relative path ./utils
2026-04-06T23:18:16.415Z next:jsconfig-paths-plugin skipping request as it is inside node_modules clsx
2026-04-06T23:18:16.415Z next:jsconfig-paths-plugin skipping request as it is inside node_modules react
2026-04-06T23:18:16.415Z next:jsconfig-paths-plugin skipping request as it is inside node_modules @radix-ui/react-compose-refs
2026-04-06T23:18:16.416Z next:jsconfig-paths-plugin skipping request as it is inside node_modules react/jsx-runtime
2026-04-06T23:18:16.416Z next:jsconfig-paths-plugin moduleName did not match any paths pattern react
2026-04-06T23:18:16.416Z next:jsconfig-paths-plugin skipping request as it is a relative path ./utils
2026-04-06T23:18:16.416Z next:jsconfig-paths-plugin skipping request as it is an absolute path C:\Users\Ahmed Amin Bejoui\Desktop\ai-code-review-platform\apps\dashboard\lib\project-comprehension
2026-04-06T23:18:16.417Z next:jsconfig-paths-plugin skipping request as it is inside node_modules ../shared/lib/router/utils/path-has-prefix
2026-04-06T23:18:16.417Z next:jsconfig-paths-plugin skipping request as it is inside node_modules ./has-base-path
2026-04-06T23:18:16.417Z next:jsconfig-paths-plugin skipping request as it is inside node_modules ../shared/lib/router/utils/add-path-prefix
2026-04-06T23:18:16.417Z next:jsconfig-paths-plugin skipping request as it is inside node_modules ./normalize-trailing-slash
2026-04-06T23:18:16.417Z next:jsconfig-paths-plugin moduleName did not match any paths pattern clsx
2026-04-06T23:18:16.418Z next:jsconfig-paths-plugin moduleName did not match any paths pattern tailwind-merge
2026-04-06T23:18:16.418Z next:jsconfig-paths-plugin skipping request as it is inside node_modules ../shared/lib/router/utils/querystring
2026-04-06T23:18:16.418Z next:jsconfig-paths-plugin skipping request as it is inside node_modules ../shared/lib/router/utils/omit
2026-04-06T23:18:16.418Z next:jsconfig-paths-plugin skipping request as it is inside node_modules ../shared/lib/router/utils
2026-04-06T23:18:16.419Z next:jsconfig-paths-plugin skipping request as it is inside node_modules ../shared/lib/router/utils/interpolate-as
2026-04-06T23:18:16.419Z next:jsconfig-paths-plugin skipping request as it is inside node_modules ./request-idle-callback
2026-04-06T23:18:16.419Z next:jsconfig-paths-plugin skipping request as it is inside node_modules ../../shared/lib/router/action-queue
2026-04-06T23:18:16.419Z next:jsconfig-paths-plugin skipping request as it is inside node_modules ../createLucideIcon.js
2026-04-06T23:18:16.419Z next:jsconfig-paths-plugin skipping request as it is inside node_modules ../../../shared/lib/segment
2026-04-06T23:18:16.419Z next:jsconfig-paths-plugin skipping request as it is inside node_modules ../app-router-headers
2026-04-06T23:18:16.420Z next:jsconfig-paths-plugin skipping request as it is inside node_modules ../app-router
2026-04-06T23:18:16.420Z next:jsconfig-paths-plugin skipping request as it is inside node_modules ../../app-call-server
2026-04-06T23:18:16.420Z next:jsconfig-paths-plugin skipping request as it is inside node_modules ./router-reducer-types
2026-04-06T23:18:16.420Z next:jsconfig-paths-plugin skipping request as it is inside node_modules ../../../shared/lib/hash
2026-04-06T23:18:16.420Z next:jsconfig-paths-plugin skipping request as it is inside node_modules ../../flight-data-helpers
2026-04-06T23:18:16.420Z next:jsconfig-paths-plugin skipping request as it is inside node_modules react-server-dom-webpack/client.edge
2026-04-06T23:18:16.420Z next:jsconfig-paths-plugin skipping request as it is inside node_modules ./create-href-from-url
2026-04-06T23:18:16.420Z next:jsconfig-paths-plugin skipping request as it is inside node_modules ./fill-lazy-items-till-leaf-with-head
2026-04-06T23:18:16.420Z next:jsconfig-paths-plugin skipping request as it is inside node_modules ./compute-changed-path
2026-04-06T23:18:16.421Z next:jsconfig-paths-plugin skipping request as it is inside node_modules ./prefetch-cache-utils
2026-04-06T23:18:16.421Z next:jsconfig-paths-plugin skipping request as it is inside node_modules ./refetch-inactive-parallel-segments
2026-04-06T23:18:16.421Z next:jsconfig-paths-plugin skipping request as it is inside node_modules ../../../../server/future/helpers/interception-routes
2026-04-06T23:18:16.421Z next:jsconfig-paths-plugin skipping request as it is inside node_modules ../create-router-cache-key
2026-04-06T23:18:16.424Z next:jsconfig-paths-plugin skipping request as it is inside node_modules next/dist/server/future/route-modules/app-page/vendored/ssr/react-server-dom-webpack-client-edge
2026-04-06T23:18:16.426Z next:jsconfig-paths-plugin skipping request as it is a relative path ./utils
2026-04-06T23:18:16.426Z next:jsconfig-paths-plugin skipping request as it is inside node_modules C:\Users\Ahmed Amin Bejoui\Desktop\ai-code-review-platform\apps\dashboard\node_modules\next/dist/server/future/route-modules/app-page/vendored/ssr/react-server-dom-webpack-client-edge
2026-04-06T23:18:16.441Z next:jsconfig-paths-plugin moduleName did not match any paths pattern react/jsx-runtime
2026-04-06T23:18:16.441Z next:jsconfig-paths-plugin moduleName did not match any paths pattern react
2026-04-06T23:18:16.441Z next:jsconfig-paths-plugin moduleName did not match any paths pattern clsx
2026-04-06T23:18:16.441Z next:jsconfig-paths-plugin moduleName did not match any paths pattern @radix-ui/react-compose-refs
2026-04-06T23:18:16.442Z next:jsconfig-paths-plugin skipping request as it is inside node_modules ./has-base-path
2026-04-06T23:18:16.443Z next:jsconfig-paths-plugin moduleName did not match any paths pattern clsx
2026-04-06T23:18:16.443Z next:jsconfig-paths-plugin moduleName did not match any paths pattern tailwind-merge
2026-04-06T23:18:16.444Z next:jsconfig-paths-plugin skipping request as it is inside node_modules ../createLucideIcon.js
2026-04-06T23:18:16.444Z next:jsconfig-paths-plugin skipping request as it is inside node_modules ../app-router-headers
2026-04-06T23:18:16.444Z next:jsconfig-paths-plugin skipping request as it is inside node_modules ../app-router
2026-04-06T23:18:16.444Z next:jsconfig-paths-plugin skipping request as it is inside node_modules ./router-reducer-types
2026-04-06T23:18:16.445Z next:jsconfig-paths-plugin skipping request as it is inside node_modules ./create-href-from-url
2026-04-06T23:18:16.445Z next:jsconfig-paths-plugin skipping request as it is inside node_modules ../create-router-cache-key
2026-04-06T23:18:16.456Z next:jsconfig-paths-plugin skipping request as it is inside node_modules react/jsx-runtime
2026-04-06T23:18:16.456Z next:jsconfig-paths-plugin skipping request as it is inside node_modules react
2026-04-06T23:18:16.456Z next:jsconfig-paths-plugin skipping request as it is inside node_modules clsx
2026-04-06T23:18:16.458Z next:jsconfig-paths-plugin skipping request as it is inside node_modules @radix-ui/react-compose-refs
2026-04-06T23:18:16.458Z next:jsconfig-paths-plugin skipping request as it is inside node_modules next/dist/server/future/route-modules/app-page/vendored/ssr/react-jsx-runtime
2026-04-06T23:18:16.458Z next:jsconfig-paths-plugin skipping request as it is inside node_modules next/dist/server/future/route-modules/app-page/vendored/ssr/react
2026-04-06T23:18:16.458Z next:jsconfig-paths-plugin skipping request as it is inside node_modules C:\Users\Ahmed Amin Bejoui\Desktop\ai-code-review-platform\apps\dashboard\node_modules\next/dist/server/future/route-modules/app-page/vendored/ssr/react-jsx-runtime
2026-04-06T23:18:16.459Z next:jsconfig-paths-plugin skipping request as it is inside node_modules C:\Users\Ahmed Amin Bejoui\Desktop\ai-code-review-platform\apps\dashboard\node_modules\next/dist/server/future/route-modules/app-page/vendored/ssr/react
2026-04-06T23:18:16.462Z next:jsconfig-paths-plugin moduleName did not match any paths pattern styled-jsx/style
2026-04-06T23:18:16.463Z next:jsconfig-paths-plugin moduleName did not match any paths pattern styled-jsx/style
2026-04-06T23:18:16.465Z next:jsconfig-paths-plugin moduleName did not match any paths pattern styled-jsx/style
2026-04-06T23:18:16.465Z next:jsconfig-paths-plugin skipping request as it is an absolute path C:\Users\Ahmed Amin Bejoui\Desktop\ai-code-review-platform\apps\dashboard\node_modules\styled-jsx\style.js
2026-04-06T23:18:16.468Z next:jsconfig-paths-plugin skipping request as it is a relative path ./MembersPreviewDialog
2026-04-06T23:18:16.468Z next:jsconfig-paths-plugin skipping request as it is a relative path ./PermissionValidationDialog
2026-04-06T23:18:16.468Z next:jsconfig-paths-plugin skipping request as it is a relative path ./AnimatedCounter
2026-04-06T23:18:16.469Z next:jsconfig-paths-plugin skipping request as it is a relative path ./LiveActivityFeed
2026-04-06T23:18:16.469Z next:jsconfig-paths-plugin skipping request as it is a relative path ./CommandPalette
2026-04-06T23:18:16.470Z next:jsconfig-paths-plugin skipping request as it is a relative path ./AnimatedCounter
2026-04-06T23:18:16.470Z next:jsconfig-paths-plugin skipping request as it is a relative path ./LiveActivityFeed
2026-04-06T23:18:16.470Z next:jsconfig-paths-plugin skipping request as it is a relative path ./CommandPalette
2026-04-06T23:18:16.470Z next:jsconfig-paths-plugin skipping request as it is a relative path ./MembersPreviewDialog
2026-04-06T23:18:16.470Z next:jsconfig-paths-plugin skipping request as it is a relative path ./PermissionValidationDialog
2026-04-06T23:18:16.472Z next:jsconfig-paths-plugin skipping request as it is an absolute path C:\Users\Ahmed Amin Bejoui\Desktop\ai-code-review-platform\apps\dashboard\lib\audit-service
2026-04-06T23:18:16.472Z next:jsconfig-paths-plugin skipping request as it is an absolute path C:\Users\Ahmed Amin Bejoui\Desktop\ai-code-review-platform\apps\dashboard\lib\dashboard-statistics
2026-04-06T23:18:16.472Z next:jsconfig-paths-plugin skipping request as it is a relative path ./MembersPreviewDialog
2026-04-06T23:18:16.472Z next:jsconfig-paths-plugin skipping request as it is a relative path ./PermissionValidationDialog
2026-04-06T23:18:16.472Z next:jsconfig-paths-plugin skipping request as it is a relative path ./AnimatedCounter
2026-04-06T23:18:16.472Z next:jsconfig-paths-plugin skipping request as it is a relative path ./LiveActivityFeed
2026-04-06T23:18:16.472Z next:jsconfig-paths-plugin skipping request as it is a relative path ./CommandPalette
2026-04-06T23:18:16.473Z next:jsconfig-paths-plugin skipping request as it is an absolute path C:\Users\Ahmed Amin Bejoui\Desktop\ai-code-review-platform\apps\dashboard\lib\dashboard-statistics
2026-04-06T23:18:16.489Z next:jsconfig-paths-plugin skipping request as it is an absolute path C:\Users\Ahmed Amin Bejoui\Desktop\ai-code-review-platform\apps\dashboard\lib\audit-service
2026-04-06T23:18:16.491Z next:jsconfig-paths-plugin skipping request as it is an absolute path C:\Users\Ahmed Amin Bejoui\Desktop\ai-code-review-platform\apps\dashboard\lib\dashboard-statistics
2026-04-06T23:18:16.491Z next:jsconfig-paths-plugin skipping request as it is an absolute path C:\Users\Ahmed Amin Bejoui\Desktop\ai-code-review-platform\apps\dashboard\lib\audit-service
2026-04-06T23:18:16.495Z next:jsconfig-paths-plugin skipping request as it is an absolute path C:\Users\Ahmed Amin Bejoui\Desktop\ai-code-review-platform\apps\dashboard\lib\audit-service
2026-04-06T23:18:16.495Z next:jsconfig-paths-plugin skipping request as it is an absolute path C:\Users\Ahmed Amin Bejoui\Desktop\ai-code-review-platform\apps\dashboard\lib\dashboard-statistics
2026-04-06T23:18:16.607Z next:jsconfig-paths-plugin skipping request as it is inside node_modules ../../utils
2026-04-06T23:18:16.607Z next:jsconfig-paths-plugin skipping request as it is inside node_modules ../../../../client/has-base-path
2026-04-06T23:18:16.607Z next:jsconfig-paths-plugin skipping request as it is inside node_modules ./querystring
2026-04-06T23:18:16.643Z next:jsconfig-paths-plugin skipping request as it is inside node_modules @swc/helpers/_/_interop_require_wildcard
2026-04-06T23:18:16.644Z next:jsconfig-paths-plugin skipping request as it is inside node_modules C:\Users\Ahmed Amin Bejoui\Desktop\ai-code-review-platform\apps\dashboard\node_modules\@swc\helpers\_/_interop_require_wildcard
2026-04-06T23:18:16.648Z next:jsconfig-paths-plugin skipping request as it is inside node_modules ../shared/lib/router/utils/path-has-prefix
2026-04-06T23:18:16.648Z next:jsconfig-paths-plugin skipping request as it is inside node_modules ../shared/lib/router/utils/add-path-prefix
2026-04-06T23:18:16.648Z next:jsconfig-paths-plugin skipping request as it is inside node_modules ../shared/lib/router/utils/querystring
2026-04-06T23:18:16.648Z next:jsconfig-paths-plugin skipping request as it is inside node_modules ../shared/lib/router/utils
2026-04-06T23:18:16.648Z next:jsconfig-paths-plugin skipping request as it is inside node_modules ../../../shared/lib/segment
2026-04-06T23:18:16.648Z next:jsconfig-paths-plugin skipping request as it is inside node_modules ../../../shared/lib/hash
2026-04-06T23:18:16.649Z next:jsconfig-paths-plugin skipping request as it is inside node_modules ../../../../client/has-base-path
2026-04-06T23:18:16.649Z next:jsconfig-paths-plugin skipping request as it is inside node_modules ./querystring
2026-04-06T23:18:16.660Z next:jsconfig-paths-plugin moduleName did not match any paths pattern framer-motion
2026-04-06T23:18:16.660Z next:jsconfig-paths-plugin skipping request as it is inside node_modules framer-motion
2026-04-06T23:18:16.693Z next:jsconfig-paths-plugin skipping request as it is inside node_modules ./icons/building-2.js
2026-04-06T23:18:16.693Z next:jsconfig-paths-plugin skipping request as it is inside node_modules ./icons/plug.js
2026-04-06T23:18:16.693Z next:jsconfig-paths-plugin skipping request as it is inside node_modules ./icons/key.js
2026-04-06T23:18:16.693Z next:jsconfig-paths-plugin skipping request as it is inside node_modules ./icons/rotate-cw.js
2026-04-06T23:18:16.693Z next:jsconfig-paths-plugin skipping request as it is inside node_modules ./icons/history.js
2026-04-06T23:18:16.695Z next:jsconfig-paths-plugin skipping request as it is an absolute path C:\Users\Ahmed Amin Bejoui\Desktop\ai-code-review-platform\apps\dashboard\lib\project-comprehension
2026-04-06T23:18:16.695Z next:jsconfig-paths-plugin skipping request as it is an absolute path C:\Users\Ahmed Amin Bejoui\Desktop\ai-code-review-platform\apps\dashboard\components\ui\radio-group
2026-04-06T23:18:16.695Z next:jsconfig-paths-plugin moduleName did not match any paths pattern react
2026-04-06T23:18:16.695Z next:jsconfig-paths-plugin moduleName did not match any paths pattern next/dist/server/future/route-modules/app-page/vendored/ssr/react
2026-04-06T23:18:16.695Z next:jsconfig-paths-plugin skipping request as it is an absolute path C:\Users\Ahmed Amin Bejoui\Desktop\ai-code-review-platform\apps\dashboard\lib\project-comprehension
2026-04-06T23:18:16.695Z next:jsconfig-paths-plugin skipping request as it is an absolute path C:\Users\Ahmed Amin Bejoui\Desktop\ai-code-review-platform\apps\dashboard\node_modules\next/dist/server/future/route-modules/app-page/vendored/ssr/react
2026-04-06T23:18:16.696Z next:jsconfig-paths-plugin skipping request as it is an absolute path C:\Users\Ahmed Amin Bejoui\Desktop\ai-code-review-platform\apps\dashboard\components\ui\radio-group
2026-04-06T23:18:16.697Z next:jsconfig-paths-plugin skipping request as it is an absolute path C:\Users\Ahmed Amin Bejoui\Desktop\ai-code-review-platform\apps\dashboard\lib\project-comprehension
2026-04-06T23:18:16.699Z next:jsconfig-paths-plugin skipping request as it is an absolute path C:\Users\Ahmed Amin Bejoui\Desktop\ai-code-review-platform\apps\dashboard\components\ui\radio-group
2026-04-06T23:18:16.701Z next:jsconfig-paths-plugin skipping request as it is an absolute path C:\Users\Ahmed Amin Bejoui\Desktop\ai-code-review-platform\apps\dashboard\lib\project-comprehension
2026-04-06T23:18:16.702Z next:jsconfig-paths-plugin skipping request as it is an absolute path C:\Users\Ahmed Amin Bejoui\Desktop\ai-code-review-platform\apps\dashboard\components\ui\radio-group
2026-04-06T23:18:16.755Z next:jsconfig-paths-plugin skipping request as it is inside node_modules ../../../../server/future/helpers/interception-routes
2026-04-06T23:18:16.963Z next:jsconfig-paths-plugin skipping request as it is inside node_modules ./icons/chevron-down.js
2026-04-06T23:18:16.963Z next:jsconfig-paths-plugin skipping request as it is inside node_modules ./icons/git-compare.js
2026-04-06T23:18:16.963Z next:jsconfig-paths-plugin skipping request as it is inside node_modules ./icons/file-code-corner.js
2026-04-06T23:18:16.963Z next:jsconfig-paths-plugin skipping request as it is inside node_modules ./icons/link-2.js
2026-04-06T23:18:16.963Z next:jsconfig-paths-plugin skipping request as it is inside node_modules ./icons/fingerprint-pattern.js
2026-04-06T23:18:16.963Z next:jsconfig-paths-plugin skipping request as it is inside node_modules ./icons/log-out.js
2026-04-06T23:18:17.110Z next:jsconfig-paths-plugin skipping request as it is inside node_modules ./normalize-trailing-slash
2026-04-06T23:18:17.138Z next:jsconfig-paths-plugin skipping request as it is inside node_modules ./request-idle-callback
2026-04-06T23:18:17.189Z next:jsconfig-paths-plugin skipping request as it is inside node_modules ../../app-call-server
2026-04-06T23:18:17.236Z next:jsconfig-paths-plugin skipping request as it is inside node_modules ../../flight-data-helpers
2026-04-06T23:18:17.237Z next:jsconfig-paths-plugin skipping request as it is inside node_modules ./fill-lazy-items-till-leaf-with-head
2026-04-06T23:18:17.238Z next:jsconfig-paths-plugin skipping request as it is inside node_modules ./compute-changed-path
2026-04-06T23:18:17.267Z next:jsconfig-paths-plugin moduleName did not match any paths pattern styled-jsx/style
2026-04-06T23:18:17.293Z next:jsconfig-paths-plugin moduleName did not match any paths pattern styled-jsx/style
2026-04-06T23:18:17.293Z next:jsconfig-paths-plugin skipping request as it is an absolute path C:\Users\Ahmed Amin Bejoui\Desktop\ai-code-review-platform\apps\dashboard\node_modules\styled-jsx\style.js
2026-04-06T23:18:17.294Z next:jsconfig-paths-plugin skipping request as it is inside node_modules ./prefetch-cache-utils
2026-04-06T23:18:17.295Z next:jsconfig-paths-plugin skipping request as it is inside node_modules ./refetch-inactive-parallel-segments
2026-04-06T23:18:17.301Z next:jsconfig-paths-plugin skipping request as it is inside node_modules ./icons/building-2.js
2026-04-06T23:18:17.304Z next:jsconfig-paths-plugin skipping request as it is inside node_modules ./icons/plug.js
2026-04-06T23:18:17.355Z next:jsconfig-paths-plugin skipping request as it is inside node_modules ./icons/key.js
2026-04-06T23:18:17.373Z next:jsconfig-paths-plugin skipping request as it is inside node_modules ./icons/rotate-cw.js
2026-04-06T23:18:17.404Z next:jsconfig-paths-plugin skipping request as it is inside node_modules ./icons/history.js
2026-04-06T23:18:17.538Z next:jsconfig-paths-plugin skipping request as it is inside node_modules ./components/AnimatePresence/index.mjs
2026-04-06T23:18:17.538Z next:jsconfig-paths-plugin skipping request as it is inside node_modules ./components/AnimatePresence/PopChild.mjs
2026-04-06T23:18:17.538Z next:jsconfig-paths-plugin skipping request as it is inside node_modules ./components/AnimatePresence/PresenceChild.mjs
2026-04-06T23:18:17.538Z next:jsconfig-paths-plugin skipping request as it is inside node_modules ./components/LayoutGroup/index.mjs
2026-04-06T23:18:17.538Z next:jsconfig-paths-plugin skipping request as it is inside node_modules ./components/LazyMotion/index.mjs
2026-04-06T23:18:17.538Z next:jsconfig-paths-plugin skipping request as it is inside node_modules ./components/MotionConfig/index.mjs
2026-04-06T23:18:17.539Z next:jsconfig-paths-plugin skipping request as it is inside node_modules ./render/components/m/proxy.mjs
2026-04-06T23:18:17.539Z next:jsconfig-paths-plugin skipping request as it is inside node_modules ./render/components/motion/proxy.mjs
2026-04-06T23:18:17.539Z next:jsconfig-paths-plugin skipping request as it is inside node_modules ./events/add-pointer-event.mjs
2026-04-06T23:18:17.541Z next:jsconfig-paths-plugin skipping request as it is inside node_modules ./events/event-info.mjs
2026-04-06T23:18:17.541Z next:jsconfig-paths-plugin skipping request as it is inside node_modules ./motion/features/animations.mjs
2026-04-06T23:18:17.542Z next:jsconfig-paths-plugin skipping request as it is inside node_modules ./motion/utils/use-visual-state.mjs
2026-04-06T23:18:17.589Z next:jsconfig-paths-plugin skipping request as it is inside node_modules motion-dom
2026-04-06T23:18:17.590Z next:jsconfig-paths-plugin skipping request as it is inside node_modules ./render/dom/utils/filter-props.mjs
2026-04-06T23:18:17.590Z next:jsconfig-paths-plugin skipping request as it is inside node_modules ./utils/is-browser.mjs
2026-04-06T23:18:17.591Z next:jsconfig-paths-plugin skipping request as it is inside node_modules ./utils/use-composed-ref.mjs
2026-04-06T23:18:17.591Z next:jsconfig-paths-plugin skipping request as it is inside node_modules ./utils/use-force-update.mjs
2026-04-06T23:18:17.591Z next:jsconfig-paths-plugin skipping request as it is inside node_modules ./utils/use-isomorphic-effect.mjs
2026-04-06T23:18:17.591Z next:jsconfig-paths-plugin skipping request as it is inside node_modules ./utils/use-unmount-effect.mjs
2026-04-06T23:18:17.591Z next:jsconfig-paths-plugin skipping request as it is inside node_modules ./render/dom/features-animation.mjs
2026-04-06T23:18:17.591Z next:jsconfig-paths-plugin skipping request as it is inside node_modules ./render/dom/features-max.mjs
2026-04-06T23:18:17.591Z next:jsconfig-paths-plugin skipping request as it is inside node_modules ./render/dom/features-min.mjs
2026-04-06T23:18:17.592Z next:jsconfig-paths-plugin skipping request as it is inside node_modules ./utils/use-motion-value-event.mjs
2026-04-06T23:18:17.592Z next:jsconfig-paths-plugin skipping request as it is inside node_modules ./value/scroll/use-element-scroll.mjs
2026-04-06T23:18:17.592Z next:jsconfig-paths-plugin skipping request as it is inside node_modules ./value/scroll/use-viewport-scroll.mjs
2026-04-06T23:18:17.592Z next:jsconfig-paths-plugin skipping request as it is inside node_modules ./value/use-motion-template.mjs
2026-04-06T23:18:17.592Z next:jsconfig-paths-plugin skipping request as it is inside node_modules ./value/use-motion-value.mjs
2026-04-06T23:18:17.592Z next:jsconfig-paths-plugin skipping request as it is inside node_modules ./value/use-scroll.mjs
2026-04-06T23:18:17.592Z next:jsconfig-paths-plugin skipping request as it is inside node_modules ./value/use-follow-value.mjs
2026-04-06T23:18:17.592Z next:jsconfig-paths-plugin skipping request as it is inside node_modules ./value/use-spring.mjs
2026-04-06T23:18:17.592Z next:jsconfig-paths-plugin skipping request as it is inside node_modules ./value/use-time.mjs
2026-04-06T23:18:17.593Z next:jsconfig-paths-plugin skipping request as it is inside node_modules ./value/use-transform.mjs
2026-04-06T23:18:17.657Z next:jsconfig-paths-plugin skipping request as it is inside node_modules ./value/use-velocity.mjs
2026-04-06T23:18:17.658Z next:jsconfig-paths-plugin skipping request as it is inside node_modules ./value/use-will-change/index.mjs
2026-04-06T23:18:17.658Z next:jsconfig-paths-plugin skipping request as it is inside node_modules ./value/use-will-change/WillChangeMotionValue.mjs
2026-04-06T23:18:17.658Z next:jsconfig-paths-plugin skipping request as it is inside node_modules ./utils/reduced-motion/use-reduced-motion.mjs
2026-04-06T23:18:17.658Z next:jsconfig-paths-plugin skipping request as it is inside node_modules ./utils/reduced-motion/use-reduced-motion-config.mjs
2026-04-06T23:18:17.658Z next:jsconfig-paths-plugin skipping request as it is inside node_modules motion-utils
2026-04-06T23:18:17.658Z next:jsconfig-paths-plugin skipping request as it is inside node_modules ./animation/hooks/animation-controls.mjs
2026-04-06T23:18:17.658Z next:jsconfig-paths-plugin skipping request as it is inside node_modules ./animation/hooks/use-animate.mjs
2026-04-06T23:18:17.659Z next:jsconfig-paths-plugin skipping request as it is inside node_modules ./animation/hooks/use-animate-style.mjs
2026-04-06T23:18:17.659Z next:jsconfig-paths-plugin skipping request as it is inside node_modules ./animation/hooks/use-animation.mjs
2026-04-06T23:18:17.659Z next:jsconfig-paths-plugin skipping request as it is inside node_modules ./components/AnimatePresence/use-presence.mjs
2026-04-06T23:18:17.659Z next:jsconfig-paths-plugin skipping request as it is inside node_modules ../../module.compiled
2026-04-06T23:18:17.686Z next:jsconfig-paths-plugin skipping request as it is inside node_modules ../../module.compiled
2026-04-06T23:18:17.689Z next:jsconfig-paths-plugin skipping request as it is a relative path ./AnimatedCounter
2026-04-06T23:18:17.689Z next:jsconfig-paths-plugin skipping request as it is a relative path ./LiveActivityFeed
2026-04-06T23:18:17.689Z next:jsconfig-paths-plugin skipping request as it is a relative path ./CommandPalette
2026-04-06T23:18:17.690Z next:jsconfig-paths-plugin skipping request as it is a relative path ./AnimatedCounter
2026-04-06T23:18:17.690Z next:jsconfig-paths-plugin skipping request as it is a relative path ./LiveActivityFeed
2026-04-06T23:18:17.690Z next:jsconfig-paths-plugin skipping request as it is a relative path ./CommandPalette
2026-04-06T23:18:17.693Z next:jsconfig-paths-plugin skipping request as it is an absolute path C:\Users\Ahmed Amin Bejoui\Desktop\ai-code-review-platform\apps\dashboard\lib\dashboard-statistics
2026-04-06T23:18:17.694Z next:jsconfig-paths-plugin skipping request as it is a relative path ./AnimatedCounter
2026-04-06T23:18:17.694Z next:jsconfig-paths-plugin skipping request as it is a relative path ./LiveActivityFeed
2026-04-06T23:18:17.694Z next:jsconfig-paths-plugin skipping request as it is a relative path ./CommandPalette
2026-04-06T23:18:17.742Z next:jsconfig-paths-plugin skipping request as it is an absolute path C:\Users\Ahmed Amin Bejoui\Desktop\ai-code-review-platform\apps\dashboard\lib\dashboard-statistics
2026-04-06T23:18:17.744Z next:jsconfig-paths-plugin skipping request as it is an absolute path C:\Users\Ahmed Amin Bejoui\Desktop\ai-code-review-platform\apps\dashboard\lib\dashboard-statistics
2026-04-06T23:18:17.804Z next:jsconfig-paths-plugin skipping request as it is an absolute path C:\Users\Ahmed Amin Bejoui\Desktop\ai-code-review-platform\apps\dashboard\lib\dashboard-statistics
2026-04-06T23:18:17.805Z next:jsconfig-paths-plugin moduleName did not match any paths pattern react-server-dom-webpack/client.edge
2026-04-06T23:18:17.806Z next:jsconfig-paths-plugin moduleName did not match any paths pattern react-server-dom-webpack/client.edge
2026-04-06T23:18:17.837Z next:jsconfig-paths-plugin moduleName did not match any paths pattern react-server-dom-webpack/client.edge
2026-04-06T23:18:17.839Z next:jsconfig-paths-plugin skipping request as it is inside node_modules react-server-dom-webpack/client.edge
2026-04-06T23:18:17.840Z next:jsconfig-paths-plugin skipping request as it is inside node_modules next/dist/server/future/route-modules/app-page/vendored/ssr/react-server-dom-webpack-client-edge
2026-04-06T23:18:17.840Z next:jsconfig-paths-plugin skipping request as it is inside node_modules C:\Users\Ahmed Amin Bejoui\Desktop\ai-code-review-platform\apps\dashboard\node_modules\next/dist/server/future/route-modules/app-page/vendored/ssr/react-server-dom-webpack-client-edge
2026-04-06T23:18:17.939Z next:jsconfig-paths-plugin skipping request as it is inside node_modules ../../shared/lib/router/action-queue
2026-04-06T23:18:17.993Z next:jsconfig-paths-plugin skipping request as it is inside node_modules ../shared/lib/router/utils/omit
2026-04-06T23:18:17.995Z next:jsconfig-paths-plugin skipping request as it is inside node_modules ../../utils
2026-04-06T23:18:17.997Z next:jsconfig-paths-plugin skipping request as it is inside node_modules ../shared/lib/router/utils/interpolate-as
2026-04-06T23:18:17.999Z next:jsconfig-paths-plugin skipping request as it is inside node_modules ./icons/chevron-down.js
2026-04-06T23:18:18.000Z next:jsconfig-paths-plugin skipping request as it is inside node_modules ./icons/git-compare.js
2026-04-06T23:18:18.001Z next:jsconfig-paths-plugin skipping request as it is inside node_modules ./icons/file-code-corner.js
2026-04-06T23:18:18.002Z next:jsconfig-paths-plugin skipping request as it is inside node_modules ./icons/link-2.js
2026-04-06T23:18:18.003Z next:jsconfig-paths-plugin skipping request as it is inside node_modules ./icons/fingerprint-pattern.js
2026-04-06T23:18:18.004Z next:jsconfig-paths-plugin skipping request as it is inside node_modules ./icons/log-out.js
2026-04-06T23:18:18.026Z next:jsconfig-paths-plugin skipping request as it is inside node_modules ./components/AnimatePresence/use-presence-data.mjs
2026-04-06T23:18:18.027Z next:jsconfig-paths-plugin skipping request as it is inside node_modules ./events/use-dom-event.mjs
2026-04-06T23:18:18.027Z next:jsconfig-paths-plugin skipping request as it is inside node_modules ./gestures/drag/use-drag-controls.mjs
2026-04-06T23:18:18.027Z next:jsconfig-paths-plugin skipping request as it is inside node_modules ./motion/utils/is-motion-component.mjs
2026-04-06T23:18:18.027Z next:jsconfig-paths-plugin skipping request as it is inside node_modules ./motion/utils/unwrap-motion-component.mjs
2026-04-06T23:18:18.027Z next:jsconfig-paths-plugin skipping request as it is inside node_modules ./motion/utils/valid-prop.mjs
2026-04-06T23:18:18.027Z next:jsconfig-paths-plugin skipping request as it is inside node_modules ./projection/use-instant-layout-transition.mjs
2026-04-06T23:18:18.027Z next:jsconfig-paths-plugin skipping request as it is inside node_modules ./projection/use-reset-projection.mjs
2026-04-06T23:18:18.027Z next:jsconfig-paths-plugin skipping request as it is inside node_modules ./utils/use-animation-frame.mjs
2026-04-06T23:18:18.027Z next:jsconfig-paths-plugin skipping request as it is inside node_modules ./utils/use-cycle.mjs
2026-04-06T23:18:18.027Z next:jsconfig-paths-plugin skipping request as it is inside node_modules ./utils/use-in-view.mjs
2026-04-06T23:18:18.027Z next:jsconfig-paths-plugin skipping request as it is inside node_modules ./utils/use-instant-transition.mjs
2026-04-06T23:18:18.028Z next:jsconfig-paths-plugin skipping request as it is inside node_modules ./utils/use-page-in-view.mjs
2026-04-06T23:18:18.028Z next:jsconfig-paths-plugin skipping request as it is inside node_modules ./utils/transform-viewbox-point.mjs
2026-04-06T23:18:18.028Z next:jsconfig-paths-plugin skipping request as it is inside node_modules ./utils/transform-rotated-parent.mjs
2026-04-06T23:18:18.028Z next:jsconfig-paths-plugin skipping request as it is inside node_modules ./animation/optimized-appear/start.mjs
2026-04-06T23:18:18.028Z next:jsconfig-paths-plugin skipping request as it is inside node_modules ./context/LayoutGroupContext.mjs
2026-04-06T23:18:18.028Z next:jsconfig-paths-plugin skipping request as it is inside node_modules ./context/MotionConfigContext.mjs
2026-04-06T23:18:18.050Z next:jsconfig-paths-plugin skipping request as it is an absolute path C:\Users\Ahmed Amin Bejoui\Desktop\ai-code-review-platform\apps\dashboard\lib\project-comprehension
2026-04-06T23:18:18.074Z next:jsconfig-paths-plugin skipping request as it is an absolute path C:\Users\Ahmed Amin Bejoui\Desktop\ai-code-review-platform\apps\dashboard\lib\project-comprehension
2026-04-06T23:18:18.078Z next:jsconfig-paths-plugin skipping request as it is an absolute path C:\Users\Ahmed Amin Bejoui\Desktop\ai-code-review-platform\apps\dashboard\lib\project-comprehension
2026-04-06T23:18:18.104Z next:jsconfig-paths-plugin skipping request as it is an absolute path C:\Users\Ahmed Amin Bejoui\Desktop\ai-code-review-platform\apps\dashboard\lib\project-comprehension
2026-04-06T23:18:18.224Z next:jsconfig-paths-plugin skipping request as it is inside node_modules ./context/MotionContext/index.mjs
2026-04-06T23:18:18.224Z next:jsconfig-paths-plugin skipping request as it is inside node_modules ./context/PresenceContext.mjs
2026-04-06T23:18:18.224Z next:jsconfig-paths-plugin skipping request as it is inside node_modules ./context/SwitchLayoutGroupContext.mjs
2026-04-06T23:18:18.224Z next:jsconfig-paths-plugin skipping request as it is inside node_modules ./animation/hooks/use-animated-state.mjs
2026-04-06T23:18:18.224Z next:jsconfig-paths-plugin skipping request as it is inside node_modules ./components/AnimateSharedLayout.mjs
2026-04-06T23:18:18.225Z next:jsconfig-paths-plugin skipping request as it is inside node_modules ./context/DeprecatedLayoutGroupContext.mjs
2026-04-06T23:18:18.225Z next:jsconfig-paths-plugin skipping request as it is inside node_modules ./value/use-inverted-scale.mjs
2026-04-06T23:18:18.225Z next:jsconfig-paths-plugin skipping request as it is inside node_modules ./components/Reorder/namespace.mjs
2026-04-06T23:18:18.225Z next:jsconfig-paths-plugin skipping request as it is inside node_modules ./animation/animate/index.mjs
2026-04-06T23:18:18.225Z next:jsconfig-paths-plugin skipping request as it is inside node_modules ./animation/animators/waapi/animate-style.mjs
2026-04-06T23:18:18.225Z next:jsconfig-paths-plugin skipping request as it is inside node_modules ./utils/distance.mjs
2026-04-06T23:18:18.367Z next:jsconfig-paths-plugin moduleName did not match any paths pattern @radix-ui/react-progress
2026-04-06T23:18:18.367Z next:jsconfig-paths-plugin moduleName did not match any paths pattern @radix-ui/react-select
2026-04-06T23:18:18.369Z next:jsconfig-paths-plugin moduleName did not match any paths pattern @radix-ui/react-progress
2026-04-06T23:18:18.369Z next:jsconfig-paths-plugin moduleName did not match any paths pattern @radix-ui/react-select
2026-04-06T23:18:18.370Z next:jsconfig-paths-plugin skipping request as it is inside node_modules ./render/dom/viewport/index.mjs
2026-04-06T23:18:18.443Z next:jsconfig-paths-plugin skipping request as it is inside node_modules ./events/event-info.mjs
2026-04-06T23:18:18.443Z next:jsconfig-paths-plugin skipping request as it is inside node_modules ./events/add-pointer-event.mjs
2026-04-06T23:18:18.443Z next:jsconfig-paths-plugin skipping request as it is inside node_modules ./events/use-dom-event.mjs
2026-04-06T23:18:18.451Z next:jsconfig-paths-plugin skipping request as it is inside node_modules ./utils/is-browser.mjs
2026-04-06T23:18:18.451Z next:jsconfig-paths-plugin skipping request as it is inside node_modules ./utils/use-composed-ref.mjs
2026-04-06T23:18:18.451Z next:jsconfig-paths-plugin skipping request as it is inside node_modules ./utils/use-force-update.mjs
2026-04-06T23:18:18.451Z next:jsconfig-paths-plugin skipping request as it is inside node_modules ./utils/use-isomorphic-effect.mjs
2026-04-06T23:18:18.451Z next:jsconfig-paths-plugin skipping request as it is inside node_modules ./utils/use-unmount-effect.mjs
2026-04-06T23:18:18.451Z next:jsconfig-paths-plugin skipping request as it is inside node_modules ./utils/use-motion-value-event.mjs
2026-04-06T23:18:18.451Z next:jsconfig-paths-plugin skipping request as it is inside node_modules ./utils/use-animation-frame.mjs
2026-04-06T23:18:18.451Z next:jsconfig-paths-plugin skipping request as it is inside node_modules ./utils/use-cycle.mjs
2026-04-06T23:18:18.452Z next:jsconfig-paths-plugin skipping request as it is inside node_modules ./utils/use-in-view.mjs
2026-04-06T23:18:18.452Z next:jsconfig-paths-plugin skipping request as it is inside node_modules ./utils/use-instant-transition.mjs
2026-04-06T23:18:18.452Z next:jsconfig-paths-plugin skipping request as it is inside node_modules ./utils/use-page-in-view.mjs
2026-04-06T23:18:18.452Z next:jsconfig-paths-plugin skipping request as it is inside node_modules ./utils/transform-rotated-parent.mjs
2026-04-06T23:18:18.452Z next:jsconfig-paths-plugin skipping request as it is inside node_modules ./utils/transform-viewbox-point.mjs
2026-04-06T23:18:18.482Z next:jsconfig-paths-plugin skipping request as it is inside node_modules ./value/use-motion-template.mjs
2026-04-06T23:18:18.482Z next:jsconfig-paths-plugin skipping request as it is inside node_modules ./value/use-motion-value.mjs
2026-04-06T23:18:18.506Z next:jsconfig-paths-plugin skipping request as it is inside node_modules ./value/use-scroll.mjs
2026-04-06T23:18:18.507Z next:jsconfig-paths-plugin skipping request as it is inside node_modules ./value/use-follow-value.mjs
2026-04-06T23:18:18.507Z next:jsconfig-paths-plugin skipping request as it is inside node_modules ./value/use-spring.mjs
2026-04-06T23:18:18.507Z next:jsconfig-paths-plugin skipping request as it is inside node_modules ./value/use-transform.mjs
2026-04-06T23:18:18.507Z next:jsconfig-paths-plugin skipping request as it is inside node_modules ./value/use-time.mjs
2026-04-06T23:18:18.507Z next:jsconfig-paths-plugin skipping request as it is inside node_modules ./value/use-velocity.mjs
2026-04-06T23:18:18.507Z next:jsconfig-paths-plugin skipping request as it is inside node_modules ./value/scroll/use-element-scroll.mjs
2026-04-06T23:18:18.507Z next:jsconfig-paths-plugin skipping request as it is inside node_modules ./value/scroll/use-viewport-scroll.mjs
2026-04-06T23:18:18.581Z next:jsconfig-paths-plugin skipping request as it is inside node_modules ./value/use-will-change/index.mjs
2026-04-06T23:18:18.581Z next:jsconfig-paths-plugin skipping request as it is inside node_modules ./value/use-will-change/WillChangeMotionValue.mjs
2026-04-06T23:18:18.583Z next:jsconfig-paths-plugin skipping request as it is inside node_modules ./utils/reduced-motion/use-reduced-motion.mjs
2026-04-06T23:18:18.583Z next:jsconfig-paths-plugin skipping request as it is inside node_modules ./utils/reduced-motion/use-reduced-motion-config.mjs
2026-04-06T23:18:18.623Z next:jsconfig-paths-plugin skipping request as it is inside node_modules ./value/use-inverted-scale.mjs
2026-04-06T23:18:18.671Z next:jsconfig-paths-plugin skipping request as it is inside node_modules ./utils/distance.mjs
2026-04-06T23:18:18.737Z next:jsconfig-paths-plugin moduleName did not match any paths pattern @radix-ui/react-tabs
2026-04-06T23:18:18.738Z next:jsconfig-paths-plugin moduleName did not match any paths pattern @radix-ui/react-dropdown-menu
2026-04-06T23:18:18.738Z next:jsconfig-paths-plugin moduleName did not match any paths pattern @radix-ui/react-avatar
2026-04-06T23:18:18.747Z next:jsconfig-paths-plugin moduleName did not match any paths pattern @radix-ui/react-tabs
2026-04-06T23:18:18.747Z next:jsconfig-paths-plugin moduleName did not match any paths pattern @radix-ui/react-dropdown-menu
2026-04-06T23:18:18.747Z next:jsconfig-paths-plugin moduleName did not match any paths pattern @radix-ui/react-avatar
2026-04-06T23:18:18.850Z next:jsconfig-paths-plugin skipping request as it is inside node_modules ./projection/use-instant-layout-transition.mjs
2026-04-06T23:18:18.850Z next:jsconfig-paths-plugin skipping request as it is inside node_modules ./projection/use-reset-projection.mjs
2026-04-06T23:18:18.882Z next:jsconfig-paths-plugin skipping request as it is inside node_modules ./context/LayoutGroupContext.mjs
2026-04-06T23:18:18.882Z next:jsconfig-paths-plugin skipping request as it is inside node_modules ./context/MotionConfigContext.mjs
2026-04-06T23:18:18.883Z next:jsconfig-paths-plugin skipping request as it is inside node_modules ./context/PresenceContext.mjs
2026-04-06T23:18:18.883Z next:jsconfig-paths-plugin skipping request as it is inside node_modules ./context/SwitchLayoutGroupContext.mjs
2026-04-06T23:18:18.883Z next:jsconfig-paths-plugin skipping request as it is inside node_modules ./context/DeprecatedLayoutGroupContext.mjs
2026-04-06T23:18:19.068Z next:jsconfig-paths-plugin skipping request as it is inside node_modules ./components/AnimateSharedLayout.mjs
2026-04-06T23:18:19.068Z next:jsconfig-paths-plugin skipping request as it is inside node_modules ./components/AnimatePresence/index.mjs
2026-04-06T23:18:19.068Z next:jsconfig-paths-plugin skipping request as it is inside node_modules ./components/AnimatePresence/PopChild.mjs
2026-04-06T23:18:19.068Z next:jsconfig-paths-plugin skipping request as it is inside node_modules ./components/AnimatePresence/PresenceChild.mjs
2026-04-06T23:18:19.068Z next:jsconfig-paths-plugin skipping request as it is inside node_modules ./components/AnimatePresence/use-presence.mjs
2026-04-06T23:18:19.068Z next:jsconfig-paths-plugin skipping request as it is inside node_modules ./components/AnimatePresence/use-presence-data.mjs
2026-04-06T23:18:19.068Z next:jsconfig-paths-plugin skipping request as it is inside node_modules ./components/LayoutGroup/index.mjs
2026-04-06T23:18:19.068Z next:jsconfig-paths-plugin skipping request as it is inside node_modules ./components/LazyMotion/index.mjs
2026-04-06T23:18:19.127Z next:jsconfig-paths-plugin skipping request as it is inside node_modules ./components/MotionConfig/index.mjs
2026-04-06T23:18:19.407Z next:jsconfig-paths-plugin skipping request as it is inside node_modules ./render/dom/scroll/index.mjs
2026-04-06T23:18:19.407Z next:jsconfig-paths-plugin skipping request as it is inside node_modules ./render/dom/scroll/track.mjs
2026-04-06T23:18:19.443Z next:jsconfig-paths-plugin skipping request as it is inside node_modules ./motion/features/animations.mjs
2026-04-06T23:18:19.444Z next:jsconfig-paths-plugin skipping request as it is inside node_modules ./motion/utils/use-visual-state.mjs
2026-04-06T23:18:19.444Z next:jsconfig-paths-plugin skipping request as it is inside node_modules ./motion/utils/unwrap-motion-component.mjs
2026-04-06T23:18:19.444Z next:jsconfig-paths-plugin skipping request as it is inside node_modules ./motion/utils/is-motion-component.mjs
2026-04-06T23:18:19.444Z next:jsconfig-paths-plugin skipping request as it is inside node_modules ./motion/utils/valid-prop.mjs
2026-04-06T23:18:19.508Z next:jsconfig-paths-plugin skipping request as it is inside node_modules ./render/dom/features-animation.mjs
2026-04-06T23:18:19.508Z next:jsconfig-paths-plugin skipping request as it is inside node_modules ./render/dom/features-max.mjs
2026-04-06T23:18:19.508Z next:jsconfig-paths-plugin skipping request as it is inside node_modules ./render/dom/features-min.mjs
2026-04-06T23:18:19.508Z next:jsconfig-paths-plugin skipping request as it is inside node_modules ./render/dom/utils/filter-props.mjs
2026-04-06T23:18:19.565Z next:jsconfig-paths-plugin skipping request as it is inside node_modules ./render/components/m/proxy.mjs
2026-04-06T23:18:19.565Z next:jsconfig-paths-plugin skipping request as it is inside node_modules ./render/components/motion/proxy.mjs
2026-04-06T23:18:19.642Z next:jsconfig-paths-plugin skipping request as it is inside node_modules ./animation/hooks/animation-controls.mjs
2026-04-06T23:18:19.642Z next:jsconfig-paths-plugin skipping request as it is inside node_modules ./animation/hooks/use-animate.mjs
2026-04-06T23:18:19.642Z next:jsconfig-paths-plugin skipping request as it is inside node_modules ./animation/hooks/use-animate-style.mjs
2026-04-06T23:18:19.642Z next:jsconfig-paths-plugin skipping request as it is inside node_modules ./animation/hooks/use-animation.mjs
2026-04-06T23:18:19.642Z next:jsconfig-paths-plugin skipping request as it is inside node_modules ./animation/hooks/use-animated-state.mjs
2026-04-06T23:18:19.642Z next:jsconfig-paths-plugin skipping request as it is inside node_modules ./animation/optimized-appear/start.mjs
2026-04-06T23:18:19.677Z next:jsconfig-paths-plugin skipping request as it is inside node_modules ./context/MotionContext/index.mjs
2026-04-06T23:18:19.686Z next:jsconfig-paths-plugin skipping request as it is inside node_modules ./components/Reorder/namespace.mjs
2026-04-06T23:18:19.687Z next:jsconfig-paths-plugin skipping request as it is inside node_modules ./animation/animate/index.mjs
2026-04-06T23:18:20.131Z next:jsconfig-paths-plugin skipping request as it is inside node_modules ./gestures/drag/use-drag-controls.mjs
2026-04-06T23:18:20.144Z next:jsconfig-paths-plugin skipping request as it is inside node_modules ./render/dom/viewport/index.mjs
2026-04-06T23:18:20.257Z next:jsconfig-paths-plugin moduleName did not match any paths pattern @radix-ui/react-label
2026-04-06T23:18:20.258Z next:jsconfig-paths-plugin moduleName did not match any paths pattern @radix-ui/react-dialog
2026-04-06T23:18:20.258Z next:jsconfig-paths-plugin moduleName did not match any paths pattern @radix-ui/react-switch
2026-04-06T23:18:20.258Z next:jsconfig-paths-plugin moduleName did not match any paths pattern @radix-ui/react-separator
2026-04-06T23:18:20.260Z next:jsconfig-paths-plugin moduleName did not match any paths pattern @radix-ui/react-label
2026-04-06T23:18:20.261Z next:jsconfig-paths-plugin moduleName did not match any paths pattern @radix-ui/react-dialog
2026-04-06T23:18:20.261Z next:jsconfig-paths-plugin moduleName did not match any paths pattern @radix-ui/react-switch
2026-04-06T23:18:20.261Z next:jsconfig-paths-plugin moduleName did not match any paths pattern @radix-ui/react-separator
2026-04-06T23:18:20.290Z next:jsconfig-paths-plugin skipping request as it is inside node_modules ./animation/animators/waapi/animate-style.mjs
2026-04-06T23:18:20.406Z next:jsconfig-paths-plugin skipping request as it is inside node_modules ./cartesian/Area
2026-04-06T23:18:20.406Z next:jsconfig-paths-plugin skipping request as it is inside node_modules ./chart/AreaChart
2026-04-06T23:18:20.406Z next:jsconfig-paths-plugin skipping request as it is inside node_modules ./cartesian/Bar
2026-04-06T23:18:20.406Z next:jsconfig-paths-plugin skipping request as it is inside node_modules ./chart/BarChart
2026-04-06T23:18:20.406Z next:jsconfig-paths-plugin skipping request as it is inside node_modules ./cartesian/CartesianGrid
2026-04-06T23:18:20.406Z next:jsconfig-paths-plugin skipping request as it is inside node_modules ./component/Cell
2026-04-06T23:18:20.407Z next:jsconfig-paths-plugin skipping request as it is inside node_modules ./component/Legend
2026-04-06T23:18:20.407Z next:jsconfig-paths-plugin skipping request as it is inside node_modules ./cartesian/Line
2026-04-06T23:18:20.407Z next:jsconfig-paths-plugin skipping request as it is inside node_modules ./chart/LineChart
2026-04-06T23:18:20.407Z next:jsconfig-paths-plugin skipping request as it is inside node_modules ./polar/Pie
2026-04-06T23:18:20.410Z next:jsconfig-paths-plugin skipping request as it is an absolute path C:\Users\Ahmed Amin Bejoui\Desktop\ai-code-review-platform\apps\dashboard\components\ui\badge
2026-04-06T23:18:20.411Z next:jsconfig-paths-plugin skipping request as it is an absolute path C:\Users\Ahmed Amin Bejoui\Desktop\ai-code-review-platform\apps\dashboard\components\ui\card
2026-04-06T23:18:20.411Z next:jsconfig-paths-plugin skipping request as it is an absolute path C:\Users\Ahmed Amin Bejoui\Desktop\ai-code-review-platform\apps\dashboard\lib\utils
2026-04-06T23:18:20.412Z next:jsconfig-paths-plugin skipping request as it is inside node_modules ./cartesian/Area
2026-04-06T23:18:20.412Z next:jsconfig-paths-plugin skipping request as it is inside node_modules ./chart/AreaChart
2026-04-06T23:18:20.412Z next:jsconfig-paths-plugin skipping request as it is inside node_modules ./cartesian/Bar
2026-04-06T23:18:20.412Z next:jsconfig-paths-plugin skipping request as it is inside node_modules ./chart/BarChart
2026-04-06T23:18:20.412Z next:jsconfig-paths-plugin skipping request as it is inside node_modules ./cartesian/CartesianGrid
2026-04-06T23:18:20.412Z next:jsconfig-paths-plugin skipping request as it is inside node_modules ./component/Cell
2026-04-06T23:18:20.412Z next:jsconfig-paths-plugin skipping request as it is inside node_modules ./component/Legend
2026-04-06T23:18:20.413Z next:jsconfig-paths-plugin skipping request as it is inside node_modules ./cartesian/Line
2026-04-06T23:18:20.413Z next:jsconfig-paths-plugin skipping request as it is inside node_modules ./chart/LineChart
2026-04-06T23:18:20.413Z next:jsconfig-paths-plugin skipping request as it is inside node_modules ./polar/Pie
2026-04-06T23:18:20.421Z next:jsconfig-paths-plugin skipping request as it is an absolute path C:\Users\Ahmed Amin Bejoui\Desktop\ai-code-review-platform\apps\dashboard\lib\utils
2026-04-06T23:18:20.421Z next:jsconfig-paths-plugin skipping request as it is an absolute path C:\Users\Ahmed Amin Bejoui\Desktop\ai-code-review-platform\apps\dashboard\components\ui\badge
2026-04-06T23:18:20.422Z next:jsconfig-paths-plugin skipping request as it is an absolute path C:\Users\Ahmed Amin Bejoui\Desktop\ai-code-review-platform\apps\dashboard\components\ui\card
2026-04-06T23:18:20.455Z next:jsconfig-paths-plugin skipping request as it is a relative path ./dashboard-analyses
2026-04-06T23:18:20.457Z next:jsconfig-paths-plugin skipping request as it is inside node_modules ./icons/building.js
2026-04-06T23:18:20.457Z next:jsconfig-paths-plugin skipping request as it is inside node_modules ./icons/x.js
2026-04-06T23:18:20.457Z next:jsconfig-paths-plugin skipping request as it is inside node_modules ./icons/circle.js
2026-04-06T23:18:20.457Z next:jsconfig-paths-plugin skipping request as it is an absolute path C:\Users\Ahmed Amin Bejoui\Desktop\ai-code-review-platform\apps\dashboard\lib\utils
2026-04-06T23:18:20.457Z next:jsconfig-paths-plugin skipping request as it is an absolute path C:\Users\Ahmed Amin Bejoui\Desktop\ai-code-review-platform\apps\dashboard\components\ui\badge
2026-04-06T23:18:20.457Z next:jsconfig-paths-plugin skipping request as it is an absolute path C:\Users\Ahmed Amin Bejoui\Desktop\ai-code-review-platform\apps\dashboard\components\ui\card
2026-04-06T23:18:20.457Z next:jsconfig-paths-plugin skipping request as it is an absolute path C:\Users\Ahmed Amin Bejoui\Desktop\ai-code-review-platform\apps\dashboard\components\ui\scroll-area
2026-04-06T23:18:20.457Z next:jsconfig-paths-plugin skipping request as it is a relative path ./dashboard-analyses
2026-04-06T23:18:20.458Z next:jsconfig-paths-plugin skipping request as it is a relative path ./dashboard-analyses
2026-04-06T23:18:20.461Z next:jsconfig-paths-plugin skipping request as it is an absolute path C:\Users\Ahmed Amin Bejoui\Desktop\ai-code-review-platform\apps\dashboard\lib\utils
2026-04-06T23:18:20.462Z next:jsconfig-paths-plugin skipping request as it is an absolute path C:\Users\Ahmed Amin Bejoui\Desktop\ai-code-review-platform\apps\dashboard\components\ui\badge
2026-04-06T23:18:20.462Z next:jsconfig-paths-plugin skipping request as it is an absolute path C:\Users\Ahmed Amin Bejoui\Desktop\ai-code-review-platform\apps\dashboard\components\ui\card
2026-04-06T23:18:20.467Z next:jsconfig-paths-plugin skipping request as it is a relative path ./dashboard-analyses
2026-04-06T23:18:20.467Z next:jsconfig-paths-plugin skipping request as it is a relative path ./dashboard-analyses
2026-04-06T23:18:20.467Z next:jsconfig-paths-plugin skipping request as it is a relative path ./dashboard-analyses
2026-04-06T23:18:20.468Z next:jsconfig-paths-plugin skipping request as it is a relative path ./dashboard-analyses
2026-04-06T23:18:20.479Z next:jsconfig-paths-plugin skipping request as it is inside node_modules react
2026-04-06T23:18:20.480Z next:jsconfig-paths-plugin skipping request as it is inside node_modules ../../client/components/hooks-server-context
2026-04-06T23:18:20.480Z next:jsconfig-paths-plugin skipping request as it is inside node_modules ../../client/components/static-generation-bailout
2026-04-06T23:18:20.480Z next:jsconfig-paths-plugin skipping request as it is inside node_modules ../../lib/url
2026-04-06T23:18:20.480Z next:jsconfig-paths-plugin skipping request as it is inside node_modules next/dist/server/future/route-modules/app-page/vendored/ssr/react
2026-04-06T23:18:20.481Z next:jsconfig-paths-plugin skipping request as it is inside node_modules C:\Users\Ahmed Amin Bejoui\Desktop\ai-code-review-platform\apps\dashboard\node_modules\next/dist/server/future/route-modules/app-page/vendored/ssr/react
2026-04-06T23:18:20.482Z next:jsconfig-paths-plugin skipping request as it is inside node_modules ../../client/components/hooks-server-context
2026-04-06T23:18:20.482Z next:jsconfig-paths-plugin skipping request as it is inside node_modules ../../client/components/static-generation-bailout
2026-04-06T23:18:20.482Z next:jsconfig-paths-plugin skipping request as it is inside node_modules react
2026-04-06T23:18:20.483Z next:jsconfig-paths-plugin skipping request as it is inside node_modules next/dist/server/future/route-modules/app-page/vendored/ssr/react
2026-04-06T23:18:20.483Z next:jsconfig-paths-plugin skipping request as it is inside node_modules C:\Users\Ahmed Amin Bejoui\Desktop\ai-code-review-platform\apps\dashboard\node_modules\next/dist/server/future/route-modules/app-page/vendored/ssr/react
2026-04-06T23:18:20.536Z next:jsconfig-paths-plugin skipping request as it is inside node_modules ./chart/PieChart
2026-04-06T23:18:20.537Z next:jsconfig-paths-plugin skipping request as it is inside node_modules ./component/ResponsiveContainer
2026-04-06T23:18:20.537Z next:jsconfig-paths-plugin skipping request as it is inside node_modules ./component/Tooltip
2026-04-06T23:18:20.537Z next:jsconfig-paths-plugin skipping request as it is inside node_modules ./cartesian/XAxis
2026-04-06T23:18:20.537Z next:jsconfig-paths-plugin skipping request as it is inside node_modules ./cartesian/YAxis
2026-04-06T23:18:20.537Z next:jsconfig-paths-plugin skipping request as it is a relative path ./dashboard-analyses
2026-04-06T23:18:20.538Z next:jsconfig-paths-plugin skipping request as it is a relative path ./dashboard-analyses
2026-04-06T23:18:20.538Z next:jsconfig-paths-plugin skipping request as it is inside node_modules ./chart/PieChart
2026-04-06T23:18:20.538Z next:jsconfig-paths-plugin skipping request as it is inside node_modules ./component/ResponsiveContainer
2026-04-06T23:18:20.538Z next:jsconfig-paths-plugin skipping request as it is inside node_modules ./component/Tooltip
2026-04-06T23:18:20.538Z next:jsconfig-paths-plugin skipping request as it is inside node_modules ./cartesian/XAxis
2026-04-06T23:18:20.538Z next:jsconfig-paths-plugin skipping request as it is inside node_modules ./cartesian/YAxis
2026-04-06T23:18:20.584Z next:jsconfig-paths-plugin skipping request as it is a relative path ./dashboard-analyses
2026-04-06T23:18:20.584Z next:jsconfig-paths-plugin skipping request as it is inside node_modules ./icons/chevron-up.js
2026-04-06T23:18:20.585Z next:jsconfig-paths-plugin skipping request as it is a relative path ./dashboard-analyses
2026-04-06T23:18:20.703Z next:jsconfig-paths-plugin skipping request as it is an absolute path C:\Users\Ahmed Amin Bejoui\Desktop\ai-code-review-platform\apps\dashboard\components\ui\scroll-area
2026-04-06T23:18:20.703Z next:jsconfig-paths-plugin skipping request as it is an absolute path C:\Users\Ahmed Amin Bejoui\Desktop\ai-code-review-platform\apps\dashboard\components\ui\scroll-area
2026-04-06T23:18:20.704Z next:jsconfig-paths-plugin skipping request as it is an absolute path C:\Users\Ahmed Amin Bejoui\Desktop\ai-code-review-platform\apps\dashboard\components\ui\scroll-area
2026-04-06T23:18:20.705Z next:jsconfig-paths-plugin skipping request as it is an absolute path C:\Users\Ahmed Amin Bejoui\Desktop\ai-code-review-platform\apps\dashboard\components\ui\scroll-area
2026-04-06T23:18:20.711Z next:jsconfig-paths-plugin skipping request as it is inside node_modules ./render/dom/scroll/index.mjs
2026-04-06T23:18:20.711Z next:jsconfig-paths-plugin skipping request as it is inside node_modules ./render/dom/scroll/track.mjs
2026-04-06T23:18:21.050Z next:jsconfig-paths-plugin skipping request as it is inside node_modules ./icons/circle.js
2026-04-06T23:18:21.073Z next:jsconfig-paths-plugin skipping request as it is inside node_modules ./icons/x.js
2026-04-06T23:18:21.074Z next:jsconfig-paths-plugin skipping request as it is inside node_modules ./icons/building.js
2026-04-06T23:18:21.485Z next:jsconfig-paths-plugin skipping request as it is inside node_modules react
2026-04-06T23:18:21.485Z next:jsconfig-paths-plugin skipping request as it is inside node_modules ./chunk-BUI34B34.mjs
2026-04-06T23:18:21.485Z next:jsconfig-paths-plugin skipping request as it is inside node_modules ./chunk-THNCS7QR.mjs
2026-04-06T23:18:21.485Z next:jsconfig-paths-plugin skipping request as it is inside node_modules ./chunk-3EQWAEPK.mjs
2026-04-06T23:18:21.485Z next:jsconfig-paths-plugin skipping request as it is inside node_modules ./chunk-OANWQR3B.mjs
2026-04-06T23:18:21.485Z next:jsconfig-paths-plugin skipping request as it is inside node_modules @clerk/shared/loadClerkJsScript
2026-04-06T23:18:21.485Z next:jsconfig-paths-plugin skipping request as it is inside node_modules react
2026-04-06T23:18:21.486Z next:jsconfig-paths-plugin skipping request as it is inside node_modules @clerk/shared/keys
2026-04-06T23:18:21.486Z next:jsconfig-paths-plugin skipping request as it is inside node_modules @clerk/shared/deriveState
2026-04-06T23:18:21.486Z next:jsconfig-paths-plugin skipping request as it is inside node_modules @clerk/shared/react
2026-04-06T23:18:21.486Z next:jsconfig-paths-plugin skipping request as it is inside node_modules @clerk/shared/browser
2026-04-06T23:18:21.486Z next:jsconfig-paths-plugin skipping request as it is inside node_modules @clerk/shared/clerkEventBus
2026-04-06T23:18:21.486Z next:jsconfig-paths-plugin skipping request as it is inside node_modules @clerk/shared/utils
2026-04-06T23:18:21.514Z next:jsconfig-paths-plugin skipping request as it is inside node_modules ./generateCategoricalChart
2026-04-06T23:18:21.514Z next:jsconfig-paths-plugin skipping request as it is inside node_modules ../cartesian/Area
2026-04-06T23:18:21.514Z next:jsconfig-paths-plugin skipping request as it is inside node_modules ../cartesian/XAxis
2026-04-06T23:18:21.514Z next:jsconfig-paths-plugin skipping request as it is inside node_modules ../cartesian/YAxis
2026-04-06T23:18:21.517Z next:jsconfig-paths-plugin skipping request as it is inside node_modules ../util/CartesianUtils
2026-04-06T23:18:21.517Z next:jsconfig-paths-plugin skipping request as it is inside node_modules ../polar/PolarAngleAxis
2026-04-06T23:18:21.518Z next:jsconfig-paths-plugin skipping request as it is inside node_modules ../polar/PolarRadiusAxis
2026-04-06T23:18:21.518Z next:jsconfig-paths-plugin skipping request as it is inside node_modules ../util/PolarUtils
2026-04-06T23:18:21.518Z next:jsconfig-paths-plugin skipping request as it is inside node_modules ../polar/Pie
2026-04-06T23:18:21.518Z next:jsconfig-paths-plugin skipping request as it is inside node_modules ../../shared/lib/lazy-dynamic/bailout-to-csr
2026-04-06T23:18:21.518Z next:jsconfig-paths-plugin skipping request as it is inside node_modules ./request-async-storage.external
2026-04-06T23:18:21.518Z next:jsconfig-paths-plugin skipping request as it is inside node_modules ./action-async-storage.external
2026-04-06T23:18:21.518Z next:jsconfig-paths-plugin skipping request as it is inside node_modules ./redirect-status-code
2026-04-06T23:18:21.520Z next:jsconfig-paths-plugin skipping request as it is inside node_modules ../cartesian/Area
2026-04-06T23:18:21.520Z next:jsconfig-paths-plugin skipping request as it is inside node_modules ../cartesian/XAxis
2026-04-06T23:18:21.520Z next:jsconfig-paths-plugin skipping request as it is inside node_modules ../cartesian/YAxis
2026-04-06T23:18:21.520Z next:jsconfig-paths-plugin skipping request as it is inside node_modules ../polar/Pie
2026-04-06T23:18:21.520Z next:jsconfig-paths-plugin skipping request as it is inside node_modules ../cartesian/Area
2026-04-06T23:18:21.520Z next:jsconfig-paths-plugin skipping request as it is inside node_modules ../cartesian/XAxis
2026-04-06T23:18:21.521Z next:jsconfig-paths-plugin skipping request as it is inside node_modules ../cartesian/YAxis
2026-04-06T23:18:21.521Z next:jsconfig-paths-plugin skipping request as it is inside node_modules ../polar/Pie
2026-04-06T23:18:21.550Z next:jsconfig-paths-plugin skipping request as it is inside node_modules react
2026-04-06T23:18:21.550Z next:jsconfig-paths-plugin skipping request as it is inside node_modules ../cartesian/Area
2026-04-06T23:18:21.550Z next:jsconfig-paths-plugin skipping request as it is inside node_modules ../cartesian/XAxis
2026-04-06T23:18:21.550Z next:jsconfig-paths-plugin skipping request as it is inside node_modules ../cartesian/YAxis
2026-04-06T23:18:21.550Z next:jsconfig-paths-plugin skipping request as it is inside node_modules ../polar/Pie
2026-04-06T23:18:21.550Z next:jsconfig-paths-plugin skipping request as it is inside node_modules next/dist/server/future/route-modules/app-page/vendored/ssr/react
2026-04-06T23:18:21.550Z next:jsconfig-paths-plugin skipping request as it is inside node_modules C:\Users\Ahmed Amin Bejoui\Desktop\ai-code-review-platform\apps\dashboard\node_modules\next/dist/server/future/route-modules/app-page/vendored/ssr/react
2026-04-06T23:18:21.554Z next:jsconfig-paths-plugin skipping request as it is inside node_modules ../cartesian/Area
2026-04-06T23:18:21.554Z next:jsconfig-paths-plugin skipping request as it is inside node_modules ../cartesian/XAxis
2026-04-06T23:18:21.554Z next:jsconfig-paths-plugin skipping request as it is inside node_modules ../cartesian/YAxis
2026-04-06T23:18:21.554Z next:jsconfig-paths-plugin skipping request as it is inside node_modules ../polar/Pie
2026-04-06T23:18:22.149Z next:jsconfig-paths-plugin skipping request as it is inside node_modules ../../lib/url
2026-04-06T23:18:22.150Z next:jsconfig-paths-plugin skipping request as it is inside node_modules ./generateCategoricalChart
2026-04-06T23:18:22.150Z next:jsconfig-paths-plugin skipping request as it is inside node_modules ./generateCategoricalChart
2026-04-06T23:18:22.151Z next:jsconfig-paths-plugin skipping request as it is inside node_modules ./generateCategoricalChart
2026-04-06T23:18:22.151Z next:jsconfig-paths-plugin skipping request as it is inside node_modules ./generateCategoricalChart
2026-04-06T23:18:22.151Z next:jsconfig-paths-plugin skipping request as it is inside node_modules ./generateCategoricalChart
2026-04-06T23:18:22.152Z next:jsconfig-paths-plugin skipping request as it is inside node_modules ../polar/PolarAngleAxis
2026-04-06T23:18:22.152Z next:jsconfig-paths-plugin skipping request as it is inside node_modules ../polar/PolarAngleAxis
2026-04-06T23:18:22.152Z next:jsconfig-paths-plugin skipping request as it is inside node_modules ../polar/PolarAngleAxis
2026-04-06T23:18:22.167Z next:jsconfig-paths-plugin skipping request as it is inside node_modules ../polar/PolarRadiusAxis
2026-04-06T23:18:22.182Z next:jsconfig-paths-plugin skipping request as it is inside node_modules ../polar/PolarRadiusAxis
2026-04-06T23:18:22.183Z next:jsconfig-paths-plugin skipping request as it is inside node_modules ../polar/PolarRadiusAxis
2026-04-06T23:18:22.194Z next:jsconfig-paths-plugin skipping request as it is inside node_modules ./generateCategoricalChart
2026-04-06T23:18:22.195Z next:jsconfig-paths-plugin skipping request as it is inside node_modules ../cartesian/XAxis
2026-04-06T23:18:22.195Z next:jsconfig-paths-plugin skipping request as it is inside node_modules ../cartesian/YAxis
2026-04-06T23:18:22.195Z next:jsconfig-paths-plugin skipping request as it is inside node_modules ./generateCategoricalChart
2026-04-06T23:18:22.196Z next:jsconfig-paths-plugin skipping request as it is inside node_modules ../cartesian/XAxis
2026-04-06T23:18:22.196Z next:jsconfig-paths-plugin skipping request as it is inside node_modules ../cartesian/YAxis
2026-04-06T23:18:22.197Z next:jsconfig-paths-plugin skipping request as it is inside node_modules ./generateCategoricalChart
2026-04-06T23:18:22.198Z next:jsconfig-paths-plugin skipping request as it is inside node_modules ../cartesian/XAxis
2026-04-06T23:18:22.198Z next:jsconfig-paths-plugin skipping request as it is inside node_modules ../cartesian/YAxis
2026-04-06T23:18:22.198Z next:jsconfig-paths-plugin skipping request as it is inside node_modules ./generateCategoricalChart
2026-04-06T23:18:22.199Z next:jsconfig-paths-plugin skipping request as it is inside node_modules ../cartesian/XAxis
2026-04-06T23:18:22.199Z next:jsconfig-paths-plugin skipping request as it is inside node_modules ../cartesian/YAxis
2026-04-06T23:18:22.207Z next:jsconfig-paths-plugin skipping request as it is inside node_modules ../cartesian/Line
2026-04-06T23:18:22.208Z next:jsconfig-paths-plugin skipping request as it is inside node_modules ../cartesian/Bar
2026-04-06T23:18:22.208Z next:jsconfig-paths-plugin skipping request as it is inside node_modules react
2026-04-06T23:18:22.209Z next:jsconfig-paths-plugin skipping request as it is inside node_modules clsx
2026-04-06T23:18:22.210Z next:jsconfig-paths-plugin skipping request as it is inside node_modules react-smooth
2026-04-06T23:18:22.210Z next:jsconfig-paths-plugin skipping request as it is inside node_modules lodash/isEqual
2026-04-06T23:18:22.210Z next:jsconfig-paths-plugin skipping request as it is inside node_modules lodash/isNil
2026-04-06T23:18:22.210Z next:jsconfig-paths-plugin skipping request as it is inside node_modules ../container/Layer
2026-04-06T23:18:22.212Z next:jsconfig-paths-plugin skipping request as it is inside node_modules ./ErrorBar
2026-04-06T23:18:22.212Z next:jsconfig-paths-plugin skipping request as it is inside node_modules ../component/Cell
2026-04-06T23:18:22.212Z next:jsconfig-paths-plugin skipping request as it is inside node_modules ../component/LabelList
2026-04-06T23:18:22.212Z next:jsconfig-paths-plugin skipping request as it is inside node_modules ../util/DataUtils
2026-04-06T23:18:22.212Z next:jsconfig-paths-plugin skipping request as it is inside node_modules ../util/ReactUtils
2026-04-06T23:18:22.212Z next:jsconfig-paths-plugin skipping request as it is inside node_modules ../util/Global
2026-04-06T23:18:22.212Z next:jsconfig-paths-plugin skipping request as it is inside node_modules ../util/ChartUtils
2026-04-06T23:18:22.212Z next:jsconfig-paths-plugin skipping request as it is inside node_modules ../util/types
2026-04-06T23:18:22.212Z next:jsconfig-paths-plugin skipping request as it is inside node_modules ../util/BarUtils
2026-04-06T23:18:22.212Z next:jsconfig-paths-plugin skipping request as it is inside node_modules lodash/isFunction
2026-04-06T23:18:22.213Z next:jsconfig-paths-plugin skipping request as it is inside node_modules ../util/LogUtils
2026-04-06T23:18:22.213Z next:jsconfig-paths-plugin skipping request as it is inside node_modules ./getTicks
2026-04-06T23:18:22.213Z next:jsconfig-paths-plugin skipping request as it is inside node_modules ./CartesianAxis
2026-04-06T23:18:22.213Z next:jsconfig-paths-plugin skipping request as it is inside node_modules ../context/chartLayoutContext
2026-04-06T23:18:22.213Z next:jsconfig-paths-plugin skipping request as it is inside node_modules ../shape/Curve
2026-04-06T23:18:22.214Z next:jsconfig-paths-plugin skipping request as it is inside node_modules ../shape/Dot
2026-04-06T23:18:22.216Z next:jsconfig-paths-plugin skipping request as it is inside node_modules ../cartesian/Line
2026-04-06T23:18:22.216Z next:jsconfig-paths-plugin skipping request as it is inside node_modules ../cartesian/Bar
2026-04-06T23:18:22.217Z next:jsconfig-paths-plugin skipping request as it is inside node_modules ../component/Cell
2026-04-06T23:18:22.217Z next:jsconfig-paths-plugin skipping request as it is inside node_modules ../cartesian/Line
2026-04-06T23:18:22.217Z next:jsconfig-paths-plugin skipping request as it is inside node_modules ../cartesian/Bar
2026-04-06T23:18:22.217Z next:jsconfig-paths-plugin skipping request as it is inside node_modules ../component/Cell
2026-04-06T23:18:22.218Z next:jsconfig-paths-plugin skipping request as it is inside node_modules ../cartesian/Line
2026-04-06T23:18:22.219Z next:jsconfig-paths-plugin skipping request as it is inside node_modules ../cartesian/Bar
2026-04-06T23:18:22.219Z next:jsconfig-paths-plugin skipping request as it is inside node_modules ../component/Cell
2026-04-06T23:18:22.240Z next:jsconfig-paths-plugin skipping request as it is inside node_modules ../cartesian/Line
2026-04-06T23:18:22.241Z next:jsconfig-paths-plugin skipping request as it is inside node_modules ../cartesian/Bar
2026-04-06T23:18:22.242Z next:jsconfig-paths-plugin skipping request as it is inside node_modules ../component/Cell
2026-04-06T23:18:22.282Z next:jsconfig-paths-plugin skipping request as it is inside node_modules ./icons/chevron-up.js
2026-04-06T23:18:22.322Z next:jsconfig-paths-plugin skipping request as it is inside node_modules ./chunk-3EQWAEPK.mjs
2026-04-06T23:18:22.324Z next:jsconfig-paths-plugin skipping request as it is inside node_modules ./chunk-BUI34B34.mjs
2026-04-06T23:18:22.326Z next:jsconfig-paths-plugin skipping request as it is inside node_modules ./chunk-THNCS7QR.mjs
2026-04-06T23:18:22.328Z next:jsconfig-paths-plugin skipping request as it is inside node_modules ./chunk-OANWQR3B.mjs
2026-04-06T23:18:22.329Z next:jsconfig-paths-plugin skipping request as it is inside node_modules ../util/CartesianUtils
2026-04-06T23:18:22.329Z next:jsconfig-paths-plugin skipping request as it is inside node_modules ../util/CartesianUtils
2026-04-06T23:18:22.329Z next:jsconfig-paths-plugin skipping request as it is inside node_modules ../util/CartesianUtils
2026-04-06T23:18:22.330Z next:jsconfig-paths-plugin skipping request as it is inside node_modules ../util/CartesianUtils
2026-04-06T23:18:22.330Z next:jsconfig-paths-plugin skipping request as it is inside node_modules ../util/CartesianUtils
2026-04-06T23:18:22.330Z next:jsconfig-paths-plugin skipping request as it is inside node_modules ../util/CartesianUtils
2026-04-06T23:18:22.331Z next:jsconfig-paths-plugin skipping request as it is inside node_modules ../util/CartesianUtils
2026-04-06T23:18:22.332Z next:jsconfig-paths-plugin skipping request as it is inside node_modules ../util/PolarUtils
2026-04-06T23:18:22.332Z next:jsconfig-paths-plugin skipping request as it is inside node_modules ../util/PolarUtils
2026-04-06T23:18:22.333Z next:jsconfig-paths-plugin skipping request as it is inside node_modules ../util/PolarUtils
2026-04-06T23:18:22.347Z next:jsconfig-paths-plugin skipping request as it is inside node_modules ./ErrorBar
2026-04-06T23:18:22.347Z next:jsconfig-paths-plugin skipping request as it is inside node_modules ./ErrorBar
2026-04-06T23:18:22.347Z next:jsconfig-paths-plugin skipping request as it is inside node_modules ./ErrorBar
2026-04-06T23:18:22.347Z next:jsconfig-paths-plugin skipping request as it is inside node_modules ./ErrorBar
2026-04-06T23:18:22.348Z next:jsconfig-paths-plugin skipping request as it is inside node_modules ./ErrorBar
2026-04-06T23:18:22.349Z next:jsconfig-paths-plugin skipping request as it is inside node_modules ../component/LabelList
2026-04-06T23:18:22.349Z next:jsconfig-paths-plugin skipping request as it is inside node_modules ../component/LabelList
2026-04-06T23:18:22.350Z next:jsconfig-paths-plugin skipping request as it is inside node_modules ../component/LabelList
2026-04-06T23:18:22.350Z next:jsconfig-paths-plugin skipping request as it is inside node_modules ../component/LabelList
2026-04-06T23:18:22.351Z next:jsconfig-paths-plugin skipping request as it is inside node_modules ../component/LabelList
2026-04-06T23:18:22.353Z next:jsconfig-paths-plugin skipping request as it is inside node_modules ../util/DataUtils
2026-04-06T23:18:22.353Z next:jsconfig-paths-plugin skipping request as it is inside node_modules ../util/DataUtils
2026-04-06T23:18:22.353Z next:jsconfig-paths-plugin skipping request as it is inside node_modules ../util/DataUtils
2026-04-06T23:18:22.384Z next:jsconfig-paths-plugin skipping request as it is inside node_modules ../util/DataUtils
2026-04-06T23:18:22.384Z next:jsconfig-paths-plugin skipping request as it is inside node_modules ../util/DataUtils
2026-04-06T23:18:22.385Z next:jsconfig-paths-plugin skipping request as it is inside node_modules ../util/DataUtils
2026-04-06T23:18:22.385Z next:jsconfig-paths-plugin skipping request as it is inside node_modules ../util/DataUtils
2026-04-06T23:18:22.386Z next:jsconfig-paths-plugin skipping request as it is inside node_modules ../util/ReactUtils
2026-04-06T23:18:22.386Z next:jsconfig-paths-plugin skipping request as it is inside node_modules ../util/ReactUtils
2026-04-06T23:18:22.386Z next:jsconfig-paths-plugin skipping request as it is inside node_modules ../util/ReactUtils
2026-04-06T23:18:22.399Z next:jsconfig-paths-plugin skipping request as it is inside node_modules ../util/ReactUtils
2026-04-06T23:18:22.399Z next:jsconfig-paths-plugin skipping request as it is inside node_modules ../util/ReactUtils
2026-04-06T23:18:22.399Z next:jsconfig-paths-plugin skipping request as it is inside node_modules ../util/ReactUtils
2026-04-06T23:18:22.400Z next:jsconfig-paths-plugin skipping request as it is inside node_modules ../util/ReactUtils
2026-04-06T23:18:22.401Z next:jsconfig-paths-plugin skipping request as it is inside node_modules ../util/Global
2026-04-06T23:18:22.401Z next:jsconfig-paths-plugin skipping request as it is inside node_modules ../util/Global
2026-04-06T23:18:22.401Z next:jsconfig-paths-plugin skipping request as it is inside node_modules ../util/Global
2026-04-06T23:18:22.401Z next:jsconfig-paths-plugin skipping request as it is inside node_modules ../util/Global
2026-04-06T23:18:22.402Z next:jsconfig-paths-plugin skipping request as it is inside node_modules ../util/Global
2026-04-06T23:18:22.402Z next:jsconfig-paths-plugin skipping request as it is inside node_modules ../util/ChartUtils
2026-04-06T23:18:22.403Z next:jsconfig-paths-plugin skipping request as it is inside node_modules ../util/ChartUtils
2026-04-06T23:18:22.403Z next:jsconfig-paths-plugin skipping request as it is inside node_modules ../util/ChartUtils
2026-04-06T23:18:22.403Z next:jsconfig-paths-plugin skipping request as it is inside node_modules ../util/ChartUtils
2026-04-06T23:18:22.403Z next:jsconfig-paths-plugin skipping request as it is inside node_modules ../util/ChartUtils
2026-04-06T23:18:22.403Z next:jsconfig-paths-plugin skipping request as it is inside node_modules ../util/ChartUtils
2026-04-06T23:18:22.403Z next:jsconfig-paths-plugin skipping request as it is inside node_modules ../util/ChartUtils
2026-04-06T23:18:22.403Z next:jsconfig-paths-plugin skipping request as it is inside node_modules ../util/ChartUtils
2026-04-06T23:18:22.403Z next:jsconfig-paths-plugin skipping request as it is inside node_modules ../util/ChartUtils
2026-04-06T23:18:22.403Z next:jsconfig-paths-plugin skipping request as it is inside node_modules ../util/ChartUtils
2026-04-06T23:18:22.404Z next:jsconfig-paths-plugin skipping request as it is inside node_modules ../util/ChartUtils
2026-04-06T23:18:22.405Z next:jsconfig-paths-plugin skipping request as it is inside node_modules ../util/types
2026-04-06T23:18:22.405Z next:jsconfig-paths-plugin skipping request as it is inside node_modules ../util/types
2026-04-06T23:18:22.406Z next:jsconfig-paths-plugin skipping request as it is inside node_modules ../util/types
2026-04-06T23:18:22.419Z next:jsconfig-paths-plugin skipping request as it is inside node_modules ../util/BarUtils
2026-04-06T23:18:22.419Z next:jsconfig-paths-plugin skipping request as it is inside node_modules ../util/BarUtils
2026-04-06T23:18:22.419Z next:jsconfig-paths-plugin skipping request as it is inside node_modules ../util/BarUtils
2026-04-06T23:18:22.420Z next:jsconfig-paths-plugin skipping request as it is inside node_modules ../util/LogUtils
2026-04-06T23:18:22.420Z next:jsconfig-paths-plugin skipping request as it is inside node_modules ../util/LogUtils
2026-04-06T23:18:22.421Z next:jsconfig-paths-plugin skipping request as it is inside node_modules ../util/LogUtils
2026-04-06T23:18:22.422Z next:jsconfig-paths-plugin skipping request as it is inside node_modules ./getTicks
2026-04-06T23:18:22.422Z next:jsconfig-paths-plugin skipping request as it is inside node_modules ./getTicks
2026-04-06T23:18:22.423Z next:jsconfig-paths-plugin skipping request as it is inside node_modules ./getTicks
2026-04-06T23:18:22.448Z next:jsconfig-paths-plugin skipping request as it is inside node_modules ./CartesianAxis
2026-04-06T23:18:22.448Z next:jsconfig-paths-plugin skipping request as it is inside node_modules ./CartesianAxis
2026-04-06T23:18:22.448Z next:jsconfig-paths-plugin skipping request as it is inside node_modules ./CartesianAxis
2026-04-06T23:18:22.448Z next:jsconfig-paths-plugin skipping request as it is inside node_modules ./CartesianAxis
2026-04-06T23:18:22.448Z next:jsconfig-paths-plugin skipping request as it is inside node_modules ./CartesianAxis
2026-04-06T23:18:22.448Z next:jsconfig-paths-plugin skipping request as it is inside node_modules ./CartesianAxis
2026-04-06T23:18:22.449Z next:jsconfig-paths-plugin skipping request as it is inside node_modules ./CartesianAxis
2026-04-06T23:18:22.452Z next:jsconfig-paths-plugin skipping request as it is inside node_modules lodash/max
2026-04-06T23:18:22.453Z next:jsconfig-paths-plugin skipping request as it is inside node_modules lodash/isNaN
2026-04-06T23:18:22.518Z next:jsconfig-paths-plugin skipping request as it is inside node_modules ./generateCategoricalChart
2026-04-06T23:18:22.522Z next:jsconfig-paths-plugin skipping request as it is inside node_modules ../polar/PolarAngleAxis
2026-04-06T23:18:22.523Z next:jsconfig-paths-plugin skipping request as it is inside node_modules ../polar/PolarRadiusAxis
2026-04-06T23:18:22.524Z next:jsconfig-paths-plugin skipping request as it is inside node_modules ../container/Layer
2026-04-06T23:18:22.524Z next:jsconfig-paths-plugin skipping request as it is inside node_modules ../container/Layer
2026-04-06T23:18:22.525Z next:jsconfig-paths-plugin skipping request as it is inside node_modules ../container/Layer
2026-04-06T23:18:22.525Z next:jsconfig-paths-plugin skipping request as it is inside node_modules ../container/Layer
2026-04-06T23:18:22.526Z next:jsconfig-paths-plugin skipping request as it is inside node_modules ../container/Layer
2026-04-06T23:18:22.527Z next:jsconfig-paths-plugin skipping request as it is inside node_modules ../context/chartLayoutContext
2026-04-06T23:18:22.527Z next:jsconfig-paths-plugin skipping request as it is inside node_modules ../context/chartLayoutContext
2026-04-06T23:18:22.527Z next:jsconfig-paths-plugin skipping request as it is inside node_modules ../context/chartLayoutContext
2026-04-06T23:18:22.527Z next:jsconfig-paths-plugin skipping request as it is inside node_modules ../context/chartLayoutContext
2026-04-06T23:18:22.527Z next:jsconfig-paths-plugin skipping request as it is inside node_modules ../context/chartLayoutContext
2026-04-06T23:18:22.527Z next:jsconfig-paths-plugin skipping request as it is inside node_modules ../context/chartLayoutContext
2026-04-06T23:18:22.528Z next:jsconfig-paths-plugin skipping request as it is inside node_modules ../context/chartLayoutContext
2026-04-06T23:18:22.550Z next:jsconfig-paths-plugin skipping request as it is inside node_modules ../shape/Curve
2026-04-06T23:18:22.551Z next:jsconfig-paths-plugin skipping request as it is inside node_modules ../shape/Curve
2026-04-06T23:18:22.551Z next:jsconfig-paths-plugin skipping request as it is inside node_modules ../shape/Curve
2026-04-06T23:18:22.551Z next:jsconfig-paths-plugin skipping request as it is inside node_modules ../shape/Curve
2026-04-06T23:18:22.553Z next:jsconfig-paths-plugin skipping request as it is inside node_modules ../shape/Curve
2026-04-06T23:18:22.553Z next:jsconfig-paths-plugin skipping request as it is inside node_modules ../shape/Dot
2026-04-06T23:18:22.554Z next:jsconfig-paths-plugin skipping request as it is inside node_modules ../shape/Dot
2026-04-06T23:18:22.555Z next:jsconfig-paths-plugin skipping request as it is inside node_modules ../shape/Dot
2026-04-06T23:18:22.585Z next:jsconfig-paths-plugin skipping request as it is inside node_modules ../shape/Dot
2026-04-06T23:18:22.586Z next:jsconfig-paths-plugin skipping request as it is inside node_modules ../container/Layer
2026-04-06T23:18:22.586Z next:jsconfig-paths-plugin skipping request as it is inside node_modules ../component/LabelList
2026-04-06T23:18:22.586Z next:jsconfig-paths-plugin skipping request as it is inside node_modules ../util/Global
2026-04-06T23:18:22.586Z next:jsconfig-paths-plugin skipping request as it is inside node_modules ../util/DataUtils
2026-04-06T23:18:22.586Z next:jsconfig-paths-plugin skipping request as it is inside node_modules ../util/ChartUtils
2026-04-06T23:18:22.586Z next:jsconfig-paths-plugin skipping request as it is inside node_modules ../util/ReactUtils
2026-04-06T23:18:22.586Z next:jsconfig-paths-plugin skipping request as it is inside node_modules ../shape/Dot
2026-04-06T23:18:22.586Z next:jsconfig-paths-plugin skipping request as it is inside node_modules ../container/Layer
2026-04-06T23:18:22.586Z next:jsconfig-paths-plugin skipping request as it is inside node_modules ../component/LabelList
2026-04-06T23:18:22.587Z next:jsconfig-paths-plugin skipping request as it is inside node_modules ../util/Global
2026-04-06T23:18:22.587Z next:jsconfig-paths-plugin skipping request as it is inside node_modules ../util/DataUtils
2026-04-06T23:18:22.587Z next:jsconfig-paths-plugin skipping request as it is inside node_modules ../util/ChartUtils
2026-04-06T23:18:22.587Z next:jsconfig-paths-plugin skipping request as it is inside node_modules ../util/ReactUtils
2026-04-06T23:18:22.603Z next:jsconfig-paths-plugin skipping request as it is inside node_modules clsx
2026-04-06T23:18:22.605Z next:jsconfig-paths-plugin skipping request as it is inside node_modules react
2026-04-06T23:18:22.722Z next:jsconfig-paths-plugin skipping request as it is an absolute path C:\Users\Ahmed Amin Bejoui\Desktop\ai-code-review-platform\apps\dashboard\components\ui\scroll-area
2026-04-06T23:18:22.723Z next:jsconfig-paths-plugin skipping request as it is an absolute path C:\Users\Ahmed Amin Bejoui\Desktop\ai-code-review-platform\apps\dashboard\components\ui\scroll-area
2026-04-06T23:18:22.724Z next:jsconfig-paths-plugin skipping request as it is an absolute path C:\Users\Ahmed Amin Bejoui\Desktop\ai-code-review-platform\apps\dashboard\components\ui\scroll-area
2026-04-06T23:18:22.726Z next:jsconfig-paths-plugin skipping request as it is an absolute path C:\Users\Ahmed Amin Bejoui\Desktop\ai-code-review-platform\apps\dashboard\components\ui\scroll-area
2026-04-06T23:18:22.813Z next:jsconfig-paths-plugin skipping request as it is inside node_modules ./ErrorBar
2026-04-06T23:18:22.839Z next:jsconfig-paths-plugin skipping request as it is inside node_modules ../component/LabelList
2026-04-06T23:18:22.844Z next:jsconfig-paths-plugin skipping request as it is inside node_modules ./CartesianAxis
2026-04-06T23:18:22.847Z next:jsconfig-paths-plugin skipping request as it is inside node_modules ./getTicks
2026-04-06T23:18:22.851Z next:jsconfig-paths-plugin skipping request as it is inside node_modules lodash/throttle
2026-04-06T23:18:22.852Z next:jsconfig-paths-plugin skipping request as it is inside node_modules ../util/DataUtils
2026-04-06T23:18:22.852Z next:jsconfig-paths-plugin skipping request as it is inside node_modules ../util/LogUtils
2026-04-06T23:18:22.852Z next:jsconfig-paths-plugin skipping request as it is inside node_modules ../util/ReactUtils
2026-04-06T23:18:22.853Z next:jsconfig-paths-plugin skipping request as it is inside node_modules ../util/DataUtils
2026-04-06T23:18:22.853Z next:jsconfig-paths-plugin skipping request as it is inside node_modules ../util/LogUtils
2026-04-06T23:18:22.853Z next:jsconfig-paths-plugin skipping request as it is inside node_modules ../util/ReactUtils
2026-04-06T23:18:22.853Z next:jsconfig-paths-plugin skipping request as it is inside node_modules ../util/DataUtils
2026-04-06T23:18:22.853Z next:jsconfig-paths-plugin skipping request as it is inside node_modules ../util/LogUtils
2026-04-06T23:18:22.853Z next:jsconfig-paths-plugin skipping request as it is inside node_modules ../util/ReactUtils
2026-04-06T23:18:22.854Z next:jsconfig-paths-plugin skipping request as it is inside node_modules ../util/DataUtils
2026-04-06T23:18:22.855Z next:jsconfig-paths-plugin skipping request as it is inside node_modules ../util/LogUtils
2026-04-06T23:18:22.855Z next:jsconfig-paths-plugin skipping request as it is inside node_modules ../util/ReactUtils
2026-04-06T23:18:22.953Z next:jsconfig-paths-plugin skipping request as it is inside node_modules ../util/CartesianUtils
2026-04-06T23:18:22.954Z next:jsconfig-paths-plugin skipping request as it is inside node_modules ../util/PolarUtils
2026-04-06T23:18:22.954Z next:jsconfig-paths-plugin skipping request as it is inside node_modules ../util/DataUtils
2026-04-06T23:18:22.954Z next:jsconfig-paths-plugin skipping request as it is inside node_modules ../util/ReactUtils
2026-04-06T23:18:22.954Z next:jsconfig-paths-plugin skipping request as it is inside node_modules ../util/Global
2026-04-06T23:18:22.957Z next:jsconfig-paths-plugin skipping request as it is inside node_modules ../util/ChartUtils
2026-04-06T23:18:22.957Z next:jsconfig-paths-plugin skipping request as it is inside node_modules ../util/types
2026-04-06T23:18:22.958Z next:jsconfig-paths-plugin skipping request as it is inside node_modules ../util/BarUtils
2026-04-06T23:18:22.958Z next:jsconfig-paths-plugin skipping request as it is inside node_modules ../util/LogUtils
2026-04-06T23:18:22.958Z next:jsconfig-paths-plugin skipping request as it is inside node_modules ../util/DataUtils
2026-04-06T23:18:22.958Z next:jsconfig-paths-plugin skipping request as it is inside node_modules ../util/LogUtils
2026-04-06T23:18:22.958Z next:jsconfig-paths-plugin skipping request as it is inside node_modules ../util/ReactUtils
2026-04-06T23:18:22.987Z next:jsconfig-paths-plugin skipping request as it is inside node_modules ./redirect-status-code
2026-04-06T23:18:22.987Z next:jsconfig-paths-plugin skipping request as it is inside node_modules ../../shared/lib/lazy-dynamic/bailout-to-csr
2026-04-06T23:18:22.990Z next:jsconfig-paths-plugin moduleName did not match any paths pattern @capacitor/splash-screen
2026-04-06T23:18:22.990Z next:jsconfig-paths-plugin moduleName did not match any paths pattern @capacitor/status-bar
2026-04-06T23:18:22.990Z next:jsconfig-paths-plugin moduleName did not match any paths pattern @capacitor/app
2026-04-06T23:18:22.990Z next:jsconfig-paths-plugin moduleName did not match any paths pattern @capacitor/keyboard
2026-04-06T23:18:22.990Z next:jsconfig-paths-plugin moduleName did not match any paths pattern @capacitor/browser
2026-04-06T23:18:22.990Z next:jsconfig-paths-plugin moduleName did not match any paths pattern @capacitor/preferences
2026-04-06T23:18:22.990Z next:jsconfig-paths-plugin moduleName did not match any paths pattern @capacitor/haptics
2026-04-06T23:18:22.990Z next:jsconfig-paths-plugin moduleName did not match any paths pattern @capacitor/core
2026-04-06T23:18:22.998Z next:jsconfig-paths-plugin moduleName did not match any paths pattern @capacitor/splash-screen
2026-04-06T23:18:22.998Z next:jsconfig-paths-plugin moduleName did not match any paths pattern @capacitor/status-bar
2026-04-06T23:18:22.998Z next:jsconfig-paths-plugin moduleName did not match any paths pattern @capacitor/app
2026-04-06T23:18:22.998Z next:jsconfig-paths-plugin moduleName did not match any paths pattern @capacitor/keyboard
2026-04-06T23:18:22.999Z next:jsconfig-paths-plugin moduleName did not match any paths pattern @capacitor/browser
2026-04-06T23:18:22.999Z next:jsconfig-paths-plugin moduleName did not match any paths pattern @capacitor/preferences
2026-04-06T23:18:22.999Z next:jsconfig-paths-plugin moduleName did not match any paths pattern @capacitor/haptics
2026-04-06T23:18:22.999Z next:jsconfig-paths-plugin moduleName did not match any paths pattern @capacitor/core
2026-04-06T23:18:23.052Z next:jsconfig-paths-plugin skipping request as it is a relative path ./utils
2026-04-06T23:18:23.052Z next:jsconfig-paths-plugin skipping request as it is an absolute path C:\Users\Ahmed Amin Bejoui\Desktop\ai-code-review-platform\apps\dashboard\lib\utils
2026-04-06T23:18:23.053Z next:jsconfig-paths-plugin skipping request as it is a relative path ./utils
2026-04-06T23:18:23.053Z next:jsconfig-paths-plugin skipping request as it is an absolute path C:\Users\Ahmed Amin Bejoui\Desktop\ai-code-review-platform\apps\dashboard\lib\utils
2026-04-06T23:18:23.058Z next:jsconfig-paths-plugin skipping request as it is a relative path ./utils
2026-04-06T23:18:23.059Z next:jsconfig-paths-plugin moduleName did not match any paths pattern @radix-ui/react-slider
2026-04-06T23:18:23.059Z next:jsconfig-paths-plugin skipping request as it is inside node_modules ./DefaultTooltipContent
2026-04-06T23:18:23.059Z next:jsconfig-paths-plugin skipping request as it is inside node_modules ./TooltipBoundingBox
2026-04-06T23:18:23.060Z next:jsconfig-paths-plugin skipping request as it is inside node_modules ../util/Global
2026-04-06T23:18:23.061Z next:jsconfig-paths-plugin skipping request as it is inside node_modules ../util/payload/getUniqPayload
2026-04-06T23:18:23.061Z next:jsconfig-paths-plugin skipping request as it is inside node_modules react
2026-04-06T23:18:23.062Z next:jsconfig-paths-plugin skipping request as it is inside node_modules react-smooth
2026-04-06T23:18:23.062Z next:jsconfig-paths-plugin skipping request as it is inside node_modules lodash/get
2026-04-06T23:18:23.062Z next:jsconfig-paths-plugin skipping request as it is inside node_modules lodash/isEqual
2026-04-06T23:18:23.063Z next:jsconfig-paths-plugin skipping request as it is inside node_modules lodash/isNil
2026-04-06T23:18:23.063Z next:jsconfig-paths-plugin skipping request as it is inside node_modules lodash/isFunction
2026-04-06T23:18:23.063Z next:jsconfig-paths-plugin skipping request as it is inside node_modules clsx
2026-04-06T23:18:23.063Z next:jsconfig-paths-plugin skipping request as it is inside node_modules ../container/Layer
2026-04-06T23:18:23.063Z next:jsconfig-paths-plugin skipping request as it is inside node_modules ../shape/Curve
2026-04-06T23:18:23.063Z next:jsconfig-paths-plugin skipping request as it is inside node_modules ../component/Text
2026-04-06T23:18:23.064Z next:jsconfig-paths-plugin skipping request as it is inside node_modules ../component/Label
2026-04-06T23:18:23.064Z next:jsconfig-paths-plugin skipping request as it is inside node_modules ../component/LabelList
2026-04-06T23:18:23.064Z next:jsconfig-paths-plugin skipping request as it is inside node_modules ../component/Cell
2026-04-06T23:18:23.064Z next:jsconfig-paths-plugin skipping request as it is inside node_modules ../util/ReactUtils
2026-04-06T23:18:23.064Z next:jsconfig-paths-plugin skipping request as it is inside node_modules ../util/Global
2026-04-06T23:18:23.064Z next:jsconfig-paths-plugin skipping request as it is inside node_modules ../util/PolarUtils
2026-04-06T23:18:23.064Z next:jsconfig-paths-plugin skipping request as it is inside node_modules ../util/DataUtils
2026-04-06T23:18:23.064Z next:jsconfig-paths-plugin skipping request as it is inside node_modules ../util/ChartUtils
2026-04-06T23:18:23.064Z next:jsconfig-paths-plugin skipping request as it is inside node_modules ../util/LogUtils
2026-04-06T23:18:23.064Z next:jsconfig-paths-plugin skipping request as it is inside node_modules ../util/types
2026-04-06T23:18:23.064Z next:jsconfig-paths-plugin skipping request as it is an absolute path C:\Users\Ahmed Amin Bejoui\Desktop\ai-code-review-platform\apps\dashboard\lib\utils
2026-04-06T23:18:23.066Z next:jsconfig-paths-plugin skipping request as it is inside node_modules ../util/Global
2026-04-06T23:18:23.066Z next:jsconfig-paths-plugin skipping request as it is inside node_modules ../container/Layer
2026-04-06T23:18:23.066Z next:jsconfig-paths-plugin skipping request as it is inside node_modules ../shape/Curve
2026-04-06T23:18:23.066Z next:jsconfig-paths-plugin skipping request as it is inside node_modules ../component/LabelList
2026-04-06T23:18:23.066Z next:jsconfig-paths-plugin skipping request as it is inside node_modules ../component/Cell
2026-04-06T23:18:23.066Z next:jsconfig-paths-plugin skipping request as it is inside node_modules ../util/ReactUtils
2026-04-06T23:18:23.066Z next:jsconfig-paths-plugin skipping request as it is inside node_modules ../util/Global
2026-04-06T23:18:23.066Z next:jsconfig-paths-plugin skipping request as it is inside node_modules ../util/PolarUtils
2026-04-06T23:18:23.066Z next:jsconfig-paths-plugin skipping request as it is inside node_modules ../util/DataUtils
2026-04-06T23:18:23.066Z next:jsconfig-paths-plugin skipping request as it is inside node_modules ../util/ChartUtils
2026-04-06T23:18:23.066Z next:jsconfig-paths-plugin skipping request as it is inside node_modules ../util/LogUtils
2026-04-06T23:18:23.066Z next:jsconfig-paths-plugin skipping request as it is inside node_modules ../util/types
2026-04-06T23:18:23.067Z next:jsconfig-paths-plugin skipping request as it is a relative path ./utils
2026-04-06T23:18:23.068Z next:jsconfig-paths-plugin skipping request as it is inside node_modules ../util/Global
2026-04-06T23:18:23.068Z next:jsconfig-paths-plugin skipping request as it is inside node_modules ../container/Layer
2026-04-06T23:18:23.068Z next:jsconfig-paths-plugin skipping request as it is inside node_modules ../shape/Curve
2026-04-06T23:18:23.068Z next:jsconfig-paths-plugin skipping request as it is inside node_modules ../component/LabelList
2026-04-06T23:18:23.068Z next:jsconfig-paths-plugin skipping request as it is inside node_modules ../component/Cell
2026-04-06T23:18:23.068Z next:jsconfig-paths-plugin skipping request as it is inside node_modules ../util/ReactUtils
2026-04-06T23:18:23.068Z next:jsconfig-paths-plugin skipping request as it is inside node_modules ../util/Global
2026-04-06T23:18:23.100Z next:jsconfig-paths-plugin skipping request as it is inside node_modules ../util/PolarUtils
2026-04-06T23:18:23.100Z next:jsconfig-paths-plugin skipping request as it is inside node_modules ../util/DataUtils
2026-04-06T23:18:23.100Z next:jsconfig-paths-plugin skipping request as it is inside node_modules ../util/ChartUtils
2026-04-06T23:18:23.101Z next:jsconfig-paths-plugin skipping request as it is inside node_modules ../util/LogUtils
2026-04-06T23:18:23.101Z next:jsconfig-paths-plugin skipping request as it is inside node_modules ../util/types
2026-04-06T23:18:23.102Z next:jsconfig-paths-plugin skipping request as it is an absolute path C:\Users\Ahmed Amin Bejoui\Desktop\ai-code-review-platform\apps\dashboard\lib\utils
2026-04-06T23:18:23.154Z next:jsconfig-paths-plugin skipping request as it is inside node_modules ../util/Global
2026-04-06T23:18:23.154Z next:jsconfig-paths-plugin skipping request as it is inside node_modules ../container/Layer
2026-04-06T23:18:23.154Z next:jsconfig-paths-plugin skipping request as it is inside node_modules ../shape/Curve
2026-04-06T23:18:23.155Z next:jsconfig-paths-plugin skipping request as it is inside node_modules ../component/LabelList
2026-04-06T23:18:23.155Z next:jsconfig-paths-plugin skipping request as it is inside node_modules ../component/Cell
2026-04-06T23:18:23.155Z next:jsconfig-paths-plugin skipping request as it is inside node_modules ../util/ReactUtils
2026-04-06T23:18:23.155Z next:jsconfig-paths-plugin skipping request as it is inside node_modules ../util/Global
2026-04-06T23:18:23.155Z next:jsconfig-paths-plugin skipping request as it is inside node_modules ../util/PolarUtils
2026-04-06T23:18:23.155Z next:jsconfig-paths-plugin skipping request as it is inside node_modules ../util/DataUtils
2026-04-06T23:18:23.155Z next:jsconfig-paths-plugin skipping request as it is inside node_modules ../util/ChartUtils
2026-04-06T23:18:23.155Z next:jsconfig-paths-plugin skipping request as it is inside node_modules ../util/LogUtils
2026-04-06T23:18:23.155Z next:jsconfig-paths-plugin skipping request as it is inside node_modules ../util/types
2026-04-06T23:18:23.188Z next:jsconfig-paths-plugin skipping request as it is inside node_modules ../util/Global
2026-04-06T23:18:23.218Z next:jsconfig-paths-plugin skipping request as it is inside node_modules ../component/LabelList
2026-04-06T23:18:23.219Z next:jsconfig-paths-plugin skipping request as it is inside node_modules ../component/Cell
2026-04-06T23:18:23.219Z next:jsconfig-paths-plugin skipping request as it is inside node_modules ../util/ReactUtils
2026-04-06T23:18:23.219Z next:jsconfig-paths-plugin skipping request as it is inside node_modules ../util/Global
2026-04-06T23:18:23.219Z next:jsconfig-paths-plugin skipping request as it is inside node_modules ../util/PolarUtils
2026-04-06T23:18:23.219Z next:jsconfig-paths-plugin skipping request as it is inside node_modules ../util/DataUtils
2026-04-06T23:18:23.219Z next:jsconfig-paths-plugin skipping request as it is inside node_modules ../util/ChartUtils
2026-04-06T23:18:23.219Z next:jsconfig-paths-plugin skipping request as it is inside node_modules ../util/LogUtils
2026-04-06T23:18:23.219Z next:jsconfig-paths-plugin skipping request as it is inside node_modules ../util/types
2026-04-06T23:18:23.236Z next:jsconfig-paths-plugin skipping request as it is inside node_modules react
2026-04-06T23:18:23.236Z next:jsconfig-paths-plugin skipping request as it is inside node_modules next/dist/server/future/route-modules/app-page/vendored/ssr/react
2026-04-06T23:18:23.236Z next:jsconfig-paths-plugin skipping request as it is inside node_modules C:\Users\Ahmed Amin Bejoui\Desktop\ai-code-review-platform\apps\dashboard\node_modules\next/dist/server/future/route-modules/app-page/vendored/ssr/react
2026-04-06T23:18:23.247Z next:jsconfig-paths-plugin skipping request as it is inside node_modules ../context/chartLayoutContext
2026-04-06T23:18:23.252Z next:jsconfig-paths-plugin skipping request as it is inside node_modules ../shape/Curve
2026-04-06T23:18:23.252Z next:jsconfig-paths-plugin skipping request as it is inside node_modules ../shape/Dot
2026-04-06T23:18:23.252Z next:jsconfig-paths-plugin skipping request as it is inside node_modules ../shape/Curve
2026-04-06T23:18:23.257Z next:jsconfig-paths-plugin skipping request as it is inside node_modules ../container/Layer
2026-04-06T23:18:23.257Z next:jsconfig-paths-plugin skipping request as it is inside node_modules ../container/Layer
2026-04-06T23:18:23.264Z next:jsconfig-paths-plugin skipping request as it is inside node_modules ./DefaultTooltipContent
2026-04-06T23:18:23.264Z next:jsconfig-paths-plugin skipping request as it is inside node_modules ./DefaultTooltipContent
2026-04-06T23:18:23.265Z next:jsconfig-paths-plugin skipping request as it is inside node_modules ./DefaultTooltipContent
2026-04-06T23:18:23.298Z next:jsconfig-paths-plugin skipping request as it is inside node_modules ./TooltipBoundingBox
2026-04-06T23:18:23.300Z next:jsconfig-paths-plugin skipping request as it is inside node_modules ./TooltipBoundingBox
2026-04-06T23:18:23.300Z next:jsconfig-paths-plugin skipping request as it is inside node_modules ./TooltipBoundingBox
2026-04-06T23:18:23.316Z next:jsconfig-paths-plugin skipping request as it is inside node_modules ../component/Text
2026-04-06T23:18:23.316Z next:jsconfig-paths-plugin skipping request as it is inside node_modules ../component/Text
2026-04-06T23:18:23.317Z next:jsconfig-paths-plugin skipping request as it is inside node_modules ../component/Text
2026-04-06T23:18:23.339Z next:jsconfig-paths-plugin skipping request as it is inside node_modules ../component/Label
2026-04-06T23:18:23.339Z next:jsconfig-paths-plugin skipping request as it is inside node_modules ../component/Label
2026-04-06T23:18:23.340Z next:jsconfig-paths-plugin skipping request as it is inside node_modules ../component/Label
2026-04-06T23:18:23.512Z next:jsconfig-paths-plugin skipping request as it is inside node_modules ../util/ActiveShapeUtils
2026-04-06T23:18:23.520Z next:jsconfig-paths-plugin skipping request as it is inside node_modules react
2026-04-06T23:18:23.520Z next:jsconfig-paths-plugin skipping request as it is inside node_modules ./shared/src/utils.js
2026-04-06T23:18:23.520Z next:jsconfig-paths-plugin skipping request as it is inside node_modules ./Icon.js
2026-04-06T23:18:23.520Z next:jsconfig-paths-plugin skipping request as it is inside node_modules ./icons/sunset.js
2026-04-06T23:18:23.520Z next:jsconfig-paths-plugin skipping request as it is inside node_modules ./icons/trees.js
2026-04-06T23:18:23.521Z next:jsconfig-paths-plugin skipping request as it is inside node_modules ./icons/waves.js
2026-04-06T23:18:23.521Z next:jsconfig-paths-plugin skipping request as it is inside node_modules ./icons/minus.js
2026-04-06T23:18:23.541Z next:jsconfig-paths-plugin skipping request as it is inside node_modules ./Icon.js
2026-04-06T23:18:23.541Z next:jsconfig-paths-plugin skipping request as it is inside node_modules ./shared/src/utils.js
2026-04-06T23:18:23.541Z next:jsconfig-paths-plugin skipping request as it is inside node_modules react
2026-04-06T23:18:23.559Z next:jsconfig-paths-plugin skipping request as it is inside node_modules next/dist/server/future/route-modules/app-page/vendored/ssr/react
2026-04-06T23:18:23.560Z next:jsconfig-paths-plugin skipping request as it is inside node_modules C:\Users\Ahmed Amin Bejoui\Desktop\ai-code-review-platform\apps\dashboard\node_modules\next/dist/server/future/route-modules/app-page/vendored/ssr/react
2026-04-06T23:18:23.615Z next:jsconfig-paths-plugin skipping request as it is inside node_modules ../util/payload/getUniqPayload
2026-04-06T23:18:23.616Z next:jsconfig-paths-plugin skipping request as it is inside node_modules ../util/payload/getUniqPayload
2026-04-06T23:18:23.616Z next:jsconfig-paths-plugin skipping request as it is inside node_modules ../util/payload/getUniqPayload
2026-04-06T23:18:23.617Z next:jsconfig-paths-plugin skipping request as it is inside node_modules ../util/ActiveShapeUtils
2026-04-06T23:18:23.617Z next:jsconfig-paths-plugin skipping request as it is inside node_modules ../util/ActiveShapeUtils
2026-04-06T23:18:23.618Z next:jsconfig-paths-plugin skipping request as it is inside node_modules ../util/ActiveShapeUtils
2026-04-06T23:18:23.674Z next:jsconfig-paths-plugin skipping request as it is inside node_modules ./cartesian/Area
2026-04-06T23:18:23.674Z next:jsconfig-paths-plugin skipping request as it is inside node_modules ./chart/AreaChart
2026-04-06T23:18:23.674Z next:jsconfig-paths-plugin skipping request as it is inside node_modules ./cartesian/CartesianGrid
2026-04-06T23:18:23.674Z next:jsconfig-paths-plugin skipping request as it is inside node_modules ./component/Cell
2026-04-06T23:18:23.674Z next:jsconfig-paths-plugin skipping request as it is inside node_modules ./polar/Pie
2026-04-06T23:18:23.674Z next:jsconfig-paths-plugin skipping request as it is inside node_modules ./chart/PieChart
2026-04-06T23:18:23.674Z next:jsconfig-paths-plugin skipping request as it is inside node_modules ./component/ResponsiveContainer
2026-04-06T23:18:23.674Z next:jsconfig-paths-plugin skipping request as it is inside node_modules ./component/Tooltip
2026-04-06T23:18:23.675Z next:jsconfig-paths-plugin skipping request as it is inside node_modules ./cartesian/XAxis
2026-04-06T23:18:23.675Z next:jsconfig-paths-plugin skipping request as it is inside node_modules ./cartesian/YAxis
2026-04-06T23:18:23.675Z next:jsconfig-paths-plugin skipping request as it is inside node_modules ../util/DataUtils
2026-04-06T23:18:23.675Z next:jsconfig-paths-plugin skipping request as it is inside node_modules ../util/payload/getUniqPayload
2026-04-06T23:18:23.676Z next:jsconfig-paths-plugin skipping request as it is inside node_modules ./cartesian/Area
2026-04-06T23:18:23.676Z next:jsconfig-paths-plugin skipping request as it is inside node_modules ./chart/AreaChart
2026-04-06T23:18:23.676Z next:jsconfig-paths-plugin skipping request as it is inside node_modules ./cartesian/CartesianGrid
2026-04-06T23:18:23.676Z next:jsconfig-paths-plugin skipping request as it is inside node_modules ./component/Cell
2026-04-06T23:18:23.676Z next:jsconfig-paths-plugin skipping request as it is inside node_modules ./polar/Pie
2026-04-06T23:18:23.676Z next:jsconfig-paths-plugin skipping request as it is inside node_modules ./chart/PieChart
2026-04-06T23:18:23.676Z next:jsconfig-paths-plugin skipping request as it is inside node_modules ./component/ResponsiveContainer
2026-04-06T23:18:23.676Z next:jsconfig-paths-plugin skipping request as it is inside node_modules ./component/Tooltip
2026-04-06T23:18:23.676Z next:jsconfig-paths-plugin skipping request as it is inside node_modules ./cartesian/XAxis
2026-04-06T23:18:23.676Z next:jsconfig-paths-plugin skipping request as it is inside node_modules ./cartesian/YAxis
2026-04-06T23:18:23.676Z next:jsconfig-paths-plugin skipping request as it is inside node_modules ../util/DataUtils
2026-04-06T23:18:23.678Z next:jsconfig-paths-plugin skipping request as it is inside node_modules ../util/payload/getUniqPayload
2026-04-06T23:18:23.689Z next:jsconfig-paths-plugin skipping request as it is inside node_modules react
2026-04-06T23:18:23.689Z next:jsconfig-paths-plugin skipping request as it is inside node_modules react
2026-04-06T23:18:23.690Z next:jsconfig-paths-plugin skipping request as it is inside node_modules react-dom
2026-04-06T23:18:23.690Z next:jsconfig-paths-plugin skipping request as it is inside node_modules ./DefaultLegendContent
2026-04-06T23:18:23.690Z next:jsconfig-paths-plugin moduleName did not match any paths pattern @carbon/icons-react
2026-04-06T23:18:23.690Z next:jsconfig-paths-plugin moduleName did not match any paths pattern @clerk/clerk-react
2026-04-06T23:18:23.691Z next:jsconfig-paths-plugin moduleName did not match any paths pattern next/link
2026-04-06T23:18:23.691Z next:jsconfig-paths-plugin moduleName did not match any paths pattern next/navigation
2026-04-06T23:18:23.691Z next:jsconfig-paths-plugin skipping request as it is an absolute path C:\Users\Ahmed Amin Bejoui\Desktop\ai-code-review-platform\apps\dashboard\node_modules\next/link
2026-04-06T23:18:23.691Z next:jsconfig-paths-plugin skipping request as it is an absolute path C:\Users\Ahmed Amin Bejoui\Desktop\ai-code-review-platform\apps\dashboard\node_modules\next/navigation
2026-04-06T23:18:23.692Z next:jsconfig-paths-plugin skipping request as it is inside node_modules next/dist/api/link
2026-04-06T23:18:23.692Z next:jsconfig-paths-plugin skipping request as it is inside node_modules next/dist/api/navigation
2026-04-06T23:18:23.692Z next:jsconfig-paths-plugin skipping request as it is inside node_modules C:\Users\Ahmed Amin Bejoui\Desktop\ai-code-review-platform\apps\dashboard\node_modules\next/dist/api/link
2026-04-06T23:18:23.692Z next:jsconfig-paths-plugin skipping request as it is inside node_modules C:\Users\Ahmed Amin Bejoui\Desktop\ai-code-review-platform\apps\dashboard\node_modules\next/dist/api/navigation
2026-04-06T23:18:23.693Z next:jsconfig-paths-plugin moduleName did not match any paths pattern @clerk/clerk-react
2026-04-06T23:18:23.731Z next:jsconfig-paths-plugin skipping request as it is inside node_modules ./DefaultTooltipContent
2026-04-06T23:18:23.733Z next:jsconfig-paths-plugin skipping request as it is inside node_modules ../component/Text
2026-04-06T23:18:23.734Z next:jsconfig-paths-plugin skipping request as it is inside node_modules ./TooltipBoundingBox
2026-04-06T23:18:23.756Z next:jsconfig-paths-plugin skipping request as it is inside node_modules ./parse-path
2026-04-06T23:18:23.757Z next:jsconfig-paths-plugin skipping request as it is inside node_modules ../component/Label
2026-04-06T23:18:23.785Z next:jsconfig-paths-plugin skipping request as it is inside node_modules ./icons/trees.js
2026-04-06T23:18:23.806Z next:jsconfig-paths-plugin skipping request as it is inside node_modules ./icons/waves.js
2026-04-06T23:18:23.808Z next:jsconfig-paths-plugin skipping request as it is inside node_modules ./icons/minus.js
2026-04-06T23:18:23.810Z next:jsconfig-paths-plugin skipping request as it is inside node_modules ./icons/sunset.js
2026-04-06T23:18:23.811Z next:jsconfig-paths-plugin skipping request as it is inside node_modules ./DefaultLegendContent
2026-04-06T23:18:23.811Z next:jsconfig-paths-plugin skipping request as it is inside node_modules ./DefaultLegendContent
2026-04-06T23:18:23.812Z next:jsconfig-paths-plugin skipping request as it is inside node_modules ./DefaultLegendContent
2026-04-06T23:18:23.878Z next:jsconfig-paths-plugin skipping request as it is an absolute path C:\Users\Ahmed Amin Bejoui\Desktop\ai-code-review-platform\apps\dashboard\components\ui\dropdown-menu
2026-04-06T23:18:23.878Z next:jsconfig-paths-plugin skipping request as it is an absolute path C:\Users\Ahmed Amin Bejoui\Desktop\ai-code-review-platform\apps\dashboard\lib\utils
2026-04-06T23:18:23.881Z next:jsconfig-paths-plugin skipping request as it is an absolute path C:\Users\Ahmed Amin Bejoui\Desktop\ai-code-review-platform\apps\dashboard\lib\utils
2026-04-06T23:18:23.881Z next:jsconfig-paths-plugin skipping request as it is an absolute path C:\Users\Ahmed Amin Bejoui\Desktop\ai-code-review-platform\apps\dashboard\components\ui\dropdown-menu
2026-04-06T23:18:23.891Z next:jsconfig-paths-plugin skipping request as it is inside node_modules ../future/helpers/interception-routes
2026-04-06T23:18:23.891Z next:jsconfig-paths-plugin skipping request as it is an absolute path C:\Users\Ahmed Amin Bejoui\Desktop\ai-code-review-platform\apps\dashboard\lib\utils
2026-04-06T23:18:23.891Z next:jsconfig-paths-plugin skipping request as it is an absolute path C:\Users\Ahmed Amin Bejoui\Desktop\ai-code-review-platform\apps\dashboard\components\ui\dropdown-menu
2026-04-06T23:18:23.892Z next:jsconfig-paths-plugin skipping request as it is an absolute path C:\Users\Ahmed Amin Bejoui\Desktop\ai-code-review-platform\apps\dashboard\components\dashboard\dashboard-user-provider
2026-04-06T23:18:23.892Z next:jsconfig-paths-plugin skipping request as it is an absolute path C:\Users\Ahmed Amin Bejoui\Desktop\ai-code-review-platform\apps\dashboard\components\notifications\NotificationBell
2026-04-06T23:18:23.892Z next:jsconfig-paths-plugin skipping request as it is an absolute path C:\Users\Ahmed Amin Bejoui\Desktop\ai-code-review-platform\apps\dashboard\components\ui\avatar
2026-04-06T23:18:23.892Z next:jsconfig-paths-plugin skipping request as it is an absolute path C:\Users\Ahmed Amin Bejoui\Desktop\ai-code-review-platform\apps\dashboard\lib\roles
2026-04-06T23:18:23.892Z next:jsconfig-paths-plugin skipping request as it is an absolute path C:\Users\Ahmed Amin Bejoui\Desktop\ai-code-review-platform\apps\dashboard\components\ui\theme
2026-04-06T23:18:23.898Z next:jsconfig-paths-plugin skipping request as it is an absolute path C:\Users\Ahmed Amin Bejoui\Desktop\ai-code-review-platform\apps\dashboard\lib\utils
2026-04-06T23:18:23.898Z next:jsconfig-paths-plugin skipping request as it is an absolute path C:\Users\Ahmed Amin Bejoui\Desktop\ai-code-review-platform\apps\dashboard\components\ui\dropdown-menu
2026-04-06T23:18:23.904Z next:jsconfig-paths-plugin skipping request as it is an absolute path C:\Users\Ahmed Amin Bejoui\Desktop\ai-code-review-platform\apps\dashboard\lib\roles
2026-04-06T23:18:23.904Z next:jsconfig-paths-plugin skipping request as it is an absolute path C:\Users\Ahmed Amin Bejoui\Desktop\ai-code-review-platform\apps\dashboard\components\dashboard\dashboard-user-provider
2026-04-06T23:18:23.904Z next:jsconfig-paths-plugin skipping request as it is an absolute path C:\Users\Ahmed Amin Bejoui\Desktop\ai-code-review-platform\apps\dashboard\components\ui\avatar
2026-04-06T23:18:23.904Z next:jsconfig-paths-plugin skipping request as it is an absolute path C:\Users\Ahmed Amin Bejoui\Desktop\ai-code-review-platform\apps\dashboard\components\ui\theme
2026-04-06T23:18:23.905Z next:jsconfig-paths-plugin skipping request as it is inside node_modules ../future/helpers/interception-routes
2026-04-06T23:18:23.905Z next:jsconfig-paths-plugin skipping request as it is an absolute path C:\Users\Ahmed Amin Bejoui\Desktop\ai-code-review-platform\apps\dashboard\lib\roles
2026-04-06T23:18:23.905Z next:jsconfig-paths-plugin skipping request as it is an absolute path C:\Users\Ahmed Amin Bejoui\Desktop\ai-code-review-platform\apps\dashboard\components\dashboard\dashboard-user-provider
2026-04-06T23:18:23.906Z next:jsconfig-paths-plugin skipping request as it is an absolute path C:\Users\Ahmed Amin Bejoui\Desktop\ai-code-review-platform\apps\dashboard\components\ui\avatar
2026-04-06T23:18:23.906Z next:jsconfig-paths-plugin skipping request as it is an absolute path C:\Users\Ahmed Amin Bejoui\Desktop\ai-code-review-platform\apps\dashboard\components\ui\theme
2026-04-06T23:18:23.910Z next:jsconfig-paths-plugin skipping request as it is an absolute path C:\Users\Ahmed Amin Bejoui\Desktop\ai-code-review-platform\apps\dashboard\lib\roles
2026-04-06T23:18:23.911Z next:jsconfig-paths-plugin skipping request as it is an absolute path C:\Users\Ahmed Amin Bejoui\Desktop\ai-code-review-platform\apps\dashboard\components\dashboard\dashboard-user-provider
2026-04-06T23:18:23.911Z next:jsconfig-paths-plugin skipping request as it is an absolute path C:\Users\Ahmed Amin Bejoui\Desktop\ai-code-review-platform\apps\dashboard\components\ui\avatar
2026-04-06T23:18:23.912Z next:jsconfig-paths-plugin skipping request as it is an absolute path C:\Users\Ahmed Amin Bejoui\Desktop\ai-code-review-platform\apps\dashboard\components\ui\theme
2026-04-06T23:18:23.914Z next:jsconfig-paths-plugin skipping request as it is an absolute path C:\Users\Ahmed Amin Bejoui\Desktop\ai-code-review-platform\apps\dashboard\lib\roles
2026-04-06T23:18:23.914Z next:jsconfig-paths-plugin skipping request as it is an absolute path C:\Users\Ahmed Amin Bejoui\Desktop\ai-code-review-platform\apps\dashboard\components\dashboard\dashboard-user-provider
2026-04-06T23:18:23.914Z next:jsconfig-paths-plugin skipping request as it is an absolute path C:\Users\Ahmed Amin Bejoui\Desktop\ai-code-review-platform\apps\dashboard\components\ui\avatar
2026-04-06T23:18:23.914Z next:jsconfig-paths-plugin skipping request as it is an absolute path C:\Users\Ahmed Amin Bejoui\Desktop\ai-code-review-platform\apps\dashboard\components\ui\theme
2026-04-06T23:18:23.917Z next:jsconfig-paths-plugin skipping request as it is an absolute path C:\Users\Ahmed Amin Bejoui\Desktop\ai-code-review-platform\apps\dashboard\lib\roles
2026-04-06T23:18:23.917Z next:jsconfig-paths-plugin skipping request as it is an absolute path C:\Users\Ahmed Amin Bejoui\Desktop\ai-code-review-platform\apps\dashboard\components\dashboard\dashboard-user-provider
2026-04-06T23:18:23.917Z next:jsconfig-paths-plugin skipping request as it is an absolute path C:\Users\Ahmed Amin Bejoui\Desktop\ai-code-review-platform\apps\dashboard\components\ui\avatar
2026-04-06T23:18:23.917Z next:jsconfig-paths-plugin skipping request as it is an absolute path C:\Users\Ahmed Amin Bejoui\Desktop\ai-code-review-platform\apps\dashboard\components\ui\theme
2026-04-06T23:18:23.918Z next:jsconfig-paths-plugin skipping request as it is an absolute path C:\Users\Ahmed Amin Bejoui\Desktop\ai-code-review-platform\apps\dashboard\lib\roles
2026-04-06T23:18:23.918Z next:jsconfig-paths-plugin skipping request as it is an absolute path C:\Users\Ahmed Amin Bejoui\Desktop\ai-code-review-platform\apps\dashboard\components\dashboard\dashboard-user-provider
2026-04-06T23:18:23.918Z next:jsconfig-paths-plugin skipping request as it is an absolute path C:\Users\Ahmed Amin Bejoui\Desktop\ai-code-review-platform\apps\dashboard\components\ui\avatar
2026-04-06T23:18:23.918Z next:jsconfig-paths-plugin skipping request as it is an absolute path C:\Users\Ahmed Amin Bejoui\Desktop\ai-code-review-platform\apps\dashboard\components\ui\theme
2026-04-06T23:18:23.978Z next:jsconfig-paths-plugin skipping request as it is an absolute path C:\Users\Ahmed Amin Bejoui\Desktop\ai-code-review-platform\apps\dashboard\lib\roles
2026-04-06T23:18:23.979Z next:jsconfig-paths-plugin skipping request as it is an absolute path C:\Users\Ahmed Amin Bejoui\Desktop\ai-code-review-platform\apps\dashboard\components\dashboard\dashboard-user-provider
2026-04-06T23:18:23.980Z next:jsconfig-paths-plugin skipping request as it is an absolute path C:\Users\Ahmed Amin Bejoui\Desktop\ai-code-review-platform\apps\dashboard\components\ui\avatar
2026-04-06T23:18:23.980Z next:jsconfig-paths-plugin skipping request as it is an absolute path C:\Users\Ahmed Amin Bejoui\Desktop\ai-code-review-platform\apps\dashboard\components\ui\theme
2026-04-06T23:18:23.984Z next:jsconfig-paths-plugin skipping request as it is an absolute path C:\Users\Ahmed Amin Bejoui\Desktop\ai-code-review-platform\apps\dashboard\lib\roles
2026-04-06T23:18:23.984Z next:jsconfig-paths-plugin skipping request as it is an absolute path C:\Users\Ahmed Amin Bejoui\Desktop\ai-code-review-platform\apps\dashboard\components\dashboard\dashboard-user-provider
2026-04-06T23:18:23.984Z next:jsconfig-paths-plugin skipping request as it is an absolute path C:\Users\Ahmed Amin Bejoui\Desktop\ai-code-review-platform\apps\dashboard\components\ui\avatar
2026-04-06T23:18:23.984Z next:jsconfig-paths-plugin skipping request as it is an absolute path C:\Users\Ahmed Amin Bejoui\Desktop\ai-code-review-platform\apps\dashboard\components\ui\theme
2026-04-06T23:18:24.055Z next:jsconfig-paths-plugin skipping request as it is inside node_modules ../util/ActiveShapeUtils
2026-04-06T23:18:24.224Z next:jsconfig-paths-plugin skipping request as it is inside node_modules ./dist/index
2026-04-06T23:18:24.225Z next:jsconfig-paths-plugin skipping request as it is inside node_modules ./components/app-router
2026-04-06T23:18:24.225Z next:jsconfig-paths-plugin skipping request as it is inside node_modules ../shared/lib/router/utils/remove-trailing-slash
2026-04-06T23:18:24.225Z next:jsconfig-paths-plugin skipping request as it is inside node_modules ../shared/lib/router/utils/parse-path
2026-04-06T23:18:24.225Z next:jsconfig-paths-plugin skipping request as it is inside node_modules ../shared/lib/segment
2026-04-06T23:18:24.225Z next:jsconfig-paths-plugin skipping request as it is inside node_modules ../../../shared/lib/router/utils/app-paths
2026-04-06T23:18:24.226Z next:jsconfig-paths-plugin skipping request as it is inside node_modules ../../../server/future/helpers/interception-routes
2026-04-06T23:18:24.226Z next:jsconfig-paths-plugin skipping request as it is inside node_modules ../match-segments
2026-04-06T23:18:24.226Z next:jsconfig-paths-plugin skipping request as it is inside node_modules ./apply-flight-data
2026-04-06T23:18:24.227Z next:jsconfig-paths-plugin skipping request as it is inside node_modules ./fetch-server-response
2026-04-06T23:18:24.227Z next:jsconfig-paths-plugin skipping request as it is inside node_modules ./reducers/prefetch-reducer
2026-04-06T23:18:24.227Z next:jsconfig-paths-plugin skipping request as it is inside node_modules ./create-router-cache-key
2026-04-06T23:18:24.227Z next:jsconfig-paths-plugin skipping request as it is inside node_modules ./sorted-routes
2026-04-06T23:18:24.227Z next:jsconfig-paths-plugin skipping request as it is inside node_modules ./is-dynamic
2026-04-06T23:18:24.232Z next:jsconfig-paths-plugin skipping request as it is inside node_modules ../shared/lib/segment
2026-04-06T23:18:24.232Z next:jsconfig-paths-plugin skipping request as it is inside node_modules ../../../server/future/helpers/interception-routes
2026-04-06T23:18:24.342Z next:jsconfig-paths-plugin skipping request as it is inside node_modules ../util/payload/getUniqPayload
2026-04-06T23:18:24.350Z next:jsconfig-paths-plugin skipping request as it is inside node_modules ../shared/lib/router/utils/remove-trailing-slash
2026-04-06T23:18:24.350Z next:jsconfig-paths-plugin skipping request as it is inside node_modules ../shared/lib/router/utils/parse-path
2026-04-06T23:18:24.350Z next:jsconfig-paths-plugin skipping request as it is inside node_modules ../../../shared/lib/router/utils/app-paths
2026-04-06T23:18:24.350Z next:jsconfig-paths-plugin skipping request as it is inside node_modules ./parse-path
2026-04-06T23:18:24.431Z next:jsconfig-paths-plugin skipping request as it is inside node_modules ./DefaultLegendContent
2026-04-06T23:18:24.537Z next:jsconfig-paths-plugin moduleName did not match any paths pattern motion-dom
2026-04-06T23:18:24.538Z next:jsconfig-paths-plugin moduleName did not match any paths pattern motion-utils
2026-04-06T23:18:24.541Z next:jsconfig-paths-plugin skipping request as it is inside node_modules motion-dom
2026-04-06T23:18:24.541Z next:jsconfig-paths-plugin skipping request as it is inside node_modules motion-utils
2026-04-06T23:18:24.573Z next:jsconfig-paths-plugin skipping request as it is inside node_modules ./route-matcher
2026-04-06T23:18:24.574Z next:jsconfig-paths-plugin skipping request as it is inside node_modules ./route-regex
2026-04-06T23:18:24.577Z next:jsconfig-paths-plugin skipping request as it is inside node_modules ./route-matcher
2026-04-06T23:18:24.577Z next:jsconfig-paths-plugin skipping request as it is inside node_modules ./route-regex
2026-04-06T23:18:24.697Z next:jsconfig-paths-plugin skipping request as it is inside node_modules ../match-segments
2026-04-06T23:18:24.697Z next:jsconfig-paths-plugin skipping request as it is inside node_modules ./fetch-server-response
2026-04-06T23:18:24.698Z next:jsconfig-paths-plugin skipping request as it is inside node_modules ./create-router-cache-key
2026-04-06T23:18:24.864Z next:jsconfig-paths-plugin moduleName did not match any paths pattern clsx
2026-04-06T23:18:24.882Z next:jsconfig-paths-plugin skipping request as it is inside node_modules clsx
2026-04-06T23:18:24.883Z next:jsconfig-paths-plugin skipping request as it is inside node_modules clsx
2026-04-06T23:18:24.883Z next:jsconfig-paths-plugin skipping request as it is inside node_modules clsx
2026-04-06T23:18:24.884Z next:jsconfig-paths-plugin moduleName did not match any paths pattern react-dom
2026-04-06T23:18:24.885Z next:jsconfig-paths-plugin skipping request as it is inside node_modules react-dom
2026-04-06T23:18:24.885Z next:jsconfig-paths-plugin skipping request as it is inside node_modules next/dist/server/future/route-modules/app-page/vendored/ssr/react-dom
2026-04-06T23:18:24.885Z next:jsconfig-paths-plugin skipping request as it is inside node_modules C:\Users\Ahmed Amin Bejoui\Desktop\ai-code-review-platform\apps\dashboard\node_modules\next/dist/server/future/route-modules/app-page/vendored/ssr/react-dom
2026-04-06T23:18:24.888Z next:jsconfig-paths-plugin skipping request as it is an absolute path C:\Users\Ahmed Amin Bejoui\Desktop\ai-code-review-platform\apps\dashboard\components\notifications\NotificationBell
2026-04-06T23:18:24.893Z next:jsconfig-paths-plugin skipping request as it is an absolute path C:\Users\Ahmed Amin Bejoui\Desktop\ai-code-review-platform\apps\dashboard\components\notifications\NotificationBell
2026-04-06T23:18:24.895Z next:jsconfig-paths-plugin skipping request as it is an absolute path C:\Users\Ahmed Amin Bejoui\Desktop\ai-code-review-platform\apps\dashboard\components\notifications\NotificationBell
2026-04-06T23:18:24.896Z next:jsconfig-paths-plugin skipping request as it is an absolute path C:\Users\Ahmed Amin Bejoui\Desktop\ai-code-review-platform\apps\dashboard\components\notifications\NotificationBell
2026-04-06T23:18:25.034Z next:jsconfig-paths-plugin skipping request as it is inside node_modules ../../../client/components/router-reducer/router-reducer-types
2026-04-06T23:18:25.034Z next:jsconfig-paths-plugin skipping request as it is inside node_modules ../../../client/components/router-reducer/router-reducer
2026-04-06T23:18:25.034Z next:jsconfig-paths-plugin skipping request as it is inside node_modules react
2026-04-06T23:18:25.034Z next:jsconfig-paths-plugin skipping request as it is inside node_modules @swc/helpers/_/_interop_require_wildcard
2026-04-06T23:18:25.034Z next:jsconfig-paths-plugin skipping request as it is inside node_modules next/dist/server/future/route-modules/app-page/vendored/ssr/react
2026-04-06T23:18:25.034Z next:jsconfig-paths-plugin skipping request as it is inside node_modules C:\Users\Ahmed Amin Bejoui\Desktop\ai-code-review-platform\apps\dashboard\node_modules\@swc\helpers\_/_interop_require_wildcard
2026-04-06T23:18:25.055Z next:jsconfig-paths-plugin skipping request as it is inside node_modules C:\Users\Ahmed Amin Bejoui\Desktop\ai-code-review-platform\apps\dashboard\node_modules\next/dist/server/future/route-modules/app-page/vendored/ssr/react
2026-04-06T23:18:25.082Z next:jsconfig-paths-plugin skipping request as it is inside node_modules ../../../client/components/router-reducer/router-reducer-types
2026-04-06T23:18:25.083Z next:jsconfig-paths-plugin skipping request as it is inside node_modules react
2026-04-06T23:18:25.083Z next:jsconfig-paths-plugin skipping request as it is inside node_modules next/dist/server/future/route-modules/app-page/vendored/ssr/react
2026-04-06T23:18:25.083Z next:jsconfig-paths-plugin skipping request as it is inside node_modules C:\Users\Ahmed Amin Bejoui\Desktop\ai-code-review-platform\apps\dashboard\node_modules\next/dist/server/future/route-modules/app-page/vendored/ssr/react
2026-04-06T23:18:25.275Z next:jsconfig-paths-plugin skipping request as it is inside node_modules ./components/app-router
2026-04-06T23:18:25.277Z next:jsconfig-paths-plugin skipping request as it is inside node_modules ./apply-flight-data
2026-04-06T23:18:25.278Z next:jsconfig-paths-plugin skipping request as it is inside node_modules ./reducers/prefetch-reducer
2026-04-06T23:18:25.282Z next:jsconfig-paths-plugin skipping request as it is inside node_modules ./is-dynamic
2026-04-06T23:18:25.285Z next:jsconfig-paths-plugin skipping request as it is inside node_modules ./sorted-routes
2026-04-06T23:18:25.394Z next:jsconfig-paths-plugin skipping request as it is inside node_modules lodash/isEqual
2026-04-06T23:18:25.462Z next:jsconfig-paths-plugin skipping request as it is inside node_modules lodash/isEqual
2026-04-06T23:18:25.463Z next:jsconfig-paths-plugin skipping request as it is inside node_modules lodash/isEqual
2026-04-06T23:18:25.463Z next:jsconfig-paths-plugin skipping request as it is inside node_modules lodash/isEqual
2026-04-06T23:18:25.463Z next:jsconfig-paths-plugin skipping request as it is inside node_modules lodash/isNil
2026-04-06T23:18:25.463Z next:jsconfig-paths-plugin skipping request as it is inside node_modules lodash/isNil
2026-04-06T23:18:25.463Z next:jsconfig-paths-plugin skipping request as it is inside node_modules lodash/isNil
2026-04-06T23:18:25.463Z next:jsconfig-paths-plugin skipping request as it is inside node_modules lodash/isNil
2026-04-06T23:18:25.463Z next:jsconfig-paths-plugin skipping request as it is inside node_modules lodash/isFunction
2026-04-06T23:18:25.463Z next:jsconfig-paths-plugin skipping request as it is inside node_modules lodash/isFunction
2026-04-06T23:18:25.463Z next:jsconfig-paths-plugin skipping request as it is inside node_modules lodash/isFunction
2026-04-06T23:18:25.463Z next:jsconfig-paths-plugin skipping request as it is inside node_modules lodash/isFunction
2026-04-06T23:18:25.463Z next:jsconfig-paths-plugin skipping request as it is inside node_modules lodash/max
2026-04-06T23:18:25.463Z next:jsconfig-paths-plugin skipping request as it is inside node_modules lodash/isNaN
2026-04-06T23:18:25.463Z next:jsconfig-paths-plugin skipping request as it is inside node_modules lodash/throttle
2026-04-06T23:18:25.464Z next:jsconfig-paths-plugin skipping request as it is inside node_modules lodash/get
2026-04-06T23:18:25.548Z next:jsconfig-paths-plugin skipping request as it is inside node_modules lodash/isEqual
2026-04-06T23:18:25.548Z next:jsconfig-paths-plugin skipping request as it is inside node_modules lodash/isEqual
2026-04-06T23:18:25.548Z next:jsconfig-paths-plugin skipping request as it is inside node_modules lodash/isEqual
2026-04-06T23:18:25.548Z next:jsconfig-paths-plugin skipping request as it is inside node_modules lodash/isEqual
2026-04-06T23:18:25.548Z next:jsconfig-paths-plugin skipping request as it is inside node_modules lodash/isNil
2026-04-06T23:18:25.548Z next:jsconfig-paths-plugin skipping request as it is inside node_modules lodash/isNil
2026-04-06T23:18:25.548Z next:jsconfig-paths-plugin skipping request as it is inside node_modules lodash/isNil
2026-04-06T23:18:25.598Z next:jsconfig-paths-plugin skipping request as it is inside node_modules lodash/isNil
2026-04-06T23:18:25.598Z next:jsconfig-paths-plugin skipping request as it is inside node_modules lodash/isFunction
2026-04-06T23:18:25.598Z next:jsconfig-paths-plugin skipping request as it is inside node_modules lodash/isFunction
2026-04-06T23:18:25.598Z next:jsconfig-paths-plugin skipping request as it is inside node_modules lodash/isFunction
2026-04-06T23:18:25.599Z next:jsconfig-paths-plugin skipping request as it is inside node_modules lodash/isFunction
2026-04-06T23:18:25.599Z next:jsconfig-paths-plugin skipping request as it is inside node_modules lodash/max
2026-04-06T23:18:25.599Z next:jsconfig-paths-plugin skipping request as it is inside node_modules lodash/isNaN
2026-04-06T23:18:25.599Z next:jsconfig-paths-plugin skipping request as it is inside node_modules lodash/throttle
2026-04-06T23:18:25.599Z next:jsconfig-paths-plugin skipping request as it is inside node_modules lodash/get
2026-04-06T23:18:25.672Z next:jsconfig-paths-plugin skipping request as it is inside node_modules lodash/isEqual
2026-04-06T23:18:25.673Z next:jsconfig-paths-plugin skipping request as it is inside node_modules lodash/isEqual
2026-04-06T23:18:25.673Z next:jsconfig-paths-plugin skipping request as it is inside node_modules lodash/isNil
2026-04-06T23:18:25.673Z next:jsconfig-paths-plugin skipping request as it is inside node_modules lodash/isNil
2026-04-06T23:18:25.673Z next:jsconfig-paths-plugin skipping request as it is inside node_modules lodash/isFunction
2026-04-06T23:18:25.673Z next:jsconfig-paths-plugin skipping request as it is inside node_modules lodash/isFunction
2026-04-06T23:18:25.673Z next:jsconfig-paths-plugin skipping request as it is inside node_modules lodash/max
2026-04-06T23:18:25.673Z next:jsconfig-paths-plugin skipping request as it is inside node_modules lodash/isNaN
2026-04-06T23:18:25.673Z next:jsconfig-paths-plugin skipping request as it is inside node_modules lodash/throttle
2026-04-06T23:18:25.674Z next:jsconfig-paths-plugin skipping request as it is inside node_modules lodash/get
2026-04-06T23:18:25.957Z next:jsconfig-paths-plugin skipping request as it is inside node_modules ../../../client/components/router-reducer/router-reducer
2026-04-06T23:18:25.986Z next:jsconfig-paths-plugin skipping request as it is inside node_modules motion-dom
2026-04-06T23:18:25.992Z next:jsconfig-paths-plugin skipping request as it is inside node_modules ./event-info.mjs
2026-04-06T23:18:25.992Z next:jsconfig-paths-plugin skipping request as it is inside node_modules react
2026-04-06T23:18:25.993Z next:jsconfig-paths-plugin skipping request as it is inside node_modules ./event-info.mjs
2026-04-06T23:18:26.000Z next:jsconfig-paths-plugin skipping request as it is an absolute path C:\Users\Ahmed Amin Bejoui\Desktop\ai-code-review-platform\apps\dashboard\components\notifications\NotificationBell
2026-04-06T23:18:26.000Z next:jsconfig-paths-plugin skipping request as it is an absolute path C:\Users\Ahmed Amin Bejoui\Desktop\ai-code-review-platform\apps\dashboard\components\notifications\NotificationBell
2026-04-06T23:18:26.003Z next:jsconfig-paths-plugin skipping request as it is an absolute path C:\Users\Ahmed Amin Bejoui\Desktop\ai-code-review-platform\apps\dashboard\components\notifications\NotificationBell
2026-04-06T23:18:26.004Z next:jsconfig-paths-plugin skipping request as it is an absolute path C:\Users\Ahmed Amin Bejoui\Desktop\ai-code-review-platform\apps\dashboard\components\notifications\NotificationBell
2026-04-06T23:18:26.236Z next:jsconfig-paths-plugin moduleName did not match any paths pattern lodash/isEqual
2026-04-06T23:18:26.236Z next:jsconfig-paths-plugin moduleName did not match any paths pattern lodash/isNil
2026-04-06T23:18:26.236Z next:jsconfig-paths-plugin moduleName did not match any paths pattern lodash/isFunction
2026-04-06T23:18:26.236Z next:jsconfig-paths-plugin moduleName did not match any paths pattern lodash/max
2026-04-06T23:18:26.236Z next:jsconfig-paths-plugin moduleName did not match any paths pattern lodash/throttle
2026-04-06T23:18:26.236Z next:jsconfig-paths-plugin moduleName did not match any paths pattern lodash/isNaN
2026-04-06T23:18:26.236Z next:jsconfig-paths-plugin moduleName did not match any paths pattern lodash/get
2026-04-06T23:18:26.295Z next:jsconfig-paths-plugin skipping request as it is inside node_modules lodash/isEqual
2026-04-06T23:18:26.295Z next:jsconfig-paths-plugin skipping request as it is inside node_modules lodash/isEqual
2026-04-06T23:18:26.295Z next:jsconfig-paths-plugin skipping request as it is inside node_modules lodash/isNil
2026-04-06T23:18:26.295Z next:jsconfig-paths-plugin skipping request as it is inside node_modules lodash/isNil
2026-04-06T23:18:26.295Z next:jsconfig-paths-plugin skipping request as it is inside node_modules lodash/isFunction
2026-04-06T23:18:26.295Z next:jsconfig-paths-plugin skipping request as it is inside node_modules lodash/isFunction
2026-04-06T23:18:26.295Z next:jsconfig-paths-plugin skipping request as it is inside node_modules lodash/max
2026-04-06T23:18:26.296Z next:jsconfig-paths-plugin skipping request as it is inside node_modules lodash/throttle
2026-04-06T23:18:26.296Z next:jsconfig-paths-plugin skipping request as it is inside node_modules lodash/isNaN
2026-04-06T23:18:26.296Z next:jsconfig-paths-plugin skipping request as it is inside node_modules lodash/get
2026-04-06T23:18:26.317Z next:jsconfig-paths-plugin skipping request as it is inside node_modules motion-dom
2026-04-06T23:18:26.324Z next:jsconfig-paths-plugin skipping request as it is an absolute path C:\Users\Ahmed Amin Bejoui\Desktop\ai-code-review-platform\apps\dashboard\components\ui\badge
2026-04-06T23:18:26.324Z next:jsconfig-paths-plugin skipping request as it is an absolute path C:\Users\Ahmed Amin Bejoui\Desktop\ai-code-review-platform\apps\dashboard\components\ui\button
2026-04-06T23:18:26.324Z next:jsconfig-paths-plugin skipping request as it is an absolute path C:\Users\Ahmed Amin Bejoui\Desktop\ai-code-review-platform\apps\dashboard\components\ui\card
2026-04-06T23:18:26.324Z next:jsconfig-paths-plugin skipping request as it is an absolute path C:\Users\Ahmed Amin Bejoui\Desktop\ai-code-review-platform\apps\dashboard\components\ui\dialog
2026-04-06T23:18:26.324Z next:jsconfig-paths-plugin skipping request as it is an absolute path C:\Users\Ahmed Amin Bejoui\Desktop\ai-code-review-platform\apps\dashboard\components\ui\dialog
2026-04-06T23:18:26.324Z next:jsconfig-paths-plugin skipping request as it is an absolute path C:\Users\Ahmed Amin Bejoui\Desktop\ai-code-review-platform\apps\dashboard\components\ui\button
2026-04-06T23:18:26.324Z next:jsconfig-paths-plugin skipping request as it is an absolute path C:\Users\Ahmed Amin Bejoui\Desktop\ai-code-review-platform\apps\dashboard\components\ui\badge
2026-04-06T23:18:26.324Z next:jsconfig-paths-plugin skipping request as it is an absolute path C:\Users\Ahmed Amin Bejoui\Desktop\ai-code-review-platform\apps\dashboard\components\ui\avatar
2026-04-06T23:18:26.324Z next:jsconfig-paths-plugin skipping request as it is an absolute path C:\Users\Ahmed Amin Bejoui\Desktop\ai-code-review-platform\apps\dashboard\components\ui\select
2026-04-06T23:18:26.324Z next:jsconfig-paths-plugin skipping request as it is an absolute path C:\Users\Ahmed Amin Bejoui\Desktop\ai-code-review-platform\apps\dashboard\components\ui\card
2026-04-06T23:18:26.331Z next:jsconfig-paths-plugin skipping request as it is an absolute path C:\Users\Ahmed Amin Bejoui\Desktop\ai-code-review-platform\apps\dashboard\components\ui\badge
2026-04-06T23:18:26.331Z next:jsconfig-paths-plugin skipping request as it is an absolute path C:\Users\Ahmed Amin Bejoui\Desktop\ai-code-review-platform\apps\dashboard\components\ui\button
2026-04-06T23:18:26.331Z next:jsconfig-paths-plugin skipping request as it is an absolute path C:\Users\Ahmed Amin Bejoui\Desktop\ai-code-review-platform\apps\dashboard\components\ui\card
2026-04-06T23:18:26.331Z next:jsconfig-paths-plugin skipping request as it is an absolute path C:\Users\Ahmed Amin Bejoui\Desktop\ai-code-review-platform\apps\dashboard\components\ui\dialog
2026-04-06T23:18:26.331Z next:jsconfig-paths-plugin skipping request as it is an absolute path C:\Users\Ahmed Amin Bejoui\Desktop\ai-code-review-platform\apps\dashboard\components\ui\dialog
2026-04-06T23:18:26.332Z next:jsconfig-paths-plugin skipping request as it is an absolute path C:\Users\Ahmed Amin Bejoui\Desktop\ai-code-review-platform\apps\dashboard\components\ui\button
2026-04-06T23:18:26.332Z next:jsconfig-paths-plugin skipping request as it is an absolute path C:\Users\Ahmed Amin Bejoui\Desktop\ai-code-review-platform\apps\dashboard\components\ui\badge
2026-04-06T23:18:26.332Z next:jsconfig-paths-plugin skipping request as it is an absolute path C:\Users\Ahmed Amin Bejoui\Desktop\ai-code-review-platform\apps\dashboard\components\ui\avatar
2026-04-06T23:18:26.332Z next:jsconfig-paths-plugin skipping request as it is an absolute path C:\Users\Ahmed Amin Bejoui\Desktop\ai-code-review-platform\apps\dashboard\components\ui\select
2026-04-06T23:18:26.332Z next:jsconfig-paths-plugin skipping request as it is an absolute path C:\Users\Ahmed Amin Bejoui\Desktop\ai-code-review-platform\apps\dashboard\components\ui\card
2026-04-06T23:18:26.347Z next:jsconfig-paths-plugin skipping request as it is an absolute path C:\Users\Ahmed Amin Bejoui\Desktop\ai-code-review-platform\apps\dashboard\components\ui\badge
2026-04-06T23:18:26.347Z next:jsconfig-paths-plugin skipping request as it is an absolute path C:\Users\Ahmed Amin Bejoui\Desktop\ai-code-review-platform\apps\dashboard\components\ui\button
2026-04-06T23:18:26.347Z next:jsconfig-paths-plugin skipping request as it is an absolute path C:\Users\Ahmed Amin Bejoui\Desktop\ai-code-review-platform\apps\dashboard\components\ui\card
2026-04-06T23:18:26.347Z next:jsconfig-paths-plugin skipping request as it is an absolute path C:\Users\Ahmed Amin Bejoui\Desktop\ai-code-review-platform\apps\dashboard\components\ui\dialog
2026-04-06T23:18:26.347Z next:jsconfig-paths-plugin skipping request as it is an absolute path C:\Users\Ahmed Amin Bejoui\Desktop\ai-code-review-platform\apps\dashboard\components\ui\dialog
2026-04-06T23:18:26.347Z next:jsconfig-paths-plugin skipping request as it is an absolute path C:\Users\Ahmed Amin Bejoui\Desktop\ai-code-review-platform\apps\dashboard\components\ui\button
2026-04-06T23:18:26.347Z next:jsconfig-paths-plugin skipping request as it is an absolute path C:\Users\Ahmed Amin Bejoui\Desktop\ai-code-review-platform\apps\dashboard\components\ui\badge
2026-04-06T23:18:26.347Z next:jsconfig-paths-plugin skipping request as it is an absolute path C:\Users\Ahmed Amin Bejoui\Desktop\ai-code-review-platform\apps\dashboard\components\ui\avatar
2026-04-06T23:18:26.347Z next:jsconfig-paths-plugin skipping request as it is an absolute path C:\Users\Ahmed Amin Bejoui\Desktop\ai-code-review-platform\apps\dashboard\components\ui\select
2026-04-06T23:18:26.348Z next:jsconfig-paths-plugin skipping request as it is an absolute path C:\Users\Ahmed Amin Bejoui\Desktop\ai-code-review-platform\apps\dashboard\components\ui\card
2026-04-06T23:18:26.348Z next:jsconfig-paths-plugin skipping request as it is an absolute path C:\Users\Ahmed Amin Bejoui\Desktop\ai-code-review-platform\apps\dashboard\components\ui\alert
2026-04-06T23:18:26.348Z next:jsconfig-paths-plugin skipping request as it is an absolute path C:\Users\Ahmed Amin Bejoui\Desktop\ai-code-review-platform\apps\dashboard\components\ui\separator
2026-04-06T23:18:26.348Z next:jsconfig-paths-plugin skipping request as it is an absolute path C:\Users\Ahmed Amin Bejoui\Desktop\ai-code-review-platform\apps\dashboard\components\ui\collapsible
2026-04-06T23:18:26.348Z next:jsconfig-paths-plugin skipping request as it is an absolute path C:\Users\Ahmed Amin Bejoui\Desktop\ai-code-review-platform\apps\dashboard\lib\github-permissions
2026-04-06T23:18:26.359Z next:jsconfig-paths-plugin skipping request as it is an absolute path C:\Users\Ahmed Amin Bejoui\Desktop\ai-code-review-platform\apps\dashboard\components\ui\badge
2026-04-06T23:18:26.359Z next:jsconfig-paths-plugin skipping request as it is an absolute path C:\Users\Ahmed Amin Bejoui\Desktop\ai-code-review-platform\apps\dashboard\components\ui\button
2026-04-06T23:18:26.359Z next:jsconfig-paths-plugin skipping request as it is an absolute path C:\Users\Ahmed Amin Bejoui\Desktop\ai-code-review-platform\apps\dashboard\components\ui\card
2026-04-06T23:18:26.359Z next:jsconfig-paths-plugin skipping request as it is an absolute path C:\Users\Ahmed Amin Bejoui\Desktop\ai-code-review-platform\apps\dashboard\components\ui\dialog
2026-04-06T23:18:26.359Z next:jsconfig-paths-plugin skipping request as it is an absolute path C:\Users\Ahmed Amin Bejoui\Desktop\ai-code-review-platform\apps\dashboard\components\ui\dialog
2026-04-06T23:18:26.359Z next:jsconfig-paths-plugin skipping request as it is an absolute path C:\Users\Ahmed Amin Bejoui\Desktop\ai-code-review-platform\apps\dashboard\components\ui\button
2026-04-06T23:18:26.359Z next:jsconfig-paths-plugin skipping request as it is an absolute path C:\Users\Ahmed Amin Bejoui\Desktop\ai-code-review-platform\apps\dashboard\components\ui\badge
2026-04-06T23:18:26.359Z next:jsconfig-paths-plugin skipping request as it is an absolute path C:\Users\Ahmed Amin Bejoui\Desktop\ai-code-review-platform\apps\dashboard\components\ui\avatar
2026-04-06T23:18:26.359Z next:jsconfig-paths-plugin skipping request as it is an absolute path C:\Users\Ahmed Amin Bejoui\Desktop\ai-code-review-platform\apps\dashboard\components\ui\select
2026-04-06T23:18:26.359Z next:jsconfig-paths-plugin skipping request as it is an absolute path C:\Users\Ahmed Amin Bejoui\Desktop\ai-code-review-platform\apps\dashboard\components\ui\card
2026-04-06T23:18:26.369Z next:jsconfig-paths-plugin skipping request as it is an absolute path C:\Users\Ahmed Amin Bejoui\Desktop\ai-code-review-platform\apps\dashboard\components\ui\alert
2026-04-06T23:18:26.369Z next:jsconfig-paths-plugin skipping request as it is an absolute path C:\Users\Ahmed Amin Bejoui\Desktop\ai-code-review-platform\apps\dashboard\components\ui\separator
2026-04-06T23:18:26.370Z next:jsconfig-paths-plugin skipping request as it is an absolute path C:\Users\Ahmed Amin Bejoui\Desktop\ai-code-review-platform\apps\dashboard\components\ui\alert
2026-04-06T23:18:26.370Z next:jsconfig-paths-plugin skipping request as it is an absolute path C:\Users\Ahmed Amin Bejoui\Desktop\ai-code-review-platform\apps\dashboard\components\ui\separator
2026-04-06T23:18:26.371Z next:jsconfig-paths-plugin skipping request as it is an absolute path C:\Users\Ahmed Amin Bejoui\Desktop\ai-code-review-platform\apps\dashboard\components\ui\alert
2026-04-06T23:18:26.371Z next:jsconfig-paths-plugin skipping request as it is an absolute path C:\Users\Ahmed Amin Bejoui\Desktop\ai-code-review-platform\apps\dashboard\components\ui\separator
2026-04-06T23:18:26.372Z next:jsconfig-paths-plugin skipping request as it is an absolute path C:\Users\Ahmed Amin Bejoui\Desktop\ai-code-review-platform\apps\dashboard\components\ui\alert
2026-04-06T23:18:26.372Z next:jsconfig-paths-plugin skipping request as it is an absolute path C:\Users\Ahmed Amin Bejoui\Desktop\ai-code-review-platform\apps\dashboard\components\ui\separator
2026-04-06T23:18:26.374Z next:jsconfig-paths-plugin skipping request as it is an absolute path C:\Users\Ahmed Amin Bejoui\Desktop\ai-code-review-platform\apps\dashboard\components\ui\alert
2026-04-06T23:18:26.374Z next:jsconfig-paths-plugin skipping request as it is an absolute path C:\Users\Ahmed Amin Bejoui\Desktop\ai-code-review-platform\apps\dashboard\components\ui\separator
2026-04-06T23:18:26.376Z next:jsconfig-paths-plugin skipping request as it is an absolute path C:\Users\Ahmed Amin Bejoui\Desktop\ai-code-review-platform\apps\dashboard\components\ui\alert
2026-04-06T23:18:26.377Z next:jsconfig-paths-plugin skipping request as it is an absolute path C:\Users\Ahmed Amin Bejoui\Desktop\ai-code-review-platform\apps\dashboard\components\ui\separator
2026-04-06T23:18:26.380Z next:jsconfig-paths-plugin skipping request as it is an absolute path C:\Users\Ahmed Amin Bejoui\Desktop\ai-code-review-platform\apps\dashboard\components\ui\alert
2026-04-06T23:18:26.381Z next:jsconfig-paths-plugin skipping request as it is an absolute path C:\Users\Ahmed Amin Bejoui\Desktop\ai-code-review-platform\apps\dashboard\components\ui\separator
2026-04-06T23:18:26.385Z next:jsconfig-paths-plugin skipping request as it is an absolute path C:\Users\Ahmed Amin Bejoui\Desktop\ai-code-review-platform\apps\dashboard\components\ui\alert
2026-04-06T23:18:26.385Z next:jsconfig-paths-plugin skipping request as it is an absolute path C:\Users\Ahmed Amin Bejoui\Desktop\ai-code-review-platform\apps\dashboard\components\ui\separator
2026-04-06T23:18:26.391Z next:jsconfig-paths-plugin moduleName did not match any paths pattern @clerk/shared/loadClerkJsScript
2026-04-06T23:18:26.391Z next:jsconfig-paths-plugin moduleName did not match any paths pattern @clerk/shared/keys
2026-04-06T23:18:26.391Z next:jsconfig-paths-plugin moduleName did not match any paths pattern @clerk/shared/deriveState
2026-04-06T23:18:26.392Z next:jsconfig-paths-plugin moduleName did not match any paths pattern @clerk/shared/browser
2026-04-06T23:18:26.392Z next:jsconfig-paths-plugin moduleName did not match any paths pattern @clerk/shared/clerkEventBus
2026-04-06T23:18:26.392Z next:jsconfig-paths-plugin moduleName did not match any paths pattern @clerk/shared/react
2026-04-06T23:18:26.392Z next:jsconfig-paths-plugin moduleName did not match any paths pattern @clerk/shared/utils
2026-04-06T23:18:26.396Z next:jsconfig-paths-plugin skipping request as it is inside node_modules @clerk/shared/loadClerkJsScript
2026-04-06T23:18:26.396Z next:jsconfig-paths-plugin skipping request as it is inside node_modules @clerk/shared/keys
2026-04-06T23:18:26.396Z next:jsconfig-paths-plugin skipping request as it is inside node_modules @clerk/shared/deriveState
2026-04-06T23:18:26.396Z next:jsconfig-paths-plugin skipping request as it is inside node_modules @clerk/shared/browser
2026-04-06T23:18:26.396Z next:jsconfig-paths-plugin skipping request as it is inside node_modules @clerk/shared/clerkEventBus
2026-04-06T23:18:26.396Z next:jsconfig-paths-plugin skipping request as it is inside node_modules @clerk/shared/react
2026-04-06T23:18:26.397Z next:jsconfig-paths-plugin skipping request as it is inside node_modules @clerk/shared/utils
2026-04-06T23:18:26.532Z next:jsconfig-paths-plugin skipping request as it is an absolute path C:\Users\Ahmed Amin Bejoui\Desktop\ai-code-review-platform\apps\dashboard\components\ui\tabs
2026-04-06T23:18:26.532Z next:jsconfig-paths-plugin skipping request as it is an absolute path C:\Users\Ahmed Amin Bejoui\Desktop\ai-code-review-platform\apps\dashboard\components\ui\scroll-area
2026-04-06T23:18:26.532Z next:jsconfig-paths-plugin skipping request as it is an absolute path C:\Users\Ahmed Amin Bejoui\Desktop\ai-code-review-platform\apps\dashboard\components\ui\tabs
2026-04-06T23:18:26.532Z next:jsconfig-paths-plugin skipping request as it is an absolute path C:\Users\Ahmed Amin Bejoui\Desktop\ai-code-review-platform\apps\dashboard\components\ui\scroll-area
2026-04-06T23:18:26.535Z next:jsconfig-paths-plugin skipping request as it is inside node_modules react
2026-04-06T23:18:26.535Z next:jsconfig-paths-plugin skipping request as it is inside node_modules ./is-browser.mjs
2026-04-06T23:18:26.535Z next:jsconfig-paths-plugin skipping request as it is inside node_modules motion-dom
2026-04-06T23:18:26.535Z next:jsconfig-paths-plugin skipping request as it is inside node_modules ./use-is-mounted.mjs
2026-04-06T23:18:26.535Z next:jsconfig-paths-plugin skipping request as it is inside node_modules motion-utils
2026-04-06T23:18:26.536Z next:jsconfig-paths-plugin skipping request as it is inside node_modules ../context/MotionConfigContext.mjs
2026-04-06T23:18:26.536Z next:jsconfig-paths-plugin skipping request as it is inside node_modules ../projection/use-instant-layout-transition.mjs
2026-04-06T23:18:26.536Z next:jsconfig-paths-plugin skipping request as it is inside node_modules ./use-force-update.mjs
2026-04-06T23:18:26.536Z next:jsconfig-paths-plugin skipping request as it is inside node_modules motion-dom
2026-04-06T23:18:26.537Z next:jsconfig-paths-plugin skipping request as it is inside node_modules react
2026-04-06T23:18:26.537Z next:jsconfig-paths-plugin skipping request as it is inside node_modules ../context/MotionConfigContext.mjs
2026-04-06T23:18:26.537Z next:jsconfig-paths-plugin skipping request as it is inside node_modules ../utils/use-constant.mjs
2026-04-06T23:18:26.537Z next:jsconfig-paths-plugin skipping request as it is inside node_modules motion-utils
2026-04-06T23:18:26.537Z next:jsconfig-paths-plugin skipping request as it is inside node_modules ../render/dom/scroll/index.mjs
2026-04-06T23:18:26.537Z next:jsconfig-paths-plugin skipping request as it is inside node_modules ../render/dom/scroll/utils/offset-to-range.mjs
2026-04-06T23:18:26.537Z next:jsconfig-paths-plugin skipping request as it is inside node_modules ../utils/use-isomorphic-effect.mjs
2026-04-06T23:18:26.537Z next:jsconfig-paths-plugin skipping request as it is inside node_modules ../render/dom/viewport/index.mjs
2026-04-06T23:18:26.537Z next:jsconfig-paths-plugin skipping request as it is inside node_modules ./use-combine-values.mjs
2026-04-06T23:18:26.537Z next:jsconfig-paths-plugin skipping request as it is an absolute path C:\Users\Ahmed Amin Bejoui\Desktop\ai-code-review-platform\apps\dashboard\components\ui\tabs
2026-04-06T23:18:26.537Z next:jsconfig-paths-plugin skipping request as it is an absolute path C:\Users\Ahmed Amin Bejoui\Desktop\ai-code-review-platform\apps\dashboard\components\ui\scroll-area
2026-04-06T23:18:26.537Z next:jsconfig-paths-plugin skipping request as it is an absolute path C:\Users\Ahmed Amin Bejoui\Desktop\ai-code-review-platform\apps\dashboard\hooks\use-github-members-preview
2026-04-06T23:18:26.538Z next:jsconfig-paths-plugin skipping request as it is inside node_modules motion-utils
2026-04-06T23:18:26.538Z next:jsconfig-paths-plugin skipping request as it is inside node_modules ../use-scroll.mjs
2026-04-06T23:18:26.538Z next:jsconfig-paths-plugin skipping request as it is inside node_modules motion-dom
2026-04-06T23:18:26.600Z next:jsconfig-paths-plugin skipping request as it is an absolute path C:\Users\Ahmed Amin Bejoui\Desktop\ai-code-review-platform\apps\dashboard\components\ui\tabs
2026-04-06T23:18:26.600Z next:jsconfig-paths-plugin skipping request as it is an absolute path C:\Users\Ahmed Amin Bejoui\Desktop\ai-code-review-platform\apps\dashboard\components\ui\scroll-area
2026-04-06T23:18:26.648Z next:jsconfig-paths-plugin skipping request as it is inside node_modules ./is-browser.mjs
2026-04-06T23:18:26.648Z next:jsconfig-paths-plugin skipping request as it is inside node_modules ../context/MotionConfigContext.mjs
2026-04-06T23:18:26.648Z next:jsconfig-paths-plugin skipping request as it is inside node_modules ../projection/use-instant-layout-transition.mjs
2026-04-06T23:18:26.648Z next:jsconfig-paths-plugin skipping request as it is inside node_modules ./use-force-update.mjs
2026-04-06T23:18:26.649Z next:jsconfig-paths-plugin skipping request as it is inside node_modules ../context/MotionConfigContext.mjs
2026-04-06T23:18:26.650Z next:jsconfig-paths-plugin skipping request as it is inside node_modules ../utils/use-isomorphic-effect.mjs
2026-04-06T23:18:26.651Z next:jsconfig-paths-plugin skipping request as it is inside node_modules ../render/dom/scroll/index.mjs
2026-04-06T23:18:26.651Z next:jsconfig-paths-plugin skipping request as it is inside node_modules ../render/dom/viewport/index.mjs
2026-04-06T23:18:26.651Z next:jsconfig-paths-plugin skipping request as it is inside node_modules motion-dom
2026-04-06T23:18:26.651Z next:jsconfig-paths-plugin skipping request as it is inside node_modules motion-utils
2026-04-06T23:18:26.651Z next:jsconfig-paths-plugin skipping request as it is inside node_modules ../use-scroll.mjs
2026-04-06T23:18:26.681Z next:jsconfig-paths-plugin skipping request as it is an absolute path C:\Users\Ahmed Amin Bejoui\Desktop\ai-code-review-platform\apps\dashboard\lib\github-permissions
2026-04-06T23:18:26.682Z next:jsconfig-paths-plugin skipping request as it is an absolute path C:\Users\Ahmed Amin Bejoui\Desktop\ai-code-review-platform\apps\dashboard\components\ui\collapsible
2026-04-06T23:18:26.682Z next:jsconfig-paths-plugin skipping request as it is an absolute path C:\Users\Ahmed Amin Bejoui\Desktop\ai-code-review-platform\apps\dashboard\lib\github-permissions
2026-04-06T23:18:26.682Z next:jsconfig-paths-plugin skipping request as it is an absolute path C:\Users\Ahmed Amin Bejoui\Desktop\ai-code-review-platform\apps\dashboard\components\ui\collapsible
2026-04-06T23:18:26.683Z next:jsconfig-paths-plugin skipping request as it is an absolute path C:\Users\Ahmed Amin Bejoui\Desktop\ai-code-review-platform\apps\dashboard\lib\github-permissions
2026-04-06T23:18:26.685Z next:jsconfig-paths-plugin skipping request as it is an absolute path C:\Users\Ahmed Amin Bejoui\Desktop\ai-code-review-platform\apps\dashboard\components\ui\collapsible
2026-04-06T23:18:26.686Z next:jsconfig-paths-plugin skipping request as it is an absolute path C:\Users\Ahmed Amin Bejoui\Desktop\ai-code-review-platform\apps\dashboard\lib\github-permissions
2026-04-06T23:18:26.687Z next:jsconfig-paths-plugin skipping request as it is an absolute path C:\Users\Ahmed Amin Bejoui\Desktop\ai-code-review-platform\apps\dashboard\components\ui\collapsible
2026-04-06T23:18:26.723Z next:jsconfig-paths-plugin skipping request as it is inside node_modules motion-dom
2026-04-06T23:18:26.723Z next:jsconfig-paths-plugin skipping request as it is inside node_modules motion-utils
2026-04-06T23:18:26.732Z next:jsconfig-paths-plugin skipping request as it is inside node_modules motion-utils
2026-04-06T23:18:26.736Z next:jsconfig-paths-plugin skipping request as it is inside node_modules motion-dom
2026-04-06T23:18:26.775Z next:jsconfig-paths-plugin skipping request as it is inside node_modules ./use-follow-value.mjs
2026-04-06T23:18:26.776Z next:jsconfig-paths-plugin skipping request as it is inside node_modules ./use-motion-value.mjs
2026-04-06T23:18:26.776Z next:jsconfig-paths-plugin skipping request as it is inside node_modules ./use-transform.mjs
2026-04-06T23:18:26.776Z next:jsconfig-paths-plugin skipping request as it is inside node_modules ./use-computed.mjs
2026-04-06T23:18:26.776Z next:jsconfig-paths-plugin skipping request as it is inside node_modules ../utils/use-motion-value-event.mjs
2026-04-06T23:18:26.776Z next:jsconfig-paths-plugin skipping request as it is inside node_modules motion-dom
2026-04-06T23:18:26.776Z next:jsconfig-paths-plugin skipping request as it is inside node_modules ../utils/use-animation-frame.mjs
2026-04-06T23:18:26.802Z next:jsconfig-paths-plugin skipping request as it is inside node_modules ../../utils/use-constant.mjs
2026-04-06T23:18:26.803Z next:jsconfig-paths-plugin skipping request as it is inside node_modules ./WillChangeMotionValue.mjs
2026-04-06T23:18:26.913Z next:jsconfig-paths-plugin skipping request as it is inside node_modules ./use-follow-value.mjs
2026-04-06T23:18:26.913Z next:jsconfig-paths-plugin skipping request as it is inside node_modules ./use-motion-value.mjs
2026-04-06T23:18:26.913Z next:jsconfig-paths-plugin skipping request as it is inside node_modules ./use-transform.mjs
2026-04-06T23:18:26.913Z next:jsconfig-paths-plugin skipping request as it is inside node_modules ../utils/use-motion-value-event.mjs
2026-04-06T23:18:26.914Z next:jsconfig-paths-plugin skipping request as it is inside node_modules ../utils/use-animation-frame.mjs
2026-04-06T23:18:26.951Z next:jsconfig-paths-plugin skipping request as it is inside node_modules ./WillChangeMotionValue.mjs
2026-04-06T23:18:26.962Z next:jsconfig-paths-plugin skipping request as it is an absolute path C:\Users\Ahmed Amin Bejoui\Desktop\ai-code-review-platform\apps\dashboard\hooks\use-github-members-preview
2026-04-06T23:18:26.963Z next:jsconfig-paths-plugin skipping request as it is an absolute path C:\Users\Ahmed Amin Bejoui\Desktop\ai-code-review-platform\apps\dashboard\hooks\use-github-members-preview
2026-04-06T23:18:26.964Z next:jsconfig-paths-plugin skipping request as it is an absolute path C:\Users\Ahmed Amin Bejoui\Desktop\ai-code-review-platform\apps\dashboard\hooks\use-github-members-preview
2026-04-06T23:18:26.965Z next:jsconfig-paths-plugin skipping request as it is an absolute path C:\Users\Ahmed Amin Bejoui\Desktop\ai-code-review-platform\apps\dashboard\hooks\use-github-members-preview
2026-04-06T23:18:27.097Z next:jsconfig-paths-plugin skipping request as it is inside node_modules ./use-is-mounted.mjs
2026-04-06T23:18:27.098Z next:jsconfig-paths-plugin skipping request as it is inside node_modules ../utils/use-constant.mjs
2026-04-06T23:18:27.098Z next:jsconfig-paths-plugin skipping request as it is inside node_modules ../../utils/use-constant.mjs
2026-04-06T23:18:27.129Z next:jsconfig-paths-plugin skipping request as it is inside node_modules ./use-combine-values.mjs
2026-04-06T23:18:27.213Z next:jsconfig-paths-plugin skipping request as it is inside node_modules motion-dom
2026-04-06T23:18:27.327Z next:jsconfig-paths-plugin skipping request as it is a relative path ./utils
2026-04-06T23:18:27.327Z next:jsconfig-paths-plugin skipping request as it is a relative path ./utils
2026-04-06T23:18:27.444Z next:jsconfig-paths-plugin skipping request as it is a relative path ./utils
2026-04-06T23:18:27.444Z next:jsconfig-paths-plugin moduleName did not match any paths pattern @radix-ui/react-radio-group
2026-04-06T23:18:27.462Z next:jsconfig-paths-plugin skipping request as it is inside node_modules ../context/MotionContext/index.mjs
2026-04-06T23:18:27.462Z next:jsconfig-paths-plugin skipping request as it is inside node_modules react
2026-04-06T23:18:27.463Z next:jsconfig-paths-plugin skipping request as it is inside node_modules react
2026-04-06T23:18:27.463Z next:jsconfig-paths-plugin skipping request as it is inside node_modules ../../context/MotionConfigContext.mjs
2026-04-06T23:18:27.463Z next:jsconfig-paths-plugin skipping request as it is inside node_modules ./use-reduced-motion.mjs
2026-04-06T23:18:27.463Z next:jsconfig-paths-plugin skipping request as it is inside node_modules motion-dom
2026-04-06T23:18:27.463Z next:jsconfig-paths-plugin skipping request as it is inside node_modules motion-utils
2026-04-06T23:18:27.464Z next:jsconfig-paths-plugin skipping request as it is a relative path ./utils
2026-04-06T23:18:27.466Z next:jsconfig-paths-plugin skipping request as it is inside node_modules ../context/MotionContext/index.mjs
2026-04-06T23:18:27.479Z next:jsconfig-paths-plugin skipping request as it is inside node_modules ../../context/MotionConfigContext.mjs
2026-04-06T23:18:27.479Z next:jsconfig-paths-plugin skipping request as it is inside node_modules ./use-reduced-motion.mjs
2026-04-06T23:18:27.511Z next:jsconfig-paths-plugin moduleName did not match any paths pattern @radix-ui/react-slider
2026-04-06T23:18:27.534Z next:jsconfig-paths-plugin moduleName did not match any paths pattern @radix-ui/react-slider
2026-04-06T23:18:27.615Z next:jsconfig-paths-plugin skipping request as it is inside node_modules ./use-computed.mjs
2026-04-06T23:18:27.650Z next:jsconfig-paths-plugin skipping request as it is inside node_modules motion-dom
2026-04-06T23:18:27.667Z next:jsconfig-paths-plugin skipping request as it is inside node_modules motion-utils
2026-04-06T23:18:27.724Z next:jsconfig-paths-plugin skipping request as it is inside node_modules react
2026-04-06T23:18:27.732Z next:jsconfig-paths-plugin skipping request as it is an absolute path C:\Users\Ahmed Amin Bejoui\Desktop\ai-code-review-platform\apps\dashboard\lib\github-permissions
2026-04-06T23:18:27.734Z next:jsconfig-paths-plugin skipping request as it is an absolute path C:\Users\Ahmed Amin Bejoui\Desktop\ai-code-review-platform\apps\dashboard\lib\github-permissions
2026-04-06T23:18:27.735Z next:jsconfig-paths-plugin skipping request as it is an absolute path C:\Users\Ahmed Amin Bejoui\Desktop\ai-code-review-platform\apps\dashboard\lib\github-permissions
2026-04-06T23:18:27.737Z next:jsconfig-paths-plugin skipping request as it is an absolute path C:\Users\Ahmed Amin Bejoui\Desktop\ai-code-review-platform\apps\dashboard\lib\github-permissions
2026-04-06T23:18:27.744Z next:jsconfig-paths-plugin skipping request as it is inside node_modules react
2026-04-06T23:18:27.745Z next:jsconfig-paths-plugin skipping request as it is inside node_modules next/dist/server/future/route-modules/app-page/vendored/ssr/react
2026-04-06T23:18:27.745Z next:jsconfig-paths-plugin skipping request as it is inside node_modules C:\Users\Ahmed Amin Bejoui\Desktop\ai-code-review-platform\apps\dashboard\node_modules\next/dist/server/future/route-modules/app-page/vendored/ssr/react
2026-04-06T23:18:27.745Z next:jsconfig-paths-plugin skipping request as it is inside node_modules react
2026-04-06T23:18:27.745Z next:jsconfig-paths-plugin skipping request as it is inside node_modules react
2026-04-06T23:18:27.745Z next:jsconfig-paths-plugin skipping request as it is inside node_modules react
2026-04-06T23:18:27.745Z next:jsconfig-paths-plugin skipping request as it is inside node_modules react
2026-04-06T23:18:27.746Z next:jsconfig-paths-plugin skipping request as it is inside node_modules react
2026-04-06T23:18:27.746Z next:jsconfig-paths-plugin skipping request as it is inside node_modules next/dist/server/future/route-modules/app-page/vendored/ssr/react
2026-04-06T23:18:27.746Z next:jsconfig-paths-plugin skipping request as it is inside node_modules next/dist/server/future/route-modules/app-page/vendored/ssr/react
2026-04-06T23:18:27.746Z next:jsconfig-paths-plugin skipping request as it is inside node_modules next/dist/server/future/route-modules/app-page/vendored/ssr/react
2026-04-06T23:18:27.746Z next:jsconfig-paths-plugin skipping request as it is inside node_modules next/dist/server/future/route-modules/app-page/vendored/ssr/react
2026-04-06T23:18:27.746Z next:jsconfig-paths-plugin skipping request as it is inside node_modules next/dist/server/future/route-modules/app-page/vendored/ssr/react
2026-04-06T23:18:27.746Z next:jsconfig-paths-plugin skipping request as it is inside node_modules C:\Users\Ahmed Amin Bejoui\Desktop\ai-code-review-platform\apps\dashboard\node_modules\next/dist/server/future/route-modules/app-page/vendored/ssr/react
2026-04-06T23:18:27.746Z next:jsconfig-paths-plugin skipping request as it is inside node_modules C:\Users\Ahmed Amin Bejoui\Desktop\ai-code-review-platform\apps\dashboard\node_modules\next/dist/server/future/route-modules/app-page/vendored/ssr/react
2026-04-06T23:18:27.747Z next:jsconfig-paths-plugin skipping request as it is inside node_modules C:\Users\Ahmed Amin Bejoui\Desktop\ai-code-review-platform\apps\dashboard\node_modules\next/dist/server/future/route-modules/app-page/vendored/ssr/react
2026-04-06T23:18:27.747Z next:jsconfig-paths-plugin skipping request as it is inside node_modules C:\Users\Ahmed Amin Bejoui\Desktop\ai-code-review-platform\apps\dashboard\node_modules\next/dist/server/future/route-modules/app-page/vendored/ssr/react
2026-04-06T23:18:27.747Z next:jsconfig-paths-plugin skipping request as it is inside node_modules C:\Users\Ahmed Amin Bejoui\Desktop\ai-code-review-platform\apps\dashboard\node_modules\next/dist/server/future/route-modules/app-page/vendored/ssr/react
2026-04-06T23:18:27.763Z next:jsconfig-paths-plugin skipping request as it is inside node_modules ./dist/index
2026-04-06T23:18:27.764Z next:jsconfig-paths-plugin skipping request as it is inside node_modules ../render/dom/scroll/utils/offset-to-range.mjs
2026-04-06T23:18:27.803Z next:jsconfig-paths-plugin skipping request as it is inside node_modules react
2026-04-06T23:18:27.803Z next:jsconfig-paths-plugin skipping request as it is inside node_modules next/dist/server/future/route-modules/app-page/vendored/ssr/react
2026-04-06T23:18:27.803Z next:jsconfig-paths-plugin skipping request as it is inside node_modules C:\Users\Ahmed Amin Bejoui\Desktop\ai-code-review-platform\apps\dashboard\node_modules\next/dist/server/future/route-modules/app-page/vendored/ssr/react
2026-04-06T23:18:27.824Z next:jsconfig-paths-plugin skipping request as it is an absolute path C:\Users\Ahmed Amin Bejoui\Desktop\ai-code-review-platform\apps\dashboard\lib\notifications
2026-04-06T23:18:27.825Z next:jsconfig-paths-plugin skipping request as it is an absolute path C:\Users\Ahmed Amin Bejoui\Desktop\ai-code-review-platform\apps\dashboard\components\ui\collapsible
2026-04-06T23:18:27.826Z next:jsconfig-paths-plugin skipping request as it is an absolute path C:\Users\Ahmed Amin Bejoui\Desktop\ai-code-review-platform\apps\dashboard\components\ui\collapsible
2026-04-06T23:18:27.827Z next:jsconfig-paths-plugin skipping request as it is an absolute path C:\Users\Ahmed Amin Bejoui\Desktop\ai-code-review-platform\apps\dashboard\components\ui\collapsible
2026-04-06T23:18:27.828Z next:jsconfig-paths-plugin skipping request as it is an absolute path C:\Users\Ahmed Amin Bejoui\Desktop\ai-code-review-platform\apps\dashboard\components\ui\collapsible
2026-04-06T23:18:27.831Z next:jsconfig-paths-plugin skipping request as it is inside node_modules react
2026-04-06T23:18:27.831Z next:jsconfig-paths-plugin skipping request as it is inside node_modules react
2026-04-06T23:18:27.831Z next:jsconfig-paths-plugin skipping request as it is inside node_modules react
2026-04-06T23:18:27.831Z next:jsconfig-paths-plugin skipping request as it is inside node_modules next/dist/server/future/route-modules/app-page/vendored/ssr/react
2026-04-06T23:18:27.831Z next:jsconfig-paths-plugin skipping request as it is inside node_modules next/dist/server/future/route-modules/app-page/vendored/ssr/react
2026-04-06T23:18:27.831Z next:jsconfig-paths-plugin skipping request as it is inside node_modules next/dist/server/future/route-modules/app-page/vendored/ssr/react
2026-04-06T23:18:27.831Z next:jsconfig-paths-plugin skipping request as it is inside node_modules C:\Users\Ahmed Amin Bejoui\Desktop\ai-code-review-platform\apps\dashboard\node_modules\next/dist/server/future/route-modules/app-page/vendored/ssr/react
2026-04-06T23:18:27.831Z next:jsconfig-paths-plugin skipping request as it is inside node_modules C:\Users\Ahmed Amin Bejoui\Desktop\ai-code-review-platform\apps\dashboard\node_modules\next/dist/server/future/route-modules/app-page/vendored/ssr/react
2026-04-06T23:18:27.831Z next:jsconfig-paths-plugin skipping request as it is inside node_modules C:\Users\Ahmed Amin Bejoui\Desktop\ai-code-review-platform\apps\dashboard\node_modules\next/dist/server/future/route-modules/app-page/vendored/ssr/react
2026-04-06T23:18:45.998Z next:jsconfig-paths-plugin skipping request as it is a relative path ./dashboard-analyses
2026-04-06T23:18:45.999Z next:jsconfig-paths-plugin skipping request as it is a relative path ./dashboard-analyses
2026-04-06T23:18:46.158Z next:jsconfig-paths-plugin skipping request as it is a relative path ./dashboard-analyses
2026-04-06T23:18:46.158Z next:jsconfig-paths-plugin skipping request as it is inside node_modules ./icons/clipboard-list.js
2026-04-06T23:18:46.158Z next:jsconfig-paths-plugin skipping request as it is inside node_modules ./animation/index.mjs
2026-04-06T23:18:46.158Z next:jsconfig-paths-plugin skipping request as it is inside node_modules ./animation/exit.mjs
2026-04-06T23:18:46.158Z next:jsconfig-paths-plugin skipping request as it is inside node_modules ./symbol.mjs
2026-04-06T23:18:46.158Z next:jsconfig-paths-plugin skipping request as it is inside node_modules ./is-motion-component.mjs
2026-04-06T23:18:46.159Z next:jsconfig-paths-plugin skipping request as it is inside node_modules motion-dom
2026-04-06T23:18:46.159Z next:jsconfig-paths-plugin skipping request as it is inside node_modules motion-utils
2026-04-06T23:18:46.159Z next:jsconfig-paths-plugin skipping request as it is inside node_modules motion-dom
2026-04-06T23:18:46.159Z next:jsconfig-paths-plugin skipping request as it is inside node_modules motion-utils
2026-04-06T23:18:46.159Z next:jsconfig-paths-plugin skipping request as it is inside node_modules ./handoff.mjs
2026-04-06T23:18:46.159Z next:jsconfig-paths-plugin skipping request as it is inside node_modules ./store.mjs
2026-04-06T23:18:46.159Z next:jsconfig-paths-plugin skipping request as it is inside node_modules ./store-id.mjs
2026-04-06T23:18:46.159Z next:jsconfig-paths-plugin skipping request as it is inside node_modules ../../dom/create-visual-element.mjs
2026-04-06T23:18:46.192Z next:jsconfig-paths-plugin skipping request as it is inside node_modules ../create-proxy.mjs
2026-04-06T23:18:46.192Z next:jsconfig-paths-plugin skipping request as it is inside node_modules ./feature-bundle.mjs
2026-04-06T23:18:46.192Z next:jsconfig-paths-plugin skipping request as it is inside node_modules ../create-proxy.mjs
2026-04-06T23:18:46.192Z next:jsconfig-paths-plugin skipping request as it is inside node_modules motion-dom
2026-04-06T23:18:46.193Z next:jsconfig-paths-plugin skipping request as it is inside node_modules ../../../motion/utils/valid-prop.mjs
2026-04-06T23:18:46.194Z next:jsconfig-paths-plugin skipping request as it is a relative path ./dashboard-analyses
2026-04-06T23:18:46.243Z next:jsconfig-paths-plugin skipping request as it is inside node_modules ./is-motion-component.mjs
2026-04-06T23:18:46.243Z next:jsconfig-paths-plugin skipping request as it is inside node_modules ../../../motion/utils/valid-prop.mjs
2026-04-06T23:18:46.248Z next:jsconfig-paths-plugin skipping request as it is an absolute path C:\Users\Ahmed Amin Bejoui\Desktop\ai-code-review-platform\apps\dashboard\hooks\use-github-members-preview
2026-04-06T23:18:46.249Z next:jsconfig-paths-plugin skipping request as it is an absolute path C:\Users\Ahmed Amin Bejoui\Desktop\ai-code-review-platform\apps\dashboard\hooks\use-github-members-preview
2026-04-06T23:18:46.293Z next:jsconfig-paths-plugin skipping request as it is an absolute path C:\Users\Ahmed Amin Bejoui\Desktop\ai-code-review-platform\apps\dashboard\hooks\use-github-members-preview
2026-04-06T23:18:46.294Z next:jsconfig-paths-plugin skipping request as it is an absolute path C:\Users\Ahmed Amin Bejoui\Desktop\ai-code-review-platform\apps\dashboard\hooks\use-github-members-preview
2026-04-06T23:18:47.099Z next:jsconfig-paths-plugin skipping request as it is inside node_modules react
2026-04-06T23:18:47.099Z next:jsconfig-paths-plugin skipping request as it is inside node_modules next/dist/server/future/route-modules/app-page/vendored/ssr/react
2026-04-06T23:18:47.100Z next:jsconfig-paths-plugin skipping request as it is inside node_modules C:\Users\Ahmed Amin Bejoui\Desktop\ai-code-review-platform\apps\dashboard\node_modules\next/dist/server/future/route-modules/app-page/vendored/ssr/react
2026-04-06T23:18:47.219Z next:jsconfig-paths-plugin skipping request as it is inside node_modules lodash/isFunction
2026-04-06T23:18:47.219Z next:jsconfig-paths-plugin skipping request as it is inside node_modules ../container/Layer
2026-04-06T23:18:47.219Z next:jsconfig-paths-plugin skipping request as it is inside node_modules ../component/Text
2026-04-06T23:18:47.219Z next:jsconfig-paths-plugin skipping request as it is inside node_modules ../util/types
2026-04-06T23:18:47.219Z next:jsconfig-paths-plugin skipping request as it is inside node_modules ../util/ReactUtils
2026-04-06T23:18:47.219Z next:jsconfig-paths-plugin skipping request as it is inside node_modules ../util/PolarUtils
2026-04-06T23:18:47.219Z next:jsconfig-paths-plugin skipping request as it is inside node_modules lodash/isFunction
2026-04-06T23:18:47.220Z next:jsconfig-paths-plugin skipping request as it is inside node_modules ../component/Text
2026-04-06T23:18:47.220Z next:jsconfig-paths-plugin skipping request as it is inside node_modules ../component/Label
2026-04-06T23:18:47.220Z next:jsconfig-paths-plugin skipping request as it is inside node_modules ../container/Layer
2026-04-06T23:18:47.220Z next:jsconfig-paths-plugin skipping request as it is inside node_modules ../util/PolarUtils
2026-04-06T23:18:47.220Z next:jsconfig-paths-plugin skipping request as it is inside node_modules ../util/types
2026-04-06T23:18:47.220Z next:jsconfig-paths-plugin skipping request as it is inside node_modules ../util/ReactUtils
2026-04-06T23:18:47.220Z next:jsconfig-paths-plugin skipping request as it is inside node_modules ../container/Layer
2026-04-06T23:18:47.220Z next:jsconfig-paths-plugin skipping request as it is inside node_modules ../util/ReactUtils
2026-04-06T23:18:47.220Z next:jsconfig-paths-plugin skipping request as it is inside node_modules ../util/ReactUtils
2026-04-06T23:18:47.222Z next:jsconfig-paths-plugin skipping request as it is inside node_modules ../container/Layer
2026-04-06T23:18:47.222Z next:jsconfig-paths-plugin skipping request as it is inside node_modules ../component/Text
2026-04-06T23:18:47.222Z next:jsconfig-paths-plugin skipping request as it is inside node_modules ../util/types
2026-04-06T23:18:47.222Z next:jsconfig-paths-plugin skipping request as it is inside node_modules ../util/ReactUtils
2026-04-06T23:18:47.222Z next:jsconfig-paths-plugin skipping request as it is inside node_modules ../util/PolarUtils
2026-04-06T23:18:47.222Z next:jsconfig-paths-plugin skipping request as it is inside node_modules ../component/Text
2026-04-06T23:18:47.222Z next:jsconfig-paths-plugin skipping request as it is inside node_modules ../component/Label
2026-04-06T23:18:47.223Z next:jsconfig-paths-plugin skipping request as it is inside node_modules ../container/Layer
2026-04-06T23:18:47.223Z next:jsconfig-paths-plugin skipping request as it is inside node_modules ../util/PolarUtils
2026-04-06T23:18:47.223Z next:jsconfig-paths-plugin skipping request as it is inside node_modules ../util/types
2026-04-06T23:18:47.223Z next:jsconfig-paths-plugin skipping request as it is inside node_modules ../util/ReactUtils
2026-04-06T23:18:47.223Z next:jsconfig-paths-plugin skipping request as it is inside node_modules ../container/Layer
2026-04-06T23:18:47.224Z next:jsconfig-paths-plugin skipping request as it is inside node_modules ../util/ReactUtils
2026-04-06T23:18:47.224Z next:jsconfig-paths-plugin skipping request as it is inside node_modules ../util/ReactUtils
2026-04-06T23:18:47.225Z next:jsconfig-paths-plugin skipping request as it is inside node_modules lodash/isFunction
2026-04-06T23:18:47.225Z next:jsconfig-paths-plugin skipping request as it is inside node_modules lodash/isFunction
2026-04-06T23:18:47.244Z next:jsconfig-paths-plugin skipping request as it is inside node_modules ../shape/Dot
2026-04-06T23:18:47.244Z next:jsconfig-paths-plugin skipping request as it is inside node_modules ../shape/Polygon
2026-04-06T23:18:47.244Z next:jsconfig-paths-plugin skipping request as it is inside node_modules lodash/maxBy
2026-04-06T23:18:47.244Z next:jsconfig-paths-plugin skipping request as it is inside node_modules lodash/minBy
2026-04-06T23:18:47.244Z next:jsconfig-paths-plugin skipping request as it is inside node_modules tiny-invariant
2026-04-06T23:18:47.244Z next:jsconfig-paths-plugin skipping request as it is inside node_modules lodash/isNil
2026-04-06T23:18:47.244Z next:jsconfig-paths-plugin skipping request as it is inside node_modules lodash/isObject
2026-04-06T23:18:47.244Z next:jsconfig-paths-plugin skipping request as it is inside node_modules lodash/isFunction
2026-04-06T23:18:47.245Z next:jsconfig-paths-plugin skipping request as it is inside node_modules lodash/last
2026-04-06T23:18:47.245Z next:jsconfig-paths-plugin skipping request as it is inside node_modules ./Label
2026-04-06T23:18:47.245Z next:jsconfig-paths-plugin skipping request as it is inside node_modules ../container/Layer
2026-04-06T23:18:47.321Z next:jsconfig-paths-plugin skipping request as it is inside node_modules ../util/ChartUtils
2026-04-06T23:18:47.321Z next:jsconfig-paths-plugin skipping request as it is inside node_modules react
2026-04-06T23:18:47.322Z next:jsconfig-paths-plugin skipping request as it is inside node_modules lodash/isNil
2026-04-06T23:18:47.322Z next:jsconfig-paths-plugin skipping request as it is inside node_modules lodash/isFunction
2026-04-06T23:18:47.323Z next:jsconfig-paths-plugin skipping request as it is inside node_modules lodash/range
2026-04-06T23:18:47.323Z next:jsconfig-paths-plugin skipping request as it is inside node_modules lodash/get
2026-04-06T23:18:47.323Z next:jsconfig-paths-plugin skipping request as it is inside node_modules lodash/sortBy
2026-04-06T23:18:47.323Z next:jsconfig-paths-plugin skipping request as it is inside node_modules lodash/throttle
2026-04-06T23:18:47.323Z next:jsconfig-paths-plugin skipping request as it is inside node_modules clsx
2026-04-06T23:18:47.323Z next:jsconfig-paths-plugin skipping request as it is inside node_modules tiny-invariant
2026-04-06T23:18:47.345Z next:jsconfig-paths-plugin skipping request as it is inside node_modules ../container/Surface
2026-04-06T23:18:47.345Z next:jsconfig-paths-plugin skipping request as it is inside node_modules ../container/Layer
2026-04-06T23:18:47.345Z next:jsconfig-paths-plugin skipping request as it is inside node_modules ../component/Tooltip
2026-04-06T23:18:47.345Z next:jsconfig-paths-plugin skipping request as it is inside node_modules ../component/Legend
2026-04-06T23:18:47.345Z next:jsconfig-paths-plugin skipping request as it is inside node_modules ../shape/Dot
2026-04-06T23:18:47.346Z next:jsconfig-paths-plugin skipping request as it is inside node_modules ../shape/Rectangle
2026-04-06T23:18:47.346Z next:jsconfig-paths-plugin skipping request as it is inside node_modules ../util/ReactUtils
2026-04-06T23:18:47.346Z next:jsconfig-paths-plugin skipping request as it is inside node_modules ../cartesian/Brush
2026-04-06T23:18:47.391Z next:jsconfig-paths-plugin skipping request as it is inside node_modules ../shape/Dot
2026-04-06T23:18:47.391Z next:jsconfig-paths-plugin skipping request as it is inside node_modules ./Label
2026-04-06T23:18:47.392Z next:jsconfig-paths-plugin skipping request as it is inside node_modules ../container/Layer
2026-04-06T23:18:47.392Z next:jsconfig-paths-plugin skipping request as it is inside node_modules ../util/ChartUtils
2026-04-06T23:18:47.392Z next:jsconfig-paths-plugin skipping request as it is inside node_modules ../container/Layer
2026-04-06T23:18:47.392Z next:jsconfig-paths-plugin skipping request as it is inside node_modules ../component/Tooltip
2026-04-06T23:18:47.392Z next:jsconfig-paths-plugin skipping request as it is inside node_modules ../component/Legend
2026-04-06T23:18:47.392Z next:jsconfig-paths-plugin skipping request as it is inside node_modules ../shape/Dot
2026-04-06T23:18:47.392Z next:jsconfig-paths-plugin skipping request as it is inside node_modules ../util/ReactUtils
2026-04-06T23:18:47.393Z next:jsconfig-paths-plugin skipping request as it is inside node_modules ../shape/Dot
2026-04-06T23:18:47.394Z next:jsconfig-paths-plugin skipping request as it is inside node_modules ./Label
2026-04-06T23:18:47.394Z next:jsconfig-paths-plugin skipping request as it is inside node_modules ../container/Layer
2026-04-06T23:18:47.408Z next:jsconfig-paths-plugin skipping request as it is inside node_modules ../util/ChartUtils
2026-04-06T23:18:47.409Z next:jsconfig-paths-plugin skipping request as it is inside node_modules ../container/Layer
2026-04-06T23:18:47.409Z next:jsconfig-paths-plugin skipping request as it is inside node_modules ../component/Tooltip
2026-04-06T23:18:47.409Z next:jsconfig-paths-plugin skipping request as it is inside node_modules ../component/Legend
2026-04-06T23:18:47.409Z next:jsconfig-paths-plugin skipping request as it is inside node_modules ../shape/Dot
2026-04-06T23:18:47.409Z next:jsconfig-paths-plugin skipping request as it is inside node_modules ../util/ReactUtils
2026-04-06T23:18:47.410Z next:jsconfig-paths-plugin skipping request as it is inside node_modules lodash/isNil
2026-04-06T23:18:47.411Z next:jsconfig-paths-plugin skipping request as it is inside node_modules lodash/isFunction
2026-04-06T23:18:47.426Z next:jsconfig-paths-plugin skipping request as it is inside node_modules lodash/isNil
2026-04-06T23:18:47.427Z next:jsconfig-paths-plugin skipping request as it is inside node_modules lodash/isFunction
2026-04-06T23:18:47.430Z next:jsconfig-paths-plugin skipping request as it is inside node_modules ../shape/Dot
2026-04-06T23:18:47.430Z next:jsconfig-paths-plugin skipping request as it is inside node_modules ./Label
2026-04-06T23:18:47.430Z next:jsconfig-paths-plugin skipping request as it is inside node_modules ../container/Layer
2026-04-06T23:18:47.430Z next:jsconfig-paths-plugin skipping request as it is inside node_modules ../util/ChartUtils
2026-04-06T23:18:47.430Z next:jsconfig-paths-plugin skipping request as it is inside node_modules ../container/Layer
2026-04-06T23:18:47.430Z next:jsconfig-paths-plugin skipping request as it is inside node_modules ../component/Tooltip
2026-04-06T23:18:47.430Z next:jsconfig-paths-plugin skipping request as it is inside node_modules ../component/Legend
2026-04-06T23:18:47.430Z next:jsconfig-paths-plugin skipping request as it is inside node_modules ../shape/Dot
2026-04-06T23:18:47.430Z next:jsconfig-paths-plugin skipping request as it is inside node_modules ../util/ReactUtils
2026-04-06T23:18:47.430Z next:jsconfig-paths-plugin skipping request as it is inside node_modules lodash/isNil
2026-04-06T23:18:47.430Z next:jsconfig-paths-plugin skipping request as it is inside node_modules lodash/isFunction
2026-04-06T23:18:47.437Z next:jsconfig-paths-plugin skipping request as it is inside node_modules ../shape/Dot
2026-04-06T23:18:47.437Z next:jsconfig-paths-plugin skipping request as it is inside node_modules ./Label
2026-04-06T23:18:47.437Z next:jsconfig-paths-plugin skipping request as it is inside node_modules ../container/Layer
2026-04-06T23:18:47.437Z next:jsconfig-paths-plugin skipping request as it is inside node_modules ../util/ChartUtils
2026-04-06T23:18:47.437Z next:jsconfig-paths-plugin skipping request as it is inside node_modules ../container/Layer
2026-04-06T23:18:47.437Z next:jsconfig-paths-plugin skipping request as it is inside node_modules ../component/Tooltip
2026-04-06T23:18:47.437Z next:jsconfig-paths-plugin skipping request as it is inside node_modules ../component/Legend
2026-04-06T23:18:47.438Z next:jsconfig-paths-plugin skipping request as it is inside node_modules ../shape/Dot
2026-04-06T23:18:47.438Z next:jsconfig-paths-plugin skipping request as it is inside node_modules ../util/ReactUtils
2026-04-06T23:18:47.438Z next:jsconfig-paths-plugin skipping request as it is inside node_modules lodash/isNil
2026-04-06T23:18:47.438Z next:jsconfig-paths-plugin skipping request as it is inside node_modules lodash/isFunction
2026-04-06T23:18:47.445Z next:jsconfig-paths-plugin skipping request as it is an absolute path C:\Users\Ahmed Amin Bejoui\Desktop\ai-code-review-platform\apps\dashboard\lib\notifications
2026-04-06T23:18:47.446Z next:jsconfig-paths-plugin skipping request as it is an absolute path C:\Users\Ahmed Amin Bejoui\Desktop\ai-code-review-platform\apps\dashboard\lib\notifications
2026-04-06T23:18:47.447Z next:jsconfig-paths-plugin skipping request as it is an absolute path C:\Users\Ahmed Amin Bejoui\Desktop\ai-code-review-platform\apps\dashboard\lib\notifications
2026-04-06T23:18:47.448Z next:jsconfig-paths-plugin skipping request as it is an absolute path C:\Users\Ahmed Amin Bejoui\Desktop\ai-code-review-platform\apps\dashboard\lib\notifications
2026-04-06T23:18:47.472Z next:jsconfig-paths-plugin skipping request as it is inside node_modules motion-dom
2026-04-06T23:18:47.472Z next:jsconfig-paths-plugin skipping request as it is inside node_modules motion-utils
2026-04-06T23:18:47.473Z next:jsconfig-paths-plugin skipping request as it is inside node_modules motion-dom
2026-04-06T23:18:47.474Z next:jsconfig-paths-plugin skipping request as it is inside node_modules motion-utils
2026-04-06T23:18:47.482Z next:jsconfig-paths-plugin skipping request as it is inside node_modules ./icons/clipboard-list.js
2026-04-06T23:18:47.485Z next:jsconfig-paths-plugin skipping request as it is inside node_modules ./symbol.mjs
2026-04-06T23:18:47.487Z next:jsconfig-paths-plugin skipping request as it is inside node_modules ./handoff.mjs
2026-04-06T23:18:47.490Z next:jsconfig-paths-plugin skipping request as it is inside node_modules ./store.mjs
2026-04-06T23:18:47.493Z next:jsconfig-paths-plugin skipping request as it is inside node_modules ./store-id.mjs
2026-04-06T23:18:47.494Z next:jsconfig-paths-plugin skipping request as it is inside node_modules ../../dom/create-visual-element.mjs
2026-04-06T23:18:47.497Z next:jsconfig-paths-plugin skipping request as it is inside node_modules ../create-proxy.mjs
2026-04-06T23:18:47.498Z next:jsconfig-paths-plugin skipping request as it is inside node_modules ../create-proxy.mjs
2026-04-06T23:18:47.500Z next:jsconfig-paths-plugin skipping request as it is inside node_modules ./feature-bundle.mjs
2026-04-06T23:18:47.545Z next:jsconfig-paths-plugin skipping request as it is inside node_modules lodash/isNil
2026-04-06T23:18:47.545Z next:jsconfig-paths-plugin skipping request as it is inside node_modules lodash/isFunction
2026-04-06T23:18:47.545Z next:jsconfig-paths-plugin skipping request as it is inside node_modules lodash/get
2026-04-06T23:18:47.545Z next:jsconfig-paths-plugin skipping request as it is inside node_modules lodash/throttle
2026-04-06T23:18:47.563Z next:jsconfig-paths-plugin skipping request as it is inside node_modules lodash/isNil
2026-04-06T23:18:47.563Z next:jsconfig-paths-plugin skipping request as it is inside node_modules lodash/isFunction
2026-04-06T23:18:47.563Z next:jsconfig-paths-plugin skipping request as it is inside node_modules lodash/get
2026-04-06T23:18:47.567Z next:jsconfig-paths-plugin skipping request as it is inside node_modules lodash/throttle
2026-04-06T23:18:47.633Z next:jsconfig-paths-plugin skipping request as it is inside node_modules lodash/isNil
2026-04-06T23:18:47.633Z next:jsconfig-paths-plugin skipping request as it is inside node_modules lodash/isFunction
2026-04-06T23:18:47.633Z next:jsconfig-paths-plugin skipping request as it is inside node_modules lodash/get
2026-04-06T23:18:47.633Z next:jsconfig-paths-plugin skipping request as it is inside node_modules lodash/throttle
2026-04-06T23:18:47.634Z next:jsconfig-paths-plugin skipping request as it is inside node_modules react
2026-04-06T23:18:47.634Z next:jsconfig-paths-plugin skipping request as it is inside node_modules clsx
2026-04-06T23:18:47.634Z next:jsconfig-paths-plugin skipping request as it is inside node_modules next/dist/server/future/route-modules/app-page/vendored/ssr/react
2026-04-06T23:18:47.634Z next:jsconfig-paths-plugin skipping request as it is inside node_modules C:\Users\Ahmed Amin Bejoui\Desktop\ai-code-review-platform\apps\dashboard\node_modules\next/dist/server/future/route-modules/app-page/vendored/ssr/react
2026-04-06T23:18:47.668Z next:jsconfig-paths-plugin skipping request as it is inside node_modules lodash/isNil
2026-04-06T23:18:47.668Z next:jsconfig-paths-plugin skipping request as it is inside node_modules lodash/isFunction
2026-04-06T23:18:47.668Z next:jsconfig-paths-plugin skipping request as it is inside node_modules lodash/get
2026-04-06T23:18:47.669Z next:jsconfig-paths-plugin skipping request as it is inside node_modules lodash/throttle
2026-04-06T23:18:47.673Z next:jsconfig-paths-plugin skipping request as it is inside node_modules ../shape/Polygon
2026-04-06T23:18:47.673Z next:jsconfig-paths-plugin skipping request as it is inside node_modules ../shape/Polygon
2026-04-06T23:18:47.674Z next:jsconfig-paths-plugin skipping request as it is inside node_modules ../shape/Polygon
2026-04-06T23:18:47.674Z next:jsconfig-paths-plugin skipping request as it is inside node_modules ../container/Surface
2026-04-06T23:18:47.674Z next:jsconfig-paths-plugin skipping request as it is inside node_modules ../container/Surface
2026-04-06T23:18:47.675Z next:jsconfig-paths-plugin skipping request as it is inside node_modules ../container/Surface
2026-04-06T23:18:47.676Z next:jsconfig-paths-plugin skipping request as it is inside node_modules ../shape/Rectangle
2026-04-06T23:18:47.676Z next:jsconfig-paths-plugin skipping request as it is inside node_modules ../shape/Rectangle
2026-04-06T23:18:47.676Z next:jsconfig-paths-plugin skipping request as it is inside node_modules ../shape/Rectangle
2026-04-06T23:18:47.677Z next:jsconfig-paths-plugin skipping request as it is inside node_modules ../cartesian/Brush
2026-04-06T23:18:47.677Z next:jsconfig-paths-plugin skipping request as it is inside node_modules ../cartesian/Brush
2026-04-06T23:18:47.677Z next:jsconfig-paths-plugin skipping request as it is inside node_modules ../cartesian/Brush
2026-04-06T23:18:47.678Z next:jsconfig-paths-plugin skipping request as it is inside node_modules lodash/maxBy
2026-04-06T23:18:47.679Z next:jsconfig-paths-plugin skipping request as it is inside node_modules lodash/maxBy
2026-04-06T23:18:47.679Z next:jsconfig-paths-plugin skipping request as it is inside node_modules lodash/maxBy
2026-04-06T23:18:47.681Z next:jsconfig-paths-plugin skipping request as it is inside node_modules lodash/minBy
2026-04-06T23:18:47.681Z next:jsconfig-paths-plugin skipping request as it is inside node_modules lodash/minBy
2026-04-06T23:18:47.682Z next:jsconfig-paths-plugin skipping request as it is inside node_modules lodash/minBy
2026-04-06T23:18:47.700Z next:jsconfig-paths-plugin skipping request as it is inside node_modules lodash/isObject
2026-04-06T23:18:47.700Z next:jsconfig-paths-plugin skipping request as it is inside node_modules lodash/isObject
2026-04-06T23:18:47.701Z next:jsconfig-paths-plugin skipping request as it is inside node_modules lodash/isObject
2026-04-06T23:18:47.723Z next:jsconfig-paths-plugin skipping request as it is inside node_modules lodash/last
2026-04-06T23:18:47.739Z next:jsconfig-paths-plugin skipping request as it is inside node_modules lodash/last
2026-04-06T23:18:47.745Z next:jsconfig-paths-plugin skipping request as it is inside node_modules lodash/last
2026-04-06T23:18:47.811Z next:jsconfig-paths-plugin skipping request as it is inside node_modules ../util/PolarUtils
2026-04-06T23:18:47.811Z next:jsconfig-paths-plugin skipping request as it is inside node_modules ../util/PolarUtils
2026-04-06T23:18:47.865Z next:jsconfig-paths-plugin skipping request as it is inside node_modules ../util/DOMUtils
2026-04-06T23:18:47.865Z next:jsconfig-paths-plugin skipping request as it is inside node_modules ../util/DataUtils
2026-04-06T23:18:47.865Z next:jsconfig-paths-plugin skipping request as it is inside node_modules ../util/ChartUtils
2026-04-06T23:18:47.865Z next:jsconfig-paths-plugin skipping request as it is inside node_modules ../util/DetectReferenceElementsDomain
2026-04-06T23:18:47.865Z next:jsconfig-paths-plugin skipping request as it is inside node_modules ../util/ShallowEqual
2026-04-06T23:18:47.865Z next:jsconfig-paths-plugin skipping request as it is inside node_modules ../util/Events
2026-04-06T23:18:47.865Z next:jsconfig-paths-plugin skipping request as it is inside node_modules ../util/types
2026-04-06T23:18:47.865Z next:jsconfig-paths-plugin skipping request as it is inside node_modules ./AccessibilityManager
2026-04-06T23:18:47.865Z next:jsconfig-paths-plugin skipping request as it is inside node_modules ../util/isDomainSpecifiedByUser
2026-04-06T23:18:47.865Z next:jsconfig-paths-plugin skipping request as it is inside node_modules ../util/ActiveShapeUtils
2026-04-06T23:18:47.865Z next:jsconfig-paths-plugin skipping request as it is inside node_modules ../component/Cursor
2026-04-06T23:18:47.865Z next:jsconfig-paths-plugin skipping request as it is inside node_modules ../context/chartLayoutContext
2026-04-06T23:18:47.866Z next:jsconfig-paths-plugin skipping request as it is inside node_modules react/jsx-runtime
2026-04-06T23:18:47.866Z next:jsconfig-paths-plugin skipping request as it is inside node_modules motion-utils
2026-04-06T23:18:47.866Z next:jsconfig-paths-plugin skipping request as it is inside node_modules react
2026-04-06T23:18:47.866Z next:jsconfig-paths-plugin skipping request as it is inside node_modules ../utils/use-constant.mjs
2026-04-06T23:18:47.866Z next:jsconfig-paths-plugin skipping request as it is inside node_modules ./LayoutGroup/index.mjs
2026-04-06T23:18:47.867Z next:jsconfig-paths-plugin skipping request as it is inside node_modules react/jsx-runtime
2026-04-06T23:18:47.867Z next:jsconfig-paths-plugin skipping request as it is inside node_modules react
2026-04-06T23:18:47.867Z next:jsconfig-paths-plugin skipping request as it is inside node_modules ../../context/PresenceContext.mjs
2026-04-06T23:18:47.868Z next:jsconfig-paths-plugin skipping request as it is inside node_modules ../../utils/use-constant.mjs
2026-04-06T23:18:47.868Z next:jsconfig-paths-plugin skipping request as it is inside node_modules ./PopChild.mjs
2026-04-06T23:18:47.868Z next:jsconfig-paths-plugin skipping request as it is inside node_modules ../../context/LayoutGroupContext.mjs
2026-04-06T23:18:47.868Z next:jsconfig-paths-plugin skipping request as it is inside node_modules ../../utils/use-isomorphic-effect.mjs
2026-04-06T23:18:47.868Z next:jsconfig-paths-plugin skipping request as it is inside node_modules ./PresenceChild.mjs
2026-04-06T23:18:47.868Z next:jsconfig-paths-plugin skipping request as it is inside node_modules ./use-presence.mjs
2026-04-06T23:18:47.868Z next:jsconfig-paths-plugin skipping request as it is inside node_modules ./utils.mjs
2026-04-06T23:18:47.868Z next:jsconfig-paths-plugin skipping request as it is inside node_modules react/jsx-runtime
2026-04-06T23:18:47.868Z next:jsconfig-paths-plugin skipping request as it is inside node_modules react
2026-04-06T23:18:47.868Z next:jsconfig-paths-plugin skipping request as it is inside node_modules ../../context/LazyContext.mjs
2026-04-06T23:18:47.868Z next:jsconfig-paths-plugin skipping request as it is inside node_modules ../../motion/features/load-features.mjs
2026-04-06T23:18:47.890Z next:jsconfig-paths-plugin skipping request as it is inside node_modules motion-dom
2026-04-06T23:18:47.890Z next:jsconfig-paths-plugin skipping request as it is inside node_modules ../../context/MotionConfigContext.mjs
2026-04-06T23:18:47.890Z next:jsconfig-paths-plugin skipping request as it is inside node_modules ../../utils/use-composed-ref.mjs
2026-04-06T23:18:47.890Z next:jsconfig-paths-plugin skipping request as it is inside node_modules ../../motion/features/animations.mjs
2026-04-06T23:18:47.890Z next:jsconfig-paths-plugin skipping request as it is inside node_modules ../../motion/features/gestures.mjs
2026-04-06T23:18:47.891Z next:jsconfig-paths-plugin skipping request as it is inside node_modules ../util/DataUtils
2026-04-06T23:18:47.891Z next:jsconfig-paths-plugin skipping request as it is inside node_modules ../util/ChartUtils
2026-04-06T23:18:47.891Z next:jsconfig-paths-plugin skipping request as it is inside node_modules ../util/types
2026-04-06T23:18:47.891Z next:jsconfig-paths-plugin skipping request as it is inside node_modules ../util/ActiveShapeUtils
2026-04-06T23:18:47.891Z next:jsconfig-paths-plugin skipping request as it is inside node_modules ../context/chartLayoutContext
2026-04-06T23:18:47.913Z next:jsconfig-paths-plugin skipping request as it is inside node_modules ../util/DataUtils
2026-04-06T23:18:47.913Z next:jsconfig-paths-plugin skipping request as it is inside node_modules ../util/ChartUtils
2026-04-06T23:18:47.914Z next:jsconfig-paths-plugin skipping request as it is inside node_modules ../util/types
2026-04-06T23:18:47.914Z next:jsconfig-paths-plugin skipping request as it is inside node_modules ../util/ActiveShapeUtils
2026-04-06T23:18:47.914Z next:jsconfig-paths-plugin skipping request as it is inside node_modules ../context/chartLayoutContext
2026-04-06T23:18:47.955Z next:jsconfig-paths-plugin skipping request as it is inside node_modules ../util/DataUtils
2026-04-06T23:18:47.955Z next:jsconfig-paths-plugin skipping request as it is inside node_modules ../util/ChartUtils
2026-04-06T23:18:47.955Z next:jsconfig-paths-plugin skipping request as it is inside node_modules ../util/types
2026-04-06T23:18:47.955Z next:jsconfig-paths-plugin skipping request as it is inside node_modules ../util/ActiveShapeUtils
2026-04-06T23:18:47.959Z next:jsconfig-paths-plugin skipping request as it is inside node_modules ../context/chartLayoutContext
2026-04-06T23:18:47.976Z next:jsconfig-paths-plugin skipping request as it is inside node_modules ../utils/use-constant.mjs
2026-04-06T23:18:47.976Z next:jsconfig-paths-plugin skipping request as it is inside node_modules ./LayoutGroup/index.mjs
2026-04-06T23:18:47.977Z next:jsconfig-paths-plugin skipping request as it is inside node_modules ../../context/PresenceContext.mjs
2026-04-06T23:18:47.977Z next:jsconfig-paths-plugin skipping request as it is inside node_modules ../../utils/use-constant.mjs
2026-04-06T23:18:47.977Z next:jsconfig-paths-plugin skipping request as it is inside node_modules ../../context/LayoutGroupContext.mjs
2026-04-06T23:18:47.977Z next:jsconfig-paths-plugin skipping request as it is inside node_modules ../../utils/use-isomorphic-effect.mjs
2026-04-06T23:18:47.977Z next:jsconfig-paths-plugin skipping request as it is inside node_modules ../../context/MotionConfigContext.mjs
2026-04-06T23:18:47.977Z next:jsconfig-paths-plugin skipping request as it is inside node_modules ../../utils/use-composed-ref.mjs
2026-04-06T23:18:47.977Z next:jsconfig-paths-plugin skipping request as it is inside node_modules ./PopChild.mjs
2026-04-06T23:18:47.977Z next:jsconfig-paths-plugin skipping request as it is inside node_modules ./PresenceChild.mjs
2026-04-06T23:18:47.977Z next:jsconfig-paths-plugin skipping request as it is inside node_modules ./use-presence.mjs
2026-04-06T23:18:47.977Z next:jsconfig-paths-plugin skipping request as it is inside node_modules ../../motion/features/animations.mjs
2026-04-06T23:18:48.118Z next:jsconfig-paths-plugin skipping request as it is inside node_modules ../util/DataUtils
2026-04-06T23:18:48.146Z next:jsconfig-paths-plugin skipping request as it is inside node_modules ../util/ChartUtils
2026-04-06T23:18:48.146Z next:jsconfig-paths-plugin skipping request as it is inside node_modules ../util/types
2026-04-06T23:18:48.146Z next:jsconfig-paths-plugin skipping request as it is inside node_modules ../util/ActiveShapeUtils
2026-04-06T23:18:48.146Z next:jsconfig-paths-plugin skipping request as it is inside node_modules ../context/chartLayoutContext
2026-04-06T23:18:48.204Z next:jsconfig-paths-plugin moduleName did not match any paths pattern react-smooth
2026-04-06T23:18:48.256Z next:jsconfig-paths-plugin skipping request as it is inside node_modules react-smooth
2026-04-06T23:18:48.279Z next:jsconfig-paths-plugin skipping request as it is inside node_modules react-smooth
2026-04-06T23:18:48.604Z next:jsconfig-paths-plugin skipping request as it is inside node_modules motion-dom
2026-04-06T23:18:48.959Z next:jsconfig-paths-plugin skipping request as it is inside node_modules lodash/range
2026-04-06T23:18:48.959Z next:jsconfig-paths-plugin skipping request as it is inside node_modules lodash/range
2026-04-06T23:18:48.960Z next:jsconfig-paths-plugin skipping request as it is inside node_modules lodash/range
2026-04-06T23:18:48.960Z next:jsconfig-paths-plugin skipping request as it is inside node_modules lodash/sortBy
2026-04-06T23:18:48.961Z next:jsconfig-paths-plugin skipping request as it is inside node_modules lodash/sortBy
2026-04-06T23:18:48.961Z next:jsconfig-paths-plugin skipping request as it is inside node_modules lodash/sortBy
2026-04-06T23:18:49.062Z next:jsconfig-paths-plugin skipping request as it is inside node_modules react/jsx-runtime
2026-04-06T23:18:49.063Z next:jsconfig-paths-plugin skipping request as it is inside node_modules react
2026-04-06T23:18:49.063Z next:jsconfig-paths-plugin skipping request as it is inside node_modules motion-utils
2026-04-06T23:18:49.063Z next:jsconfig-paths-plugin skipping request as it is inside node_modules next/dist/server/future/route-modules/app-page/vendored/ssr/react-jsx-runtime
2026-04-06T23:18:49.063Z next:jsconfig-paths-plugin skipping request as it is inside node_modules next/dist/server/future/route-modules/app-page/vendored/ssr/react
2026-04-06T23:18:49.063Z next:jsconfig-paths-plugin skipping request as it is inside node_modules C:\Users\Ahmed Amin Bejoui\Desktop\ai-code-review-platform\apps\dashboard\node_modules\next/dist/server/future/route-modules/app-page/vendored/ssr/react-jsx-runtime
2026-04-06T23:18:49.063Z next:jsconfig-paths-plugin skipping request as it is inside node_modules C:\Users\Ahmed Amin Bejoui\Desktop\ai-code-review-platform\apps\dashboard\node_modules\next/dist/server/future/route-modules/app-page/vendored/ssr/react
2026-04-06T23:18:49.082Z next:jsconfig-paths-plugin skipping request as it is inside node_modules ../util/DOMUtils
2026-04-06T23:18:49.082Z next:jsconfig-paths-plugin skipping request as it is inside node_modules ../util/DOMUtils
2026-04-06T23:18:49.084Z next:jsconfig-paths-plugin skipping request as it is inside node_modules ../util/DOMUtils
2026-04-06T23:18:49.084Z next:jsconfig-paths-plugin skipping request as it is inside node_modules ../util/DetectReferenceElementsDomain
2026-04-06T23:18:49.085Z next:jsconfig-paths-plugin skipping request as it is inside node_modules ../util/DetectReferenceElementsDomain
2026-04-06T23:18:49.088Z next:jsconfig-paths-plugin skipping request as it is inside node_modules ../util/DetectReferenceElementsDomain
2026-04-06T23:18:49.089Z next:jsconfig-paths-plugin skipping request as it is inside node_modules ../util/ShallowEqual
2026-04-06T23:18:49.089Z next:jsconfig-paths-plugin skipping request as it is inside node_modules ../util/ShallowEqual
2026-04-06T23:18:49.089Z next:jsconfig-paths-plugin skipping request as it is inside node_modules ../util/ShallowEqual
2026-04-06T23:18:49.135Z next:jsconfig-paths-plugin skipping request as it is inside node_modules ../util/Events
2026-04-06T23:18:49.136Z next:jsconfig-paths-plugin skipping request as it is inside node_modules ../util/Events
2026-04-06T23:18:49.136Z next:jsconfig-paths-plugin skipping request as it is inside node_modules ../util/Events
2026-04-06T23:18:49.159Z next:jsconfig-paths-plugin skipping request as it is inside node_modules ./AccessibilityManager
2026-04-06T23:18:49.160Z next:jsconfig-paths-plugin skipping request as it is inside node_modules ./AccessibilityManager
2026-04-06T23:18:49.160Z next:jsconfig-paths-plugin skipping request as it is inside node_modules ./AccessibilityManager
2026-04-06T23:18:49.161Z next:jsconfig-paths-plugin skipping request as it is inside node_modules ../util/isDomainSpecifiedByUser
2026-04-06T23:18:49.162Z next:jsconfig-paths-plugin skipping request as it is inside node_modules ../util/isDomainSpecifiedByUser
2026-04-06T23:18:49.162Z next:jsconfig-paths-plugin skipping request as it is inside node_modules ../util/isDomainSpecifiedByUser
2026-04-06T23:18:49.184Z next:jsconfig-paths-plugin skipping request as it is inside node_modules ../component/Cursor
2026-04-06T23:18:49.184Z next:jsconfig-paths-plugin skipping request as it is inside node_modules ../component/Cursor
2026-04-06T23:18:49.184Z next:jsconfig-paths-plugin skipping request as it is inside node_modules ../component/Cursor
2026-04-06T23:18:49.189Z next:jsconfig-paths-plugin skipping request as it is inside node_modules react/jsx-runtime
2026-04-06T23:18:49.189Z next:jsconfig-paths-plugin skipping request as it is inside node_modules react
2026-04-06T23:18:49.189Z next:jsconfig-paths-plugin skipping request as it is inside node_modules motion-dom
2026-04-06T23:18:49.189Z next:jsconfig-paths-plugin skipping request as it is inside node_modules next/dist/server/future/route-modules/app-page/vendored/ssr/react-jsx-runtime
2026-04-06T23:18:49.189Z next:jsconfig-paths-plugin skipping request as it is inside node_modules next/dist/server/future/route-modules/app-page/vendored/ssr/react
2026-04-06T23:18:49.189Z next:jsconfig-paths-plugin skipping request as it is inside node_modules C:\Users\Ahmed Amin Bejoui\Desktop\ai-code-review-platform\apps\dashboard\node_modules\next/dist/server/future/route-modules/app-page/vendored/ssr/react-jsx-runtime
2026-04-06T23:18:49.190Z next:jsconfig-paths-plugin skipping request as it is inside node_modules C:\Users\Ahmed Amin Bejoui\Desktop\ai-code-review-platform\apps\dashboard\node_modules\next/dist/server/future/route-modules/app-page/vendored/ssr/react
2026-04-06T23:18:49.198Z next:jsconfig-paths-plugin skipping request as it is inside node_modules react/jsx-runtime
2026-04-06T23:18:49.198Z next:jsconfig-paths-plugin skipping request as it is inside node_modules react
2026-04-06T23:18:49.199Z next:jsconfig-paths-plugin skipping request as it is inside node_modules next/dist/server/future/route-modules/app-page/vendored/ssr/react-jsx-runtime
2026-04-06T23:18:49.199Z next:jsconfig-paths-plugin skipping request as it is inside node_modules next/dist/server/future/route-modules/app-page/vendored/ssr/react
2026-04-06T23:18:49.199Z next:jsconfig-paths-plugin skipping request as it is inside node_modules C:\Users\Ahmed Amin Bejoui\Desktop\ai-code-review-platform\apps\dashboard\node_modules\next/dist/server/future/route-modules/app-page/vendored/ssr/react-jsx-runtime
2026-04-06T23:18:49.199Z next:jsconfig-paths-plugin skipping request as it is inside node_modules C:\Users\Ahmed Amin Bejoui\Desktop\ai-code-review-platform\apps\dashboard\node_modules\next/dist/server/future/route-modules/app-page/vendored/ssr/react
2026-04-06T23:18:49.210Z next:jsconfig-paths-plugin skipping request as it is inside node_modules lodash/isFunction
2026-04-06T23:18:49.210Z next:jsconfig-paths-plugin skipping request as it is inside node_modules ../util/DataUtils
2026-04-06T23:18:49.210Z next:jsconfig-paths-plugin skipping request as it is inside node_modules ../util/Global
2026-04-06T23:18:49.211Z next:jsconfig-paths-plugin skipping request as it is inside node_modules ../util/DataUtils
2026-04-06T23:18:49.211Z next:jsconfig-paths-plugin skipping request as it is inside node_modules ../util/Global
2026-04-06T23:18:49.211Z next:jsconfig-paths-plugin skipping request as it is inside node_modules lodash/isFunction
2026-04-06T23:18:49.222Z next:jsconfig-paths-plugin skipping request as it is inside node_modules ../util/DOMUtils
2026-04-06T23:18:49.222Z next:jsconfig-paths-plugin skipping request as it is inside node_modules ../util/TickUtils
2026-04-06T23:18:49.223Z next:jsconfig-paths-plugin skipping request as it is inside node_modules ./getEquidistantTicks
2026-04-06T23:18:49.223Z next:jsconfig-paths-plugin skipping request as it is inside node_modules lodash/mapValues
2026-04-06T23:18:49.257Z next:jsconfig-paths-plugin skipping request as it is inside node_modules lodash/every
2026-04-06T23:18:49.257Z next:jsconfig-paths-plugin skipping request as it is inside node_modules ./ChartUtils
2026-04-06T23:18:49.257Z next:jsconfig-paths-plugin skipping request as it is inside node_modules ./ReactUtils
2026-04-06T23:18:49.257Z next:jsconfig-paths-plugin skipping request as it is inside node_modules ./DataUtils
2026-04-06T23:18:49.258Z next:jsconfig-paths-plugin skipping request as it is inside node_modules ./create-visual-element.mjs
2026-04-06T23:18:49.258Z next:jsconfig-paths-plugin skipping request as it is inside node_modules react/jsx-runtime
2026-04-06T23:18:49.258Z next:jsconfig-paths-plugin skipping request as it is inside node_modules react
2026-04-06T23:18:49.258Z next:jsconfig-paths-plugin skipping request as it is inside node_modules ../../context/LayoutGroupContext.mjs
2026-04-06T23:18:49.258Z next:jsconfig-paths-plugin skipping request as it is inside node_modules ../../context/DeprecatedLayoutGroupContext.mjs
2026-04-06T23:18:49.258Z next:jsconfig-paths-plugin skipping request as it is inside node_modules ../../utils/use-force-update.mjs
2026-04-06T23:18:49.258Z next:jsconfig-paths-plugin skipping request as it is inside node_modules motion-dom
2026-04-06T23:18:49.258Z next:jsconfig-paths-plugin skipping request as it is inside node_modules react/jsx-runtime
2026-04-06T23:18:49.258Z next:jsconfig-paths-plugin skipping request as it is inside node_modules react
2026-04-06T23:18:49.259Z next:jsconfig-paths-plugin skipping request as it is inside node_modules motion-dom
2026-04-06T23:18:49.259Z next:jsconfig-paths-plugin skipping request as it is inside node_modules ../../context/MotionConfigContext.mjs
2026-04-06T23:18:49.259Z next:jsconfig-paths-plugin skipping request as it is inside node_modules ../../render/dom/utils/filter-props.mjs
2026-04-06T23:18:49.259Z next:jsconfig-paths-plugin skipping request as it is inside node_modules ../../utils/use-constant.mjs
2026-04-06T23:18:49.259Z next:jsconfig-paths-plugin skipping request as it is inside node_modules ../../motion/features/drag.mjs
2026-04-06T23:18:49.259Z next:jsconfig-paths-plugin skipping request as it is inside node_modules ../../motion/features/layout.mjs
2026-04-06T23:18:49.259Z next:jsconfig-paths-plugin skipping request as it is inside node_modules ./features-animation.mjs
2026-04-06T23:18:49.259Z next:jsconfig-paths-plugin skipping request as it is inside node_modules react
2026-04-06T23:18:49.259Z next:jsconfig-paths-plugin skipping request as it is inside node_modules ../../utils/use-constant.mjs
2026-04-06T23:18:49.260Z next:jsconfig-paths-plugin skipping request as it is inside node_modules ../../utils/use-unmount-effect.mjs
2026-04-06T23:18:49.260Z next:jsconfig-paths-plugin skipping request as it is inside node_modules ../../utils/reduced-motion/use-reduced-motion-config.mjs
2026-04-06T23:18:49.260Z next:jsconfig-paths-plugin skipping request as it is inside node_modules ../animate/index.mjs
2026-04-06T23:18:49.260Z next:jsconfig-paths-plugin skipping request as it is inside node_modules ../../utils/use-isomorphic-effect.mjs
2026-04-06T23:18:49.260Z next:jsconfig-paths-plugin skipping request as it is inside node_modules ./animation-controls.mjs
2026-04-06T23:18:49.260Z next:jsconfig-paths-plugin skipping request as it is inside node_modules react
2026-04-06T23:18:49.260Z next:jsconfig-paths-plugin skipping request as it is inside node_modules ../animators/waapi/animate-style.mjs
2026-04-06T23:18:49.260Z next:jsconfig-paths-plugin skipping request as it is inside node_modules motion-dom
2026-04-06T23:18:49.260Z next:jsconfig-paths-plugin skipping request as it is inside node_modules react
2026-04-06T23:18:49.260Z next:jsconfig-paths-plugin skipping request as it is inside node_modules ../../context/MotionContext/index.mjs
2026-04-06T23:18:49.260Z next:jsconfig-paths-plugin skipping request as it is inside node_modules ../../context/PresenceContext.mjs
2026-04-06T23:18:49.260Z next:jsconfig-paths-plugin skipping request as it is inside node_modules ../../utils/use-constant.mjs
2026-04-06T23:18:49.260Z next:jsconfig-paths-plugin skipping request as it is inside node_modules ../../motion/utils/use-visual-state.mjs
2026-04-06T23:18:49.260Z next:jsconfig-paths-plugin skipping request as it is inside node_modules ./Group.mjs
2026-04-06T23:18:49.261Z next:jsconfig-paths-plugin skipping request as it is inside node_modules ./Item.mjs
2026-04-06T23:18:49.261Z next:jsconfig-paths-plugin skipping request as it is inside node_modules motion-dom
2026-04-06T23:18:49.261Z next:jsconfig-paths-plugin skipping request as it is inside node_modules motion-utils
2026-04-06T23:18:49.261Z next:jsconfig-paths-plugin skipping request as it is inside node_modules ./sequence.mjs
2026-04-06T23:18:49.261Z next:jsconfig-paths-plugin skipping request as it is inside node_modules ./subject.mjs
2026-04-06T23:18:49.261Z next:jsconfig-paths-plugin skipping request as it is inside node_modules ../../utils/use-constant.mjs
2026-04-06T23:18:49.262Z next:jsconfig-paths-plugin skipping request as it is inside node_modules motion-dom
2026-04-06T23:18:49.355Z next:jsconfig-paths-plugin skipping request as it is inside node_modules ../util/DOMUtils
2026-04-06T23:18:49.355Z next:jsconfig-paths-plugin skipping request as it is inside node_modules ./ChartUtils
2026-04-06T23:18:49.355Z next:jsconfig-paths-plugin skipping request as it is inside node_modules ./ReactUtils
2026-04-06T23:18:49.355Z next:jsconfig-paths-plugin skipping request as it is inside node_modules ./DataUtils
2026-04-06T23:18:49.383Z next:jsconfig-paths-plugin skipping request as it is inside node_modules ../util/DOMUtils
2026-04-06T23:18:49.383Z next:jsconfig-paths-plugin skipping request as it is inside node_modules ./ChartUtils
2026-04-06T23:18:49.383Z next:jsconfig-paths-plugin skipping request as it is inside node_modules ./ReactUtils
2026-04-06T23:18:49.383Z next:jsconfig-paths-plugin skipping request as it is inside node_modules ./DataUtils
2026-04-06T23:18:49.433Z next:jsconfig-paths-plugin skipping request as it is inside node_modules ../util/DOMUtils
2026-04-06T23:18:49.433Z next:jsconfig-paths-plugin skipping request as it is inside node_modules ./ChartUtils
2026-04-06T23:18:49.433Z next:jsconfig-paths-plugin skipping request as it is inside node_modules ./ReactUtils
2026-04-06T23:18:49.433Z next:jsconfig-paths-plugin skipping request as it is inside node_modules ./DataUtils
2026-04-06T23:18:49.433Z next:jsconfig-paths-plugin skipping request as it is inside node_modules ../../context/LayoutGroupContext.mjs
2026-04-06T23:18:49.434Z next:jsconfig-paths-plugin skipping request as it is inside node_modules ../../context/DeprecatedLayoutGroupContext.mjs
2026-04-06T23:18:49.434Z next:jsconfig-paths-plugin skipping request as it is inside node_modules ../../utils/use-force-update.mjs
2026-04-06T23:18:49.434Z next:jsconfig-paths-plugin skipping request as it is inside node_modules ../../context/MotionConfigContext.mjs
2026-04-06T23:18:49.434Z next:jsconfig-paths-plugin skipping request as it is inside node_modules ../../utils/use-constant.mjs
2026-04-06T23:18:49.434Z next:jsconfig-paths-plugin skipping request as it is inside node_modules ../../utils/use-constant.mjs
2026-04-06T23:18:49.434Z next:jsconfig-paths-plugin skipping request as it is inside node_modules ../../utils/use-unmount-effect.mjs
2026-04-06T23:18:49.434Z next:jsconfig-paths-plugin skipping request as it is inside node_modules ../../utils/use-isomorphic-effect.mjs
2026-04-06T23:18:49.435Z next:jsconfig-paths-plugin skipping request as it is inside node_modules ../../context/PresenceContext.mjs
2026-04-06T23:18:49.435Z next:jsconfig-paths-plugin skipping request as it is inside node_modules ../../utils/use-constant.mjs
2026-04-06T23:18:49.435Z next:jsconfig-paths-plugin skipping request as it is inside node_modules ../../utils/use-constant.mjs
2026-04-06T23:18:49.435Z next:jsconfig-paths-plugin skipping request as it is inside node_modules ./create-visual-element.mjs
2026-04-06T23:18:49.435Z next:jsconfig-paths-plugin skipping request as it is inside node_modules ./features-animation.mjs
2026-04-06T23:18:49.436Z next:jsconfig-paths-plugin skipping request as it is inside node_modules ../../utils/reduced-motion/use-reduced-motion-config.mjs
2026-04-06T23:18:49.436Z next:jsconfig-paths-plugin skipping request as it is inside node_modules ../animate/index.mjs
2026-04-06T23:18:49.436Z next:jsconfig-paths-plugin skipping request as it is inside node_modules ./animation-controls.mjs
2026-04-06T23:18:49.436Z next:jsconfig-paths-plugin skipping request as it is inside node_modules ../../context/MotionContext/index.mjs
2026-04-06T23:18:49.436Z next:jsconfig-paths-plugin skipping request as it is inside node_modules ../../motion/utils/use-visual-state.mjs
2026-04-06T23:18:49.436Z next:jsconfig-paths-plugin skipping request as it is inside node_modules ../../render/dom/utils/filter-props.mjs
2026-04-06T23:18:49.437Z next:jsconfig-paths-plugin skipping request as it is inside node_modules ../animators/waapi/animate-style.mjs
2026-04-06T23:18:49.437Z next:jsconfig-paths-plugin skipping request as it is inside node_modules react
2026-04-06T23:18:49.439Z next:jsconfig-paths-plugin skipping request as it is inside node_modules next/dist/server/future/route-modules/app-page/vendored/ssr/react
2026-04-06T23:18:49.439Z next:jsconfig-paths-plugin skipping request as it is inside node_modules C:\Users\Ahmed Amin Bejoui\Desktop\ai-code-review-platform\apps\dashboard\node_modules\next/dist/server/future/route-modules/app-page/vendored/ssr/react
2026-04-06T23:18:49.532Z next:jsconfig-paths-plugin skipping request as it is inside node_modules ./ChartUtils
2026-04-06T23:18:49.532Z next:jsconfig-paths-plugin skipping request as it is inside node_modules ./ReactUtils
2026-04-06T23:18:49.532Z next:jsconfig-paths-plugin skipping request as it is inside node_modules ./DataUtils
2026-04-06T23:18:49.541Z next:jsconfig-paths-plugin skipping request as it is inside node_modules ./animation/index.mjs
2026-04-06T23:18:49.542Z next:jsconfig-paths-plugin skipping request as it is inside node_modules ./animation/exit.mjs
2026-04-06T23:18:49.563Z next:jsconfig-paths-plugin skipping request as it is inside node_modules ../shape/Polygon
2026-04-06T23:18:49.566Z next:jsconfig-paths-plugin skipping request as it is inside node_modules ../container/Surface
2026-04-06T23:18:49.568Z next:jsconfig-paths-plugin skipping request as it is inside node_modules ../shape/Rectangle
2026-04-06T23:18:49.570Z next:jsconfig-paths-plugin skipping request as it is inside node_modules ../cartesian/Brush
2026-04-06T23:18:49.571Z next:jsconfig-paths-plugin moduleName did not match any paths pattern lodash/minBy
2026-04-06T23:18:49.577Z next:jsconfig-paths-plugin skipping request as it is inside node_modules lodash/minBy
2026-04-06T23:18:49.598Z next:jsconfig-paths-plugin moduleName did not match any paths pattern lodash/maxBy
2026-04-06T23:18:49.607Z next:jsconfig-paths-plugin skipping request as it is inside node_modules lodash/maxBy
2026-04-06T23:18:49.630Z next:jsconfig-paths-plugin moduleName did not match any paths pattern lodash/isObject
2026-04-06T23:18:49.631Z next:jsconfig-paths-plugin skipping request as it is inside node_modules lodash/isObject
2026-04-06T23:18:49.632Z next:jsconfig-paths-plugin moduleName did not match any paths pattern lodash/last
2026-04-06T23:18:49.633Z next:jsconfig-paths-plugin skipping request as it is inside node_modules lodash/last
2026-04-06T23:18:49.659Z next:jsconfig-paths-plugin skipping request as it is inside node_modules ../../context/LazyContext.mjs
2026-04-06T23:18:49.679Z next:jsconfig-paths-plugin skipping request as it is inside node_modules ../../motion/features/load-features.mjs
2026-04-06T23:18:49.680Z next:jsconfig-paths-plugin skipping request as it is inside node_modules ../../motion/features/gestures.mjs
2026-04-06T23:18:49.681Z next:jsconfig-paths-plugin skipping request as it is inside node_modules ./utils.mjs
2026-04-06T23:18:49.683Z next:jsconfig-paths-plugin skipping request as it is inside node_modules react/jsx-runtime
2026-04-06T23:18:49.683Z next:jsconfig-paths-plugin skipping request as it is inside node_modules react
2026-04-06T23:18:49.683Z next:jsconfig-paths-plugin skipping request as it is inside node_modules motion-dom
2026-04-06T23:18:49.683Z next:jsconfig-paths-plugin skipping request as it is inside node_modules next/dist/server/future/route-modules/app-page/vendored/ssr/react-jsx-runtime
2026-04-06T23:18:49.684Z next:jsconfig-paths-plugin skipping request as it is inside node_modules next/dist/server/future/route-modules/app-page/vendored/ssr/react
2026-04-06T23:18:49.684Z next:jsconfig-paths-plugin skipping request as it is inside node_modules C:\Users\Ahmed Amin Bejoui\Desktop\ai-code-review-platform\apps\dashboard\node_modules\next/dist/server/future/route-modules/app-page/vendored/ssr/react-jsx-runtime
2026-04-06T23:18:49.684Z next:jsconfig-paths-plugin skipping request as it is inside node_modules C:\Users\Ahmed Amin Bejoui\Desktop\ai-code-review-platform\apps\dashboard\node_modules\next/dist/server/future/route-modules/app-page/vendored/ssr/react
2026-04-06T23:18:49.689Z next:jsconfig-paths-plugin skipping request as it is inside node_modules react/jsx-runtime
2026-04-06T23:18:49.689Z next:jsconfig-paths-plugin skipping request as it is inside node_modules react
2026-04-06T23:18:49.689Z next:jsconfig-paths-plugin skipping request as it is inside node_modules motion-dom
2026-04-06T23:18:49.690Z next:jsconfig-paths-plugin skipping request as it is inside node_modules next/dist/server/future/route-modules/app-page/vendored/ssr/react-jsx-runtime
2026-04-06T23:18:49.690Z next:jsconfig-paths-plugin skipping request as it is inside node_modules next/dist/server/future/route-modules/app-page/vendored/ssr/react
2026-04-06T23:18:49.690Z next:jsconfig-paths-plugin skipping request as it is inside node_modules C:\Users\Ahmed Amin Bejoui\Desktop\ai-code-review-platform\apps\dashboard\node_modules\next/dist/server/future/route-modules/app-page/vendored/ssr/react-jsx-runtime
2026-04-06T23:18:49.690Z next:jsconfig-paths-plugin skipping request as it is inside node_modules C:\Users\Ahmed Amin Bejoui\Desktop\ai-code-review-platform\apps\dashboard\node_modules\next/dist/server/future/route-modules/app-page/vendored/ssr/react
2026-04-06T23:18:49.692Z next:jsconfig-paths-plugin skipping request as it is inside node_modules react
2026-04-06T23:18:49.692Z next:jsconfig-paths-plugin skipping request as it is inside node_modules next/dist/server/future/route-modules/app-page/vendored/ssr/react
2026-04-06T23:18:49.692Z next:jsconfig-paths-plugin skipping request as it is inside node_modules C:\Users\Ahmed Amin Bejoui\Desktop\ai-code-review-platform\apps\dashboard\node_modules\next/dist/server/future/route-modules/app-page/vendored/ssr/react
2026-04-06T23:18:49.694Z next:jsconfig-paths-plugin skipping request as it is inside node_modules motion-dom
2026-04-06T23:18:49.695Z next:jsconfig-paths-plugin skipping request as it is inside node_modules motion-utils
2026-04-06T23:18:49.697Z next:jsconfig-paths-plugin skipping request as it is inside node_modules ../util/TickUtils
2026-04-06T23:18:49.697Z next:jsconfig-paths-plugin skipping request as it is inside node_modules ../util/TickUtils
2026-04-06T23:18:49.697Z next:jsconfig-paths-plugin skipping request as it is inside node_modules ../util/TickUtils
2026-04-06T23:18:49.697Z next:jsconfig-paths-plugin skipping request as it is inside node_modules ./getEquidistantTicks
2026-04-06T23:18:49.698Z next:jsconfig-paths-plugin skipping request as it is inside node_modules ./getEquidistantTicks
2026-04-06T23:18:49.698Z next:jsconfig-paths-plugin skipping request as it is inside node_modules ./getEquidistantTicks
2026-04-06T23:18:49.698Z next:jsconfig-paths-plugin skipping request as it is inside node_modules motion-dom
2026-04-06T23:18:49.856Z next:jsconfig-paths-plugin skipping request as it is inside node_modules lodash/isFunction
2026-04-06T23:18:49.856Z next:jsconfig-paths-plugin skipping request as it is inside node_modules ../container/Layer
2026-04-06T23:18:49.856Z next:jsconfig-paths-plugin skipping request as it is inside node_modules ../util/DataUtils
2026-04-06T23:18:49.857Z next:jsconfig-paths-plugin skipping request as it is inside node_modules ../util/types
2026-04-06T23:18:49.857Z next:jsconfig-paths-plugin skipping request as it is inside node_modules ../util/ReactUtils
2026-04-06T23:18:49.857Z next:jsconfig-paths-plugin skipping request as it is inside node_modules ./getTicks
2026-04-06T23:18:49.857Z next:jsconfig-paths-plugin skipping request as it is inside node_modules ../container/Layer
2026-04-06T23:18:49.857Z next:jsconfig-paths-plugin skipping request as it is inside node_modules ../util/DataUtils
2026-04-06T23:18:49.857Z next:jsconfig-paths-plugin skipping request as it is inside node_modules ../util/types
2026-04-06T23:18:49.857Z next:jsconfig-paths-plugin skipping request as it is inside node_modules ../util/ReactUtils
2026-04-06T23:18:49.857Z next:jsconfig-paths-plugin skipping request as it is inside node_modules ./getTicks
2026-04-06T23:18:49.876Z next:jsconfig-paths-plugin skipping request as it is inside node_modules lodash/isFunction
2026-04-06T23:18:50.002Z next:jsconfig-paths-plugin skipping request as it is inside node_modules react
2026-04-06T23:18:50.002Z next:jsconfig-paths-plugin skipping request as it is inside node_modules @radix-ui/react-context
2026-04-06T23:18:50.002Z next:jsconfig-paths-plugin skipping request as it is inside node_modules @radix-ui/react-primitive
2026-04-06T23:18:50.002Z next:jsconfig-paths-plugin skipping request as it is inside node_modules react/jsx-runtime
2026-04-06T23:18:50.002Z next:jsconfig-paths-plugin skipping request as it is inside node_modules @clerk/shared/error
2026-04-06T23:18:50.002Z next:jsconfig-paths-plugin skipping request as it is inside node_modules @clerk/shared/authorization
2026-04-06T23:18:50.002Z next:jsconfig-paths-plugin skipping request as it is inside node_modules @clerk/shared/telemetry
2026-04-06T23:18:50.003Z next:jsconfig-paths-plugin skipping request as it is inside node_modules @clerk/shared/deprecated
2026-04-06T23:18:50.003Z next:jsconfig-paths-plugin skipping request as it is inside node_modules react
2026-04-06T23:18:50.003Z next:jsconfig-paths-plugin skipping request as it is inside node_modules @radix-ui/react-context
2026-04-06T23:18:50.016Z next:jsconfig-paths-plugin skipping request as it is inside node_modules @radix-ui/react-use-callback-ref
2026-04-06T23:18:50.016Z next:jsconfig-paths-plugin skipping request as it is inside node_modules @radix-ui/react-use-layout-effect
2026-04-06T23:18:50.016Z next:jsconfig-paths-plugin skipping request as it is inside node_modules @radix-ui/react-primitive
2026-04-06T23:18:50.016Z next:jsconfig-paths-plugin skipping request as it is inside node_modules @radix-ui/react-use-is-hydrated
2026-04-06T23:18:50.017Z next:jsconfig-paths-plugin skipping request as it is inside node_modules react/jsx-runtime
2026-04-06T23:18:50.017Z next:jsconfig-paths-plugin skipping request as it is inside node_modules react-dom
2026-04-06T23:18:50.017Z next:jsconfig-paths-plugin skipping request as it is inside node_modules @clerk/shared/object
2026-04-06T23:18:50.017Z next:jsconfig-paths-plugin skipping request as it is inside node_modules react
2026-04-06T23:18:50.025Z next:jsconfig-paths-plugin skipping request as it is inside node_modules @radix-ui/react-primitive
2026-04-06T23:18:50.025Z next:jsconfig-paths-plugin skipping request as it is inside node_modules ../cartesian/Bar
2026-04-06T23:18:50.025Z next:jsconfig-paths-plugin skipping request as it is inside node_modules lodash/get
2026-04-06T23:18:50.026Z next:jsconfig-paths-plugin skipping request as it is inside node_modules ../util/ShallowEqual
2026-04-06T23:18:50.026Z next:jsconfig-paths-plugin skipping request as it is inside node_modules ../component/Text
2026-04-06T23:18:50.026Z next:jsconfig-paths-plugin skipping request as it is inside node_modules ../component/Label
2026-04-06T23:18:50.026Z next:jsconfig-paths-plugin skipping request as it is inside node_modules motion-dom
2026-04-06T23:18:50.027Z next:jsconfig-paths-plugin skipping request as it is inside node_modules ./animate-elements.mjs
2026-04-06T23:18:50.027Z next:jsconfig-paths-plugin skipping request as it is inside node_modules motion-utils
2026-04-06T23:18:50.027Z next:jsconfig-paths-plugin skipping request as it is inside node_modules ./attach-animation.mjs
2026-04-06T23:18:50.027Z next:jsconfig-paths-plugin skipping request as it is inside node_modules ./attach-function.mjs
2026-04-06T23:18:50.027Z next:jsconfig-paths-plugin skipping request as it is inside node_modules motion-dom
2026-04-06T23:18:50.027Z next:jsconfig-paths-plugin skipping request as it is inside node_modules ./info.mjs
2026-04-06T23:18:50.045Z next:jsconfig-paths-plugin skipping request as it is inside node_modules ./on-scroll-handler.mjs
2026-04-06T23:18:50.046Z next:jsconfig-paths-plugin skipping request as it is inside node_modules ../cartesian/Bar
2026-04-06T23:18:50.046Z next:jsconfig-paths-plugin skipping request as it is inside node_modules ../util/ShallowEqual
2026-04-06T23:18:50.046Z next:jsconfig-paths-plugin skipping request as it is inside node_modules ../component/Text
2026-04-06T23:18:50.046Z next:jsconfig-paths-plugin skipping request as it is inside node_modules ../component/Label
2026-04-06T23:18:50.078Z next:jsconfig-paths-plugin skipping request as it is inside node_modules ../cartesian/Bar
2026-04-06T23:18:50.079Z next:jsconfig-paths-plugin skipping request as it is inside node_modules ../util/ShallowEqual
2026-04-06T23:18:50.079Z next:jsconfig-paths-plugin skipping request as it is inside node_modules ../component/Text
2026-04-06T23:18:50.079Z next:jsconfig-paths-plugin skipping request as it is inside node_modules ../component/Label
2026-04-06T23:18:50.080Z next:jsconfig-paths-plugin skipping request as it is inside node_modules lodash/get
2026-04-06T23:18:50.102Z next:jsconfig-paths-plugin skipping request as it is inside node_modules lodash/get
2026-04-06T23:18:50.105Z next:jsconfig-paths-plugin skipping request as it is inside node_modules ../cartesian/Bar
2026-04-06T23:18:50.122Z next:jsconfig-paths-plugin skipping request as it is inside node_modules ../util/ShallowEqual
2026-04-06T23:18:50.122Z next:jsconfig-paths-plugin skipping request as it is inside node_modules ../component/Text
2026-04-06T23:18:50.122Z next:jsconfig-paths-plugin skipping request as it is inside node_modules ../component/Label
2026-04-06T23:18:50.122Z next:jsconfig-paths-plugin skipping request as it is inside node_modules lodash/get
2026-04-06T23:18:50.123Z next:jsconfig-paths-plugin skipping request as it is inside node_modules ../cartesian/Bar
2026-04-06T23:18:50.123Z next:jsconfig-paths-plugin skipping request as it is inside node_modules ../component/Text
2026-04-06T23:18:50.124Z next:jsconfig-paths-plugin skipping request as it is inside node_modules ../component/Label
2026-04-06T23:18:50.124Z next:jsconfig-paths-plugin skipping request as it is inside node_modules lodash/get
2026-04-06T23:18:50.167Z next:jsconfig-paths-plugin skipping request as it is an absolute path C:\Users\Ahmed Amin Bejoui\Desktop\ai-code-review-platform\apps\dashboard\lib\notifications
2026-04-06T23:18:50.189Z next:jsconfig-paths-plugin skipping request as it is an absolute path C:\Users\Ahmed Amin Bejoui\Desktop\ai-code-review-platform\apps\dashboard\lib\notifications
2026-04-06T23:18:50.190Z next:jsconfig-paths-plugin skipping request as it is an absolute path C:\Users\Ahmed Amin Bejoui\Desktop\ai-code-review-platform\apps\dashboard\lib\notifications
2026-04-06T23:18:50.191Z next:jsconfig-paths-plugin skipping request as it is an absolute path C:\Users\Ahmed Amin Bejoui\Desktop\ai-code-review-platform\apps\dashboard\lib\notifications
2026-04-06T23:18:50.262Z next:jsconfig-paths-plugin moduleName did not match any paths pattern lodash/range
2026-04-06T23:18:50.262Z next:jsconfig-paths-plugin skipping request as it is inside node_modules lodash/range
2026-04-06T23:18:50.306Z next:jsconfig-paths-plugin moduleName did not match any paths pattern lodash/sortBy
2026-04-06T23:18:50.307Z next:jsconfig-paths-plugin skipping request as it is inside node_modules lodash/sortBy
2026-04-06T23:18:50.330Z next:jsconfig-paths-plugin skipping request as it is inside node_modules ../util/DOMUtils
2026-04-06T23:18:50.330Z next:jsconfig-paths-plugin skipping request as it is inside node_modules ../util/DOMUtils
2026-04-06T23:18:50.360Z next:jsconfig-paths-plugin skipping request as it is inside node_modules ../util/DetectReferenceElementsDomain
2026-04-06T23:18:50.362Z next:jsconfig-paths-plugin skipping request as it is inside node_modules ../util/ShallowEqual
2026-04-06T23:18:50.362Z next:jsconfig-paths-plugin skipping request as it is inside node_modules ../util/ShallowEqual
2026-04-06T23:18:50.364Z next:jsconfig-paths-plugin skipping request as it is inside node_modules ../util/Events
2026-04-06T23:18:50.366Z next:jsconfig-paths-plugin skipping request as it is inside node_modules ./AccessibilityManager
2026-04-06T23:18:50.367Z next:jsconfig-paths-plugin skipping request as it is inside node_modules ../component/Cursor
2026-04-06T23:18:50.368Z next:jsconfig-paths-plugin skipping request as it is inside node_modules ../util/isDomainSpecifiedByUser
2026-04-06T23:18:50.479Z next:jsconfig-paths-plugin skipping request as it is inside node_modules lodash/mapValues
2026-04-06T23:18:50.479Z next:jsconfig-paths-plugin skipping request as it is inside node_modules lodash/mapValues
2026-04-06T23:18:50.480Z next:jsconfig-paths-plugin skipping request as it is inside node_modules lodash/mapValues
2026-04-06T23:18:50.481Z next:jsconfig-paths-plugin skipping request as it is inside node_modules lodash/every
2026-04-06T23:18:50.527Z next:jsconfig-paths-plugin skipping request as it is inside node_modules lodash/every
2026-04-06T23:18:50.528Z next:jsconfig-paths-plugin skipping request as it is inside node_modules lodash/every
2026-04-06T23:18:50.559Z next:jsconfig-paths-plugin skipping request as it is inside node_modules react
2026-04-06T23:18:50.559Z next:jsconfig-paths-plugin skipping request as it is inside node_modules motion-dom
2026-04-06T23:18:50.559Z next:jsconfig-paths-plugin skipping request as it is inside node_modules next/dist/server/future/route-modules/app-page/vendored/ssr/react
2026-04-06T23:18:50.559Z next:jsconfig-paths-plugin skipping request as it is inside node_modules C:\Users\Ahmed Amin Bejoui\Desktop\ai-code-review-platform\apps\dashboard\node_modules\next/dist/server/future/route-modules/app-page/vendored/ssr/react
2026-04-06T23:18:50.589Z next:jsconfig-paths-plugin skipping request as it is inside node_modules ../../motion/features/drag.mjs
2026-04-06T23:18:50.590Z next:jsconfig-paths-plugin skipping request as it is inside node_modules ../../motion/features/layout.mjs
2026-04-06T23:18:50.610Z next:jsconfig-paths-plugin skipping request as it is inside node_modules ./Group.mjs
2026-04-06T23:18:50.611Z next:jsconfig-paths-plugin skipping request as it is inside node_modules ./Item.mjs
2026-04-06T23:18:50.612Z next:jsconfig-paths-plugin skipping request as it is inside node_modules ./sequence.mjs
2026-04-06T23:18:50.658Z next:jsconfig-paths-plugin skipping request as it is inside node_modules ./subject.mjs
2026-04-06T23:18:50.713Z next:jsconfig-paths-plugin skipping request as it is inside node_modules motion-utils
2026-04-06T23:18:50.713Z next:jsconfig-paths-plugin skipping request as it is inside node_modules motion-dom
2026-04-06T23:18:50.832Z next:jsconfig-paths-plugin skipping request as it is inside node_modules react/jsx-runtime
2026-04-06T23:18:50.832Z next:jsconfig-paths-plugin skipping request as it is inside node_modules react
2026-04-06T23:18:50.832Z next:jsconfig-paths-plugin skipping request as it is inside node_modules react-dom
2026-04-06T23:18:50.834Z next:jsconfig-paths-plugin skipping request as it is inside node_modules @radix-ui/number
2026-04-06T23:18:50.834Z next:jsconfig-paths-plugin skipping request as it is inside node_modules @radix-ui/primitive
2026-04-06T23:18:50.862Z next:jsconfig-paths-plugin skipping request as it is inside node_modules @radix-ui/react-collection
2026-04-06T23:18:50.862Z next:jsconfig-paths-plugin skipping request as it is inside node_modules @radix-ui/react-compose-refs
2026-04-06T23:18:50.862Z next:jsconfig-paths-plugin skipping request as it is inside node_modules @radix-ui/react-context
2026-04-06T23:18:50.862Z next:jsconfig-paths-plugin skipping request as it is inside node_modules @radix-ui/react-direction
2026-04-06T23:18:50.862Z next:jsconfig-paths-plugin skipping request as it is inside node_modules @radix-ui/react-dismissable-layer
2026-04-06T23:18:50.862Z next:jsconfig-paths-plugin skipping request as it is inside node_modules @radix-ui/react-focus-guards
2026-04-06T23:18:50.863Z next:jsconfig-paths-plugin skipping request as it is inside node_modules @radix-ui/react-focus-scope
2026-04-06T23:18:50.863Z next:jsconfig-paths-plugin skipping request as it is inside node_modules @radix-ui/react-id
2026-04-06T23:18:50.863Z next:jsconfig-paths-plugin skipping request as it is inside node_modules @radix-ui/react-popper
2026-04-06T23:18:50.863Z next:jsconfig-paths-plugin skipping request as it is inside node_modules @radix-ui/react-portal
2026-04-06T23:18:50.863Z next:jsconfig-paths-plugin skipping request as it is inside node_modules @radix-ui/react-primitive
2026-04-06T23:18:50.863Z next:jsconfig-paths-plugin skipping request as it is inside node_modules @radix-ui/react-slot
2026-04-06T23:18:50.863Z next:jsconfig-paths-plugin skipping request as it is inside node_modules @radix-ui/react-use-callback-ref
2026-04-06T23:18:50.863Z next:jsconfig-paths-plugin skipping request as it is inside node_modules @radix-ui/react-use-controllable-state
2026-04-06T23:18:50.863Z next:jsconfig-paths-plugin skipping request as it is inside node_modules @radix-ui/react-use-layout-effect
2026-04-06T23:18:50.892Z next:jsconfig-paths-plugin skipping request as it is inside node_modules @radix-ui/react-use-previous
2026-04-06T23:18:50.892Z next:jsconfig-paths-plugin skipping request as it is inside node_modules @radix-ui/react-visually-hidden
2026-04-06T23:18:50.892Z next:jsconfig-paths-plugin skipping request as it is inside node_modules aria-hidden
2026-04-06T23:18:50.892Z next:jsconfig-paths-plugin skipping request as it is inside node_modules react-remove-scroll
2026-04-06T23:18:50.892Z next:jsconfig-paths-plugin skipping request as it is inside node_modules react/jsx-runtime
2026-04-06T23:18:50.893Z next:jsconfig-paths-plugin skipping request as it is inside node_modules react
2026-04-06T23:18:50.893Z next:jsconfig-paths-plugin skipping request as it is inside node_modules @radix-ui/primitive
2026-04-06T23:18:50.893Z next:jsconfig-paths-plugin skipping request as it is inside node_modules @radix-ui/react-context
2026-04-06T23:18:50.893Z next:jsconfig-paths-plugin skipping request as it is inside node_modules @radix-ui/react-roving-focus
2026-04-06T23:18:50.893Z next:jsconfig-paths-plugin skipping request as it is inside node_modules @radix-ui/react-presence
2026-04-06T23:18:50.894Z next:jsconfig-paths-plugin skipping request as it is inside node_modules @radix-ui/react-primitive
2026-04-06T23:18:50.894Z next:jsconfig-paths-plugin skipping request as it is inside node_modules @radix-ui/react-direction
2026-04-06T23:18:50.894Z next:jsconfig-paths-plugin skipping request as it is inside node_modules @radix-ui/react-use-controllable-state
2026-04-06T23:18:50.894Z next:jsconfig-paths-plugin skipping request as it is inside node_modules @radix-ui/react-id
2026-04-06T23:18:50.894Z next:jsconfig-paths-plugin skipping request as it is inside node_modules react/jsx-runtime
2026-04-06T23:18:50.895Z next:jsconfig-paths-plugin skipping request as it is inside node_modules react
2026-04-06T23:18:50.895Z next:jsconfig-paths-plugin skipping request as it is inside node_modules @radix-ui/primitive
2026-04-06T23:18:50.895Z next:jsconfig-paths-plugin skipping request as it is inside node_modules @radix-ui/react-compose-refs
2026-04-06T23:18:50.895Z next:jsconfig-paths-plugin skipping request as it is inside node_modules @radix-ui/react-context
2026-04-06T23:18:50.895Z next:jsconfig-paths-plugin skipping request as it is inside node_modules @radix-ui/react-use-controllable-state
2026-04-06T23:18:50.895Z next:jsconfig-paths-plugin skipping request as it is inside node_modules @radix-ui/react-primitive
2026-04-06T23:18:50.895Z next:jsconfig-paths-plugin skipping request as it is inside node_modules @radix-ui/react-menu
2026-04-06T23:18:50.895Z next:jsconfig-paths-plugin skipping request as it is inside node_modules @radix-ui/react-id
2026-04-06T23:18:50.895Z next:jsconfig-paths-plugin skipping request as it is inside node_modules react/jsx-runtime
2026-04-06T23:18:50.897Z next:jsconfig-paths-plugin skipping request as it is inside node_modules ../util/TickUtils
2026-04-06T23:18:50.899Z next:jsconfig-paths-plugin skipping request as it is inside node_modules ./getEquidistantTicks
2026-04-06T23:18:50.924Z next:jsconfig-paths-plugin skipping request as it is inside node_modules motion-dom
2026-04-06T23:18:50.928Z next:jsconfig-paths-plugin skipping request as it is inside node_modules ./animate-elements.mjs
2026-04-06T23:18:50.932Z next:jsconfig-paths-plugin skipping request as it is inside node_modules ./attach-animation.mjs
2026-04-06T23:18:50.933Z next:jsconfig-paths-plugin skipping request as it is inside node_modules ./attach-function.mjs
2026-04-06T23:18:50.937Z next:jsconfig-paths-plugin skipping request as it is inside node_modules ./info.mjs
2026-04-06T23:18:50.941Z next:jsconfig-paths-plugin moduleName did not match any paths pattern @clerk/shared/authorization
2026-04-06T23:18:50.942Z next:jsconfig-paths-plugin skipping request as it is inside node_modules @clerk/shared/authorization
2026-04-06T23:18:50.945Z next:jsconfig-paths-plugin moduleName did not match any paths pattern @clerk/shared/error
2026-04-06T23:18:50.946Z next:jsconfig-paths-plugin skipping request as it is inside node_modules @clerk/shared/error
2026-04-06T23:18:50.950Z next:jsconfig-paths-plugin skipping request as it is inside node_modules ./on-scroll-handler.mjs
2026-04-06T23:18:50.952Z next:jsconfig-paths-plugin moduleName did not match any paths pattern @clerk/shared/telemetry
2026-04-06T23:18:50.953Z next:jsconfig-paths-plugin skipping request as it is inside node_modules @clerk/shared/telemetry
2026-04-06T23:18:50.955Z next:jsconfig-paths-plugin moduleName did not match any paths pattern @clerk/shared/deprecated
2026-04-06T23:18:50.956Z next:jsconfig-paths-plugin skipping request as it is inside node_modules @clerk/shared/deprecated
2026-04-06T23:18:51.011Z next:jsconfig-paths-plugin moduleName did not match any paths pattern @clerk/shared/object
2026-04-06T23:18:51.012Z next:jsconfig-paths-plugin skipping request as it is inside node_modules @clerk/shared/object
2026-04-06T23:18:51.039Z next:jsconfig-paths-plugin moduleName did not match any paths pattern @carbon/icons-react
2026-04-06T23:18:51.040Z next:jsconfig-paths-plugin moduleName did not match any paths pattern @carbon/icons-react
2026-04-06T23:18:51.042Z next:jsconfig-paths-plugin skipping request as it is inside node_modules react
2026-04-06T23:18:51.042Z next:jsconfig-paths-plugin skipping request as it is inside node_modules @radix-ui/react-primitive
2026-04-06T23:18:51.042Z next:jsconfig-paths-plugin skipping request as it is inside node_modules react/jsx-runtime
2026-04-06T23:18:51.043Z next:jsconfig-paths-plugin skipping request as it is inside node_modules react
2026-04-06T23:18:51.043Z next:jsconfig-paths-plugin skipping request as it is inside node_modules @radix-ui/primitive
2026-04-06T23:18:51.043Z next:jsconfig-paths-plugin skipping request as it is inside node_modules @radix-ui/react-compose-refs
2026-04-06T23:18:51.043Z next:jsconfig-paths-plugin skipping request as it is inside node_modules @radix-ui/react-context
2026-04-06T23:18:51.043Z next:jsconfig-paths-plugin skipping request as it is inside node_modules @radix-ui/react-id
2026-04-06T23:18:51.043Z next:jsconfig-paths-plugin skipping request as it is inside node_modules @radix-ui/react-use-controllable-state
2026-04-06T23:18:51.044Z next:jsconfig-paths-plugin skipping request as it is inside node_modules @radix-ui/react-dismissable-layer
2026-04-06T23:18:51.044Z next:jsconfig-paths-plugin skipping request as it is inside node_modules @radix-ui/react-focus-scope
2026-04-06T23:18:51.044Z next:jsconfig-paths-plugin skipping request as it is inside node_modules @radix-ui/react-portal
2026-04-06T23:18:51.044Z next:jsconfig-paths-plugin skipping request as it is inside node_modules @radix-ui/react-presence
2026-04-06T23:18:51.044Z next:jsconfig-paths-plugin skipping request as it is inside node_modules @radix-ui/react-primitive
2026-04-06T23:18:51.044Z next:jsconfig-paths-plugin skipping request as it is inside node_modules @radix-ui/react-focus-guards
2026-04-06T23:18:51.044Z next:jsconfig-paths-plugin skipping request as it is inside node_modules react-remove-scroll
2026-04-06T23:18:51.046Z next:jsconfig-paths-plugin moduleName did not match any paths pattern lodash/mapValues
2026-04-06T23:18:51.046Z next:jsconfig-paths-plugin skipping request as it is inside node_modules lodash/mapValues
2026-04-06T23:18:51.090Z next:jsconfig-paths-plugin moduleName did not match any paths pattern lodash/every
2026-04-06T23:18:51.124Z next:jsconfig-paths-plugin skipping request as it is inside node_modules lodash/every
2026-04-06T23:18:51.169Z next:jsconfig-paths-plugin skipping request as it is inside node_modules aria-hidden
2026-04-06T23:18:51.169Z next:jsconfig-paths-plugin skipping request as it is inside node_modules @radix-ui/react-slot
2026-04-06T23:18:51.170Z next:jsconfig-paths-plugin skipping request as it is inside node_modules react/jsx-runtime
2026-04-06T23:18:51.170Z next:jsconfig-paths-plugin skipping request as it is inside node_modules react
2026-04-06T23:18:51.170Z next:jsconfig-paths-plugin skipping request as it is inside node_modules @radix-ui/primitive
2026-04-06T23:18:51.170Z next:jsconfig-paths-plugin skipping request as it is inside node_modules @radix-ui/react-compose-refs
2026-04-06T23:18:51.170Z next:jsconfig-paths-plugin skipping request as it is inside node_modules @radix-ui/react-context
2026-04-06T23:18:51.170Z next:jsconfig-paths-plugin skipping request as it is inside node_modules @radix-ui/react-use-controllable-state
2026-04-06T23:18:51.170Z next:jsconfig-paths-plugin skipping request as it is inside node_modules @radix-ui/react-use-previous
2026-04-06T23:18:51.170Z next:jsconfig-paths-plugin skipping request as it is inside node_modules @radix-ui/react-use-size
2026-04-06T23:18:51.171Z next:jsconfig-paths-plugin skipping request as it is inside node_modules @radix-ui/react-primitive
2026-04-06T23:18:51.171Z next:jsconfig-paths-plugin skipping request as it is inside node_modules react/jsx-runtime
2026-04-06T23:18:51.343Z next:jsconfig-paths-plugin skipping request as it is inside node_modules react/jsx-runtime
2026-04-06T23:18:51.343Z next:jsconfig-paths-plugin skipping request as it is inside node_modules next/dist/server/future/route-modules/app-page/vendored/ssr/react-jsx-runtime
2026-04-06T23:18:51.343Z next:jsconfig-paths-plugin skipping request as it is inside node_modules C:\Users\Ahmed Amin Bejoui\Desktop\ai-code-review-platform\apps\dashboard\node_modules\next/dist/server/future/route-modules/app-page/vendored/ssr/react-jsx-runtime
2026-04-06T23:18:51.345Z next:jsconfig-paths-plugin skipping request as it is inside node_modules react/jsx-runtime
2026-04-06T23:18:51.346Z next:jsconfig-paths-plugin skipping request as it is inside node_modules next/dist/server/future/route-modules/app-page/vendored/ssr/react-jsx-runtime
2026-04-06T23:18:51.346Z next:jsconfig-paths-plugin skipping request as it is inside node_modules C:\Users\Ahmed Amin Bejoui\Desktop\ai-code-review-platform\apps\dashboard\node_modules\next/dist/server/future/route-modules/app-page/vendored/ssr/react-jsx-runtime
2026-04-06T23:18:51.348Z next:jsconfig-paths-plugin skipping request as it is inside node_modules react/jsx-runtime
2026-04-06T23:18:51.348Z next:jsconfig-paths-plugin skipping request as it is inside node_modules react
2026-04-06T23:18:51.348Z next:jsconfig-paths-plugin skipping request as it is inside node_modules next/dist/server/future/route-modules/app-page/vendored/ssr/react-jsx-runtime
2026-04-06T23:18:51.349Z next:jsconfig-paths-plugin skipping request as it is inside node_modules next/dist/server/future/route-modules/app-page/vendored/ssr/react
2026-04-06T23:18:51.349Z next:jsconfig-paths-plugin skipping request as it is inside node_modules C:\Users\Ahmed Amin Bejoui\Desktop\ai-code-review-platform\apps\dashboard\node_modules\next/dist/server/future/route-modules/app-page/vendored/ssr/react-jsx-runtime
2026-04-06T23:18:51.349Z next:jsconfig-paths-plugin skipping request as it is inside node_modules C:\Users\Ahmed Amin Bejoui\Desktop\ai-code-review-platform\apps\dashboard\node_modules\next/dist/server/future/route-modules/app-page/vendored/ssr/react
2026-04-06T23:18:51.352Z next:jsconfig-paths-plugin skipping request as it is inside node_modules react/jsx-runtime
2026-04-06T23:18:51.353Z next:jsconfig-paths-plugin skipping request as it is inside node_modules next/dist/server/future/route-modules/app-page/vendored/ssr/react-jsx-runtime
2026-04-06T23:18:51.354Z next:jsconfig-paths-plugin skipping request as it is inside node_modules C:\Users\Ahmed Amin Bejoui\Desktop\ai-code-review-platform\apps\dashboard\node_modules\next/dist/server/future/route-modules/app-page/vendored/ssr/react-jsx-runtime
2026-04-06T23:18:51.355Z next:jsconfig-paths-plugin skipping request as it is inside node_modules react/jsx-runtime
2026-04-06T23:18:51.355Z next:jsconfig-paths-plugin skipping request as it is inside node_modules react
2026-04-06T23:18:51.355Z next:jsconfig-paths-plugin skipping request as it is inside node_modules @radix-ui/react-compose-refs
2026-04-06T23:18:51.356Z next:jsconfig-paths-plugin skipping request as it is inside node_modules next/dist/server/future/route-modules/app-page/vendored/ssr/react-jsx-runtime
2026-04-06T23:18:51.356Z next:jsconfig-paths-plugin skipping request as it is inside node_modules next/dist/server/future/route-modules/app-page/vendored/ssr/react
2026-04-06T23:18:51.356Z next:jsconfig-paths-plugin skipping request as it is inside node_modules C:\Users\Ahmed Amin Bejoui\Desktop\ai-code-review-platform\apps\dashboard\node_modules\next/dist/server/future/route-modules/app-page/vendored/ssr/react-jsx-runtime
2026-04-06T23:18:51.356Z next:jsconfig-paths-plugin skipping request as it is inside node_modules C:\Users\Ahmed Amin Bejoui\Desktop\ai-code-review-platform\apps\dashboard\node_modules\next/dist/server/future/route-modules/app-page/vendored/ssr/react
2026-04-06T23:18:51.539Z next:jsconfig-paths-plugin skipping request as it is inside node_modules lodash/isNil
2026-04-06T23:18:51.540Z next:jsconfig-paths-plugin skipping request as it is inside node_modules react
2026-04-06T23:18:51.540Z next:jsconfig-paths-plugin skipping request as it is inside node_modules lodash/isFunction
2026-04-06T23:18:51.560Z next:jsconfig-paths-plugin skipping request as it is inside node_modules lodash/isNil
2026-04-06T23:18:51.560Z next:jsconfig-paths-plugin skipping request as it is inside node_modules lodash/isFunction
2026-04-06T23:18:51.561Z next:jsconfig-paths-plugin skipping request as it is inside node_modules lodash/isNil
2026-04-06T23:18:51.561Z next:jsconfig-paths-plugin skipping request as it is inside node_modules lodash/isFunction
2026-04-06T23:18:51.581Z next:jsconfig-paths-plugin skipping request as it is inside node_modules lodash/isNil
2026-04-06T23:18:51.581Z next:jsconfig-paths-plugin skipping request as it is inside node_modules lodash/isFunction
2026-04-06T23:18:51.581Z next:jsconfig-paths-plugin skipping request as it is inside node_modules react
2026-04-06T23:18:51.584Z next:jsconfig-paths-plugin skipping request as it is inside node_modules next/dist/server/future/route-modules/app-page/vendored/ssr/react
2026-04-06T23:18:51.584Z next:jsconfig-paths-plugin skipping request as it is inside node_modules C:\Users\Ahmed Amin Bejoui\Desktop\ai-code-review-platform\apps\dashboard\node_modules\next/dist/server/future/route-modules/app-page/vendored/ssr/react
2026-04-06T23:18:51.598Z next:jsconfig-paths-plugin skipping request as it is inside node_modules lodash/isNil
2026-04-06T23:18:51.599Z next:jsconfig-paths-plugin skipping request as it is inside node_modules lodash/isFunction
2026-04-06T23:18:51.618Z next:jsconfig-paths-plugin moduleName did not match any paths pattern @radix-ui/react-radio-group
2026-04-06T23:18:51.638Z next:jsconfig-paths-plugin skipping request as it is inside node_modules react
2026-04-06T23:18:51.638Z next:jsconfig-paths-plugin skipping request as it is inside node_modules react
2026-04-06T23:18:51.638Z next:jsconfig-paths-plugin skipping request as it is inside node_modules react
2026-04-06T23:18:51.638Z next:jsconfig-paths-plugin skipping request as it is inside node_modules next/dist/server/future/route-modules/app-page/vendored/ssr/react
2026-04-06T23:18:51.638Z next:jsconfig-paths-plugin skipping request as it is inside node_modules next/dist/server/future/route-modules/app-page/vendored/ssr/react
2026-04-06T23:18:51.639Z next:jsconfig-paths-plugin skipping request as it is inside node_modules next/dist/server/future/route-modules/app-page/vendored/ssr/react
2026-04-06T23:18:51.639Z next:jsconfig-paths-plugin skipping request as it is inside node_modules C:\Users\Ahmed Amin Bejoui\Desktop\ai-code-review-platform\apps\dashboard\node_modules\next/dist/server/future/route-modules/app-page/vendored/ssr/react
2026-04-06T23:18:51.639Z next:jsconfig-paths-plugin skipping request as it is inside node_modules C:\Users\Ahmed Amin Bejoui\Desktop\ai-code-review-platform\apps\dashboard\node_modules\next/dist/server/future/route-modules/app-page/vendored/ssr/react
2026-04-06T23:18:51.639Z next:jsconfig-paths-plugin skipping request as it is inside node_modules C:\Users\Ahmed Amin Bejoui\Desktop\ai-code-review-platform\apps\dashboard\node_modules\next/dist/server/future/route-modules/app-page/vendored/ssr/react
2026-04-06T23:18:51.642Z next:jsconfig-paths-plugin moduleName did not match any paths pattern @radix-ui/react-radio-group
2026-04-06T23:18:51.727Z next:jsconfig-paths-plugin skipping request as it is inside node_modules react/jsx-runtime
2026-04-06T23:18:51.727Z next:jsconfig-paths-plugin skipping request as it is inside node_modules next/dist/server/future/route-modules/app-page/vendored/ssr/react-jsx-runtime
2026-04-06T23:18:51.728Z next:jsconfig-paths-plugin skipping request as it is inside node_modules C:\Users\Ahmed Amin Bejoui\Desktop\ai-code-review-platform\apps\dashboard\node_modules\next/dist/server/future/route-modules/app-page/vendored/ssr/react-jsx-runtime
2026-04-06T23:18:52.002Z next:jsconfig-paths-plugin skipping request as it is inside node_modules react/jsx-runtime
2026-04-06T23:18:52.003Z next:jsconfig-paths-plugin skipping request as it is inside node_modules next/dist/server/future/route-modules/app-page/vendored/ssr/react-jsx-runtime
2026-04-06T23:18:52.003Z next:jsconfig-paths-plugin skipping request as it is inside node_modules C:\Users\Ahmed Amin Bejoui\Desktop\ai-code-review-platform\apps\dashboard\node_modules\next/dist/server/future/route-modules/app-page/vendored/ssr/react-jsx-runtime
2026-04-06T23:18:52.004Z next:jsconfig-paths-plugin skipping request as it is inside node_modules react/jsx-runtime
2026-04-06T23:18:52.004Z next:jsconfig-paths-plugin skipping request as it is inside node_modules next/dist/server/future/route-modules/app-page/vendored/ssr/react-jsx-runtime
2026-04-06T23:18:52.004Z next:jsconfig-paths-plugin skipping request as it is inside node_modules C:\Users\Ahmed Amin Bejoui\Desktop\ai-code-review-platform\apps\dashboard\node_modules\next/dist/server/future/route-modules/app-page/vendored/ssr/react-jsx-runtime
2026-04-06T23:18:52.005Z next:jsconfig-paths-plugin skipping request as it is inside node_modules react/jsx-runtime
2026-04-06T23:18:52.006Z next:jsconfig-paths-plugin skipping request as it is inside node_modules react
2026-04-06T23:18:52.006Z next:jsconfig-paths-plugin skipping request as it is inside node_modules @radix-ui/react-compose-refs
2026-04-06T23:18:52.006Z next:jsconfig-paths-plugin skipping request as it is inside node_modules next/dist/server/future/route-modules/app-page/vendored/ssr/react-jsx-runtime
2026-04-06T23:18:52.006Z next:jsconfig-paths-plugin skipping request as it is inside node_modules next/dist/server/future/route-modules/app-page/vendored/ssr/react
2026-04-06T23:18:52.006Z next:jsconfig-paths-plugin skipping request as it is inside node_modules C:\Users\Ahmed Amin Bejoui\Desktop\ai-code-review-platform\apps\dashboard\node_modules\next/dist/server/future/route-modules/app-page/vendored/ssr/react-jsx-runtime
2026-04-06T23:18:52.006Z next:jsconfig-paths-plugin skipping request as it is inside node_modules C:\Users\Ahmed Amin Bejoui\Desktop\ai-code-review-platform\apps\dashboard\node_modules\next/dist/server/future/route-modules/app-page/vendored/ssr/react
2026-04-06T23:18:52.078Z next:jsconfig-paths-plugin skipping request as it is inside node_modules ./DataUtils
2026-04-06T23:18:52.078Z next:jsconfig-paths-plugin skipping request as it is inside node_modules ./ChartUtils
2026-04-06T23:18:52.078Z next:jsconfig-paths-plugin skipping request as it is inside node_modules lodash/isNil
2026-04-06T23:18:52.079Z next:jsconfig-paths-plugin skipping request as it is inside node_modules ./DataUtils
2026-04-06T23:18:52.079Z next:jsconfig-paths-plugin skipping request as it is inside node_modules lodash/isNil
2026-04-06T23:18:52.079Z next:jsconfig-paths-plugin skipping request as it is inside node_modules lodash/isFunction
2026-04-06T23:18:52.079Z next:jsconfig-paths-plugin skipping request as it is inside node_modules ./DataUtils
2026-04-06T23:18:52.079Z next:jsconfig-paths-plugin skipping request as it is inside node_modules ./ChartUtils
2026-04-06T23:18:52.079Z next:jsconfig-paths-plugin skipping request as it is inside node_modules ./DataUtils
2026-04-06T23:18:52.151Z next:jsconfig-paths-plugin skipping request as it is inside node_modules lodash/isNil
2026-04-06T23:18:52.151Z next:jsconfig-paths-plugin skipping request as it is inside node_modules lodash/isNil
2026-04-06T23:18:52.151Z next:jsconfig-paths-plugin skipping request as it is inside node_modules lodash/isFunction
2026-04-06T23:18:52.253Z next:jsconfig-paths-plugin skipping request as it is inside node_modules lodash/isString
2026-04-06T23:18:52.253Z next:jsconfig-paths-plugin skipping request as it is inside node_modules lodash/isNaN
2026-04-06T23:18:52.253Z next:jsconfig-paths-plugin skipping request as it is inside node_modules lodash/get
2026-04-06T23:18:52.253Z next:jsconfig-paths-plugin skipping request as it is inside node_modules lodash/isNumber
2026-04-06T23:18:52.253Z next:jsconfig-paths-plugin skipping request as it is inside node_modules tiny-invariant
2026-04-06T23:18:52.253Z next:jsconfig-paths-plugin skipping request as it is inside node_modules ./ActiveShapeUtils
2026-04-06T23:18:52.253Z next:jsconfig-paths-plugin skipping request as it is inside node_modules victory-vendor/d3-scale
2026-04-06T23:18:52.253Z next:jsconfig-paths-plugin skipping request as it is inside node_modules victory-vendor/d3-shape
2026-04-06T23:18:52.253Z next:jsconfig-paths-plugin skipping request as it is inside node_modules lodash/max
2026-04-06T23:18:52.253Z next:jsconfig-paths-plugin skipping request as it is inside node_modules lodash/min
2026-04-06T23:18:52.253Z next:jsconfig-paths-plugin skipping request as it is inside node_modules lodash/flatMap
2026-04-06T23:18:52.253Z next:jsconfig-paths-plugin skipping request as it is inside node_modules lodash/upperFirst
2026-04-06T23:18:52.254Z next:jsconfig-paths-plugin skipping request as it is inside node_modules ./ActiveShapeUtils
2026-04-06T23:18:52.255Z next:jsconfig-paths-plugin skipping request as it is inside node_modules ./ActiveShapeUtils
2026-04-06T23:18:52.256Z next:jsconfig-paths-plugin skipping request as it is inside node_modules lodash/isNaN
2026-04-06T23:18:52.256Z next:jsconfig-paths-plugin skipping request as it is inside node_modules lodash/isNaN
2026-04-06T23:18:52.256Z next:jsconfig-paths-plugin skipping request as it is inside node_modules lodash/get
2026-04-06T23:18:52.257Z next:jsconfig-paths-plugin skipping request as it is inside node_modules lodash/get
2026-04-06T23:18:52.257Z next:jsconfig-paths-plugin skipping request as it is inside node_modules lodash/max
2026-04-06T23:18:52.333Z next:jsconfig-paths-plugin skipping request as it is inside node_modules lodash/isNaN
2026-04-06T23:18:52.333Z next:jsconfig-paths-plugin skipping request as it is inside node_modules lodash/isNaN
2026-04-06T23:18:52.333Z next:jsconfig-paths-plugin skipping request as it is inside node_modules lodash/get
2026-04-06T23:18:52.334Z next:jsconfig-paths-plugin skipping request as it is inside node_modules lodash/get
2026-04-06T23:18:52.334Z next:jsconfig-paths-plugin skipping request as it is inside node_modules lodash/max
2026-04-06T23:18:52.337Z next:jsconfig-paths-plugin skipping request as it is inside node_modules ./ActiveShapeUtils
2026-04-06T23:18:52.340Z next:jsconfig-paths-plugin skipping request as it is inside node_modules lodash/isNaN
2026-04-06T23:18:52.340Z next:jsconfig-paths-plugin skipping request as it is inside node_modules lodash/get
2026-04-06T23:18:52.340Z next:jsconfig-paths-plugin skipping request as it is inside node_modules lodash/max
2026-04-06T23:18:52.344Z next:jsconfig-paths-plugin skipping request as it is inside node_modules ./ActiveShapeUtils
2026-04-06T23:18:52.344Z next:jsconfig-paths-plugin skipping request as it is inside node_modules lodash/isNaN
2026-04-06T23:18:52.344Z next:jsconfig-paths-plugin skipping request as it is inside node_modules lodash/get
2026-04-06T23:18:52.344Z next:jsconfig-paths-plugin skipping request as it is inside node_modules lodash/max
2026-04-06T23:18:52.351Z next:jsconfig-paths-plugin skipping request as it is inside node_modules react
2026-04-06T23:18:52.351Z next:jsconfig-paths-plugin skipping request as it is inside node_modules next/dist/server/future/route-modules/app-page/vendored/ssr/react
2026-04-06T23:18:52.351Z next:jsconfig-paths-plugin skipping request as it is inside node_modules C:\Users\Ahmed Amin Bejoui\Desktop\ai-code-review-platform\apps\dashboard\node_modules\next/dist/server/future/route-modules/app-page/vendored/ssr/react
2026-04-06T23:18:52.530Z next:jsconfig-paths-plugin skipping request as it is inside node_modules lodash/isString
2026-04-06T23:18:52.537Z next:jsconfig-paths-plugin skipping request as it is inside node_modules lodash/isString
2026-04-06T23:18:52.538Z next:jsconfig-paths-plugin skipping request as it is inside node_modules lodash/isString
2026-04-06T23:18:52.538Z next:jsconfig-paths-plugin skipping request as it is inside node_modules lodash/isString
2026-04-06T23:18:52.539Z next:jsconfig-paths-plugin skipping request as it is inside node_modules lodash/isString
2026-04-06T23:18:52.540Z next:jsconfig-paths-plugin skipping request as it is inside node_modules lodash/isNumber
2026-04-06T23:18:52.541Z next:jsconfig-paths-plugin skipping request as it is inside node_modules lodash/isNumber
2026-04-06T23:18:52.542Z next:jsconfig-paths-plugin skipping request as it is inside node_modules lodash/isNumber
2026-04-06T23:18:52.542Z next:jsconfig-paths-plugin skipping request as it is inside node_modules lodash/min
2026-04-06T23:18:52.543Z next:jsconfig-paths-plugin skipping request as it is inside node_modules lodash/min
2026-04-06T23:18:52.543Z next:jsconfig-paths-plugin skipping request as it is inside node_modules lodash/min
2026-04-06T23:18:52.544Z next:jsconfig-paths-plugin skipping request as it is inside node_modules lodash/flatMap
2026-04-06T23:18:52.544Z next:jsconfig-paths-plugin skipping request as it is inside node_modules lodash/flatMap
2026-04-06T23:18:52.545Z next:jsconfig-paths-plugin skipping request as it is inside node_modules lodash/flatMap
2026-04-06T23:18:52.546Z next:jsconfig-paths-plugin skipping request as it is inside node_modules lodash/upperFirst
2026-04-06T23:18:52.546Z next:jsconfig-paths-plugin skipping request as it is inside node_modules lodash/upperFirst
2026-04-06T23:18:52.547Z next:jsconfig-paths-plugin skipping request as it is inside node_modules lodash/upperFirst
2026-04-06T23:18:52.574Z next:jsconfig-paths-plugin skipping request as it is inside node_modules ./DataUtils
2026-04-06T23:18:52.574Z next:jsconfig-paths-plugin skipping request as it is inside node_modules ./ReactUtils
2026-04-06T23:18:52.575Z next:jsconfig-paths-plugin skipping request as it is inside node_modules ./DataUtils
2026-04-06T23:18:52.576Z next:jsconfig-paths-plugin skipping request as it is inside node_modules ./ReactUtils
2026-04-06T23:18:52.584Z next:jsconfig-paths-plugin skipping request as it is inside node_modules lodash/isEqual
2026-04-06T23:18:52.584Z next:jsconfig-paths-plugin skipping request as it is inside node_modules lodash/sortBy
2026-04-06T23:18:52.584Z next:jsconfig-paths-plugin skipping request as it is inside node_modules recharts-scale
2026-04-06T23:18:52.584Z next:jsconfig-paths-plugin skipping request as it is inside node_modules ../cartesian/ErrorBar
2026-04-06T23:18:52.584Z next:jsconfig-paths-plugin skipping request as it is inside node_modules ./getLegendProps
2026-04-06T23:18:52.585Z next:jsconfig-paths-plugin skipping request as it is inside node_modules react
2026-04-06T23:18:52.585Z next:jsconfig-paths-plugin skipping request as it is inside node_modules tiny-invariant
2026-04-06T23:18:52.585Z next:jsconfig-paths-plugin skipping request as it is inside node_modules lodash/find
2026-04-06T23:18:52.585Z next:jsconfig-paths-plugin skipping request as it is inside node_modules lodash/every
2026-04-06T23:18:52.585Z next:jsconfig-paths-plugin skipping request as it is inside node_modules ../util/calculateViewBox
2026-04-06T23:18:52.586Z next:jsconfig-paths-plugin skipping request as it is inside node_modules ../util/DataUtils
2026-04-06T23:18:52.586Z next:jsconfig-paths-plugin skipping request as it is inside node_modules ../cartesian/ErrorBar
2026-04-06T23:18:52.586Z next:jsconfig-paths-plugin skipping request as it is inside node_modules ../util/DataUtils
2026-04-06T23:18:52.587Z next:jsconfig-paths-plugin skipping request as it is inside node_modules ../cartesian/ErrorBar
2026-04-06T23:18:52.587Z next:jsconfig-paths-plugin skipping request as it is inside node_modules ../util/DataUtils
2026-04-06T23:18:52.589Z next:jsconfig-paths-plugin skipping request as it is inside node_modules lodash/isEqual
2026-04-06T23:18:52.590Z next:jsconfig-paths-plugin skipping request as it is inside node_modules lodash/sortBy
2026-04-06T23:18:52.592Z next:jsconfig-paths-plugin skipping request as it is inside node_modules lodash/isEqual
2026-04-06T23:18:52.592Z next:jsconfig-paths-plugin skipping request as it is inside node_modules lodash/sortBy
2026-04-06T23:18:52.594Z next:jsconfig-paths-plugin skipping request as it is inside node_modules ../cartesian/ErrorBar
2026-04-06T23:18:52.595Z next:jsconfig-paths-plugin skipping request as it is inside node_modules ../util/DataUtils
2026-04-06T23:18:52.595Z next:jsconfig-paths-plugin skipping request as it is inside node_modules lodash/isEqual
2026-04-06T23:18:52.595Z next:jsconfig-paths-plugin skipping request as it is inside node_modules lodash/sortBy
2026-04-06T23:18:52.597Z next:jsconfig-paths-plugin skipping request as it is inside node_modules ../cartesian/ErrorBar
2026-04-06T23:18:52.597Z next:jsconfig-paths-plugin skipping request as it is inside node_modules ../util/DataUtils
2026-04-06T23:18:52.597Z next:jsconfig-paths-plugin skipping request as it is inside node_modules lodash/isEqual
2026-04-06T23:18:52.597Z next:jsconfig-paths-plugin skipping request as it is inside node_modules lodash/sortBy
2026-04-06T23:18:52.601Z next:jsconfig-paths-plugin skipping request as it is inside node_modules react
2026-04-06T23:18:52.601Z next:jsconfig-paths-plugin skipping request as it is inside node_modules react
2026-04-06T23:18:52.601Z next:jsconfig-paths-plugin skipping request as it is inside node_modules next/dist/server/future/route-modules/app-page/vendored/ssr/react
2026-04-06T23:18:52.603Z next:jsconfig-paths-plugin skipping request as it is inside node_modules next/dist/server/future/route-modules/app-page/vendored/ssr/react
2026-04-06T23:18:52.603Z next:jsconfig-paths-plugin skipping request as it is inside node_modules C:\Users\Ahmed Amin Bejoui\Desktop\ai-code-review-platform\apps\dashboard\node_modules\next/dist/server/future/route-modules/app-page/vendored/ssr/react
2026-04-06T23:18:52.603Z next:jsconfig-paths-plugin skipping request as it is inside node_modules C:\Users\Ahmed Amin Bejoui\Desktop\ai-code-review-platform\apps\dashboard\node_modules\next/dist/server/future/route-modules/app-page/vendored/ssr/react
2026-04-06T23:18:52.704Z next:jsconfig-paths-plugin skipping request as it is inside node_modules lodash/every
2026-04-06T23:18:52.704Z next:jsconfig-paths-plugin skipping request as it is inside node_modules lodash/every
2026-04-06T23:18:52.705Z next:jsconfig-paths-plugin skipping request as it is inside node_modules lodash/every
2026-04-06T23:18:52.705Z next:jsconfig-paths-plugin skipping request as it is inside node_modules react
2026-04-06T23:18:52.705Z next:jsconfig-paths-plugin skipping request as it is inside node_modules next/dist/server/future/route-modules/app-page/vendored/ssr/react
2026-04-06T23:18:52.705Z next:jsconfig-paths-plugin skipping request as it is inside node_modules C:\Users\Ahmed Amin Bejoui\Desktop\ai-code-review-platform\apps\dashboard\node_modules\next/dist/server/future/route-modules/app-page/vendored/ssr/react
2026-04-06T23:18:52.707Z next:jsconfig-paths-plugin skipping request as it is inside node_modules lodash/every
2026-04-06T23:18:52.708Z next:jsconfig-paths-plugin skipping request as it is inside node_modules ./getLegendProps
2026-04-06T23:18:52.709Z next:jsconfig-paths-plugin skipping request as it is inside node_modules ./getLegendProps
2026-04-06T23:18:52.709Z next:jsconfig-paths-plugin skipping request as it is inside node_modules ./getLegendProps
2026-04-06T23:18:52.709Z next:jsconfig-paths-plugin skipping request as it is inside node_modules ../util/calculateViewBox
2026-04-06T23:18:52.709Z next:jsconfig-paths-plugin skipping request as it is inside node_modules ../util/calculateViewBox
2026-04-06T23:18:52.710Z next:jsconfig-paths-plugin skipping request as it is inside node_modules ../util/calculateViewBox
2026-04-06T23:18:52.710Z next:jsconfig-paths-plugin skipping request as it is inside node_modules lodash/get
2026-04-06T23:18:52.711Z next:jsconfig-paths-plugin skipping request as it is inside node_modules lodash/isNil
2026-04-06T23:18:52.711Z next:jsconfig-paths-plugin skipping request as it is inside node_modules lodash/get
2026-04-06T23:18:52.711Z next:jsconfig-paths-plugin skipping request as it is inside node_modules lodash/isNil
2026-04-06T23:18:52.713Z next:jsconfig-paths-plugin skipping request as it is inside node_modules lodash/isObject
2026-04-06T23:18:52.713Z next:jsconfig-paths-plugin skipping request as it is inside node_modules react
2026-04-06T23:18:52.713Z next:jsconfig-paths-plugin skipping request as it is inside node_modules victory-vendor/d3-shape
2026-04-06T23:18:52.713Z next:jsconfig-paths-plugin skipping request as it is inside node_modules lodash/upperFirst
2026-04-06T23:18:52.714Z next:jsconfig-paths-plugin skipping request as it is inside node_modules lodash/isFunction
2026-04-06T23:18:52.714Z next:jsconfig-paths-plugin skipping request as it is inside node_modules clsx
2026-04-06T23:18:52.714Z next:jsconfig-paths-plugin skipping request as it is inside node_modules ../util/types
2026-04-06T23:18:52.714Z next:jsconfig-paths-plugin skipping request as it is inside node_modules ../util/ReactUtils
2026-04-06T23:18:52.714Z next:jsconfig-paths-plugin skipping request as it is inside node_modules ../util/DataUtils
2026-04-06T23:18:52.714Z next:jsconfig-paths-plugin skipping request as it is inside node_modules ../util/types
2026-04-06T23:18:52.715Z next:jsconfig-paths-plugin skipping request as it is inside node_modules ../util/ReactUtils
2026-04-06T23:18:52.715Z next:jsconfig-paths-plugin skipping request as it is inside node_modules ../util/DataUtils
2026-04-06T23:18:52.715Z next:jsconfig-paths-plugin skipping request as it is inside node_modules ../util/types
2026-04-06T23:18:52.715Z next:jsconfig-paths-plugin skipping request as it is inside node_modules ../util/ReactUtils
2026-04-06T23:18:52.715Z next:jsconfig-paths-plugin skipping request as it is inside node_modules ../util/DataUtils
2026-04-06T23:18:52.716Z next:jsconfig-paths-plugin skipping request as it is inside node_modules lodash/isObject
2026-04-06T23:18:52.716Z next:jsconfig-paths-plugin skipping request as it is inside node_modules lodash/isObject
2026-04-06T23:18:52.718Z next:jsconfig-paths-plugin skipping request as it is inside node_modules ../util/types
2026-04-06T23:18:52.718Z next:jsconfig-paths-plugin skipping request as it is inside node_modules ../util/ReactUtils
2026-04-06T23:18:52.718Z next:jsconfig-paths-plugin skipping request as it is inside node_modules ../util/DataUtils
2026-04-06T23:18:52.718Z next:jsconfig-paths-plugin skipping request as it is inside node_modules lodash/isObject
2026-04-06T23:18:52.720Z next:jsconfig-paths-plugin skipping request as it is inside node_modules ../util/types
2026-04-06T23:18:52.720Z next:jsconfig-paths-plugin skipping request as it is inside node_modules ../util/ReactUtils
2026-04-06T23:18:52.720Z next:jsconfig-paths-plugin skipping request as it is inside node_modules ../util/DataUtils
2026-04-06T23:18:52.720Z next:jsconfig-paths-plugin skipping request as it is inside node_modules lodash/isObject
2026-04-06T23:18:52.804Z next:jsconfig-paths-plugin moduleName did not match any paths pattern lodash/isNumber
2026-04-06T23:18:52.805Z next:jsconfig-paths-plugin skipping request as it is inside node_modules lodash/isNumber
2026-04-06T23:18:52.806Z next:jsconfig-paths-plugin moduleName did not match any paths pattern lodash/min
2026-04-06T23:18:52.806Z next:jsconfig-paths-plugin skipping request as it is inside node_modules lodash/min
2026-04-06T23:18:52.807Z next:jsconfig-paths-plugin moduleName did not match any paths pattern lodash/isString
2026-04-06T23:18:52.831Z next:jsconfig-paths-plugin skipping request as it is inside node_modules lodash/isString
2026-04-06T23:18:52.833Z next:jsconfig-paths-plugin moduleName did not match any paths pattern lodash/upperFirst
2026-04-06T23:18:52.834Z next:jsconfig-paths-plugin skipping request as it is inside node_modules lodash/upperFirst
2026-04-06T23:18:52.835Z next:jsconfig-paths-plugin moduleName did not match any paths pattern lodash/flatMap
2026-04-06T23:18:52.836Z next:jsconfig-paths-plugin skipping request as it is inside node_modules lodash/flatMap
2026-04-06T23:18:52.837Z next:jsconfig-paths-plugin skipping request as it is inside node_modules lodash/find
2026-04-06T23:18:52.837Z next:jsconfig-paths-plugin skipping request as it is inside node_modules lodash/find
2026-04-06T23:18:52.838Z next:jsconfig-paths-plugin skipping request as it is inside node_modules lodash/find
2026-04-06T23:18:52.841Z next:jsconfig-paths-plugin skipping request as it is inside node_modules lodash/upperFirst
2026-04-06T23:18:52.841Z next:jsconfig-paths-plugin skipping request as it is inside node_modules lodash/isFunction
2026-04-06T23:18:52.841Z next:jsconfig-paths-plugin skipping request as it is inside node_modules lodash/upperFirst
2026-04-06T23:18:52.842Z next:jsconfig-paths-plugin skipping request as it is inside node_modules lodash/isFunction
2026-04-06T23:18:52.844Z next:jsconfig-paths-plugin skipping request as it is inside node_modules lodash/upperFirst
2026-04-06T23:18:52.844Z next:jsconfig-paths-plugin skipping request as it is inside node_modules lodash/isFunction
2026-04-06T23:18:52.844Z next:jsconfig-paths-plugin skipping request as it is inside node_modules react
2026-04-06T23:18:52.844Z next:jsconfig-paths-plugin skipping request as it is inside node_modules clsx
2026-04-06T23:18:52.844Z next:jsconfig-paths-plugin skipping request as it is inside node_modules next/dist/server/future/route-modules/app-page/vendored/ssr/react
2026-04-06T23:18:52.844Z next:jsconfig-paths-plugin skipping request as it is inside node_modules C:\Users\Ahmed Amin Bejoui\Desktop\ai-code-review-platform\apps\dashboard\node_modules\next/dist/server/future/route-modules/app-page/vendored/ssr/react
2026-04-06T23:18:52.847Z next:jsconfig-paths-plugin skipping request as it is inside node_modules lodash/upperFirst
2026-04-06T23:18:52.848Z next:jsconfig-paths-plugin skipping request as it is inside node_modules lodash/isFunction
2026-04-06T23:18:52.851Z next:jsconfig-paths-plugin skipping request as it is inside node_modules lodash/isString
2026-04-06T23:18:52.851Z next:jsconfig-paths-plugin skipping request as it is inside node_modules lodash/isFunction
2026-04-06T23:18:52.851Z next:jsconfig-paths-plugin skipping request as it is inside node_modules lodash/isObject
2026-04-06T23:18:52.851Z next:jsconfig-paths-plugin skipping request as it is inside node_modules ./DataUtils
2026-04-06T23:18:52.852Z next:jsconfig-paths-plugin skipping request as it is inside node_modules ./DataUtils
2026-04-06T23:18:52.853Z next:jsconfig-paths-plugin skipping request as it is inside node_modules lodash/isString
2026-04-06T23:18:52.853Z next:jsconfig-paths-plugin skipping request as it is inside node_modules lodash/isFunction
2026-04-06T23:18:52.853Z next:jsconfig-paths-plugin skipping request as it is inside node_modules lodash/isObject
2026-04-06T23:18:52.859Z next:jsconfig-paths-plugin skipping request as it is inside node_modules react-is
2026-04-06T23:18:52.859Z next:jsconfig-paths-plugin skipping request as it is inside node_modules ./ShallowEqual
2026-04-06T23:18:52.859Z next:jsconfig-paths-plugin skipping request as it is inside node_modules ./types
2026-04-06T23:18:52.860Z next:jsconfig-paths-plugin skipping request as it is inside node_modules ./ShallowEqual
2026-04-06T23:18:52.860Z next:jsconfig-paths-plugin skipping request as it is inside node_modules ./types
2026-04-06T23:18:52.860Z next:jsconfig-paths-plugin skipping request as it is inside node_modules ./ShallowEqual
2026-04-06T23:18:52.860Z next:jsconfig-paths-plugin skipping request as it is inside node_modules ./types
2026-04-06T23:18:52.860Z next:jsconfig-paths-plugin skipping request as it is inside node_modules ./ShallowEqual
2026-04-06T23:18:52.860Z next:jsconfig-paths-plugin skipping request as it is inside node_modules ./types
2026-04-06T23:18:52.862Z next:jsconfig-paths-plugin skipping request as it is inside node_modules ./ShallowEqual
2026-04-06T23:18:52.862Z next:jsconfig-paths-plugin skipping request as it is inside node_modules ./types
2026-04-06T23:18:52.864Z next:jsconfig-paths-plugin skipping request as it is inside node_modules @radix-ui/react-compose-refs
2026-04-06T23:18:52.867Z next:jsconfig-paths-plugin skipping request as it is inside node_modules react-dom
2026-04-06T23:18:52.867Z next:jsconfig-paths-plugin skipping request as it is inside node_modules next/dist/server/future/route-modules/app-page/vendored/ssr/react-dom
2026-04-06T23:18:52.867Z next:jsconfig-paths-plugin skipping request as it is inside node_modules C:\Users\Ahmed Amin Bejoui\Desktop\ai-code-review-platform\apps\dashboard\node_modules\next/dist/server/future/route-modules/app-page/vendored/ssr/react-dom
2026-04-06T23:18:52.873Z next:jsconfig-paths-plugin skipping request as it is inside node_modules ./getLegendProps
2026-04-06T23:18:52.874Z next:jsconfig-paths-plugin skipping request as it is inside node_modules ../util/calculateViewBox
2026-04-06T23:18:52.884Z next:jsconfig-paths-plugin skipping request as it is inside node_modules ../util/types
2026-04-06T23:18:52.884Z next:jsconfig-paths-plugin skipping request as it is inside node_modules ../util/ReactUtils
2026-04-06T23:18:52.885Z next:jsconfig-paths-plugin skipping request as it is inside node_modules ../util/types
2026-04-06T23:18:52.885Z next:jsconfig-paths-plugin skipping request as it is inside node_modules ../util/ReactUtils
2026-04-06T23:18:52.891Z next:jsconfig-paths-plugin skipping request as it is inside node_modules react
2026-04-06T23:18:52.891Z next:jsconfig-paths-plugin skipping request as it is inside node_modules clsx
2026-04-06T23:18:52.891Z next:jsconfig-paths-plugin skipping request as it is inside node_modules ../util/ReactUtils
2026-04-06T23:18:52.891Z next:jsconfig-paths-plugin skipping request as it is inside node_modules ../util/ReactUtils
2026-04-06T23:18:52.891Z next:jsconfig-paths-plugin skipping request as it is inside node_modules ../util/ReactUtils
2026-04-06T23:18:52.892Z next:jsconfig-paths-plugin skipping request as it is inside node_modules ../util/ReactUtils
2026-04-06T23:18:52.892Z next:jsconfig-paths-plugin skipping request as it is inside node_modules ../util/ReactUtils
2026-04-06T23:18:52.894Z next:jsconfig-paths-plugin skipping request as it is inside node_modules react-dom
2026-04-06T23:18:52.894Z next:jsconfig-paths-plugin skipping request as it is inside node_modules next/dist/server/future/route-modules/app-page/vendored/ssr/react-dom
2026-04-06T23:18:52.894Z next:jsconfig-paths-plugin skipping request as it is inside node_modules C:\Users\Ahmed Amin Bejoui\Desktop\ai-code-review-platform\apps\dashboard\node_modules\next/dist/server/future/route-modules/app-page/vendored/ssr/react-dom
2026-04-06T23:18:52.896Z next:jsconfig-paths-plugin skipping request as it is inside node_modules @radix-ui/react-compose-refs
2026-04-06T23:18:52.900Z next:jsconfig-paths-plugin moduleName did not match any paths pattern lodash/find
2026-04-06T23:18:52.901Z next:jsconfig-paths-plugin skipping request as it is inside node_modules lodash/find
2026-04-06T23:18:52.938Z next:jsconfig-paths-plugin skipping request as it is inside node_modules react
2026-04-06T23:18:52.938Z next:jsconfig-paths-plugin skipping request as it is inside node_modules clsx
2026-04-06T23:18:52.938Z next:jsconfig-paths-plugin skipping request as it is inside node_modules next/dist/server/future/route-modules/app-page/vendored/ssr/react
2026-04-06T23:18:52.938Z next:jsconfig-paths-plugin skipping request as it is inside node_modules C:\Users\Ahmed Amin Bejoui\Desktop\ai-code-review-platform\apps\dashboard\node_modules\next/dist/server/future/route-modules/app-page/vendored/ssr/react
2026-04-06T23:18:52.944Z next:jsconfig-paths-plugin skipping request as it is inside node_modules lodash/isNil
2026-04-06T23:18:52.944Z next:jsconfig-paths-plugin skipping request as it is inside node_modules ../util/DataUtils
2026-04-06T23:18:52.944Z next:jsconfig-paths-plugin skipping request as it is inside node_modules lodash/isNil
2026-04-06T23:18:52.944Z next:jsconfig-paths-plugin skipping request as it is inside node_modules ../util/DataUtils
2026-04-06T23:18:52.944Z next:jsconfig-paths-plugin skipping request as it is inside node_modules ../util/DataUtils
2026-04-06T23:18:52.945Z next:jsconfig-paths-plugin skipping request as it is inside node_modules ../util/DataUtils
2026-04-06T23:18:52.945Z next:jsconfig-paths-plugin skipping request as it is inside node_modules lodash/isNil
2026-04-06T23:18:52.946Z next:jsconfig-paths-plugin skipping request as it is inside node_modules lodash/isNil
2026-04-06T23:18:52.951Z next:jsconfig-paths-plugin skipping request as it is inside node_modules lodash/sortBy
2026-04-06T23:18:52.952Z next:jsconfig-paths-plugin skipping request as it is inside node_modules lodash/sortBy
2026-04-06T23:18:52.952Z next:jsconfig-paths-plugin skipping request as it is inside node_modules lodash/sortBy
2026-04-06T23:18:52.953Z next:jsconfig-paths-plugin skipping request as it is inside node_modules lodash/sortBy
2026-04-06T23:18:52.954Z next:jsconfig-paths-plugin skipping request as it is inside node_modules lodash/sortBy
2026-04-06T23:18:53.383Z next:jsconfig-paths-plugin skipping request as it is inside node_modules ../util/Global
2026-04-06T23:18:53.383Z next:jsconfig-paths-plugin skipping request as it is inside node_modules ../util/ReactUtils
2026-04-06T23:18:53.383Z next:jsconfig-paths-plugin skipping request as it is inside node_modules lodash/isNil
2026-04-06T23:18:53.383Z next:jsconfig-paths-plugin skipping request as it is inside node_modules lodash/isFunction
2026-04-06T23:18:53.384Z next:jsconfig-paths-plugin skipping request as it is inside node_modules lodash/isObject
2026-04-06T23:18:53.384Z next:jsconfig-paths-plugin skipping request as it is inside node_modules ../util/ReactUtils
2026-04-06T23:18:53.384Z next:jsconfig-paths-plugin skipping request as it is inside node_modules ../util/DataUtils
2026-04-06T23:18:53.384Z next:jsconfig-paths-plugin skipping request as it is inside node_modules lodash/isFunction
2026-04-06T23:18:53.384Z next:jsconfig-paths-plugin skipping request as it is inside node_modules ../util/Global
2026-04-06T23:18:53.384Z next:jsconfig-paths-plugin skipping request as it is inside node_modules ../util/ReactUtils
2026-04-06T23:18:53.384Z next:jsconfig-paths-plugin skipping request as it is inside node_modules ../util/ReactUtils
2026-04-06T23:18:53.384Z next:jsconfig-paths-plugin skipping request as it is inside node_modules ../util/DataUtils
2026-04-06T23:18:53.386Z next:jsconfig-paths-plugin skipping request as it is inside node_modules lodash/isNil
2026-04-06T23:18:53.387Z next:jsconfig-paths-plugin skipping request as it is inside node_modules lodash/isFunction
2026-04-06T23:18:53.387Z next:jsconfig-paths-plugin skipping request as it is inside node_modules lodash/isObject
2026-04-06T23:18:53.387Z next:jsconfig-paths-plugin skipping request as it is inside node_modules lodash/isFunction
2026-04-06T23:18:53.395Z next:jsconfig-paths-plugin skipping request as it is inside node_modules ../util/DOMUtils
2026-04-06T23:18:53.395Z next:jsconfig-paths-plugin skipping request as it is inside node_modules ../util/ReduceCSSCalc
2026-04-06T23:18:53.395Z next:jsconfig-paths-plugin skipping request as it is inside node_modules ../util/tooltip/translate
2026-04-06T23:18:53.396Z next:jsconfig-paths-plugin skipping request as it is inside node_modules ./Text
2026-04-06T23:18:53.396Z next:jsconfig-paths-plugin skipping request as it is inside node_modules ../util/PolarUtils
2026-04-06T23:18:53.396Z next:jsconfig-paths-plugin skipping request as it is inside node_modules lodash/uniqBy
2026-04-06T23:18:53.396Z next:jsconfig-paths-plugin skipping request as it is inside node_modules lodash/isFunction
2026-04-06T23:18:53.396Z next:jsconfig-paths-plugin skipping request as it is inside node_modules ../../page-path/ensure-leading-slash
2026-04-06T23:18:53.396Z next:jsconfig-paths-plugin skipping request as it is inside node_modules ../../segment
2026-04-06T23:18:53.397Z next:jsconfig-paths-plugin skipping request as it is inside node_modules ../util/DOMUtils
2026-04-06T23:18:53.397Z next:jsconfig-paths-plugin skipping request as it is inside node_modules ./Text
2026-04-06T23:18:53.397Z next:jsconfig-paths-plugin skipping request as it is inside node_modules ../util/PolarUtils
2026-04-06T23:18:53.398Z next:jsconfig-paths-plugin skipping request as it is inside node_modules ../util/DOMUtils
2026-04-06T23:18:53.398Z next:jsconfig-paths-plugin skipping request as it is inside node_modules ./Text
2026-04-06T23:18:53.398Z next:jsconfig-paths-plugin skipping request as it is inside node_modules ../util/PolarUtils
2026-04-06T23:18:53.398Z next:jsconfig-paths-plugin skipping request as it is inside node_modules ../util/DOMUtils
2026-04-06T23:18:53.398Z next:jsconfig-paths-plugin skipping request as it is inside node_modules ./Text
2026-04-06T23:18:53.399Z next:jsconfig-paths-plugin skipping request as it is inside node_modules ../util/PolarUtils
2026-04-06T23:18:53.400Z next:jsconfig-paths-plugin skipping request as it is inside node_modules ../util/DOMUtils
2026-04-06T23:18:53.400Z next:jsconfig-paths-plugin skipping request as it is inside node_modules ./Text
2026-04-06T23:18:53.400Z next:jsconfig-paths-plugin skipping request as it is inside node_modules ../util/PolarUtils
2026-04-06T23:18:53.544Z next:jsconfig-paths-plugin skipping request as it is inside node_modules lodash/isFunction
2026-04-06T23:18:53.545Z next:jsconfig-paths-plugin skipping request as it is inside node_modules lodash/isFunction
2026-04-06T23:18:53.545Z next:jsconfig-paths-plugin skipping request as it is inside node_modules lodash/isFunction
2026-04-06T23:18:53.546Z next:jsconfig-paths-plugin skipping request as it is inside node_modules lodash/isFunction
2026-04-06T23:18:53.547Z next:jsconfig-paths-plugin skipping request as it is inside node_modules ../util/ReduceCSSCalc
2026-04-06T23:18:53.547Z next:jsconfig-paths-plugin skipping request as it is inside node_modules ../util/ReduceCSSCalc
2026-04-06T23:18:53.548Z next:jsconfig-paths-plugin skipping request as it is inside node_modules ../util/ReduceCSSCalc
2026-04-06T23:18:53.550Z next:jsconfig-paths-plugin skipping request as it is inside node_modules lodash/isEqual
2026-04-06T23:18:53.551Z next:jsconfig-paths-plugin skipping request as it is inside node_modules lodash/isFunction
2026-04-06T23:18:53.551Z next:jsconfig-paths-plugin skipping request as it is inside node_modules ../util/LogUtils
2026-04-06T23:18:53.551Z next:jsconfig-paths-plugin skipping request as it is inside node_modules ../util/LogUtils
2026-04-06T23:18:53.551Z next:jsconfig-paths-plugin skipping request as it is inside node_modules lodash/isEqual
2026-04-06T23:18:53.551Z next:jsconfig-paths-plugin skipping request as it is inside node_modules lodash/isFunction
2026-04-06T23:18:53.555Z next:jsconfig-paths-plugin skipping request as it is inside node_modules lodash/isPlainObject
2026-04-06T23:18:53.556Z next:jsconfig-paths-plugin skipping request as it is inside node_modules lodash/isBoolean
2026-04-06T23:18:53.556Z next:jsconfig-paths-plugin skipping request as it is inside node_modules ../shape/Rectangle
2026-04-06T23:18:53.556Z next:jsconfig-paths-plugin skipping request as it is inside node_modules ../shape/Trapezoid
2026-04-06T23:18:53.556Z next:jsconfig-paths-plugin skipping request as it is inside node_modules ../shape/Sector
2026-04-06T23:18:53.556Z next:jsconfig-paths-plugin skipping request as it is inside node_modules ../container/Layer
2026-04-06T23:18:53.556Z next:jsconfig-paths-plugin skipping request as it is inside node_modules ../shape/Symbols
2026-04-06T23:18:53.556Z next:jsconfig-paths-plugin skipping request as it is inside node_modules ../../../../lib/constants
2026-04-06T23:18:53.557Z next:jsconfig-paths-plugin skipping request as it is inside node_modules ../../../../server/future/helpers/interception-routes
2026-04-06T23:18:53.557Z next:jsconfig-paths-plugin skipping request as it is inside node_modules ../../escape-regexp
2026-04-06T23:18:53.557Z next:jsconfig-paths-plugin skipping request as it is inside node_modules ./remove-trailing-slash
2026-04-06T23:18:53.557Z next:jsconfig-paths-plugin skipping request as it is inside node_modules ../shape/Rectangle
2026-04-06T23:18:53.557Z next:jsconfig-paths-plugin skipping request as it is inside node_modules ../container/Layer
2026-04-06T23:18:53.557Z next:jsconfig-paths-plugin skipping request as it is inside node_modules ../shape/Rectangle
2026-04-06T23:18:53.559Z next:jsconfig-paths-plugin skipping request as it is inside node_modules ../container/Layer
2026-04-06T23:18:53.559Z next:jsconfig-paths-plugin skipping request as it is inside node_modules ../shape/Rectangle
2026-04-06T23:18:53.559Z next:jsconfig-paths-plugin skipping request as it is inside node_modules ../container/Layer
2026-04-06T23:18:53.560Z next:jsconfig-paths-plugin skipping request as it is inside node_modules ../shape/Rectangle
2026-04-06T23:18:53.560Z next:jsconfig-paths-plugin skipping request as it is inside node_modules ../container/Layer
2026-04-06T23:18:53.636Z next:jsconfig-paths-plugin skipping request as it is inside node_modules ../util/tooltip/translate
2026-04-06T23:18:53.636Z next:jsconfig-paths-plugin skipping request as it is inside node_modules ../util/tooltip/translate
2026-04-06T23:18:53.636Z next:jsconfig-paths-plugin skipping request as it is inside node_modules ../util/tooltip/translate
2026-04-06T23:18:53.637Z next:jsconfig-paths-plugin skipping request as it is inside node_modules lodash/uniqBy
2026-04-06T23:18:53.638Z next:jsconfig-paths-plugin skipping request as it is inside node_modules lodash/uniqBy
2026-04-06T23:18:53.638Z next:jsconfig-paths-plugin skipping request as it is inside node_modules lodash/uniqBy
2026-04-06T23:18:53.639Z next:jsconfig-paths-plugin skipping request as it is inside node_modules ../shape/Trapezoid
2026-04-06T23:18:53.640Z next:jsconfig-paths-plugin skipping request as it is inside node_modules ../shape/Trapezoid
2026-04-06T23:18:53.640Z next:jsconfig-paths-plugin skipping request as it is inside node_modules ../shape/Trapezoid
2026-04-06T23:18:53.640Z next:jsconfig-paths-plugin skipping request as it is inside node_modules ../shape/Sector
2026-04-06T23:18:53.641Z next:jsconfig-paths-plugin skipping request as it is inside node_modules ../shape/Sector
2026-04-06T23:18:53.641Z next:jsconfig-paths-plugin skipping request as it is inside node_modules ../shape/Sector
2026-04-06T23:18:53.641Z next:jsconfig-paths-plugin skipping request as it is inside node_modules ../shape/Symbols
2026-04-06T23:18:53.642Z next:jsconfig-paths-plugin skipping request as it is inside node_modules ../shape/Symbols
2026-04-06T23:18:53.642Z next:jsconfig-paths-plugin skipping request as it is inside node_modules ../shape/Symbols
2026-04-06T23:18:53.644Z next:jsconfig-paths-plugin skipping request as it is inside node_modules lodash/isPlainObject
2026-04-06T23:18:53.644Z next:jsconfig-paths-plugin skipping request as it is inside node_modules lodash/isPlainObject
2026-04-06T23:18:53.645Z next:jsconfig-paths-plugin skipping request as it is inside node_modules lodash/isPlainObject
2026-04-06T23:18:53.646Z next:jsconfig-paths-plugin skipping request as it is inside node_modules lodash/isBoolean
2026-04-06T23:18:53.647Z next:jsconfig-paths-plugin skipping request as it is inside node_modules lodash/isBoolean
2026-04-06T23:18:53.647Z next:jsconfig-paths-plugin skipping request as it is inside node_modules lodash/isBoolean
2026-04-06T23:18:53.709Z next:jsconfig-paths-plugin skipping request as it is inside node_modules ../container/Surface
2026-04-06T23:18:53.709Z next:jsconfig-paths-plugin skipping request as it is inside node_modules ../shape/Symbols
2026-04-06T23:18:53.709Z next:jsconfig-paths-plugin skipping request as it is inside node_modules ../util/types
2026-04-06T23:18:53.710Z next:jsconfig-paths-plugin skipping request as it is inside node_modules ../container/Surface
2026-04-06T23:18:53.710Z next:jsconfig-paths-plugin skipping request as it is inside node_modules ../shape/Symbols
2026-04-06T23:18:53.710Z next:jsconfig-paths-plugin skipping request as it is inside node_modules ../util/types
2026-04-06T23:18:53.710Z next:jsconfig-paths-plugin skipping request as it is inside node_modules ../container/Surface
2026-04-06T23:18:53.710Z next:jsconfig-paths-plugin skipping request as it is inside node_modules ../shape/Symbols
2026-04-06T23:18:53.711Z next:jsconfig-paths-plugin skipping request as it is inside node_modules ../util/types
2026-04-06T23:18:53.711Z next:jsconfig-paths-plugin skipping request as it is inside node_modules ../container/Surface
2026-04-06T23:18:53.711Z next:jsconfig-paths-plugin skipping request as it is inside node_modules ../shape/Symbols
2026-04-06T23:18:53.711Z next:jsconfig-paths-plugin skipping request as it is inside node_modules ../util/types
2026-04-06T23:18:53.712Z next:jsconfig-paths-plugin skipping request as it is inside node_modules ../container/Surface
2026-04-06T23:18:53.712Z next:jsconfig-paths-plugin skipping request as it is inside node_modules ../util/types
2026-04-06T23:18:53.720Z next:jsconfig-paths-plugin moduleName did not match any paths pattern @radix-ui/react-context
2026-04-06T23:18:53.720Z next:jsconfig-paths-plugin moduleName did not match any paths pattern @radix-ui/primitive
2026-04-06T23:18:53.720Z next:jsconfig-paths-plugin moduleName did not match any paths pattern @radix-ui/react-roving-focus
2026-04-06T23:18:53.720Z next:jsconfig-paths-plugin moduleName did not match any paths pattern @radix-ui/react-presence
2026-04-06T23:18:53.720Z next:jsconfig-paths-plugin moduleName did not match any paths pattern @radix-ui/react-use-controllable-state
2026-04-06T23:18:53.720Z next:jsconfig-paths-plugin moduleName did not match any paths pattern @radix-ui/react-direction
2026-04-06T23:18:53.720Z next:jsconfig-paths-plugin moduleName did not match any paths pattern @radix-ui/react-primitive
2026-04-06T23:18:53.728Z next:jsconfig-paths-plugin skipping request as it is inside node_modules @radix-ui/react-context
2026-04-06T23:18:53.729Z next:jsconfig-paths-plugin skipping request as it is inside node_modules @radix-ui/react-context
2026-04-06T23:18:53.729Z next:jsconfig-paths-plugin skipping request as it is inside node_modules @radix-ui/react-context
2026-04-06T23:18:53.729Z next:jsconfig-paths-plugin skipping request as it is inside node_modules @radix-ui/react-context
2026-04-06T23:18:53.729Z next:jsconfig-paths-plugin skipping request as it is inside node_modules @radix-ui/react-context
2026-04-06T23:18:53.729Z next:jsconfig-paths-plugin skipping request as it is inside node_modules @radix-ui/primitive
2026-04-06T23:18:53.729Z next:jsconfig-paths-plugin skipping request as it is inside node_modules @radix-ui/primitive
2026-04-06T23:18:53.729Z next:jsconfig-paths-plugin skipping request as it is inside node_modules @radix-ui/primitive
2026-04-06T23:18:53.729Z next:jsconfig-paths-plugin skipping request as it is inside node_modules @radix-ui/primitive
2026-04-06T23:18:53.729Z next:jsconfig-paths-plugin skipping request as it is inside node_modules @radix-ui/primitive
2026-04-06T23:18:53.729Z next:jsconfig-paths-plugin skipping request as it is inside node_modules @radix-ui/react-roving-focus
2026-04-06T23:18:53.730Z next:jsconfig-paths-plugin skipping request as it is inside node_modules @radix-ui/react-presence
2026-04-06T23:18:53.730Z next:jsconfig-paths-plugin skipping request as it is inside node_modules @radix-ui/react-presence
2026-04-06T23:18:53.730Z next:jsconfig-paths-plugin skipping request as it is inside node_modules @radix-ui/react-use-controllable-state
2026-04-06T23:18:53.730Z next:jsconfig-paths-plugin skipping request as it is inside node_modules @radix-ui/react-use-controllable-state
2026-04-06T23:18:53.730Z next:jsconfig-paths-plugin skipping request as it is inside node_modules @radix-ui/react-use-controllable-state
2026-04-06T23:18:53.730Z next:jsconfig-paths-plugin skipping request as it is inside node_modules @radix-ui/react-use-controllable-state
2026-04-06T23:18:53.730Z next:jsconfig-paths-plugin skipping request as it is inside node_modules @radix-ui/react-use-controllable-state
2026-04-06T23:18:53.731Z next:jsconfig-paths-plugin skipping request as it is inside node_modules @radix-ui/react-direction
2026-04-06T23:18:53.731Z next:jsconfig-paths-plugin skipping request as it is inside node_modules @radix-ui/react-direction
2026-04-06T23:18:53.731Z next:jsconfig-paths-plugin skipping request as it is inside node_modules @radix-ui/react-primitive
2026-04-06T23:18:53.731Z next:jsconfig-paths-plugin skipping request as it is inside node_modules @radix-ui/react-primitive
2026-04-06T23:18:53.731Z next:jsconfig-paths-plugin skipping request as it is inside node_modules @radix-ui/react-primitive
2026-04-06T23:18:53.731Z next:jsconfig-paths-plugin skipping request as it is inside node_modules @radix-ui/react-primitive
2026-04-06T23:18:53.732Z next:jsconfig-paths-plugin skipping request as it is inside node_modules @radix-ui/react-primitive
2026-04-06T23:18:53.740Z next:jsconfig-paths-plugin skipping request as it is inside node_modules ../util/ReduceCSSCalc
2026-04-06T23:18:53.741Z next:jsconfig-paths-plugin skipping request as it is inside node_modules ../../segment
2026-04-06T23:18:53.742Z next:jsconfig-paths-plugin skipping request as it is a relative path ./utils
2026-04-06T23:18:53.742Z next:jsconfig-paths-plugin moduleName did not match any paths pattern @radix-ui/react-scroll-area
2026-04-06T23:18:53.742Z next:jsconfig-paths-plugin skipping request as it is a relative path ./utils
2026-04-06T23:18:53.743Z next:jsconfig-paths-plugin skipping request as it is a relative path ./utils
2026-04-06T23:18:53.743Z next:jsconfig-paths-plugin skipping request as it is a relative path ./utils
2026-04-06T23:18:53.758Z next:jsconfig-paths-plugin skipping request as it is inside node_modules ./fill-cache-with-new-subtree-data
2026-04-06T23:18:53.758Z next:jsconfig-paths-plugin skipping request as it is inside node_modules ../../app-router-headers
2026-04-06T23:18:53.758Z next:jsconfig-paths-plugin skipping request as it is inside node_modules ../../promise-queue
2026-04-06T23:18:53.758Z next:jsconfig-paths-plugin skipping request as it is inside node_modules ../prefetch-cache-utils
2026-04-06T23:18:53.759Z next:jsconfig-paths-plugin skipping request as it is inside node_modules ../prefetch-cache-utils
2026-04-06T23:18:53.762Z next:jsconfig-paths-plugin moduleName did not match any paths pattern @radix-ui/react-id
2026-04-06T23:18:53.762Z next:jsconfig-paths-plugin moduleName did not match any paths pattern @radix-ui/react-menu
2026-04-06T23:18:53.764Z next:jsconfig-paths-plugin skipping request as it is inside node_modules @radix-ui/react-id
2026-04-06T23:18:53.764Z next:jsconfig-paths-plugin skipping request as it is inside node_modules @radix-ui/react-id
2026-04-06T23:18:53.764Z next:jsconfig-paths-plugin skipping request as it is inside node_modules @radix-ui/react-id
2026-04-06T23:18:53.764Z next:jsconfig-paths-plugin skipping request as it is inside node_modules @radix-ui/react-id
2026-04-06T23:18:53.764Z next:jsconfig-paths-plugin skipping request as it is inside node_modules @radix-ui/react-menu
2026-04-06T23:18:53.845Z next:jsconfig-paths-plugin skipping request as it is inside node_modules ./defaultAttributes.js
2026-04-06T23:18:53.966Z next:jsconfig-paths-plugin moduleName did not match any paths pattern lodash/uniqBy
2026-04-06T23:18:53.967Z next:jsconfig-paths-plugin skipping request as it is inside node_modules lodash/uniqBy
2026-04-06T23:18:53.971Z next:jsconfig-paths-plugin skipping request as it is inside node_modules ../shape/Trapezoid
2026-04-06T23:18:53.972Z next:jsconfig-paths-plugin skipping request as it is inside node_modules ../shape/Symbols
2026-04-06T23:18:53.972Z next:jsconfig-paths-plugin skipping request as it is inside node_modules ../shape/Symbols
2026-04-06T23:18:53.991Z next:jsconfig-paths-plugin skipping request as it is inside node_modules ../shape/Sector
2026-04-06T23:18:54.023Z next:jsconfig-paths-plugin skipping request as it is inside node_modules ../../../../lib/constants
2026-04-06T23:18:54.027Z next:jsconfig-paths-plugin skipping request as it is inside node_modules ../../escape-regexp
2026-04-06T23:18:54.029Z next:jsconfig-paths-plugin skipping request as it is inside node_modules ./remove-trailing-slash
2026-04-06T23:18:54.034Z next:jsconfig-paths-plugin moduleName did not match any paths pattern lodash/isBoolean
2026-04-06T23:18:54.034Z next:jsconfig-paths-plugin skipping request as it is inside node_modules lodash/isBoolean
2026-04-06T23:18:54.038Z next:jsconfig-paths-plugin moduleName did not match any paths pattern lodash/isPlainObject
2026-04-06T23:18:54.039Z next:jsconfig-paths-plugin skipping request as it is inside node_modules lodash/isPlainObject
2026-04-06T23:18:54.045Z next:jsconfig-paths-plugin skipping request as it is inside node_modules ./reducers/navigate-reducer
2026-04-06T23:18:54.045Z next:jsconfig-paths-plugin skipping request as it is inside node_modules ./reducers/server-patch-reducer
2026-04-06T23:18:54.045Z next:jsconfig-paths-plugin skipping request as it is inside node_modules ./reducers/restore-reducer
2026-04-06T23:18:54.045Z next:jsconfig-paths-plugin skipping request as it is inside node_modules ./reducers/refresh-reducer
2026-04-06T23:18:54.045Z next:jsconfig-paths-plugin skipping request as it is inside node_modules ./reducers/fast-refresh-reducer
2026-04-06T23:18:54.049Z next:jsconfig-paths-plugin moduleName did not match any paths pattern tiny-invariant
2026-04-06T23:18:54.066Z next:jsconfig-paths-plugin skipping request as it is inside node_modules tiny-invariant
2026-04-06T23:18:54.068Z next:jsconfig-paths-plugin skipping request as it is inside node_modules tiny-invariant
2026-04-06T23:18:54.069Z next:jsconfig-paths-plugin skipping request as it is inside node_modules tiny-invariant
2026-04-06T23:18:54.070Z next:jsconfig-paths-plugin skipping request as it is inside node_modules tiny-invariant
2026-04-06T23:18:54.170Z next:jsconfig-paths-plugin skipping request as it is inside node_modules ../util/tooltip/translate
2026-04-06T23:18:54.171Z next:jsconfig-paths-plugin skipping request as it is inside node_modules ../../page-path/ensure-leading-slash
2026-04-06T23:18:54.245Z next:jsconfig-paths-plugin skipping request as it is inside node_modules ./reducers/server-action-reducer
2026-04-06T23:18:54.487Z next:jsconfig-paths-plugin skipping request as it is inside node_modules ../../../../server/future/helpers/interception-routes
2026-04-06T23:18:54.543Z next:jsconfig-paths-plugin skipping request as it is inside node_modules ../../app-router-headers
2026-04-06T23:18:54.544Z next:jsconfig-paths-plugin skipping request as it is inside node_modules ../../promise-queue
2026-04-06T23:18:54.549Z next:jsconfig-paths-plugin skipping request as it is inside node_modules ./fill-cache-with-new-subtree-data
2026-04-06T23:18:54.733Z next:jsconfig-paths-plugin skipping request as it is inside node_modules @capacitor/core
2026-04-06T23:18:54.733Z next:jsconfig-paths-plugin skipping request as it is inside node_modules ./definitions
2026-04-06T23:18:54.735Z next:jsconfig-paths-plugin skipping request as it is inside node_modules ./defaultAttributes.js
2026-04-06T23:18:54.833Z next:jsconfig-paths-plugin skipping request as it is inside node_modules ./reducers/navigate-reducer
2026-04-06T23:18:54.834Z next:jsconfig-paths-plugin skipping request as it is inside node_modules ./reducers/server-patch-reducer
2026-04-06T23:18:54.835Z next:jsconfig-paths-plugin skipping request as it is inside node_modules ./reducers/restore-reducer
2026-04-06T23:18:54.836Z next:jsconfig-paths-plugin skipping request as it is inside node_modules ./reducers/refresh-reducer
2026-04-06T23:18:54.837Z next:jsconfig-paths-plugin skipping request as it is inside node_modules ./reducers/fast-refresh-reducer
2026-04-06T23:18:54.839Z next:jsconfig-paths-plugin skipping request as it is inside node_modules ./definitions
2026-04-06T23:18:54.840Z next:jsconfig-paths-plugin skipping request as it is inside node_modules ./definitions
2026-04-06T23:18:54.840Z next:jsconfig-paths-plugin skipping request as it is inside node_modules ./definitions
2026-04-06T23:18:54.842Z next:jsconfig-paths-plugin skipping request as it is inside node_modules @capacitor/core
2026-04-06T23:18:54.842Z next:jsconfig-paths-plugin skipping request as it is inside node_modules ./definitions
2026-04-06T23:18:54.842Z next:jsconfig-paths-plugin skipping request as it is inside node_modules ./web
2026-04-06T23:18:54.843Z next:jsconfig-paths-plugin skipping request as it is inside node_modules @capacitor/core
2026-04-06T23:18:54.843Z next:jsconfig-paths-plugin skipping request as it is inside node_modules ./definitions
2026-04-06T23:18:54.872Z next:jsconfig-paths-plugin skipping request as it is inside node_modules ./reducers/server-action-reducer
2026-04-06T23:18:54.874Z next:jsconfig-paths-plugin skipping request as it is inside node_modules ./definitions
2026-04-06T23:18:54.874Z next:jsconfig-paths-plugin skipping request as it is inside node_modules ./definitions
2026-04-06T23:18:54.874Z next:jsconfig-paths-plugin skipping request as it is inside node_modules ./definitions
2026-04-06T23:18:54.875Z next:jsconfig-paths-plugin skipping request as it is inside node_modules ./web
2026-04-06T23:18:54.875Z next:jsconfig-paths-plugin skipping request as it is inside node_modules ./web
2026-04-06T23:18:54.875Z next:jsconfig-paths-plugin skipping request as it is inside node_modules ./web
2026-04-06T23:18:54.875Z next:jsconfig-paths-plugin skipping request as it is inside node_modules ./definitions
2026-04-06T23:18:54.876Z next:jsconfig-paths-plugin skipping request as it is inside node_modules ./definitions
2026-04-06T23:18:54.876Z next:jsconfig-paths-plugin skipping request as it is inside node_modules ./definitions
2026-04-06T23:18:54.878Z next:jsconfig-paths-plugin skipping request as it is inside node_modules ./web
2026-04-06T23:18:54.878Z next:jsconfig-paths-plugin skipping request as it is inside node_modules @capacitor/core
2026-04-06T23:18:54.878Z next:jsconfig-paths-plugin skipping request as it is inside node_modules ./definitions
2026-04-06T23:18:54.880Z next:jsconfig-paths-plugin moduleName did not match any paths pattern @radix-ui/react-use-previous
2026-04-06T23:18:54.880Z next:jsconfig-paths-plugin moduleName did not match any paths pattern @radix-ui/react-use-size
2026-04-06T23:18:54.946Z next:jsconfig-paths-plugin skipping request as it is inside node_modules ./definitions
2026-04-06T23:18:54.990Z next:jsconfig-paths-plugin skipping request as it is inside node_modules ./web
2026-04-06T23:18:54.991Z next:jsconfig-paths-plugin skipping request as it is inside node_modules ./web
2026-04-06T23:18:54.991Z next:jsconfig-paths-plugin skipping request as it is inside node_modules ./web
2026-04-06T23:18:54.991Z next:jsconfig-paths-plugin skipping request as it is inside node_modules ./definitions
2026-04-06T23:18:54.992Z next:jsconfig-paths-plugin skipping request as it is inside node_modules ./definitions
2026-04-06T23:18:54.992Z next:jsconfig-paths-plugin skipping request as it is inside node_modules ./definitions
2026-04-06T23:18:54.995Z next:jsconfig-paths-plugin skipping request as it is inside node_modules @radix-ui/react-primitive
2026-04-06T23:18:54.995Z next:jsconfig-paths-plugin skipping request as it is inside node_modules @radix-ui/react-context
2026-04-06T23:18:55.000Z next:jsconfig-paths-plugin skipping request as it is inside node_modules @radix-ui/react-use-previous
2026-04-06T23:18:55.000Z next:jsconfig-paths-plugin skipping request as it is inside node_modules @radix-ui/react-use-previous
2026-04-06T23:18:55.000Z next:jsconfig-paths-plugin skipping request as it is inside node_modules @radix-ui/react-use-size
2026-04-06T23:18:55.002Z next:jsconfig-paths-plugin skipping request as it is inside node_modules ./_baseExtremum
2026-04-06T23:18:55.002Z next:jsconfig-paths-plugin skipping request as it is inside node_modules ./_baseGt
2026-04-06T23:18:55.002Z next:jsconfig-paths-plugin skipping request as it is inside node_modules @capacitor/core
2026-04-06T23:18:55.002Z next:jsconfig-paths-plugin skipping request as it is inside node_modules ./definitions
2026-04-06T23:18:55.002Z next:jsconfig-paths-plugin skipping request as it is inside node_modules ./web
2026-04-06T23:18:55.002Z next:jsconfig-paths-plugin skipping request as it is inside node_modules @capacitor/core
2026-04-06T23:18:55.002Z next:jsconfig-paths-plugin skipping request as it is inside node_modules ./definitions
2026-04-06T23:18:55.002Z next:jsconfig-paths-plugin skipping request as it is inside node_modules ./web
2026-04-06T23:18:55.003Z next:jsconfig-paths-plugin skipping request as it is inside node_modules @capacitor/core
2026-04-06T23:18:55.003Z next:jsconfig-paths-plugin skipping request as it is inside node_modules ./definitions
2026-04-06T23:18:55.003Z next:jsconfig-paths-plugin skipping request as it is inside node_modules ./web
2026-04-06T23:18:55.004Z next:jsconfig-paths-plugin moduleName did not match any paths pattern victory-vendor/d3-scale
2026-04-06T23:18:55.004Z next:jsconfig-paths-plugin moduleName did not match any paths pattern victory-vendor/d3-shape
2026-04-06T23:18:55.004Z next:jsconfig-paths-plugin moduleName did not match any paths pattern @radix-ui/react-use-is-hydrated
2026-04-06T23:18:55.005Z next:jsconfig-paths-plugin skipping request as it is inside node_modules @radix-ui/react-use-is-hydrated
2026-04-06T23:18:55.006Z next:jsconfig-paths-plugin skipping request as it is inside node_modules @radix-ui/react-context
2026-04-06T23:18:55.006Z next:jsconfig-paths-plugin skipping request as it is inside node_modules @radix-ui/react-primitive
2026-04-06T23:18:55.083Z next:jsconfig-paths-plugin skipping request as it is inside node_modules ./definitions
2026-04-06T23:18:55.087Z next:jsconfig-paths-plugin skipping request as it is inside node_modules ./web
2026-04-06T23:18:55.088Z next:jsconfig-paths-plugin skipping request as it is inside node_modules ./definitions
2026-04-06T23:18:55.090Z next:jsconfig-paths-plugin skipping request as it is inside node_modules ./definitions
2026-04-06T23:18:55.091Z next:jsconfig-paths-plugin skipping request as it is inside node_modules ./definitions
2026-04-06T23:18:55.091Z next:jsconfig-paths-plugin skipping request as it is inside node_modules ./definitions
2026-04-06T23:18:55.091Z next:jsconfig-paths-plugin skipping request as it is inside node_modules ./web
2026-04-06T23:18:55.091Z next:jsconfig-paths-plugin skipping request as it is inside node_modules ./web
2026-04-06T23:18:55.092Z next:jsconfig-paths-plugin skipping request as it is inside node_modules ./web
2026-04-06T23:18:55.092Z next:jsconfig-paths-plugin skipping request as it is inside node_modules ./definitions
2026-04-06T23:18:55.092Z next:jsconfig-paths-plugin skipping request as it is inside node_modules ./definitions
2026-04-06T23:18:55.092Z next:jsconfig-paths-plugin skipping request as it is inside node_modules ./definitions
2026-04-06T23:18:55.092Z next:jsconfig-paths-plugin skipping request as it is inside node_modules ./web
2026-04-06T23:18:55.093Z next:jsconfig-paths-plugin skipping request as it is inside node_modules ./web
2026-04-06T23:18:55.093Z next:jsconfig-paths-plugin skipping request as it is inside node_modules ./web
2026-04-06T23:18:55.093Z next:jsconfig-paths-plugin skipping request as it is inside node_modules ./definitions
2026-04-06T23:18:55.093Z next:jsconfig-paths-plugin skipping request as it is inside node_modules ./definitions
2026-04-06T23:18:55.093Z next:jsconfig-paths-plugin skipping request as it is inside node_modules ./definitions
2026-04-06T23:18:55.094Z next:jsconfig-paths-plugin skipping request as it is inside node_modules ./web
2026-04-06T23:18:55.094Z next:jsconfig-paths-plugin skipping request as it is inside node_modules ./web
2026-04-06T23:18:55.094Z next:jsconfig-paths-plugin skipping request as it is inside node_modules ./web
2026-04-06T23:18:55.097Z next:jsconfig-paths-plugin skipping request as it is inside node_modules @radix-ui/react-primitive
2026-04-06T23:18:55.100Z next:jsconfig-paths-plugin skipping request as it is inside node_modules ./identity
2026-04-06T23:18:55.100Z next:jsconfig-paths-plugin skipping request as it is inside node_modules ./_baseGetTag
2026-04-06T23:18:55.100Z next:jsconfig-paths-plugin skipping request as it is inside node_modules ./isObject
2026-04-06T23:18:55.100Z next:jsconfig-paths-plugin skipping request as it is inside node_modules ./debounce
2026-04-06T23:18:55.101Z next:jsconfig-paths-plugin skipping request as it is inside node_modules ./isObject
2026-04-06T23:18:55.104Z next:jsconfig-paths-plugin moduleName did not match any paths pattern @radix-ui/react-use-callback-ref
2026-04-06T23:18:55.104Z next:jsconfig-paths-plugin moduleName did not match any paths pattern @radix-ui/react-use-layout-effect
2026-04-06T23:18:55.105Z next:jsconfig-paths-plugin skipping request as it is inside node_modules @radix-ui/react-use-callback-ref
2026-04-06T23:18:55.105Z next:jsconfig-paths-plugin skipping request as it is inside node_modules @radix-ui/react-use-callback-ref
2026-04-06T23:18:55.106Z next:jsconfig-paths-plugin skipping request as it is inside node_modules @radix-ui/react-use-layout-effect
2026-04-06T23:18:55.106Z next:jsconfig-paths-plugin skipping request as it is inside node_modules @radix-ui/react-use-layout-effect
2026-04-06T23:18:55.111Z next:jsconfig-paths-plugin skipping request as it is inside node_modules ./definitions
2026-04-06T23:18:55.113Z next:jsconfig-paths-plugin skipping request as it is inside node_modules ./web
2026-04-06T23:18:55.117Z next:jsconfig-paths-plugin moduleName did not match any paths pattern @radix-ui/react-slot
2026-04-06T23:18:55.118Z next:jsconfig-paths-plugin skipping request as it is inside node_modules ./_baseIsEqual
2026-04-06T23:18:55.118Z next:jsconfig-paths-plugin skipping request as it is inside node_modules ./isNumber
2026-04-06T23:18:55.118Z next:jsconfig-paths-plugin skipping request as it is inside node_modules ./_baseGet
2026-04-06T23:18:55.119Z next:jsconfig-paths-plugin skipping request as it is inside node_modules ./animation/AsyncMotionValueAnimation.mjs
2026-04-06T23:18:55.119Z next:jsconfig-paths-plugin skipping request as it is inside node_modules ./animation/GroupAnimation.mjs
2026-04-06T23:18:55.119Z next:jsconfig-paths-plugin skipping request as it is inside node_modules ./animation/GroupAnimationWithThen.mjs
2026-04-06T23:18:55.119Z next:jsconfig-paths-plugin skipping request as it is inside node_modules ./isNumber
2026-04-06T23:18:55.121Z next:jsconfig-paths-plugin moduleName did not match any paths pattern @radix-ui/react-collection
2026-04-06T23:18:55.122Z next:jsconfig-paths-plugin moduleName did not match any paths pattern @radix-ui/number
2026-04-06T23:18:55.159Z next:jsconfig-paths-plugin moduleName did not match any paths pattern @radix-ui/react-primitive
2026-04-06T23:18:55.159Z next:jsconfig-paths-plugin moduleName did not match any paths pattern @radix-ui/react-context
2026-04-06T23:18:55.159Z next:jsconfig-paths-plugin skipping request as it is inside node_modules @radix-ui/react-collection
2026-04-06T23:18:55.159Z next:jsconfig-paths-plugin skipping request as it is inside node_modules @radix-ui/number
2026-04-06T23:18:55.207Z next:jsconfig-paths-plugin skipping request as it is inside node_modules ./_baseExtremum
2026-04-06T23:18:55.211Z next:jsconfig-paths-plugin skipping request as it is inside node_modules ./_baseGt
2026-04-06T23:18:55.237Z next:jsconfig-paths-plugin skipping request as it is inside node_modules ./definitions
2026-04-06T23:18:55.239Z next:jsconfig-paths-plugin skipping request as it is inside node_modules ./web
2026-04-06T23:18:55.240Z next:jsconfig-paths-plugin skipping request as it is inside node_modules ./definitions
2026-04-06T23:18:55.241Z next:jsconfig-paths-plugin skipping request as it is inside node_modules ./web
2026-04-06T23:18:55.242Z next:jsconfig-paths-plugin skipping request as it is inside node_modules ./definitions
2026-04-06T23:18:55.243Z next:jsconfig-paths-plugin skipping request as it is inside node_modules ./web
2026-04-06T23:18:55.301Z next:jsconfig-paths-plugin skipping request as it is inside node_modules @radix-ui/react-primitive
2026-04-06T23:18:55.302Z next:jsconfig-paths-plugin skipping request as it is inside node_modules ./animation/JSAnimation.mjs
2026-04-06T23:18:55.303Z next:jsconfig-paths-plugin skipping request as it is inside node_modules ./animation/NativeAnimation.mjs
2026-04-06T23:18:55.303Z next:jsconfig-paths-plugin skipping request as it is inside node_modules ./animation/NativeAnimationExtended.mjs
2026-04-06T23:18:55.303Z next:jsconfig-paths-plugin skipping request as it is inside node_modules ./animation/NativeAnimationWrapper.mjs
2026-04-06T23:18:55.303Z next:jsconfig-paths-plugin skipping request as it is inside node_modules ./animation/utils/active-animations.mjs
2026-04-06T23:18:55.342Z next:jsconfig-paths-plugin moduleName did not match any paths pattern @radix-ui/react-focus-scope
2026-04-06T23:18:55.343Z next:jsconfig-paths-plugin moduleName did not match any paths pattern @radix-ui/react-focus-guards
2026-04-06T23:18:55.343Z next:jsconfig-paths-plugin moduleName did not match any paths pattern @radix-ui/react-dismissable-layer
2026-04-06T23:18:55.343Z next:jsconfig-paths-plugin moduleName did not match any paths pattern @radix-ui/react-visually-hidden
2026-04-06T23:18:55.343Z next:jsconfig-paths-plugin moduleName did not match any paths pattern @radix-ui/react-popper
2026-04-06T23:18:55.343Z next:jsconfig-paths-plugin moduleName did not match any paths pattern @radix-ui/react-portal
2026-04-06T23:18:55.343Z next:jsconfig-paths-plugin moduleName did not match any paths pattern aria-hidden
2026-04-06T23:18:55.343Z next:jsconfig-paths-plugin moduleName did not match any paths pattern react-remove-scroll
2026-04-06T23:18:55.348Z next:jsconfig-paths-plugin skipping request as it is inside node_modules @radix-ui/react-focus-scope
2026-04-06T23:18:55.348Z next:jsconfig-paths-plugin skipping request as it is inside node_modules @radix-ui/react-focus-scope
2026-04-06T23:18:55.348Z next:jsconfig-paths-plugin skipping request as it is inside node_modules @radix-ui/react-focus-guards
2026-04-06T23:18:55.349Z next:jsconfig-paths-plugin skipping request as it is inside node_modules @radix-ui/react-focus-guards
2026-04-06T23:18:55.349Z next:jsconfig-paths-plugin skipping request as it is inside node_modules @radix-ui/react-dismissable-layer
2026-04-06T23:18:55.349Z next:jsconfig-paths-plugin skipping request as it is inside node_modules @radix-ui/react-dismissable-layer
2026-04-06T23:18:55.349Z next:jsconfig-paths-plugin skipping request as it is inside node_modules @radix-ui/react-visually-hidden
2026-04-06T23:18:55.349Z next:jsconfig-paths-plugin skipping request as it is inside node_modules @radix-ui/react-popper
2026-04-06T23:18:55.349Z next:jsconfig-paths-plugin skipping request as it is inside node_modules @radix-ui/react-portal
2026-04-06T23:18:55.349Z next:jsconfig-paths-plugin skipping request as it is inside node_modules @radix-ui/react-portal
2026-04-06T23:18:55.349Z next:jsconfig-paths-plugin skipping request as it is inside node_modules aria-hidden
2026-04-06T23:18:55.350Z next:jsconfig-paths-plugin skipping request as it is inside node_modules aria-hidden
2026-04-06T23:18:55.350Z next:jsconfig-paths-plugin skipping request as it is inside node_modules react-remove-scroll
2026-04-06T23:18:55.350Z next:jsconfig-paths-plugin skipping request as it is inside node_modules react-remove-scroll
2026-04-06T23:18:55.353Z next:jsconfig-paths-plugin skipping request as it is inside node_modules victory-vendor/d3-scale
2026-04-06T23:18:55.353Z next:jsconfig-paths-plugin skipping request as it is inside node_modules victory-vendor/d3-shape
2026-04-06T23:18:55.353Z next:jsconfig-paths-plugin skipping request as it is inside node_modules victory-vendor/d3-shape
2026-04-06T23:18:55.355Z next:jsconfig-paths-plugin skipping request as it is inside node_modules victory-vendor/d3-scale
2026-04-06T23:18:55.355Z next:jsconfig-paths-plugin skipping request as it is inside node_modules victory-vendor/d3-shape
2026-04-06T23:18:55.355Z next:jsconfig-paths-plugin skipping request as it is inside node_modules victory-vendor/d3-shape
2026-04-06T23:18:55.357Z next:jsconfig-paths-plugin skipping request as it is inside node_modules ./identity
2026-04-06T23:18:55.358Z next:jsconfig-paths-plugin skipping request as it is inside node_modules ./_baseGetTag
2026-04-06T23:18:55.365Z next:jsconfig-paths-plugin skipping request as it is inside node_modules ./debounce
2026-04-06T23:18:55.371Z next:jsconfig-paths-plugin skipping request as it is inside node_modules ./animation/utils/calc-child-stagger.mjs
2026-04-06T23:18:55.371Z next:jsconfig-paths-plugin skipping request as it is inside node_modules ./animation/utils/css-variables-conversion.mjs
2026-04-06T23:18:55.371Z next:jsconfig-paths-plugin skipping request as it is inside node_modules ./animation/utils/default-transitions.mjs
2026-04-06T23:18:55.371Z next:jsconfig-paths-plugin skipping request as it is inside node_modules ./animation/keyframes/get-final.mjs
2026-04-06T23:18:55.371Z next:jsconfig-paths-plugin skipping request as it is inside node_modules ./animation/utils/get-value-transition.mjs
2026-04-06T23:18:55.371Z next:jsconfig-paths-plugin skipping request as it is inside node_modules ./animation/utils/resolve-transition.mjs
2026-04-06T23:18:55.371Z next:jsconfig-paths-plugin skipping request as it is inside node_modules ./animation/utils/is-css-variable.mjs
2026-04-06T23:18:55.371Z next:jsconfig-paths-plugin skipping request as it is inside node_modules ./animation/utils/is-transition-defined.mjs
2026-04-06T23:18:55.371Z next:jsconfig-paths-plugin skipping request as it is inside node_modules ./animation/utils/make-animation-instant.mjs
2026-04-06T23:18:55.371Z next:jsconfig-paths-plugin skipping request as it is inside node_modules ./animation/interfaces/motion-value.mjs
2026-04-06T23:18:55.371Z next:jsconfig-paths-plugin skipping request as it is inside node_modules ./animation/interfaces/visual-element.mjs
2026-04-06T23:18:55.372Z next:jsconfig-paths-plugin skipping request as it is inside node_modules ./animation/interfaces/visual-element-target.mjs
2026-04-06T23:18:55.372Z next:jsconfig-paths-plugin skipping request as it is inside node_modules ./animation/interfaces/visual-element-variant.mjs
2026-04-06T23:18:55.372Z next:jsconfig-paths-plugin skipping request as it is inside node_modules ./animation/optimized-appear/data-id.mjs
2026-04-06T23:18:55.372Z next:jsconfig-paths-plugin skipping request as it is inside node_modules ./animation/optimized-appear/get-appear-id.mjs
2026-04-06T23:18:55.372Z next:jsconfig-paths-plugin skipping request as it is inside node_modules ./animation/generators/inertia.mjs
2026-04-06T23:18:55.372Z next:jsconfig-paths-plugin skipping request as it is inside node_modules ./animation/generators/keyframes.mjs
2026-04-06T23:18:55.372Z next:jsconfig-paths-plugin skipping request as it is inside node_modules ./animation/generators/spring.mjs
2026-04-06T23:18:55.372Z next:jsconfig-paths-plugin skipping request as it is inside node_modules ./animation/generators/utils/calc-duration.mjs
2026-04-06T23:18:55.372Z next:jsconfig-paths-plugin skipping request as it is inside node_modules ./animation/generators/utils/create-generator-easing.mjs
2026-04-06T23:18:55.372Z next:jsconfig-paths-plugin skipping request as it is inside node_modules ./animation/generators/utils/is-generator.mjs
2026-04-06T23:18:55.372Z next:jsconfig-paths-plugin skipping request as it is inside node_modules ./animation/keyframes/DOMKeyframesResolver.mjs
2026-04-06T23:18:55.372Z next:jsconfig-paths-plugin skipping request as it is inside node_modules ./animation/keyframes/KeyframesResolver.mjs
2026-04-06T23:18:55.372Z next:jsconfig-paths-plugin skipping request as it is inside node_modules ./animation/keyframes/offsets/default.mjs
2026-04-06T23:18:55.372Z next:jsconfig-paths-plugin skipping request as it is inside node_modules ./animation/keyframes/offsets/fill.mjs
2026-04-06T23:18:55.373Z next:jsconfig-paths-plugin skipping request as it is inside node_modules ./animation/keyframes/offsets/time.mjs
2026-04-06T23:18:55.373Z next:jsconfig-paths-plugin skipping request as it is inside node_modules ./animation/keyframes/utils/apply-px-defaults.mjs
2026-04-06T23:18:55.373Z next:jsconfig-paths-plugin skipping request as it is inside node_modules ./animation/keyframes/utils/fill-wildcards.mjs
2026-04-06T23:18:55.373Z next:jsconfig-paths-plugin skipping request as it is inside node_modules ./animation/waapi/easing/cubic-bezier.mjs
2026-04-06T23:18:55.373Z next:jsconfig-paths-plugin skipping request as it is inside node_modules ./animation/waapi/easing/is-supported.mjs
2026-04-06T23:18:55.374Z next:jsconfig-paths-plugin moduleName did not match any paths pattern recharts-scale
2026-04-06T23:18:55.375Z next:jsconfig-paths-plugin skipping request as it is inside node_modules recharts-scale
2026-04-06T23:18:55.378Z next:jsconfig-paths-plugin skipping request as it is inside node_modules @radix-ui/react-primitive
2026-04-06T23:18:55.378Z next:jsconfig-paths-plugin skipping request as it is inside node_modules @radix-ui/react-primitive
2026-04-06T23:18:55.378Z next:jsconfig-paths-plugin skipping request as it is inside node_modules @radix-ui/react-primitive
2026-04-06T23:18:55.382Z next:jsconfig-paths-plugin skipping request as it is inside node_modules @radix-ui/react-context
2026-04-06T23:18:55.382Z next:jsconfig-paths-plugin skipping request as it is inside node_modules @radix-ui/react-context
2026-04-06T23:18:55.389Z next:jsconfig-paths-plugin skipping request as it is inside node_modules ./_baseIsEqual
2026-04-06T23:18:55.397Z next:jsconfig-paths-plugin skipping request as it is inside node_modules ./_baseGet
2026-04-06T23:18:55.399Z next:jsconfig-paths-plugin skipping request as it is inside node_modules @radix-ui/react-primitive
2026-04-06T23:18:55.402Z next:jsconfig-paths-plugin moduleName did not match any paths pattern @capacitor/core
2026-04-06T23:18:55.403Z next:jsconfig-paths-plugin skipping request as it is inside node_modules @capacitor/core
2026-04-06T23:18:55.405Z next:jsconfig-paths-plugin moduleName did not match any paths pattern react-is
2026-04-06T23:18:55.407Z next:jsconfig-paths-plugin skipping request as it is inside node_modules ./animation/waapi/easing/map-easing.mjs
2026-04-06T23:18:55.407Z next:jsconfig-paths-plugin skipping request as it is inside node_modules ./animation/waapi/easing/supported.mjs
2026-04-06T23:18:55.407Z next:jsconfig-paths-plugin skipping request as it is inside node_modules ./animation/waapi/start-waapi-animation.mjs
2026-04-06T23:18:55.407Z next:jsconfig-paths-plugin skipping request as it is inside node_modules ./animation/waapi/supports/partial-keyframes.mjs
2026-04-06T23:18:55.407Z next:jsconfig-paths-plugin skipping request as it is inside node_modules ./animation/waapi/supports/waapi.mjs
2026-04-06T23:18:55.407Z next:jsconfig-paths-plugin skipping request as it is inside node_modules ./animation/waapi/utils/accelerated-values.mjs
2026-04-06T23:18:55.407Z next:jsconfig-paths-plugin skipping request as it is inside node_modules ./animation/waapi/utils/apply-generator.mjs
2026-04-06T23:18:55.407Z next:jsconfig-paths-plugin skipping request as it is inside node_modules ./animation/waapi/utils/linear.mjs
2026-04-06T23:18:55.407Z next:jsconfig-paths-plugin skipping request as it is inside node_modules ./effects/attr/index.mjs
2026-04-06T23:18:55.407Z next:jsconfig-paths-plugin skipping request as it is inside node_modules ./effects/prop/index.mjs
2026-04-06T23:18:55.407Z next:jsconfig-paths-plugin skipping request as it is inside node_modules ./effects/style/index.mjs
2026-04-06T23:18:55.407Z next:jsconfig-paths-plugin skipping request as it is inside node_modules ./effects/svg/index.mjs
2026-04-06T23:18:55.408Z next:jsconfig-paths-plugin skipping request as it is inside node_modules ./frameloop/batcher.mjs
2026-04-06T23:18:55.408Z next:jsconfig-paths-plugin skipping request as it is inside node_modules ./frameloop/microtask.mjs
2026-04-06T23:18:55.408Z next:jsconfig-paths-plugin skipping request as it is inside node_modules ./frameloop/sync-time.mjs
2026-04-06T23:18:55.439Z next:jsconfig-paths-plugin skipping request as it is inside node_modules ./animation/AsyncMotionValueAnimation.mjs
2026-04-06T23:18:55.439Z next:jsconfig-paths-plugin skipping request as it is inside node_modules ./animation/GroupAnimation.mjs
2026-04-06T23:18:55.439Z next:jsconfig-paths-plugin skipping request as it is inside node_modules ./animation/GroupAnimationWithThen.mjs
2026-04-06T23:18:55.439Z next:jsconfig-paths-plugin skipping request as it is inside node_modules ./animation/JSAnimation.mjs
2026-04-06T23:18:55.439Z next:jsconfig-paths-plugin skipping request as it is inside node_modules ./animation/NativeAnimation.mjs
2026-04-06T23:18:55.440Z next:jsconfig-paths-plugin skipping request as it is inside node_modules ./animation/NativeAnimationExtended.mjs
2026-04-06T23:18:55.440Z next:jsconfig-paths-plugin skipping request as it is inside node_modules ./animation/NativeAnimationWrapper.mjs
2026-04-06T23:18:55.448Z next:jsconfig-paths-plugin skipping request as it is inside node_modules @capacitor/core
2026-04-06T23:18:55.450Z next:jsconfig-paths-plugin skipping request as it is inside node_modules @capacitor/core
2026-04-06T23:18:55.464Z next:jsconfig-paths-plugin skipping request as it is inside node_modules @capacitor/core
2026-04-06T23:18:55.466Z next:jsconfig-paths-plugin skipping request as it is inside node_modules @capacitor/core
2026-04-06T23:18:55.468Z next:jsconfig-paths-plugin skipping request as it is inside node_modules @capacitor/core
2026-04-06T23:18:55.471Z next:jsconfig-paths-plugin skipping request as it is inside node_modules @capacitor/core
2026-04-06T23:18:55.474Z next:jsconfig-paths-plugin skipping request as it is inside node_modules ./gestures/drag/state/is-active.mjs
2026-04-06T23:18:55.474Z next:jsconfig-paths-plugin skipping request as it is inside node_modules ./gestures/drag/state/set-active.mjs
2026-04-06T23:18:55.475Z next:jsconfig-paths-plugin skipping request as it is inside node_modules ./gestures/hover.mjs
2026-04-06T23:18:55.475Z next:jsconfig-paths-plugin skipping request as it is inside node_modules ./gestures/press/index.mjs
2026-04-06T23:18:55.475Z next:jsconfig-paths-plugin skipping request as it is inside node_modules ./gestures/press/utils/is-keyboard-accessible.mjs
2026-04-06T23:18:55.476Z next:jsconfig-paths-plugin skipping request as it is inside node_modules ./gestures/utils/is-node-or-child.mjs
2026-04-06T23:18:55.476Z next:jsconfig-paths-plugin skipping request as it is inside node_modules ./gestures/utils/is-primary-pointer.mjs
2026-04-06T23:18:55.480Z next:jsconfig-paths-plugin skipping request as it is inside node_modules ./render/dom/parse-transform.mjs
2026-04-06T23:18:55.480Z next:jsconfig-paths-plugin skipping request as it is inside node_modules ./render/dom/style-computed.mjs
2026-04-06T23:18:55.480Z next:jsconfig-paths-plugin skipping request as it is inside node_modules ./render/dom/style-set.mjs
2026-04-06T23:18:55.480Z next:jsconfig-paths-plugin skipping request as it is inside node_modules ./render/utils/is-keyframes-target.mjs
2026-04-06T23:18:55.484Z next:jsconfig-paths-plugin skipping request as it is inside node_modules ./animation/utils/active-animations.mjs
2026-04-06T23:18:55.484Z next:jsconfig-paths-plugin skipping request as it is inside node_modules ./animation/utils/calc-child-stagger.mjs
2026-04-06T23:18:55.485Z next:jsconfig-paths-plugin skipping request as it is inside node_modules ./animation/utils/css-variables-conversion.mjs
2026-04-06T23:18:55.485Z next:jsconfig-paths-plugin skipping request as it is inside node_modules ./animation/utils/get-value-transition.mjs
2026-04-06T23:18:55.485Z next:jsconfig-paths-plugin skipping request as it is inside node_modules ./animation/utils/default-transitions.mjs
2026-04-06T23:18:55.485Z next:jsconfig-paths-plugin skipping request as it is inside node_modules ./animation/utils/resolve-transition.mjs
2026-04-06T23:18:55.485Z next:jsconfig-paths-plugin skipping request as it is inside node_modules ./animation/utils/is-css-variable.mjs
2026-04-06T23:18:55.485Z next:jsconfig-paths-plugin skipping request as it is inside node_modules ./animation/utils/is-transition-defined.mjs
2026-04-06T23:18:55.485Z next:jsconfig-paths-plugin skipping request as it is inside node_modules ./animation/utils/make-animation-instant.mjs
2026-04-06T23:18:55.503Z next:jsconfig-paths-plugin skipping request as it is inside node_modules ./render/utils/keys-position.mjs
2026-04-06T23:18:55.503Z next:jsconfig-paths-plugin skipping request as it is inside node_modules ./render/utils/keys-transform.mjs
2026-04-06T23:18:55.503Z next:jsconfig-paths-plugin skipping request as it is inside node_modules ./resize/index.mjs
2026-04-06T23:18:55.503Z next:jsconfig-paths-plugin skipping request as it is inside node_modules ./scroll/observe.mjs
2026-04-06T23:18:55.504Z next:jsconfig-paths-plugin skipping request as it is inside node_modules ./stats/index.mjs
2026-04-06T23:18:55.504Z next:jsconfig-paths-plugin skipping request as it is inside node_modules ./stats/animation-count.mjs
2026-04-06T23:18:55.504Z next:jsconfig-paths-plugin skipping request as it is inside node_modules ./stats/buffer.mjs
2026-04-06T23:18:55.504Z next:jsconfig-paths-plugin skipping request as it is inside node_modules ./utils/interpolate.mjs
2026-04-06T23:18:55.504Z next:jsconfig-paths-plugin skipping request as it is inside node_modules ./utils/is-html-element.mjs
2026-04-06T23:18:55.504Z next:jsconfig-paths-plugin skipping request as it is inside node_modules ./utils/is-svg-element.mjs
2026-04-06T23:18:55.504Z next:jsconfig-paths-plugin skipping request as it is inside node_modules ./utils/is-svg-svg-element.mjs
2026-04-06T23:18:55.505Z next:jsconfig-paths-plugin moduleName did not match any paths pattern @radix-ui/react-scroll-area
2026-04-06T23:18:55.506Z next:jsconfig-paths-plugin moduleName did not match any paths pattern @radix-ui/react-scroll-area
2026-04-06T23:18:55.517Z next:jsconfig-paths-plugin skipping request as it is inside node_modules ./animation/keyframes/DOMKeyframesResolver.mjs
2026-04-06T23:18:55.517Z next:jsconfig-paths-plugin skipping request as it is inside node_modules ./animation/keyframes/get-final.mjs
2026-04-06T23:18:55.518Z next:jsconfig-paths-plugin skipping request as it is inside node_modules ./animation/keyframes/KeyframesResolver.mjs
2026-04-06T23:18:55.520Z next:jsconfig-paths-plugin skipping request as it is inside node_modules ./animation/interfaces/motion-value.mjs
2026-04-06T23:18:55.520Z next:jsconfig-paths-plugin skipping request as it is inside node_modules ./animation/interfaces/visual-element.mjs
2026-04-06T23:18:55.520Z next:jsconfig-paths-plugin skipping request as it is inside node_modules ./animation/interfaces/visual-element-target.mjs
2026-04-06T23:18:55.520Z next:jsconfig-paths-plugin skipping request as it is inside node_modules ./animation/interfaces/visual-element-variant.mjs
2026-04-06T23:18:55.524Z next:jsconfig-paths-plugin skipping request as it is inside node_modules ./animation/optimized-appear/data-id.mjs
2026-04-06T23:18:55.524Z next:jsconfig-paths-plugin skipping request as it is inside node_modules ./animation/optimized-appear/get-appear-id.mjs
2026-04-06T23:18:55.526Z next:jsconfig-paths-plugin skipping request as it is inside node_modules ./animation/generators/inertia.mjs
2026-04-06T23:18:55.526Z next:jsconfig-paths-plugin skipping request as it is inside node_modules ./animation/generators/keyframes.mjs
2026-04-06T23:18:55.526Z next:jsconfig-paths-plugin skipping request as it is inside node_modules ./animation/generators/spring.mjs
2026-04-06T23:18:55.528Z next:jsconfig-paths-plugin skipping request as it is inside node_modules ./animation/generators/utils/calc-duration.mjs
2026-04-06T23:18:55.536Z next:jsconfig-paths-plugin skipping request as it is inside node_modules ./animation/generators/utils/is-generator.mjs
2026-04-06T23:18:55.536Z next:jsconfig-paths-plugin skipping request as it is inside node_modules ./animation/generators/utils/create-generator-easing.mjs
2026-04-06T23:18:55.539Z next:jsconfig-paths-plugin skipping request as it is inside node_modules ./animation/keyframes/offsets/default.mjs
2026-04-06T23:18:55.539Z next:jsconfig-paths-plugin skipping request as it is inside node_modules ./animation/keyframes/offsets/fill.mjs
2026-04-06T23:18:55.539Z next:jsconfig-paths-plugin skipping request as it is inside node_modules ./animation/keyframes/offsets/time.mjs
2026-04-06T23:18:55.541Z next:jsconfig-paths-plugin skipping request as it is inside node_modules ./animation/keyframes/utils/apply-px-defaults.mjs
2026-04-06T23:18:55.541Z next:jsconfig-paths-plugin skipping request as it is inside node_modules ./animation/keyframes/utils/fill-wildcards.mjs
2026-04-06T23:18:55.545Z next:jsconfig-paths-plugin skipping request as it is inside node_modules ./utils/mix/index.mjs
2026-04-06T23:18:55.546Z next:jsconfig-paths-plugin skipping request as it is inside node_modules ./utils/mix/color.mjs
2026-04-06T23:18:55.546Z next:jsconfig-paths-plugin skipping request as it is inside node_modules ./utils/mix/complex.mjs
2026-04-06T23:18:55.546Z next:jsconfig-paths-plugin skipping request as it is inside node_modules ./utils/mix/immediate.mjs
2026-04-06T23:18:55.546Z next:jsconfig-paths-plugin skipping request as it is inside node_modules ./utils/mix/number.mjs
2026-04-06T23:18:55.546Z next:jsconfig-paths-plugin skipping request as it is inside node_modules ./utils/mix/visibility.mjs
2026-04-06T23:18:55.546Z next:jsconfig-paths-plugin skipping request as it is inside node_modules ./utils/resolve-elements.mjs
2026-04-06T23:18:55.546Z next:jsconfig-paths-plugin skipping request as it is inside node_modules ./utils/stagger.mjs
2026-04-06T23:18:55.546Z next:jsconfig-paths-plugin skipping request as it is inside node_modules ./utils/supports/flags.mjs
2026-04-06T23:18:55.550Z next:jsconfig-paths-plugin skipping request as it is inside node_modules ./animation/waapi/start-waapi-animation.mjs
2026-04-06T23:18:55.550Z next:jsconfig-paths-plugin skipping request as it is inside node_modules ./animation/waapi/easing/cubic-bezier.mjs
2026-04-06T23:18:55.550Z next:jsconfig-paths-plugin skipping request as it is inside node_modules ./animation/waapi/easing/is-supported.mjs
2026-04-06T23:18:55.550Z next:jsconfig-paths-plugin skipping request as it is inside node_modules ./animation/waapi/easing/map-easing.mjs
2026-04-06T23:18:55.550Z next:jsconfig-paths-plugin skipping request as it is inside node_modules ./animation/waapi/easing/supported.mjs
2026-04-06T23:18:55.553Z next:jsconfig-paths-plugin skipping request as it is inside node_modules ./animation/waapi/supports/partial-keyframes.mjs
2026-04-06T23:18:55.553Z next:jsconfig-paths-plugin skipping request as it is inside node_modules ./animation/waapi/supports/waapi.mjs
2026-04-06T23:18:55.558Z next:jsconfig-paths-plugin skipping request as it is inside node_modules ./animation/waapi/utils/accelerated-values.mjs
2026-04-06T23:18:55.558Z next:jsconfig-paths-plugin skipping request as it is inside node_modules ./animation/waapi/utils/apply-generator.mjs
2026-04-06T23:18:55.559Z next:jsconfig-paths-plugin skipping request as it is inside node_modules ./animation/waapi/utils/linear.mjs
2026-04-06T23:18:55.561Z next:jsconfig-paths-plugin skipping request as it is inside node_modules ./frameloop/batcher.mjs
2026-04-06T23:18:55.561Z next:jsconfig-paths-plugin skipping request as it is inside node_modules ./frameloop/sync-time.mjs
2026-04-06T23:18:55.561Z next:jsconfig-paths-plugin skipping request as it is inside node_modules ./frameloop/microtask.mjs
2026-04-06T23:18:55.575Z next:jsconfig-paths-plugin skipping request as it is inside node_modules ./utils/supports/linear-easing.mjs
2026-04-06T23:18:55.575Z next:jsconfig-paths-plugin skipping request as it is inside node_modules ./utils/supports/scroll-timeline.mjs
2026-04-06T23:18:55.575Z next:jsconfig-paths-plugin skipping request as it is inside node_modules ./utils/transform.mjs
2026-04-06T23:18:55.576Z next:jsconfig-paths-plugin skipping request as it is inside node_modules ./value/index.mjs
2026-04-06T23:18:55.576Z next:jsconfig-paths-plugin skipping request as it is inside node_modules ./value/follow-value.mjs
2026-04-06T23:18:55.576Z next:jsconfig-paths-plugin skipping request as it is inside node_modules ./value/map-value.mjs
2026-04-06T23:18:55.576Z next:jsconfig-paths-plugin skipping request as it is inside node_modules ./value/spring-value.mjs
2026-04-06T23:18:55.576Z next:jsconfig-paths-plugin skipping request as it is inside node_modules ./value/transform-value.mjs
2026-04-06T23:18:55.576Z next:jsconfig-paths-plugin skipping request as it is inside node_modules ./value/types/color/index.mjs
2026-04-06T23:18:55.576Z next:jsconfig-paths-plugin skipping request as it is inside node_modules ./value/types/color/hex.mjs
2026-04-06T23:18:55.576Z next:jsconfig-paths-plugin skipping request as it is inside node_modules ./value/types/color/hsla.mjs
2026-04-06T23:18:55.576Z next:jsconfig-paths-plugin skipping request as it is inside node_modules ./value/types/color/hsla-to-rgba.mjs
2026-04-06T23:18:55.576Z next:jsconfig-paths-plugin skipping request as it is inside node_modules ./value/types/color/rgba.mjs
2026-04-06T23:18:55.576Z next:jsconfig-paths-plugin skipping request as it is inside node_modules ./value/types/complex/index.mjs
2026-04-06T23:18:55.576Z next:jsconfig-paths-plugin skipping request as it is inside node_modules ./value/types/dimensions.mjs
2026-04-06T23:18:55.576Z next:jsconfig-paths-plugin skipping request as it is inside node_modules ./value/types/maps/defaults.mjs
2026-04-06T23:18:55.576Z next:jsconfig-paths-plugin skipping request as it is inside node_modules ./value/types/maps/number.mjs
2026-04-06T23:18:55.577Z next:jsconfig-paths-plugin skipping request as it is inside node_modules ./value/types/maps/transform.mjs
2026-04-06T23:18:55.577Z next:jsconfig-paths-plugin skipping request as it is inside node_modules ./value/types/numbers/index.mjs
2026-04-06T23:18:55.577Z next:jsconfig-paths-plugin skipping request as it is inside node_modules ./value/types/numbers/units.mjs
2026-04-06T23:18:55.583Z next:jsconfig-paths-plugin skipping request as it is inside node_modules ./gestures/hover.mjs
2026-04-06T23:18:55.584Z next:jsconfig-paths-plugin skipping request as it is inside node_modules ./gestures/press/index.mjs
2026-04-06T23:18:55.584Z next:jsconfig-paths-plugin skipping request as it is inside node_modules ./gestures/press/utils/is-keyboard-accessible.mjs
2026-04-06T23:18:55.586Z next:jsconfig-paths-plugin skipping request as it is inside node_modules ./gestures/utils/is-node-or-child.mjs
2026-04-06T23:18:55.586Z next:jsconfig-paths-plugin skipping request as it is inside node_modules ./gestures/utils/is-primary-pointer.mjs
2026-04-06T23:18:55.591Z next:jsconfig-paths-plugin skipping request as it is inside node_modules ./value/types/test.mjs
2026-04-06T23:18:55.591Z next:jsconfig-paths-plugin skipping request as it is inside node_modules ./value/types/utils/animatable-none.mjs
2026-04-06T23:18:55.591Z next:jsconfig-paths-plugin skipping request as it is inside node_modules ./value/types/utils/find.mjs
2026-04-06T23:18:55.591Z next:jsconfig-paths-plugin skipping request as it is inside node_modules ./value/types/utils/get-as-type.mjs
2026-04-06T23:18:55.591Z next:jsconfig-paths-plugin skipping request as it is inside node_modules ./value/utils/is-motion-value.mjs
2026-04-06T23:18:55.592Z next:jsconfig-paths-plugin skipping request as it is inside node_modules ./value/will-change/add-will-change.mjs
2026-04-06T23:18:55.592Z next:jsconfig-paths-plugin skipping request as it is inside node_modules ./value/will-change/is.mjs
2026-04-06T23:18:55.592Z next:jsconfig-paths-plugin skipping request as it is inside node_modules ./view/index.mjs
2026-04-06T23:18:55.592Z next:jsconfig-paths-plugin skipping request as it is inside node_modules ./view/utils/get-layer-info.mjs
2026-04-06T23:18:55.592Z next:jsconfig-paths-plugin skipping request as it is inside node_modules ./view/utils/get-view-animations.mjs
2026-04-06T23:18:55.592Z next:jsconfig-paths-plugin skipping request as it is inside node_modules ./render/dom/DOMVisualElement.mjs
2026-04-06T23:18:55.592Z next:jsconfig-paths-plugin skipping request as it is inside node_modules ./render/Feature.mjs
2026-04-06T23:18:55.592Z next:jsconfig-paths-plugin skipping request as it is inside node_modules ./render/html/HTMLVisualElement.mjs
2026-04-06T23:18:55.604Z next:jsconfig-paths-plugin skipping request as it is inside node_modules ./effects/attr/index.mjs
2026-04-06T23:18:55.604Z next:jsconfig-paths-plugin skipping request as it is inside node_modules ./effects/style/index.mjs
2026-04-06T23:18:55.605Z next:jsconfig-paths-plugin skipping request as it is inside node_modules ./effects/prop/index.mjs
2026-04-06T23:18:55.605Z next:jsconfig-paths-plugin skipping request as it is inside node_modules ./effects/svg/index.mjs
2026-04-06T23:18:55.609Z next:jsconfig-paths-plugin skipping request as it is inside node_modules ./resize/index.mjs
2026-04-06T23:18:55.610Z next:jsconfig-paths-plugin skipping request as it is inside node_modules ./stats/index.mjs
2026-04-06T23:18:55.610Z next:jsconfig-paths-plugin skipping request as it is inside node_modules ./stats/animation-count.mjs
2026-04-06T23:18:55.610Z next:jsconfig-paths-plugin skipping request as it is inside node_modules ./stats/buffer.mjs
2026-04-06T23:18:55.612Z next:jsconfig-paths-plugin skipping request as it is inside node_modules ./scroll/observe.mjs
2026-04-06T23:18:55.615Z next:jsconfig-paths-plugin skipping request as it is inside node_modules ./utils/interpolate.mjs
2026-04-06T23:18:55.615Z next:jsconfig-paths-plugin skipping request as it is inside node_modules ./utils/is-html-element.mjs
2026-04-06T23:18:55.615Z next:jsconfig-paths-plugin skipping request as it is inside node_modules ./utils/is-svg-element.mjs
2026-04-06T23:18:55.615Z next:jsconfig-paths-plugin skipping request as it is inside node_modules ./utils/is-svg-svg-element.mjs
2026-04-06T23:18:55.615Z next:jsconfig-paths-plugin skipping request as it is inside node_modules ./utils/stagger.mjs
2026-04-06T23:18:55.615Z next:jsconfig-paths-plugin skipping request as it is inside node_modules ./utils/resolve-elements.mjs
2026-04-06T23:18:55.623Z next:jsconfig-paths-plugin skipping request as it is inside node_modules ./utils/transform.mjs
2026-04-06T23:18:55.627Z next:jsconfig-paths-plugin skipping request as it is inside node_modules ./render/object/ObjectVisualElement.mjs
2026-04-06T23:18:55.627Z next:jsconfig-paths-plugin skipping request as it is inside node_modules ./render/store.mjs
2026-04-06T23:18:55.627Z next:jsconfig-paths-plugin skipping request as it is inside node_modules ./render/svg/SVGVisualElement.mjs
2026-04-06T23:18:55.627Z next:jsconfig-paths-plugin skipping request as it is inside node_modules ./render/VisualElement.mjs
2026-04-06T23:18:55.627Z next:jsconfig-paths-plugin skipping request as it is inside node_modules ./render/utils/animation-state.mjs
2026-04-06T23:18:55.634Z next:jsconfig-paths-plugin skipping request as it is inside node_modules ./gestures/drag/state/is-active.mjs
2026-04-06T23:18:55.634Z next:jsconfig-paths-plugin skipping request as it is inside node_modules ./gestures/drag/state/set-active.mjs
2026-04-06T23:18:55.637Z next:jsconfig-paths-plugin skipping request as it is inside node_modules ./render/dom/parse-transform.mjs
2026-04-06T23:18:55.637Z next:jsconfig-paths-plugin skipping request as it is inside node_modules ./render/dom/style-computed.mjs
2026-04-06T23:18:55.637Z next:jsconfig-paths-plugin skipping request as it is inside node_modules ./render/dom/style-set.mjs
2026-04-06T23:18:55.637Z next:jsconfig-paths-plugin skipping request as it is inside node_modules ./render/utils/keys-position.mjs
2026-04-06T23:18:55.637Z next:jsconfig-paths-plugin skipping request as it is inside node_modules ./render/utils/is-keyframes-target.mjs
2026-04-06T23:18:55.637Z next:jsconfig-paths-plugin skipping request as it is inside node_modules ./render/utils/keys-transform.mjs
2026-04-06T23:18:55.641Z next:jsconfig-paths-plugin skipping request as it is inside node_modules ./utils/mix/index.mjs
2026-04-06T23:18:55.641Z next:jsconfig-paths-plugin skipping request as it is inside node_modules ./utils/mix/color.mjs
2026-04-06T23:18:55.641Z next:jsconfig-paths-plugin skipping request as it is inside node_modules ./utils/mix/complex.mjs
2026-04-06T23:18:55.641Z next:jsconfig-paths-plugin skipping request as it is inside node_modules ./utils/mix/immediate.mjs
2026-04-06T23:18:55.641Z next:jsconfig-paths-plugin skipping request as it is inside node_modules ./utils/mix/number.mjs
2026-04-06T23:18:55.641Z next:jsconfig-paths-plugin skipping request as it is inside node_modules ./utils/mix/visibility.mjs
2026-04-06T23:18:55.645Z next:jsconfig-paths-plugin skipping request as it is inside node_modules ./utils/supports/flags.mjs
2026-04-06T23:18:55.645Z next:jsconfig-paths-plugin skipping request as it is inside node_modules ./utils/supports/linear-easing.mjs
2026-04-06T23:18:55.645Z next:jsconfig-paths-plugin skipping request as it is inside node_modules ./utils/supports/scroll-timeline.mjs
2026-04-06T23:18:55.649Z next:jsconfig-paths-plugin skipping request as it is inside node_modules ./render/Feature.mjs
2026-04-06T23:18:55.650Z next:jsconfig-paths-plugin skipping request as it is inside node_modules ./render/dom/DOMVisualElement.mjs
2026-04-06T23:18:55.657Z next:jsconfig-paths-plugin skipping request as it is inside node_modules ./render/utils/get-variant-context.mjs
2026-04-06T23:18:55.657Z next:jsconfig-paths-plugin skipping request as it is inside node_modules ./render/utils/is-animation-controls.mjs
2026-04-06T23:18:55.657Z next:jsconfig-paths-plugin skipping request as it is inside node_modules ./render/utils/is-controlling-variants.mjs
2026-04-06T23:18:55.657Z next:jsconfig-paths-plugin skipping request as it is inside node_modules ./render/utils/is-forced-motion-value.mjs
2026-04-06T23:18:55.657Z next:jsconfig-paths-plugin skipping request as it is inside node_modules ./render/utils/is-variant-label.mjs
2026-04-06T23:18:55.657Z next:jsconfig-paths-plugin skipping request as it is inside node_modules ./render/utils/motion-values.mjs
2026-04-06T23:18:55.657Z next:jsconfig-paths-plugin skipping request as it is inside node_modules ./render/utils/resolve-dynamic-variants.mjs
2026-04-06T23:18:55.657Z next:jsconfig-paths-plugin skipping request as it is inside node_modules ./render/utils/resolve-variants.mjs
2026-04-06T23:18:55.657Z next:jsconfig-paths-plugin skipping request as it is inside node_modules ./render/utils/setters.mjs
2026-04-06T23:18:55.657Z next:jsconfig-paths-plugin skipping request as it is inside node_modules ./render/utils/variant-props.mjs
2026-04-06T23:18:55.657Z next:jsconfig-paths-plugin skipping request as it is inside node_modules ./render/utils/reduced-motion/index.mjs
2026-04-06T23:18:55.658Z next:jsconfig-paths-plugin skipping request as it is inside node_modules ./projection/geometry/conversion.mjs
2026-04-06T23:18:55.658Z next:jsconfig-paths-plugin skipping request as it is inside node_modules ./projection/geometry/copy.mjs
2026-04-06T23:18:55.658Z next:jsconfig-paths-plugin skipping request as it is inside node_modules ./projection/geometry/delta-apply.mjs
2026-04-06T23:18:55.658Z next:jsconfig-paths-plugin skipping request as it is inside node_modules ./projection/geometry/delta-calc.mjs
2026-04-06T23:18:55.658Z next:jsconfig-paths-plugin skipping request as it is inside node_modules ./projection/geometry/delta-remove.mjs
2026-04-06T23:18:55.658Z next:jsconfig-paths-plugin skipping request as it is inside node_modules ./projection/geometry/models.mjs
2026-04-06T23:18:55.658Z next:jsconfig-paths-plugin skipping request as it is inside node_modules ./projection/geometry/utils.mjs
2026-04-06T23:18:55.658Z next:jsconfig-paths-plugin skipping request as it is inside node_modules ./projection/utils/each-axis.mjs
2026-04-06T23:18:55.658Z next:jsconfig-paths-plugin skipping request as it is inside node_modules ./projection/utils/has-transform.mjs
2026-04-06T23:18:55.658Z next:jsconfig-paths-plugin skipping request as it is inside node_modules ./projection/utils/measure.mjs
2026-04-06T23:18:55.658Z next:jsconfig-paths-plugin skipping request as it is inside node_modules ./projection/styles/scale-border-radius.mjs
2026-04-06T23:18:55.660Z next:jsconfig-paths-plugin skipping request as it is inside node_modules ./projection/styles/scale-box-shadow.mjs
2026-04-06T23:18:55.661Z next:jsconfig-paths-plugin skipping request as it is inside node_modules ./projection/styles/transform.mjs
2026-04-06T23:18:55.675Z next:jsconfig-paths-plugin skipping request as it is inside node_modules ./value/index.mjs
2026-04-06T23:18:55.675Z next:jsconfig-paths-plugin skipping request as it is inside node_modules ./value/follow-value.mjs
2026-04-06T23:18:55.675Z next:jsconfig-paths-plugin skipping request as it is inside node_modules ./value/map-value.mjs
2026-04-06T23:18:55.675Z next:jsconfig-paths-plugin skipping request as it is inside node_modules ./value/spring-value.mjs
2026-04-06T23:18:55.675Z next:jsconfig-paths-plugin skipping request as it is inside node_modules ./value/transform-value.mjs
2026-04-06T23:18:55.682Z next:jsconfig-paths-plugin skipping request as it is inside node_modules ./value/types/dimensions.mjs
2026-04-06T23:18:55.682Z next:jsconfig-paths-plugin skipping request as it is inside node_modules ./value/types/test.mjs
2026-04-06T23:18:55.682Z next:jsconfig-paths-plugin skipping request as it is inside node_modules ./value/types/color/index.mjs
2026-04-06T23:18:55.682Z next:jsconfig-paths-plugin skipping request as it is inside node_modules ./value/types/color/hex.mjs
2026-04-06T23:18:55.682Z next:jsconfig-paths-plugin skipping request as it is inside node_modules ./value/types/color/hsla.mjs
2026-04-06T23:18:55.683Z next:jsconfig-paths-plugin skipping request as it is inside node_modules ./value/types/color/hsla-to-rgba.mjs
2026-04-06T23:18:55.683Z next:jsconfig-paths-plugin skipping request as it is inside node_modules ./value/types/color/rgba.mjs
2026-04-06T23:18:55.683Z next:jsconfig-paths-plugin skipping request as it is inside node_modules ./value/types/complex/index.mjs
2026-04-06T23:18:55.683Z next:jsconfig-paths-plugin skipping request as it is inside node_modules ./value/types/maps/defaults.mjs
2026-04-06T23:18:55.683Z next:jsconfig-paths-plugin skipping request as it is inside node_modules ./value/types/maps/number.mjs
2026-04-06T23:18:55.683Z next:jsconfig-paths-plugin skipping request as it is inside node_modules ./value/types/maps/transform.mjs
2026-04-06T23:18:55.689Z next:jsconfig-paths-plugin skipping request as it is inside node_modules ./value/types/numbers/index.mjs
2026-04-06T23:18:55.689Z next:jsconfig-paths-plugin skipping request as it is inside node_modules ./value/types/numbers/units.mjs
2026-04-06T23:18:55.691Z next:jsconfig-paths-plugin skipping request as it is inside node_modules ./render/store.mjs
2026-04-06T23:18:55.692Z next:jsconfig-paths-plugin skipping request as it is inside node_modules ./render/VisualElement.mjs
2026-04-06T23:18:55.693Z next:jsconfig-paths-plugin skipping request as it is inside node_modules ./render/utils/animation-state.mjs
2026-04-06T23:18:55.697Z next:jsconfig-paths-plugin skipping request as it is inside node_modules ./projection/animation/mix-values.mjs
2026-04-06T23:18:55.697Z next:jsconfig-paths-plugin skipping request as it is inside node_modules ./animation/animate/single-value.mjs
2026-04-06T23:18:55.698Z next:jsconfig-paths-plugin skipping request as it is inside node_modules ./events/add-dom-event.mjs
2026-04-06T23:18:55.698Z next:jsconfig-paths-plugin skipping request as it is inside node_modules ./projection/utils/compare-by-depth.mjs
2026-04-06T23:18:55.698Z next:jsconfig-paths-plugin skipping request as it is inside node_modules ./projection/utils/flat-tree.mjs
2026-04-06T23:18:55.698Z next:jsconfig-paths-plugin skipping request as it is inside node_modules ./utils/delay.mjs
2026-04-06T23:18:55.698Z next:jsconfig-paths-plugin skipping request as it is inside node_modules ./value/utils/resolve-motion-value.mjs
2026-04-06T23:18:55.698Z next:jsconfig-paths-plugin skipping request as it is inside node_modules ./projection/node/create-projection-node.mjs
2026-04-06T23:18:55.698Z next:jsconfig-paths-plugin skipping request as it is inside node_modules ./projection/node/DocumentProjectionNode.mjs
2026-04-06T23:18:55.698Z next:jsconfig-paths-plugin skipping request as it is inside node_modules ./projection/node/group.mjs
2026-04-06T23:18:55.698Z next:jsconfig-paths-plugin skipping request as it is inside node_modules ./projection/node/HTMLProjectionNode.mjs
2026-04-06T23:18:55.698Z next:jsconfig-paths-plugin skipping request as it is inside node_modules ./projection/node/state.mjs
2026-04-06T23:18:55.699Z next:jsconfig-paths-plugin skipping request as it is inside node_modules ./projection/shared/stack.mjs
2026-04-06T23:18:55.699Z next:jsconfig-paths-plugin skipping request as it is inside node_modules ./render/dom/utils/camel-to-dash.mjs
2026-04-06T23:18:55.699Z next:jsconfig-paths-plugin skipping request as it is inside node_modules ./render/html/utils/build-styles.mjs
2026-04-06T23:18:55.699Z next:jsconfig-paths-plugin skipping request as it is inside node_modules ./render/html/utils/build-transform.mjs
2026-04-06T23:18:55.699Z next:jsconfig-paths-plugin skipping request as it is inside node_modules ./render/html/utils/render.mjs
2026-04-06T23:18:55.699Z next:jsconfig-paths-plugin skipping request as it is inside node_modules ./render/html/utils/scrape-motion-values.mjs
2026-04-06T23:18:55.699Z next:jsconfig-paths-plugin skipping request as it is inside node_modules ./render/svg/utils/build-attrs.mjs
2026-04-06T23:18:55.699Z next:jsconfig-paths-plugin skipping request as it is inside node_modules ./render/svg/utils/camel-case-attrs.mjs
2026-04-06T23:18:55.699Z next:jsconfig-paths-plugin skipping request as it is inside node_modules ./render/svg/utils/is-svg-tag.mjs
2026-04-06T23:18:55.699Z next:jsconfig-paths-plugin skipping request as it is inside node_modules ./render/svg/utils/path.mjs
2026-04-06T23:18:55.706Z next:jsconfig-paths-plugin skipping request as it is inside node_modules ./value/types/utils/animatable-none.mjs
2026-04-06T23:18:55.706Z next:jsconfig-paths-plugin skipping request as it is inside node_modules ./value/types/utils/get-as-type.mjs
2026-04-06T23:18:55.706Z next:jsconfig-paths-plugin skipping request as it is inside node_modules ./value/types/utils/find.mjs
2026-04-06T23:18:55.708Z next:jsconfig-paths-plugin skipping request as it is inside node_modules ./value/utils/is-motion-value.mjs
2026-04-06T23:18:55.709Z next:jsconfig-paths-plugin skipping request as it is inside node_modules ./view/index.mjs
2026-04-06T23:18:55.710Z next:jsconfig-paths-plugin skipping request as it is inside node_modules ./render/html/HTMLVisualElement.mjs
2026-04-06T23:18:55.711Z next:jsconfig-paths-plugin skipping request as it is inside node_modules ./value/will-change/add-will-change.mjs
2026-04-06T23:18:55.711Z next:jsconfig-paths-plugin skipping request as it is inside node_modules ./value/will-change/is.mjs
2026-04-06T23:18:55.717Z next:jsconfig-paths-plugin skipping request as it is inside node_modules ./view/utils/get-layer-info.mjs
2026-04-06T23:18:55.717Z next:jsconfig-paths-plugin skipping request as it is inside node_modules ./view/utils/get-view-animations.mjs
2026-04-06T23:18:55.721Z next:jsconfig-paths-plugin skipping request as it is inside node_modules ./render/utils/get-variant-context.mjs
2026-04-06T23:18:55.722Z next:jsconfig-paths-plugin skipping request as it is inside node_modules ./render/utils/is-controlling-variants.mjs
2026-04-06T23:18:55.723Z next:jsconfig-paths-plugin skipping request as it is inside node_modules ./render/utils/is-animation-controls.mjs
2026-04-06T23:18:55.724Z next:jsconfig-paths-plugin skipping request as it is inside node_modules ./render/utils/is-forced-motion-value.mjs
2026-04-06T23:18:55.725Z next:jsconfig-paths-plugin skipping request as it is inside node_modules ./render/utils/motion-values.mjs
2026-04-06T23:18:55.726Z next:jsconfig-paths-plugin skipping request as it is inside node_modules ./render/utils/is-variant-label.mjs
2026-04-06T23:18:55.727Z next:jsconfig-paths-plugin skipping request as it is inside node_modules ./render/utils/resolve-variants.mjs
2026-04-06T23:18:55.728Z next:jsconfig-paths-plugin skipping request as it is inside node_modules ./render/utils/setters.mjs
2026-04-06T23:18:55.729Z next:jsconfig-paths-plugin skipping request as it is inside node_modules ./render/utils/resolve-dynamic-variants.mjs
2026-04-06T23:18:55.731Z next:jsconfig-paths-plugin skipping request as it is inside node_modules ./render/utils/variant-props.mjs
2026-04-06T23:18:55.735Z next:jsconfig-paths-plugin skipping request as it is inside node_modules ./render/svg/utils/render.mjs
2026-04-06T23:18:55.735Z next:jsconfig-paths-plugin skipping request as it is inside node_modules ./render/svg/utils/scrape-motion-values.mjs
2026-04-06T23:18:55.735Z next:jsconfig-paths-plugin skipping request as it is inside node_modules ./layout/LayoutAnimationBuilder.mjs
2026-04-06T23:18:55.736Z next:jsconfig-paths-plugin skipping request as it is inside node_modules ./frameloop/index-legacy.mjs
2026-04-06T23:18:55.736Z next:jsconfig-paths-plugin skipping request as it is inside node_modules ./projection/styles/scale-correction.mjs
2026-04-06T23:18:55.736Z next:jsconfig-paths-plugin skipping request as it is inside node_modules ./frameloop/frame.mjs
2026-04-06T23:18:55.736Z next:jsconfig-paths-plugin skipping request as it is inside node_modules ./render/utils/reduced-motion/state.mjs
2026-04-06T23:18:55.736Z next:jsconfig-paths-plugin skipping request as it is inside node_modules ./array.mjs
2026-04-06T23:18:55.736Z next:jsconfig-paths-plugin skipping request as it is inside node_modules ./clamp.mjs
2026-04-06T23:18:55.736Z next:jsconfig-paths-plugin skipping request as it is inside node_modules ./errors.mjs
2026-04-06T23:18:55.736Z next:jsconfig-paths-plugin skipping request as it is inside node_modules ./global-config.mjs
2026-04-06T23:18:55.736Z next:jsconfig-paths-plugin skipping request as it is inside node_modules ./is-numerical-string.mjs
2026-04-06T23:18:55.736Z next:jsconfig-paths-plugin skipping request as it is inside node_modules ./is-object.mjs
2026-04-06T23:18:55.736Z next:jsconfig-paths-plugin skipping request as it is inside node_modules ./is-zero-value-string.mjs
2026-04-06T23:18:55.736Z next:jsconfig-paths-plugin skipping request as it is inside node_modules ./memo.mjs
2026-04-06T23:18:55.736Z next:jsconfig-paths-plugin skipping request as it is inside node_modules ./noop.mjs
2026-04-06T23:18:55.736Z next:jsconfig-paths-plugin skipping request as it is inside node_modules ./pipe.mjs
2026-04-06T23:18:55.736Z next:jsconfig-paths-plugin skipping request as it is inside node_modules ./progress.mjs
2026-04-06T23:18:55.736Z next:jsconfig-paths-plugin skipping request as it is inside node_modules ./subscription-manager.mjs
2026-04-06T23:18:55.736Z next:jsconfig-paths-plugin skipping request as it is inside node_modules ./time-conversion.mjs
2026-04-06T23:18:55.736Z next:jsconfig-paths-plugin skipping request as it is inside node_modules ./velocity-per-second.mjs
2026-04-06T23:18:55.736Z next:jsconfig-paths-plugin skipping request as it is inside node_modules ./warn-once.mjs
2026-04-06T23:18:55.736Z next:jsconfig-paths-plugin skipping request as it is inside node_modules ./wrap.mjs
2026-04-06T23:18:55.736Z next:jsconfig-paths-plugin skipping request as it is inside node_modules ./easing/anticipate.mjs
2026-04-06T23:18:55.737Z next:jsconfig-paths-plugin skipping request as it is inside node_modules ./easing/back.mjs
2026-04-06T23:18:55.739Z next:jsconfig-paths-plugin skipping request as it is inside node_modules @radix-ui/react-slot
2026-04-06T23:18:55.739Z next:jsconfig-paths-plugin skipping request as it is inside node_modules @radix-ui/react-slot
2026-04-06T23:18:55.740Z next:jsconfig-paths-plugin skipping request as it is inside node_modules ./render/object/ObjectVisualElement.mjs
2026-04-06T23:18:55.741Z next:jsconfig-paths-plugin skipping request as it is inside node_modules ./render/svg/SVGVisualElement.mjs
2026-04-06T23:18:55.748Z next:jsconfig-paths-plugin skipping request as it is inside node_modules ./utils/delay.mjs
2026-04-06T23:18:55.749Z next:jsconfig-paths-plugin skipping request as it is inside node_modules ./value/utils/resolve-motion-value.mjs
2026-04-06T23:18:55.755Z next:jsconfig-paths-plugin skipping request as it is inside node_modules ./easing/circ.mjs
2026-04-06T23:18:55.756Z next:jsconfig-paths-plugin skipping request as it is inside node_modules ./easing/cubic-bezier.mjs
2026-04-06T23:18:55.756Z next:jsconfig-paths-plugin skipping request as it is inside node_modules ./easing/ease.mjs
2026-04-06T23:18:55.756Z next:jsconfig-paths-plugin skipping request as it is inside node_modules ./easing/modifiers/mirror.mjs
2026-04-06T23:18:55.756Z next:jsconfig-paths-plugin skipping request as it is inside node_modules ./easing/modifiers/reverse.mjs
2026-04-06T23:18:55.756Z next:jsconfig-paths-plugin skipping request as it is inside node_modules ./easing/steps.mjs
2026-04-06T23:18:55.756Z next:jsconfig-paths-plugin skipping request as it is inside node_modules ./easing/utils/get-easing-for-segment.mjs
2026-04-06T23:18:55.756Z next:jsconfig-paths-plugin skipping request as it is inside node_modules ./easing/utils/is-bezier-definition.mjs
2026-04-06T23:18:55.756Z next:jsconfig-paths-plugin skipping request as it is inside node_modules ./easing/utils/is-easing-array.mjs
2026-04-06T23:18:55.756Z next:jsconfig-paths-plugin skipping request as it is inside node_modules ./easing/utils/map.mjs
2026-04-06T23:18:55.756Z next:jsconfig-paths-plugin skipping request as it is inside node_modules ./constants-ByUssRbE.mjs
2026-04-06T23:18:55.757Z next:jsconfig-paths-plugin skipping request as it is inside node_modules ./isomorphicAtob-DybBXGFR.mjs
2026-04-06T23:18:55.757Z next:jsconfig-paths-plugin skipping request as it is inside node_modules ./isomorphicBtoa-Dr7WubZv.mjs
2026-04-06T23:18:55.757Z next:jsconfig-paths-plugin skipping request as it is inside node_modules ./keys-YNv6yjKk.mjs
2026-04-06T23:18:55.757Z next:jsconfig-paths-plugin skipping request as it is inside node_modules ./error-Dl9xmUf3.mjs
2026-04-06T23:18:55.757Z next:jsconfig-paths-plugin skipping request as it is inside node_modules ./instance-Cze6Nv61.mjs
2026-04-06T23:18:55.757Z next:jsconfig-paths-plugin skipping request as it is inside node_modules ./retry-DAlTROH9.mjs
2026-04-06T23:18:55.758Z next:jsconfig-paths-plugin skipping request as it is inside node_modules ./loadScript-t1vaIfy5.mjs
2026-04-06T23:18:55.758Z next:jsconfig-paths-plugin skipping request as it is inside node_modules ./proxy-Bq8EHApG.mjs
2026-04-06T23:18:55.758Z next:jsconfig-paths-plugin skipping request as it is inside node_modules ./url-Cdy8w8vK.mjs
2026-04-06T23:18:55.758Z next:jsconfig-paths-plugin skipping request as it is inside node_modules ./versionSelector-B1dLG0_G.mjs
2026-04-06T23:18:55.758Z next:jsconfig-paths-plugin skipping request as it is inside node_modules ./loadClerkJsScript-BcmR4xsJ.mjs
2026-04-06T23:18:55.761Z next:jsconfig-paths-plugin skipping request as it is inside node_modules ./render/utils/reduced-motion/index.mjs
2026-04-06T23:18:55.764Z next:jsconfig-paths-plugin skipping request as it is inside node_modules ./array.mjs
2026-04-06T23:18:55.766Z next:jsconfig-paths-plugin skipping request as it is inside node_modules ./clamp.mjs
2026-04-06T23:18:55.766Z next:jsconfig-paths-plugin skipping request as it is inside node_modules ./errors.mjs
2026-04-06T23:18:55.768Z next:jsconfig-paths-plugin skipping request as it is inside node_modules ./global-config.mjs
2026-04-06T23:18:55.769Z next:jsconfig-paths-plugin skipping request as it is inside node_modules ./is-numerical-string.mjs
2026-04-06T23:18:55.770Z next:jsconfig-paths-plugin skipping request as it is inside node_modules ./is-object.mjs
2026-04-06T23:18:55.771Z next:jsconfig-paths-plugin skipping request as it is inside node_modules ./is-zero-value-string.mjs
2026-04-06T23:18:55.772Z next:jsconfig-paths-plugin skipping request as it is inside node_modules ./memo.mjs
2026-04-06T23:18:55.773Z next:jsconfig-paths-plugin skipping request as it is inside node_modules ./noop.mjs
2026-04-06T23:18:55.779Z next:jsconfig-paths-plugin skipping request as it is inside node_modules ./pipe.mjs
2026-04-06T23:18:55.780Z next:jsconfig-paths-plugin skipping request as it is inside node_modules ./progress.mjs
2026-04-06T23:18:55.781Z next:jsconfig-paths-plugin skipping request as it is inside node_modules ./subscription-manager.mjs
2026-04-06T23:18:55.782Z next:jsconfig-paths-plugin skipping request as it is inside node_modules ./time-conversion.mjs
2026-04-06T23:18:55.782Z next:jsconfig-paths-plugin skipping request as it is inside node_modules ./velocity-per-second.mjs
2026-04-06T23:18:55.783Z next:jsconfig-paths-plugin skipping request as it is inside node_modules ./warn-once.mjs
2026-04-06T23:18:55.784Z next:jsconfig-paths-plugin skipping request as it is inside node_modules ./wrap.mjs
2026-04-06T23:18:55.785Z next:jsconfig-paths-plugin skipping request as it is inside node_modules ./frameloop/frame.mjs
2026-04-06T23:18:55.786Z next:jsconfig-paths-plugin skipping request as it is inside node_modules ./frameloop/index-legacy.mjs
2026-04-06T23:18:55.790Z next:jsconfig-paths-plugin skipping request as it is inside node_modules ./icons/shield-check.js
2026-04-06T23:18:55.790Z next:jsconfig-paths-plugin skipping request as it is inside node_modules ./icons/shield-x.js
2026-04-06T23:18:55.790Z next:jsconfig-paths-plugin skipping request as it is inside node_modules ./deriveState-ChDqlleE.mjs
2026-04-06T23:18:55.792Z next:jsconfig-paths-plugin skipping request as it is inside node_modules react-is
2026-04-06T23:18:55.793Z next:jsconfig-paths-plugin skipping request as it is inside node_modules react-is
2026-04-06T23:18:55.793Z next:jsconfig-paths-plugin skipping request as it is inside node_modules ./render/utils/reduced-motion/state.mjs
2026-04-06T23:18:55.795Z next:jsconfig-paths-plugin moduleName did not match any paths pattern @radix-ui/react-slot
2026-04-06T23:18:55.798Z next:jsconfig-paths-plugin skipping request as it is inside node_modules ./events/add-dom-event.mjs
2026-04-06T23:18:55.799Z next:jsconfig-paths-plugin skipping request as it is inside node_modules ./animation/animate/single-value.mjs
2026-04-06T23:18:55.800Z next:jsconfig-paths-plugin skipping request as it is inside node_modules ./render/dom/utils/camel-to-dash.mjs
2026-04-06T23:18:55.801Z next:jsconfig-paths-plugin skipping request as it is inside node_modules ./render/html/utils/build-styles.mjs
2026-04-06T23:18:55.802Z next:jsconfig-paths-plugin skipping request as it is inside node_modules ./render/html/utils/build-transform.mjs
2026-04-06T23:18:55.802Z next:jsconfig-paths-plugin skipping request as it is inside node_modules ./render/html/utils/render.mjs
2026-04-06T23:18:55.802Z next:jsconfig-paths-plugin skipping request as it is inside node_modules ./render/html/utils/scrape-motion-values.mjs
2026-04-06T23:18:55.805Z next:jsconfig-paths-plugin skipping request as it is inside node_modules ./render/svg/utils/camel-case-attrs.mjs
2026-04-06T23:18:55.805Z next:jsconfig-paths-plugin skipping request as it is inside node_modules ./render/svg/utils/is-svg-tag.mjs
2026-04-06T23:18:55.805Z next:jsconfig-paths-plugin skipping request as it is inside node_modules ./render/svg/utils/path.mjs
2026-04-06T23:18:55.805Z next:jsconfig-paths-plugin skipping request as it is inside node_modules ./render/svg/utils/build-attrs.mjs
2026-04-06T23:18:55.805Z next:jsconfig-paths-plugin skipping request as it is inside node_modules ./render/svg/utils/render.mjs
2026-04-06T23:18:55.805Z next:jsconfig-paths-plugin skipping request as it is inside node_modules ./render/svg/utils/scrape-motion-values.mjs
2026-04-06T23:18:55.810Z next:jsconfig-paths-plugin skipping request as it is inside node_modules ./constants-ByUssRbE.mjs
2026-04-06T23:18:55.811Z next:jsconfig-paths-plugin skipping request as it is inside node_modules ./keys-YNv6yjKk.mjs
2026-04-06T23:18:55.814Z next:jsconfig-paths-plugin skipping request as it is inside node_modules ./error-Dl9xmUf3.mjs
2026-04-06T23:18:55.815Z next:jsconfig-paths-plugin skipping request as it is inside node_modules ./isomorphicAtob-DybBXGFR.mjs
2026-04-06T23:18:55.816Z next:jsconfig-paths-plugin skipping request as it is inside node_modules ./instance-Cze6Nv61.mjs
2026-04-06T23:18:55.817Z next:jsconfig-paths-plugin skipping request as it is inside node_modules ./isomorphicBtoa-Dr7WubZv.mjs
2026-04-06T23:18:55.818Z next:jsconfig-paths-plugin skipping request as it is inside node_modules ./retry-DAlTROH9.mjs
2026-04-06T23:18:55.819Z next:jsconfig-paths-plugin skipping request as it is inside node_modules ./proxy-Bq8EHApG.mjs
2026-04-06T23:18:55.820Z next:jsconfig-paths-plugin skipping request as it is inside node_modules ./versionSelector-B1dLG0_G.mjs
2026-04-06T23:18:55.821Z next:jsconfig-paths-plugin skipping request as it is inside node_modules ./loadClerkJsScript-BcmR4xsJ.mjs
2026-04-06T23:18:55.822Z next:jsconfig-paths-plugin skipping request as it is inside node_modules ./loadScript-t1vaIfy5.mjs
2026-04-06T23:18:55.823Z next:jsconfig-paths-plugin skipping request as it is inside node_modules ./url-Cdy8w8vK.mjs
2026-04-06T23:18:55.855Z next:jsconfig-paths-plugin skipping request as it is inside node_modules ./projection/geometry/copy.mjs
2026-04-06T23:18:55.855Z next:jsconfig-paths-plugin skipping request as it is inside node_modules ./projection/geometry/delta-calc.mjs
2026-04-06T23:18:55.855Z next:jsconfig-paths-plugin skipping request as it is inside node_modules ./projection/geometry/conversion.mjs
2026-04-06T23:18:55.855Z next:jsconfig-paths-plugin skipping request as it is inside node_modules ./projection/geometry/delta-apply.mjs
2026-04-06T23:18:55.855Z next:jsconfig-paths-plugin skipping request as it is inside node_modules ./projection/geometry/delta-remove.mjs
2026-04-06T23:18:55.855Z next:jsconfig-paths-plugin skipping request as it is inside node_modules ./projection/geometry/models.mjs
2026-04-06T23:18:55.855Z next:jsconfig-paths-plugin skipping request as it is inside node_modules ./projection/geometry/utils.mjs
2026-04-06T23:18:55.855Z next:jsconfig-paths-plugin skipping request as it is inside node_modules ./projection/utils/each-axis.mjs
2026-04-06T23:18:55.855Z next:jsconfig-paths-plugin skipping request as it is inside node_modules ./projection/utils/has-transform.mjs
2026-04-06T23:18:55.855Z next:jsconfig-paths-plugin skipping request as it is inside node_modules ./projection/utils/measure.mjs
2026-04-06T23:18:55.855Z next:jsconfig-paths-plugin skipping request as it is inside node_modules ./projection/utils/compare-by-depth.mjs
2026-04-06T23:18:55.855Z next:jsconfig-paths-plugin skipping request as it is inside node_modules ./projection/utils/flat-tree.mjs
2026-04-06T23:18:55.855Z next:jsconfig-paths-plugin skipping request as it is inside node_modules ./projection/styles/scale-border-radius.mjs
2026-04-06T23:18:55.855Z next:jsconfig-paths-plugin skipping request as it is inside node_modules ./projection/styles/scale-box-shadow.mjs
2026-04-06T23:18:55.855Z next:jsconfig-paths-plugin skipping request as it is inside node_modules ./projection/styles/transform.mjs
2026-04-06T23:18:55.855Z next:jsconfig-paths-plugin skipping request as it is inside node_modules ./projection/styles/scale-correction.mjs
2026-04-06T23:18:55.855Z next:jsconfig-paths-plugin skipping request as it is inside node_modules ./projection/animation/mix-values.mjs
2026-04-06T23:18:55.855Z next:jsconfig-paths-plugin skipping request as it is inside node_modules ./projection/node/create-projection-node.mjs
2026-04-06T23:18:55.856Z next:jsconfig-paths-plugin skipping request as it is inside node_modules ./projection/node/DocumentProjectionNode.mjs
2026-04-06T23:18:55.856Z next:jsconfig-paths-plugin skipping request as it is inside node_modules ./projection/node/group.mjs
2026-04-06T23:18:55.856Z next:jsconfig-paths-plugin skipping request as it is inside node_modules ./projection/node/HTMLProjectionNode.mjs
2026-04-06T23:18:55.856Z next:jsconfig-paths-plugin skipping request as it is inside node_modules ./projection/node/state.mjs
2026-04-06T23:18:55.856Z next:jsconfig-paths-plugin skipping request as it is inside node_modules ./projection/shared/stack.mjs
2026-04-06T23:18:55.868Z next:jsconfig-paths-plugin skipping request as it is inside node_modules ./easing/anticipate.mjs
2026-04-06T23:18:55.868Z next:jsconfig-paths-plugin skipping request as it is inside node_modules ./easing/back.mjs
2026-04-06T23:18:55.868Z next:jsconfig-paths-plugin skipping request as it is inside node_modules ./easing/circ.mjs
2026-04-06T23:18:55.868Z next:jsconfig-paths-plugin skipping request as it is inside node_modules ./easing/cubic-bezier.mjs
2026-04-06T23:18:55.868Z next:jsconfig-paths-plugin skipping request as it is inside node_modules ./easing/ease.mjs
2026-04-06T23:18:55.869Z next:jsconfig-paths-plugin skipping request as it is inside node_modules ./easing/steps.mjs
2026-04-06T23:18:55.872Z next:jsconfig-paths-plugin skipping request as it is inside node_modules ./layout/LayoutAnimationBuilder.mjs
2026-04-06T23:18:55.873Z next:jsconfig-paths-plugin skipping request as it is inside node_modules ./deriveState-ChDqlleE.mjs
2026-04-06T23:18:55.890Z next:jsconfig-paths-plugin skipping request as it is inside node_modules ../util/ReactUtils
2026-04-06T23:18:55.890Z next:jsconfig-paths-plugin skipping request as it is inside node_modules ../util/ReactUtils
2026-04-06T23:18:55.890Z next:jsconfig-paths-plugin skipping request as it is inside node_modules ../util/ReactUtils
2026-04-06T23:18:55.890Z next:jsconfig-paths-plugin skipping request as it is inside node_modules ../util/ReactUtils
2026-04-06T23:18:55.900Z next:jsconfig-paths-plugin skipping request as it is inside node_modules ./icons/circle-question-mark.js
2026-04-06T23:18:55.901Z next:jsconfig-paths-plugin skipping request as it is inside node_modules @radix-ui/react-slot
2026-04-06T23:18:55.901Z next:jsconfig-paths-plugin skipping request as it is inside node_modules @radix-ui/react-slot
2026-04-06T23:18:55.919Z next:jsconfig-paths-plugin skipping request as it is inside node_modules ./easing/utils/get-easing-for-segment.mjs
2026-04-06T23:18:55.919Z next:jsconfig-paths-plugin skipping request as it is inside node_modules ./easing/utils/is-bezier-definition.mjs
2026-04-06T23:18:55.919Z next:jsconfig-paths-plugin skipping request as it is inside node_modules ./easing/utils/map.mjs
2026-04-06T23:18:55.919Z next:jsconfig-paths-plugin skipping request as it is inside node_modules ./easing/utils/is-easing-array.mjs
2026-04-06T23:18:55.921Z next:jsconfig-paths-plugin skipping request as it is inside node_modules ./easing/modifiers/mirror.mjs
2026-04-06T23:18:55.922Z next:jsconfig-paths-plugin skipping request as it is inside node_modules ./easing/modifiers/reverse.mjs
2026-04-06T23:18:55.949Z next:jsconfig-paths-plugin skipping request as it is inside node_modules ./icons/bot.js
2026-04-06T23:18:55.949Z next:jsconfig-paths-plugin skipping request as it is inside node_modules client-only
2026-04-06T23:18:55.949Z next:jsconfig-paths-plugin skipping request as it is inside node_modules react
2026-04-06T23:18:55.949Z next:jsconfig-paths-plugin skipping request as it is inside node_modules next/dist/compiled/client-only/index
2026-04-06T23:18:55.949Z next:jsconfig-paths-plugin skipping request as it is inside node_modules next/dist/server/future/route-modules/app-page/vendored/ssr/react
2026-04-06T23:18:55.949Z next:jsconfig-paths-plugin skipping request as it is inside node_modules C:\Users\Ahmed Amin Bejoui\Desktop\ai-code-review-platform\apps\dashboard\node_modules\next/dist/compiled/client-only/index
2026-04-06T23:18:55.950Z next:jsconfig-paths-plugin skipping request as it is inside node_modules C:\Users\Ahmed Amin Bejoui\Desktop\ai-code-review-platform\apps\dashboard\node_modules\next/dist/server/future/route-modules/app-page/vendored/ssr/react
2026-04-06T23:18:55.950Z next:jsconfig-paths-plugin skipping request as it is inside node_modules react
2026-04-06T23:18:55.950Z next:jsconfig-paths-plugin skipping request as it is inside node_modules next/dist/server/future/route-modules/app-page/vendored/ssr/react
2026-04-06T23:18:55.951Z next:jsconfig-paths-plugin skipping request as it is inside node_modules C:\Users\Ahmed Amin Bejoui\Desktop\ai-code-review-platform\apps\dashboard\node_modules\next/dist/server/future/route-modules/app-page/vendored/ssr/react
2026-04-06T23:18:55.990Z next:jsconfig-paths-plugin skipping request as it is inside node_modules ./icons/shield-x.js
2026-04-06T23:18:55.990Z next:jsconfig-paths-plugin skipping request as it is inside node_modules ./icons/shield-check.js
2026-04-06T23:18:55.993Z next:jsconfig-paths-plugin skipping request as it is inside node_modules ../util/ReactUtils
2026-04-06T23:18:55.993Z next:jsconfig-paths-plugin skipping request as it is inside node_modules lodash/isFunction
2026-04-06T23:18:55.993Z next:jsconfig-paths-plugin skipping request as it is inside node_modules ../container/Layer
2026-04-06T23:18:55.993Z next:jsconfig-paths-plugin skipping request as it is inside node_modules ../component/Text
2026-04-06T23:18:55.993Z next:jsconfig-paths-plugin skipping request as it is inside node_modules ../util/ChartUtils
2026-04-06T23:18:55.993Z next:jsconfig-paths-plugin skipping request as it is inside node_modules ../util/DataUtils
2026-04-06T23:18:55.993Z next:jsconfig-paths-plugin skipping request as it is inside node_modules ../util/ReactUtils
2026-04-06T23:18:55.993Z next:jsconfig-paths-plugin skipping request as it is inside node_modules ../util/ReactUtils
2026-04-06T23:18:55.993Z next:jsconfig-paths-plugin skipping request as it is inside node_modules ../container/Layer
2026-04-06T23:18:55.994Z next:jsconfig-paths-plugin skipping request as it is inside node_modules ../component/Text
2026-04-06T23:18:55.994Z next:jsconfig-paths-plugin skipping request as it is inside node_modules ../util/ChartUtils
2026-04-06T23:18:55.994Z next:jsconfig-paths-plugin skipping request as it is inside node_modules ../util/DataUtils
2026-04-06T23:18:55.994Z next:jsconfig-paths-plugin skipping request as it is inside node_modules ../util/ReactUtils
2026-04-06T23:18:55.996Z next:jsconfig-paths-plugin skipping request as it is inside node_modules lodash/isFunction
2026-04-06T23:18:56.001Z next:jsconfig-paths-plugin skipping request as it is inside node_modules react-smooth
2026-04-06T23:18:56.001Z next:jsconfig-paths-plugin skipping request as it is inside node_modules victory-vendor/d3-scale
2026-04-06T23:18:56.001Z next:jsconfig-paths-plugin skipping request as it is inside node_modules lodash/range
2026-04-06T23:18:56.002Z next:jsconfig-paths-plugin skipping request as it is inside node_modules ../util/CssPrefixUtils
2026-04-06T23:18:56.002Z next:jsconfig-paths-plugin skipping request as it is inside node_modules ./browser-D5e8obql.mjs
2026-04-06T23:18:56.002Z next:jsconfig-paths-plugin skipping request as it is inside node_modules ./eventBus-UpdW-1JB.mjs
2026-04-06T23:18:56.003Z next:jsconfig-paths-plugin skipping request as it is inside node_modules lodash/range
2026-04-06T23:18:56.003Z next:jsconfig-paths-plugin skipping request as it is inside node_modules lodash/range
2026-04-06T23:18:56.004Z next:jsconfig-paths-plugin skipping request as it is inside node_modules lodash/range
2026-04-06T23:18:56.004Z next:jsconfig-paths-plugin skipping request as it is inside node_modules victory-vendor/d3-scale
2026-04-06T23:18:56.004Z next:jsconfig-paths-plugin skipping request as it is inside node_modules react-smooth
2026-04-06T23:18:56.006Z next:jsconfig-paths-plugin skipping request as it is inside node_modules lodash/range
2026-04-06T23:18:56.006Z next:jsconfig-paths-plugin skipping request as it is inside node_modules victory-vendor/d3-scale
2026-04-06T23:18:56.052Z next:jsconfig-paths-plugin skipping request as it is inside node_modules ./icons/circle-question-mark.js
2026-04-06T23:18:56.200Z next:jsconfig-paths-plugin skipping request as it is inside node_modules ../util/CssPrefixUtils
2026-04-06T23:18:56.217Z next:jsconfig-paths-plugin skipping request as it is inside node_modules ../util/CssPrefixUtils
2026-04-06T23:18:56.217Z next:jsconfig-paths-plugin skipping request as it is inside node_modules ../util/CssPrefixUtils
2026-04-06T23:18:56.236Z next:jsconfig-paths-plugin skipping request as it is a relative path ./dashboard-analyses
2026-04-06T23:18:56.236Z next:jsconfig-paths-plugin skipping request as it is inside node_modules ./ReactUtils
2026-04-06T23:18:56.237Z next:jsconfig-paths-plugin skipping request as it is inside node_modules ./DataUtils
2026-04-06T23:18:56.237Z next:jsconfig-paths-plugin skipping request as it is inside node_modules ./DataUtils
2026-04-06T23:18:56.237Z next:jsconfig-paths-plugin skipping request as it is inside node_modules ../util/ReactUtils
2026-04-06T23:18:56.237Z next:jsconfig-paths-plugin skipping request as it is inside node_modules ../util/TickUtils
2026-04-06T23:18:56.237Z next:jsconfig-paths-plugin skipping request as it is inside node_modules ./ChartUtils
2026-04-06T23:18:56.237Z next:jsconfig-paths-plugin skipping request as it is inside node_modules ./ReactUtils
2026-04-06T23:18:56.237Z next:jsconfig-paths-plugin skipping request as it is inside node_modules ../util/ReactUtils
2026-04-06T23:18:56.237Z next:jsconfig-paths-plugin skipping request as it is inside node_modules lodash/upperFirst
2026-04-06T23:18:56.237Z next:jsconfig-paths-plugin skipping request as it is a relative path ./dashboard-analyses
2026-04-06T23:18:56.238Z next:jsconfig-paths-plugin skipping request as it is inside node_modules ./ReactUtils
2026-04-06T23:18:56.238Z next:jsconfig-paths-plugin skipping request as it is inside node_modules ./DataUtils
2026-04-06T23:18:56.238Z next:jsconfig-paths-plugin skipping request as it is inside node_modules ./DataUtils
2026-04-06T23:18:56.238Z next:jsconfig-paths-plugin skipping request as it is inside node_modules ../util/ReactUtils
2026-04-06T23:18:56.238Z next:jsconfig-paths-plugin skipping request as it is inside node_modules ../util/TickUtils
2026-04-06T23:18:56.238Z next:jsconfig-paths-plugin skipping request as it is inside node_modules ./ChartUtils
2026-04-06T23:18:56.238Z next:jsconfig-paths-plugin skipping request as it is inside node_modules ./ReactUtils
2026-04-06T23:18:56.238Z next:jsconfig-paths-plugin skipping request as it is inside node_modules ../util/ReactUtils
2026-04-06T23:18:56.239Z next:jsconfig-paths-plugin skipping request as it is inside node_modules lodash/upperFirst
2026-04-06T23:18:56.248Z next:jsconfig-paths-plugin skipping request as it is a relative path ./dashboard-analyses
2026-04-06T23:18:56.248Z next:jsconfig-paths-plugin skipping request as it is inside node_modules ../cartesian/ReferenceDot
2026-04-06T23:18:56.248Z next:jsconfig-paths-plugin skipping request as it is inside node_modules ../cartesian/ReferenceLine
2026-04-06T23:18:56.248Z next:jsconfig-paths-plugin skipping request as it is inside node_modules ../cartesian/ReferenceArea
2026-04-06T23:18:56.248Z next:jsconfig-paths-plugin skipping request as it is inside node_modules ./IfOverflowMatches
2026-04-06T23:18:56.248Z next:jsconfig-paths-plugin skipping request as it is inside node_modules eventemitter3
2026-04-06T23:18:56.248Z next:jsconfig-paths-plugin moduleName did not match any paths pattern react/jsx-runtime
2026-04-06T23:18:56.249Z next:jsconfig-paths-plugin moduleName did not match any paths pattern react
2026-04-06T23:18:56.249Z next:jsconfig-paths-plugin moduleName did not match any paths pattern framer-motion
2026-04-06T23:18:56.249Z next:jsconfig-paths-plugin skipping request as it is inside node_modules ./Global
2026-04-06T23:18:56.249Z next:jsconfig-paths-plugin skipping request as it is inside node_modules ../shape/Curve
2026-04-06T23:18:56.249Z next:jsconfig-paths-plugin skipping request as it is inside node_modules ../shape/Cross
2026-04-06T23:18:56.249Z next:jsconfig-paths-plugin skipping request as it is inside node_modules ../util/cursor/getCursorRectangle
2026-04-06T23:18:56.249Z next:jsconfig-paths-plugin skipping request as it is inside node_modules ../shape/Rectangle
2026-04-06T23:18:56.249Z next:jsconfig-paths-plugin skipping request as it is inside node_modules ../util/cursor/getRadialCursorPoints
2026-04-06T23:18:56.249Z next:jsconfig-paths-plugin skipping request as it is inside node_modules ../shape/Sector
2026-04-06T23:18:56.249Z next:jsconfig-paths-plugin skipping request as it is inside node_modules ../util/cursor/getCursorPoints
2026-04-06T23:18:56.249Z next:jsconfig-paths-plugin skipping request as it is inside node_modules ./CartesianUtils
2026-04-06T23:18:56.250Z next:jsconfig-paths-plugin skipping request as it is inside node_modules ./getEveryNthWithCondition
2026-04-06T23:18:56.250Z next:jsconfig-paths-plugin skipping request as it is inside node_modules ../util/getEveryNthWithCondition
2026-04-06T23:18:56.250Z next:jsconfig-paths-plugin moduleName did not match any paths pattern @radix-ui/react-collapsible
2026-04-06T23:18:56.250Z next:jsconfig-paths-plugin skipping request as it is inside node_modules lodash/memoize
2026-04-06T23:18:56.250Z next:jsconfig-paths-plugin skipping request as it is inside node_modules ../component/Legend
2026-04-06T23:18:56.250Z next:jsconfig-paths-plugin moduleName did not match any paths pattern lucide-react
2026-04-06T23:18:56.288Z next:jsconfig-paths-plugin skipping request as it is an absolute path C:\Users\Ahmed Amin Bejoui\Desktop\ai-code-review-platform\apps\dashboard\components\ui\button
2026-04-06T23:18:56.288Z next:jsconfig-paths-plugin skipping request as it is an absolute path C:\Users\Ahmed Amin Bejoui\Desktop\ai-code-review-platform\apps\dashboard\components\ui\popover
2026-04-06T23:18:56.288Z next:jsconfig-paths-plugin skipping request as it is an absolute path C:\Users\Ahmed Amin Bejoui\Desktop\ai-code-review-platform\apps\dashboard\components\ui\scroll-area
2026-04-06T23:18:56.288Z next:jsconfig-paths-plugin skipping request as it is an absolute path C:\Users\Ahmed Amin Bejoui\Desktop\ai-code-review-platform\apps\dashboard\components\ui\badge
2026-04-06T23:18:56.289Z next:jsconfig-paths-plugin skipping request as it is an absolute path C:\Users\Ahmed Amin Bejoui\Desktop\ai-code-review-platform\apps\dashboard\components\ui\separator
2026-04-06T23:18:56.289Z next:jsconfig-paths-plugin skipping request as it is an absolute path C:\Users\Ahmed Amin Bejoui\Desktop\ai-code-review-platform\apps\dashboard\components\dashboard\dashboard-user-provider
2026-04-06T23:18:56.289Z next:jsconfig-paths-plugin skipping request as it is an absolute path C:\Users\Ahmed Amin Bejoui\Desktop\ai-code-review-platform\apps\dashboard\components\ui\utils
2026-04-06T23:18:56.289Z next:jsconfig-paths-plugin skipping request as it is an absolute path C:\Users\Ahmed Amin Bejoui\Desktop\ai-code-review-platform\apps\dashboard\node_modules\lucide-react\dist\esm\lucide-react.js
2026-04-06T23:18:56.304Z next:jsconfig-paths-plugin skipping request as it is inside node_modules ./Global
2026-04-06T23:18:56.304Z next:jsconfig-paths-plugin skipping request as it is inside node_modules ../shape/Curve
2026-04-06T23:18:56.305Z next:jsconfig-paths-plugin skipping request as it is inside node_modules ../shape/Rectangle
2026-04-06T23:18:56.305Z next:jsconfig-paths-plugin skipping request as it is inside node_modules ../shape/Sector
2026-04-06T23:18:56.305Z next:jsconfig-paths-plugin skipping request as it is inside node_modules ./CartesianUtils
2026-04-06T23:18:56.305Z next:jsconfig-paths-plugin skipping request as it is inside node_modules ../component/Legend
2026-04-06T23:18:56.305Z next:jsconfig-paths-plugin skipping request as it is a relative path ./dashboard-analyses
2026-04-06T23:18:56.306Z next:jsconfig-paths-plugin skipping request as it is inside node_modules ./Global
2026-04-06T23:18:56.306Z next:jsconfig-paths-plugin skipping request as it is inside node_modules ../shape/Curve
2026-04-06T23:18:56.306Z next:jsconfig-paths-plugin skipping request as it is inside node_modules ../shape/Rectangle
2026-04-06T23:18:56.306Z next:jsconfig-paths-plugin skipping request as it is inside node_modules ../shape/Sector
2026-04-06T23:18:56.306Z next:jsconfig-paths-plugin skipping request as it is inside node_modules ./CartesianUtils
2026-04-06T23:18:56.306Z next:jsconfig-paths-plugin skipping request as it is inside node_modules ../component/Legend
2026-04-06T23:18:56.308Z next:jsconfig-paths-plugin skipping request as it is inside node_modules ./Global
2026-04-06T23:18:56.308Z next:jsconfig-paths-plugin skipping request as it is inside node_modules ../shape/Curve
2026-04-06T23:18:56.308Z next:jsconfig-paths-plugin skipping request as it is inside node_modules ../shape/Rectangle
2026-04-06T23:18:56.308Z next:jsconfig-paths-plugin skipping request as it is inside node_modules ../shape/Sector
2026-04-06T23:18:56.308Z next:jsconfig-paths-plugin skipping request as it is inside node_modules ./CartesianUtils
2026-04-06T23:18:56.308Z next:jsconfig-paths-plugin skipping request as it is inside node_modules ../component/Legend
2026-04-06T23:18:56.310Z next:jsconfig-paths-plugin skipping request as it is inside node_modules ./Global
2026-04-06T23:18:56.311Z next:jsconfig-paths-plugin skipping request as it is inside node_modules ../shape/Curve
2026-04-06T23:18:56.311Z next:jsconfig-paths-plugin skipping request as it is inside node_modules ../shape/Rectangle
2026-04-06T23:18:56.311Z next:jsconfig-paths-plugin skipping request as it is inside node_modules ../shape/Sector
2026-04-06T23:18:56.311Z next:jsconfig-paths-plugin skipping request as it is inside node_modules ./CartesianUtils
2026-04-06T23:18:56.311Z next:jsconfig-paths-plugin skipping request as it is inside node_modules ../component/Legend
2026-04-06T23:18:56.376Z next:jsconfig-paths-plugin skipping request as it is inside node_modules ./icons/bot.js
2026-04-06T23:18:56.483Z next:jsconfig-paths-plugin skipping request as it is inside node_modules ./browser-D5e8obql.mjs
2026-04-06T23:18:56.484Z next:jsconfig-paths-plugin skipping request as it is inside node_modules ./eventBus-UpdW-1JB.mjs
2026-04-06T23:18:56.486Z next:jsconfig-paths-plugin skipping request as it is inside node_modules ../cartesian/ReferenceDot
2026-04-06T23:18:56.486Z next:jsconfig-paths-plugin skipping request as it is inside node_modules ../cartesian/ReferenceDot
2026-04-06T23:18:56.487Z next:jsconfig-paths-plugin skipping request as it is inside node_modules ../cartesian/ReferenceDot
2026-04-06T23:18:56.487Z next:jsconfig-paths-plugin skipping request as it is inside node_modules ../cartesian/ReferenceLine
2026-04-06T23:18:56.487Z next:jsconfig-paths-plugin skipping request as it is inside node_modules ../cartesian/ReferenceLine
2026-04-06T23:18:56.488Z next:jsconfig-paths-plugin skipping request as it is inside node_modules ../cartesian/ReferenceLine
2026-04-06T23:18:56.488Z next:jsconfig-paths-plugin skipping request as it is inside node_modules ../cartesian/ReferenceArea
2026-04-06T23:18:56.488Z next:jsconfig-paths-plugin skipping request as it is inside node_modules ../cartesian/ReferenceArea
2026-04-06T23:18:56.489Z next:jsconfig-paths-plugin skipping request as it is inside node_modules ../cartesian/ReferenceArea
2026-04-06T23:18:56.489Z next:jsconfig-paths-plugin skipping request as it is inside node_modules ./IfOverflowMatches
2026-04-06T23:18:56.489Z next:jsconfig-paths-plugin skipping request as it is inside node_modules ./IfOverflowMatches
2026-04-06T23:18:56.490Z next:jsconfig-paths-plugin skipping request as it is inside node_modules ./IfOverflowMatches
2026-04-06T23:18:56.492Z next:jsconfig-paths-plugin skipping request as it is inside node_modules ../shape/Cross
2026-04-06T23:18:56.492Z next:jsconfig-paths-plugin skipping request as it is inside node_modules ../shape/Cross
2026-04-06T23:18:56.493Z next:jsconfig-paths-plugin skipping request as it is inside node_modules ../shape/Cross
2026-04-06T23:18:56.493Z next:jsconfig-paths-plugin skipping request as it is inside node_modules ./getEveryNthWithCondition
2026-04-06T23:18:56.493Z next:jsconfig-paths-plugin skipping request as it is inside node_modules ../util/getEveryNthWithCondition
2026-04-06T23:18:56.494Z next:jsconfig-paths-plugin skipping request as it is inside node_modules ./getEveryNthWithCondition
2026-04-06T23:18:56.495Z next:jsconfig-paths-plugin skipping request as it is inside node_modules ../util/getEveryNthWithCondition
2026-04-06T23:18:56.496Z next:jsconfig-paths-plugin skipping request as it is inside node_modules ./getEveryNthWithCondition
2026-04-06T23:18:56.496Z next:jsconfig-paths-plugin skipping request as it is inside node_modules ../util/getEveryNthWithCondition
2026-04-06T23:18:56.499Z next:jsconfig-paths-plugin skipping request as it is inside node_modules lodash/memoize
2026-04-06T23:18:56.499Z next:jsconfig-paths-plugin skipping request as it is inside node_modules lodash/memoize
2026-04-06T23:18:56.499Z next:jsconfig-paths-plugin skipping request as it is inside node_modules lodash/memoize
2026-04-06T23:18:56.501Z next:jsconfig-paths-plugin skipping request as it is inside node_modules ../util/ReactUtils
2026-04-06T23:18:56.501Z next:jsconfig-paths-plugin skipping request as it is inside node_modules ../util/ReactUtils
2026-04-06T23:18:56.504Z next:jsconfig-paths-plugin skipping request as it is inside node_modules ../runtimeEnvironment-BB2sO-19.mjs
2026-04-06T23:18:56.505Z next:jsconfig-paths-plugin skipping request as it is inside node_modules ../handleValueOrFn-CcwnRX-K.mjs
2026-04-06T23:18:56.505Z next:jsconfig-paths-plugin skipping request as it is inside node_modules ../noop-B3MbDAfb.mjs
2026-04-06T23:18:56.505Z next:jsconfig-paths-plugin skipping request as it is inside node_modules ../createDeferredPromise-CjYZzUuU.mjs
2026-04-06T23:18:56.505Z next:jsconfig-paths-plugin skipping request as it is inside node_modules ../utils-BfsP_p13.mjs
2026-04-06T23:18:56.505Z next:jsconfig-paths-plugin skipping request as it is inside node_modules ../instance-Cze6Nv61.mjs
2026-04-06T23:18:56.505Z next:jsconfig-paths-plugin skipping request as it is inside node_modules ../constants-ByUssRbE.mjs
2026-04-06T23:18:56.505Z next:jsconfig-paths-plugin skipping request as it is inside node_modules ../isomorphicAtob-DybBXGFR.mjs
2026-04-06T23:18:56.505Z next:jsconfig-paths-plugin skipping request as it is inside node_modules ../isomorphicBtoa-Dr7WubZv.mjs
2026-04-06T23:18:56.505Z next:jsconfig-paths-plugin skipping request as it is inside node_modules ../keys-YNv6yjKk.mjs
2026-04-06T23:18:56.505Z next:jsconfig-paths-plugin skipping request as it is inside node_modules ../authorization-errors-CS1pNy8i.mjs
2026-04-06T23:18:56.505Z next:jsconfig-paths-plugin skipping request as it is inside node_modules ../authorization-D2ans7vW.mjs
2026-04-06T23:18:56.505Z next:jsconfig-paths-plugin skipping request as it is inside node_modules ../error-Dl9xmUf3.mjs
2026-04-06T23:18:56.505Z next:jsconfig-paths-plugin skipping request as it is inside node_modules ../noop-B3MbDAfb.mjs
2026-04-06T23:18:56.505Z next:jsconfig-paths-plugin skipping request as it is inside node_modules ../createDeferredPromise-CjYZzUuU.mjs
2026-04-06T23:18:56.505Z next:jsconfig-paths-plugin skipping request as it is inside node_modules ../underscore-DjQrhefX.mjs
2026-04-06T23:18:56.505Z next:jsconfig-paths-plugin skipping request as it is inside node_modules ../organization-BqxdOtRG.mjs
2026-04-06T23:18:56.505Z next:jsconfig-paths-plugin skipping request as it is inside node_modules ../telemetry-wqMDWlvR.mjs
2026-04-06T23:18:56.505Z next:jsconfig-paths-plugin skipping request as it is inside node_modules react
2026-04-06T23:18:56.506Z next:jsconfig-paths-plugin skipping request as it is inside node_modules swr
2026-04-06T23:18:56.506Z next:jsconfig-paths-plugin skipping request as it is inside node_modules swr/infinite
2026-04-06T23:18:56.506Z next:jsconfig-paths-plugin skipping request as it is inside node_modules dequal
2026-04-06T23:18:56.506Z next:jsconfig-paths-plugin skipping request as it is inside node_modules swr/mutation
2026-04-06T23:18:56.506Z next:jsconfig-paths-plugin skipping request as it is inside node_modules motion-utils
2026-04-06T23:18:56.506Z next:jsconfig-paths-plugin skipping request as it is inside node_modules ../../motion/index.mjs
2026-04-06T23:18:56.506Z next:jsconfig-paths-plugin skipping request as it is inside node_modules motion-dom
2026-04-06T23:18:56.539Z next:jsconfig-paths-plugin skipping request as it is inside node_modules ../../../motion/features/animations.mjs
2026-04-06T23:18:56.539Z next:jsconfig-paths-plugin skipping request as it is inside node_modules ../../../motion/features/drag.mjs
2026-04-06T23:18:56.539Z next:jsconfig-paths-plugin skipping request as it is inside node_modules ../../../motion/features/gestures.mjs
2026-04-06T23:18:56.539Z next:jsconfig-paths-plugin skipping request as it is inside node_modules ../../../motion/features/layout.mjs
2026-04-06T23:18:56.540Z next:jsconfig-paths-plugin skipping request as it is inside node_modules ../offsets/presets.mjs
2026-04-06T23:18:56.567Z next:jsconfig-paths-plugin skipping request as it is inside node_modules ../instance-Cze6Nv61.mjs
2026-04-06T23:18:56.567Z next:jsconfig-paths-plugin skipping request as it is inside node_modules ../constants-ByUssRbE.mjs
2026-04-06T23:18:56.567Z next:jsconfig-paths-plugin skipping request as it is inside node_modules ../isomorphicAtob-DybBXGFR.mjs
2026-04-06T23:18:56.567Z next:jsconfig-paths-plugin skipping request as it is inside node_modules ../isomorphicBtoa-Dr7WubZv.mjs
2026-04-06T23:18:56.567Z next:jsconfig-paths-plugin skipping request as it is inside node_modules ../keys-YNv6yjKk.mjs
2026-04-06T23:18:56.567Z next:jsconfig-paths-plugin skipping request as it is inside node_modules ../error-Dl9xmUf3.mjs
2026-04-06T23:18:56.567Z next:jsconfig-paths-plugin skipping request as it is inside node_modules motion-dom
2026-04-06T23:18:56.567Z next:jsconfig-paths-plugin skipping request as it is inside node_modules ../../../motion/features/animations.mjs
2026-04-06T23:18:56.568Z next:jsconfig-paths-plugin skipping request as it is inside node_modules ../../../motion/features/drag.mjs
2026-04-06T23:18:56.568Z next:jsconfig-paths-plugin skipping request as it is inside node_modules ../../../motion/features/gestures.mjs
2026-04-06T23:18:56.568Z next:jsconfig-paths-plugin skipping request as it is inside node_modules ../../../motion/features/layout.mjs
2026-04-06T23:18:56.609Z next:jsconfig-paths-plugin moduleName did not match any paths pattern react
2026-04-06T23:18:56.610Z next:jsconfig-paths-plugin moduleName did not match any paths pattern framer-motion
2026-04-06T23:18:56.610Z next:jsconfig-paths-plugin moduleName did not match any paths pattern next/dist/server/future/route-modules/app-page/vendored/ssr/react
2026-04-06T23:18:56.610Z next:jsconfig-paths-plugin skipping request as it is an absolute path C:\Users\Ahmed Amin Bejoui\Desktop\ai-code-review-platform\apps\dashboard\node_modules\next/dist/server/future/route-modules/app-page/vendored/ssr/react
2026-04-06T23:18:57.022Z next:jsconfig-paths-plugin skipping request as it is inside node_modules ../util/CssPrefixUtils
2026-04-06T23:18:57.024Z next:jsconfig-paths-plugin skipping request as it is inside node_modules ../util/cursor/getCursorRectangle
2026-04-06T23:18:57.024Z next:jsconfig-paths-plugin skipping request as it is inside node_modules ../util/cursor/getCursorRectangle
2026-04-06T23:18:57.025Z next:jsconfig-paths-plugin skipping request as it is inside node_modules ../util/cursor/getCursorRectangle
2026-04-06T23:18:57.025Z next:jsconfig-paths-plugin skipping request as it is inside node_modules ../util/cursor/getRadialCursorPoints
2026-04-06T23:18:57.025Z next:jsconfig-paths-plugin skipping request as it is inside node_modules ../util/cursor/getRadialCursorPoints
2026-04-06T23:18:57.026Z next:jsconfig-paths-plugin skipping request as it is inside node_modules ../util/cursor/getRadialCursorPoints
2026-04-06T23:18:57.026Z next:jsconfig-paths-plugin skipping request as it is inside node_modules ../util/cursor/getCursorPoints
2026-04-06T23:18:57.026Z next:jsconfig-paths-plugin skipping request as it is inside node_modules ../util/cursor/getCursorPoints
2026-04-06T23:18:57.028Z next:jsconfig-paths-plugin skipping request as it is inside node_modules ../util/cursor/getCursorPoints
2026-04-06T23:18:57.031Z next:jsconfig-paths-plugin skipping request as it is inside node_modules motion-utils
2026-04-06T23:18:57.063Z next:jsconfig-paths-plugin skipping request as it is inside node_modules ./_baseIteratee
2026-04-06T23:18:57.063Z next:jsconfig-paths-plugin skipping request as it is inside node_modules ./_baseLt
2026-04-06T23:18:57.063Z next:jsconfig-paths-plugin skipping request as it is inside node_modules ./_baseFlatten
2026-04-06T23:18:57.064Z next:jsconfig-paths-plugin skipping request as it is inside node_modules ./_baseOrderBy
2026-04-06T23:18:57.064Z next:jsconfig-paths-plugin skipping request as it is inside node_modules ./_baseRest
2026-04-06T23:18:57.064Z next:jsconfig-paths-plugin skipping request as it is inside node_modules ./_isIterateeCall
2026-04-06T23:18:57.064Z next:jsconfig-paths-plugin skipping request as it is inside node_modules ./_createRange
2026-04-06T23:18:57.064Z next:jsconfig-paths-plugin skipping request as it is inside node_modules react
2026-04-06T23:18:57.064Z next:jsconfig-paths-plugin skipping request as it is inside node_modules @radix-ui/number
2026-04-06T23:18:57.065Z next:jsconfig-paths-plugin skipping request as it is inside node_modules @radix-ui/primitive
2026-04-06T23:18:57.065Z next:jsconfig-paths-plugin skipping request as it is inside node_modules @radix-ui/react-compose-refs
2026-04-06T23:18:57.065Z next:jsconfig-paths-plugin skipping request as it is inside node_modules @radix-ui/react-context
2026-04-06T23:18:57.065Z next:jsconfig-paths-plugin skipping request as it is inside node_modules @radix-ui/react-use-controllable-state
2026-04-06T23:18:57.065Z next:jsconfig-paths-plugin skipping request as it is inside node_modules @radix-ui/react-direction
2026-04-06T23:18:57.065Z next:jsconfig-paths-plugin skipping request as it is inside node_modules @radix-ui/react-use-previous
2026-04-06T23:18:57.065Z next:jsconfig-paths-plugin skipping request as it is inside node_modules @radix-ui/react-use-size
2026-04-06T23:18:57.065Z next:jsconfig-paths-plugin skipping request as it is inside node_modules @radix-ui/react-primitive
2026-04-06T23:18:57.065Z next:jsconfig-paths-plugin skipping request as it is inside node_modules @radix-ui/react-collection
2026-04-06T23:18:57.065Z next:jsconfig-paths-plugin skipping request as it is inside node_modules react/jsx-runtime
2026-04-06T23:18:57.065Z next:jsconfig-paths-plugin skipping request as it is inside node_modules ./use-isomorphic-effect.mjs
2026-04-06T23:18:57.066Z next:jsconfig-paths-plugin skipping request as it is inside node_modules react
2026-04-06T23:18:57.066Z next:jsconfig-paths-plugin skipping request as it is inside node_modules ./utils/is-svg-component.mjs
2026-04-06T23:18:57.066Z next:jsconfig-paths-plugin skipping request as it is inside node_modules motion-dom
2026-04-06T23:18:57.066Z next:jsconfig-paths-plugin skipping request as it is inside node_modules ./definitions.mjs
2026-04-06T23:18:57.066Z next:jsconfig-paths-plugin skipping request as it is inside node_modules ../../gestures/hover.mjs
2026-04-06T23:18:57.066Z next:jsconfig-paths-plugin skipping request as it is inside node_modules ../../gestures/focus.mjs
2026-04-06T23:18:57.066Z next:jsconfig-paths-plugin skipping request as it is inside node_modules ../../gestures/press.mjs
2026-04-06T23:18:57.066Z next:jsconfig-paths-plugin skipping request as it is inside node_modules ./viewport/index.mjs
2026-04-06T23:18:57.066Z next:jsconfig-paths-plugin skipping request as it is inside node_modules ../../gestures/drag/index.mjs
2026-04-06T23:18:57.066Z next:jsconfig-paths-plugin skipping request as it is inside node_modules ../../gestures/pan/index.mjs
2026-04-06T23:18:57.066Z next:jsconfig-paths-plugin skipping request as it is inside node_modules ./layout/MeasureLayout.mjs
2026-04-06T23:18:57.066Z next:jsconfig-paths-plugin skipping request as it is inside node_modules ../sequence/create.mjs
2026-04-06T23:18:57.067Z next:jsconfig-paths-plugin skipping request as it is inside node_modules motion-dom
2026-04-06T23:18:57.068Z next:jsconfig-paths-plugin skipping request as it is inside node_modules ./use-isomorphic-effect.mjs
2026-04-06T23:18:57.068Z next:jsconfig-paths-plugin skipping request as it is inside node_modules react
2026-04-06T23:18:57.068Z next:jsconfig-paths-plugin skipping request as it is inside node_modules next/dist/server/future/route-modules/app-page/vendored/ssr/react
2026-04-06T23:18:57.069Z next:jsconfig-paths-plugin skipping request as it is inside node_modules C:\Users\Ahmed Amin Bejoui\Desktop\ai-code-review-platform\apps\dashboard\node_modules\next/dist/server/future/route-modules/app-page/vendored/ssr/react
2026-04-06T23:18:57.085Z next:jsconfig-paths-plugin skipping request as it is an absolute path C:\Users\Ahmed Amin Bejoui\Desktop\ai-code-review-platform\apps\dashboard\components\ui\scroll-area
2026-04-06T23:18:57.085Z next:jsconfig-paths-plugin skipping request as it is an absolute path C:\Users\Ahmed Amin Bejoui\Desktop\ai-code-review-platform\apps\dashboard\components\ui\badge
2026-04-06T23:18:57.085Z next:jsconfig-paths-plugin skipping request as it is an absolute path C:\Users\Ahmed Amin Bejoui\Desktop\ai-code-review-platform\apps\dashboard\components\ui\separator
2026-04-06T23:18:57.085Z next:jsconfig-paths-plugin skipping request as it is an absolute path C:\Users\Ahmed Amin Bejoui\Desktop\ai-code-review-platform\apps\dashboard\components\dashboard\dashboard-user-provider
2026-04-06T23:18:57.085Z next:jsconfig-paths-plugin skipping request as it is an absolute path C:\Users\Ahmed Amin Bejoui\Desktop\ai-code-review-platform\apps\dashboard\components\ui\button
2026-04-06T23:18:57.085Z next:jsconfig-paths-plugin skipping request as it is an absolute path C:\Users\Ahmed Amin Bejoui\Desktop\ai-code-review-platform\apps\dashboard\components\ui\utils
2026-04-06T23:18:57.086Z next:jsconfig-paths-plugin skipping request as it is an absolute path C:\Users\Ahmed Amin Bejoui\Desktop\ai-code-review-platform\apps\dashboard\components\ui\scroll-area
2026-04-06T23:18:57.086Z next:jsconfig-paths-plugin skipping request as it is an absolute path C:\Users\Ahmed Amin Bejoui\Desktop\ai-code-review-platform\apps\dashboard\components\ui\badge
2026-04-06T23:18:57.086Z next:jsconfig-paths-plugin skipping request as it is an absolute path C:\Users\Ahmed Amin Bejoui\Desktop\ai-code-review-platform\apps\dashboard\components\ui\separator
2026-04-06T23:18:57.086Z next:jsconfig-paths-plugin skipping request as it is an absolute path C:\Users\Ahmed Amin Bejoui\Desktop\ai-code-review-platform\apps\dashboard\components\dashboard\dashboard-user-provider
2026-04-06T23:18:57.086Z next:jsconfig-paths-plugin skipping request as it is an absolute path C:\Users\Ahmed Amin Bejoui\Desktop\ai-code-review-platform\apps\dashboard\components\ui\button
2026-04-06T23:18:57.087Z next:jsconfig-paths-plugin skipping request as it is an absolute path C:\Users\Ahmed Amin Bejoui\Desktop\ai-code-review-platform\apps\dashboard\components\ui\utils
2026-04-06T23:18:57.146Z next:jsconfig-paths-plugin skipping request as it is an absolute path C:\Users\Ahmed Amin Bejoui\Desktop\ai-code-review-platform\apps\dashboard\components\ui\scroll-area
2026-04-06T23:18:57.146Z next:jsconfig-paths-plugin skipping request as it is an absolute path C:\Users\Ahmed Amin Bejoui\Desktop\ai-code-review-platform\apps\dashboard\components\ui\badge
2026-04-06T23:18:57.146Z next:jsconfig-paths-plugin skipping request as it is an absolute path C:\Users\Ahmed Amin Bejoui\Desktop\ai-code-review-platform\apps\dashboard\components\ui\separator
2026-04-06T23:18:57.147Z next:jsconfig-paths-plugin skipping request as it is an absolute path C:\Users\Ahmed Amin Bejoui\Desktop\ai-code-review-platform\apps\dashboard\components\dashboard\dashboard-user-provider
2026-04-06T23:18:57.147Z next:jsconfig-paths-plugin skipping request as it is an absolute path C:\Users\Ahmed Amin Bejoui\Desktop\ai-code-review-platform\apps\dashboard\components\ui\button
2026-04-06T23:18:57.147Z next:jsconfig-paths-plugin skipping request as it is an absolute path C:\Users\Ahmed Amin Bejoui\Desktop\ai-code-review-platform\apps\dashboard\components\ui\utils
2026-04-06T23:18:57.149Z next:jsconfig-paths-plugin skipping request as it is an absolute path C:\Users\Ahmed Amin Bejoui\Desktop\ai-code-review-platform\apps\dashboard\components\ui\scroll-area
2026-04-06T23:18:57.149Z next:jsconfig-paths-plugin skipping request as it is an absolute path C:\Users\Ahmed Amin Bejoui\Desktop\ai-code-review-platform\apps\dashboard\components\ui\badge
2026-04-06T23:18:57.149Z next:jsconfig-paths-plugin skipping request as it is an absolute path C:\Users\Ahmed Amin Bejoui\Desktop\ai-code-review-platform\apps\dashboard\components\ui\separator
2026-04-06T23:18:57.149Z next:jsconfig-paths-plugin skipping request as it is an absolute path C:\Users\Ahmed Amin Bejoui\Desktop\ai-code-review-platform\apps\dashboard\components\dashboard\dashboard-user-provider
2026-04-06T23:18:57.149Z next:jsconfig-paths-plugin skipping request as it is an absolute path C:\Users\Ahmed Amin Bejoui\Desktop\ai-code-review-platform\apps\dashboard\components\ui\button
2026-04-06T23:18:57.149Z next:jsconfig-paths-plugin skipping request as it is an absolute path C:\Users\Ahmed Amin Bejoui\Desktop\ai-code-review-platform\apps\dashboard\components\ui\utils
2026-04-06T23:18:57.151Z next:jsconfig-paths-plugin skipping request as it is an absolute path C:\Users\Ahmed Amin Bejoui\Desktop\ai-code-review-platform\apps\dashboard\components\ui\scroll-area
2026-04-06T23:18:57.151Z next:jsconfig-paths-plugin skipping request as it is an absolute path C:\Users\Ahmed Amin Bejoui\Desktop\ai-code-review-platform\apps\dashboard\components\ui\badge
2026-04-06T23:18:57.151Z next:jsconfig-paths-plugin skipping request as it is an absolute path C:\Users\Ahmed Amin Bejoui\Desktop\ai-code-review-platform\apps\dashboard\components\ui\separator
2026-04-06T23:18:57.152Z next:jsconfig-paths-plugin skipping request as it is an absolute path C:\Users\Ahmed Amin Bejoui\Desktop\ai-code-review-platform\apps\dashboard\components\dashboard\dashboard-user-provider
2026-04-06T23:18:57.152Z next:jsconfig-paths-plugin skipping request as it is an absolute path C:\Users\Ahmed Amin Bejoui\Desktop\ai-code-review-platform\apps\dashboard\components\ui\scroll-area
2026-04-06T23:18:57.152Z next:jsconfig-paths-plugin skipping request as it is an absolute path C:\Users\Ahmed Amin Bejoui\Desktop\ai-code-review-platform\apps\dashboard\components\ui\badge
2026-04-06T23:18:57.152Z next:jsconfig-paths-plugin skipping request as it is an absolute path C:\Users\Ahmed Amin Bejoui\Desktop\ai-code-review-platform\apps\dashboard\components\ui\separator
2026-04-06T23:18:57.152Z next:jsconfig-paths-plugin skipping request as it is an absolute path C:\Users\Ahmed Amin Bejoui\Desktop\ai-code-review-platform\apps\dashboard\components\dashboard\dashboard-user-provider
2026-04-06T23:18:57.155Z next:jsconfig-paths-plugin skipping request as it is an absolute path C:\Users\Ahmed Amin Bejoui\Desktop\ai-code-review-platform\apps\dashboard\components\ui\scroll-area
2026-04-06T23:18:57.155Z next:jsconfig-paths-plugin skipping request as it is an absolute path C:\Users\Ahmed Amin Bejoui\Desktop\ai-code-review-platform\apps\dashboard\components\ui\badge
2026-04-06T23:18:57.155Z next:jsconfig-paths-plugin skipping request as it is an absolute path C:\Users\Ahmed Amin Bejoui\Desktop\ai-code-review-platform\apps\dashboard\components\ui\separator
2026-04-06T23:18:57.155Z next:jsconfig-paths-plugin skipping request as it is an absolute path C:\Users\Ahmed Amin Bejoui\Desktop\ai-code-review-platform\apps\dashboard\components\dashboard\dashboard-user-provider
2026-04-06T23:18:57.157Z next:jsconfig-paths-plugin skipping request as it is an absolute path C:\Users\Ahmed Amin Bejoui\Desktop\ai-code-review-platform\apps\dashboard\components\ui\scroll-area
2026-04-06T23:18:57.180Z next:jsconfig-paths-plugin skipping request as it is an absolute path C:\Users\Ahmed Amin Bejoui\Desktop\ai-code-review-platform\apps\dashboard\components\ui\badge
2026-04-06T23:18:57.181Z next:jsconfig-paths-plugin skipping request as it is an absolute path C:\Users\Ahmed Amin Bejoui\Desktop\ai-code-review-platform\apps\dashboard\components\ui\separator
2026-04-06T23:18:57.183Z next:jsconfig-paths-plugin skipping request as it is an absolute path C:\Users\Ahmed Amin Bejoui\Desktop\ai-code-review-platform\apps\dashboard\components\dashboard\dashboard-user-provider
2026-04-06T23:18:57.185Z next:jsconfig-paths-plugin moduleName did not match any paths pattern react/jsx-runtime
2026-04-06T23:18:57.185Z next:jsconfig-paths-plugin moduleName did not match any paths pattern next/dist/server/future/route-modules/app-page/vendored/ssr/react-jsx-runtime
2026-04-06T23:18:57.185Z next:jsconfig-paths-plugin skipping request as it is an absolute path C:\Users\Ahmed Amin Bejoui\Desktop\ai-code-review-platform\apps\dashboard\node_modules\next/dist/server/future/route-modules/app-page/vendored/ssr/react-jsx-runtime
2026-04-06T23:18:57.187Z next:jsconfig-paths-plugin skipping request as it is inside node_modules ../cartesian/ReferenceLine
2026-04-06T23:18:57.188Z next:jsconfig-paths-plugin skipping request as it is inside node_modules ./IfOverflowMatches
2026-04-06T23:18:57.189Z next:jsconfig-paths-plugin skipping request as it is inside node_modules ../cartesian/ReferenceArea
2026-04-06T23:18:57.190Z next:jsconfig-paths-plugin skipping request as it is inside node_modules ../cartesian/ReferenceDot
2026-04-06T23:18:57.192Z next:jsconfig-paths-plugin skipping request as it is inside node_modules ../shape/Cross
2026-04-06T23:18:57.194Z next:jsconfig-paths-plugin skipping request as it is inside node_modules ./getEveryNthWithCondition
2026-04-06T23:18:57.194Z next:jsconfig-paths-plugin skipping request as it is inside node_modules ../util/getEveryNthWithCondition
2026-04-06T23:18:57.195Z next:jsconfig-paths-plugin moduleName did not match any paths pattern lodash/memoize
2026-04-06T23:18:57.196Z next:jsconfig-paths-plugin skipping request as it is inside node_modules lodash/memoize
2026-04-06T23:18:57.199Z next:jsconfig-paths-plugin skipping request as it is inside node_modules ../runtimeEnvironment-BB2sO-19.mjs
2026-04-06T23:18:57.200Z next:jsconfig-paths-plugin skipping request as it is inside node_modules ../handleValueOrFn-CcwnRX-K.mjs
2026-04-06T23:18:57.202Z next:jsconfig-paths-plugin skipping request as it is inside node_modules ../noop-B3MbDAfb.mjs
2026-04-06T23:18:57.202Z next:jsconfig-paths-plugin skipping request as it is inside node_modules ../noop-B3MbDAfb.mjs
2026-04-06T23:18:57.203Z next:jsconfig-paths-plugin skipping request as it is inside node_modules ../createDeferredPromise-CjYZzUuU.mjs
2026-04-06T23:18:57.203Z next:jsconfig-paths-plugin skipping request as it is inside node_modules ../createDeferredPromise-CjYZzUuU.mjs
2026-04-06T23:18:57.205Z next:jsconfig-paths-plugin skipping request as it is inside node_modules ../utils-BfsP_p13.mjs
2026-04-06T23:18:57.206Z next:jsconfig-paths-plugin skipping request as it is inside node_modules ../authorization-errors-CS1pNy8i.mjs
2026-04-06T23:18:57.207Z next:jsconfig-paths-plugin skipping request as it is inside node_modules ../authorization-D2ans7vW.mjs
2026-04-06T23:18:57.207Z next:jsconfig-paths-plugin skipping request as it is inside node_modules ../underscore-DjQrhefX.mjs
2026-04-06T23:18:57.208Z next:jsconfig-paths-plugin skipping request as it is inside node_modules ../organization-BqxdOtRG.mjs
2026-04-06T23:18:57.209Z next:jsconfig-paths-plugin skipping request as it is inside node_modules ../telemetry-wqMDWlvR.mjs
2026-04-06T23:18:57.212Z next:jsconfig-paths-plugin skipping request as it is inside node_modules ../../motion/index.mjs
2026-04-06T23:18:57.242Z next:jsconfig-paths-plugin skipping request as it is inside node_modules motion-dom
2026-04-06T23:18:57.250Z next:jsconfig-paths-plugin skipping request as it is inside node_modules motion-dom
2026-04-06T23:18:57.324Z next:jsconfig-paths-plugin skipping request as it is inside node_modules ./authorization-D2ans7vW.mjs
2026-04-06T23:18:57.324Z next:jsconfig-paths-plugin skipping request as it is inside node_modules ./object-Be3MMNTQ.mjs
2026-04-06T23:18:57.324Z next:jsconfig-paths-plugin skipping request as it is inside node_modules ./runtimeEnvironment-BB2sO-19.mjs
2026-04-06T23:18:57.324Z next:jsconfig-paths-plugin skipping request as it is inside node_modules ./deprecated-BqlFbLHj.mjs
2026-04-06T23:18:57.324Z next:jsconfig-paths-plugin skipping request as it is inside node_modules ./underscore-DjQrhefX.mjs
2026-04-06T23:18:57.324Z next:jsconfig-paths-plugin skipping request as it is inside node_modules ./telemetry-wqMDWlvR.mjs
2026-04-06T23:18:57.325Z next:jsconfig-paths-plugin skipping request as it is inside node_modules ../utils/create-visual-element.mjs
2026-04-06T23:18:57.325Z next:jsconfig-paths-plugin skipping request as it is inside node_modules ../utils/is-dom-keyframes.mjs
2026-04-06T23:18:57.325Z next:jsconfig-paths-plugin skipping request as it is inside node_modules ./resolve-subjects.mjs
2026-04-06T23:18:57.325Z next:jsconfig-paths-plugin skipping request as it is inside node_modules ./utils/can-use-native-timeline.mjs
2026-04-06T23:18:57.326Z next:jsconfig-paths-plugin skipping request as it is inside node_modules ./utils/get-timeline.mjs
2026-04-06T23:18:57.326Z next:jsconfig-paths-plugin skipping request as it is inside node_modules ./utils/offset-to-range.mjs
2026-04-06T23:18:57.330Z next:jsconfig-paths-plugin skipping request as it is inside node_modules ./track.mjs
2026-04-06T23:18:57.330Z next:jsconfig-paths-plugin skipping request as it is inside node_modules motion-utils
2026-04-06T23:18:57.333Z next:jsconfig-paths-plugin skipping request as it is inside node_modules ./authorization-D2ans7vW.mjs
2026-04-06T23:18:57.333Z next:jsconfig-paths-plugin skipping request as it is inside node_modules ./runtimeEnvironment-BB2sO-19.mjs
2026-04-06T23:18:57.333Z next:jsconfig-paths-plugin skipping request as it is inside node_modules ./underscore-DjQrhefX.mjs
2026-04-06T23:18:57.333Z next:jsconfig-paths-plugin skipping request as it is inside node_modules ./telemetry-wqMDWlvR.mjs
2026-04-06T23:18:57.333Z next:jsconfig-paths-plugin skipping request as it is inside node_modules ./track.mjs
2026-04-06T23:18:57.334Z next:jsconfig-paths-plugin skipping request as it is inside node_modules ./utils/offset-to-range.mjs
2026-04-06T23:18:57.334Z next:jsconfig-paths-plugin skipping request as it is inside node_modules motion-utils
2026-04-06T23:18:57.340Z next:jsconfig-paths-plugin skipping request as it is an absolute path C:\Users\Ahmed Amin Bejoui\Desktop\ai-code-review-platform\apps\dashboard\components\ui\popover
2026-04-06T23:18:57.341Z next:jsconfig-paths-plugin skipping request as it is an absolute path C:\Users\Ahmed Amin Bejoui\Desktop\ai-code-review-platform\apps\dashboard\components\ui\popover
2026-04-06T23:18:57.341Z next:jsconfig-paths-plugin skipping request as it is an absolute path C:\Users\Ahmed Amin Bejoui\Desktop\ai-code-review-platform\apps\dashboard\components\ui\popover
2026-04-06T23:18:57.342Z next:jsconfig-paths-plugin skipping request as it is an absolute path C:\Users\Ahmed Amin Bejoui\Desktop\ai-code-review-platform\apps\dashboard\components\ui\popover
2026-04-06T23:18:57.561Z next:jsconfig-paths-plugin skipping request as it is inside node_modules ../../gestures/press.mjs
2026-04-06T23:18:57.563Z next:jsconfig-paths-plugin skipping request as it is inside node_modules ../../gestures/focus.mjs
2026-04-06T23:18:57.564Z next:jsconfig-paths-plugin skipping request as it is inside node_modules ../../gestures/hover.mjs
2026-04-06T23:18:57.564Z next:jsconfig-paths-plugin skipping request as it is inside node_modules ./definitions.mjs
2026-04-06T23:18:57.565Z next:jsconfig-paths-plugin skipping request as it is inside node_modules ../../gestures/drag/index.mjs
2026-04-06T23:18:57.566Z next:jsconfig-paths-plugin skipping request as it is inside node_modules ./utils/is-svg-component.mjs
2026-04-06T23:18:57.608Z next:jsconfig-paths-plugin skipping request as it is inside node_modules ./_baseAssignValue
2026-04-06T23:18:57.609Z next:jsconfig-paths-plugin skipping request as it is inside node_modules ./_baseForOwn
2026-04-06T23:18:57.609Z next:jsconfig-paths-plugin skipping request as it is inside node_modules ./isObjectLike
2026-04-06T23:18:57.609Z next:jsconfig-paths-plugin skipping request as it is inside node_modules ./_createCaseFirst
2026-04-06T23:18:57.609Z next:jsconfig-paths-plugin skipping request as it is inside node_modules ./isArray
2026-04-06T23:18:57.609Z next:jsconfig-paths-plugin skipping request as it is inside node_modules ./_arrayEvery
2026-04-06T23:18:57.610Z next:jsconfig-paths-plugin skipping request as it is inside node_modules ./_baseEvery
2026-04-06T23:18:57.610Z next:jsconfig-paths-plugin skipping request as it is inside node_modules ./map
2026-04-06T23:18:57.638Z next:jsconfig-paths-plugin skipping request as it is inside node_modules ./_createFind
2026-04-06T23:18:57.638Z next:jsconfig-paths-plugin skipping request as it is inside node_modules ./findIndex
2026-04-06T23:18:57.638Z next:jsconfig-paths-plugin skipping request as it is inside node_modules ./Animate
2026-04-06T23:18:57.638Z next:jsconfig-paths-plugin skipping request as it is inside node_modules ./easing
2026-04-06T23:18:57.638Z next:jsconfig-paths-plugin skipping request as it is inside node_modules ./AnimateGroup
2026-04-06T23:18:57.638Z next:jsconfig-paths-plugin skipping request as it is inside node_modules ./Icon.js
2026-04-06T23:18:57.639Z next:jsconfig-paths-plugin skipping request as it is inside node_modules ./iconPropTypes-CiSEOpLC.mjs
2026-04-06T23:18:57.639Z next:jsconfig-paths-plugin skipping request as it is inside node_modules ./generated/bucket-0.js
2026-04-06T23:18:57.639Z next:jsconfig-paths-plugin skipping request as it is inside node_modules ./generated/bucket-1.js
2026-04-06T23:18:57.639Z next:jsconfig-paths-plugin skipping request as it is inside node_modules ./generated/bucket-2.js
2026-04-06T23:18:57.639Z next:jsconfig-paths-plugin skipping request as it is inside node_modules ./generated/bucket-3.js
2026-04-06T23:18:57.639Z next:jsconfig-paths-plugin skipping request as it is inside node_modules ./generated/bucket-4.js
2026-04-06T23:18:57.639Z next:jsconfig-paths-plugin skipping request as it is inside node_modules ./generated/bucket-5.js
2026-04-06T23:18:57.639Z next:jsconfig-paths-plugin skipping request as it is inside node_modules ./generated/bucket-6.js
2026-04-06T23:18:57.639Z next:jsconfig-paths-plugin skipping request as it is inside node_modules ./generated/bucket-7.js
2026-04-06T23:18:57.639Z next:jsconfig-paths-plugin skipping request as it is inside node_modules ./generated/bucket-8.js
2026-04-06T23:18:57.639Z next:jsconfig-paths-plugin skipping request as it is inside node_modules ./generated/bucket-9.js
2026-04-06T23:18:57.639Z next:jsconfig-paths-plugin skipping request as it is inside node_modules ./generated/bucket-10.js
2026-04-06T23:18:57.639Z next:jsconfig-paths-plugin skipping request as it is inside node_modules ./generated/bucket-11.js
2026-04-06T23:18:57.639Z next:jsconfig-paths-plugin skipping request as it is inside node_modules ./generated/bucket-12.js
2026-04-06T23:18:57.640Z next:jsconfig-paths-plugin skipping request as it is inside node_modules ./offsets/index.mjs
2026-04-06T23:18:57.647Z next:jsconfig-paths-plugin skipping request as it is inside node_modules ../util/cursor/getCursorRectangle
2026-04-06T23:18:57.647Z next:jsconfig-paths-plugin skipping request as it is inside node_modules ../util/cursor/getCursorPoints
2026-04-06T23:18:57.647Z next:jsconfig-paths-plugin skipping request as it is inside node_modules ../util/cursor/getRadialCursorPoints
2026-04-06T23:18:57.668Z next:jsconfig-paths-plugin skipping request as it is inside node_modules ../offsets/presets.mjs
2026-04-06T23:18:57.671Z next:jsconfig-paths-plugin skipping request as it is inside node_modules ./_baseIteratee
2026-04-06T23:18:57.673Z next:jsconfig-paths-plugin skipping request as it is inside node_modules ./_baseLt
2026-04-06T23:18:57.674Z next:jsconfig-paths-plugin skipping request as it is inside node_modules ./_baseFlatten
2026-04-06T23:18:57.675Z next:jsconfig-paths-plugin skipping request as it is inside node_modules ./_baseOrderBy
2026-04-06T23:18:57.678Z next:jsconfig-paths-plugin skipping request as it is inside node_modules ./_baseRest
2026-04-06T23:18:57.679Z next:jsconfig-paths-plugin skipping request as it is inside node_modules ./_createRange
2026-04-06T23:18:57.680Z next:jsconfig-paths-plugin skipping request as it is inside node_modules ./_isIterateeCall
2026-04-06T23:18:57.683Z next:jsconfig-paths-plugin skipping request as it is inside node_modules ./object-Be3MMNTQ.mjs
2026-04-06T23:18:57.684Z next:jsconfig-paths-plugin skipping request as it is inside node_modules ./deprecated-BqlFbLHj.mjs
2026-04-06T23:18:57.685Z next:jsconfig-paths-plugin skipping request as it is inside node_modules ./resolve-subjects.mjs
2026-04-06T23:18:57.686Z next:jsconfig-paths-plugin skipping request as it is inside node_modules ./utils/can-use-native-timeline.mjs
2026-04-06T23:18:57.688Z next:jsconfig-paths-plugin skipping request as it is inside node_modules ./utils/get-timeline.mjs
2026-04-06T23:18:57.719Z next:jsconfig-paths-plugin skipping request as it is inside node_modules ./Animate
2026-04-06T23:18:57.720Z next:jsconfig-paths-plugin skipping request as it is inside node_modules ./Animate
2026-04-06T23:18:57.720Z next:jsconfig-paths-plugin skipping request as it is inside node_modules ./Animate
2026-04-06T23:18:57.720Z next:jsconfig-paths-plugin skipping request as it is inside node_modules ./easing
2026-04-06T23:18:57.721Z next:jsconfig-paths-plugin skipping request as it is inside node_modules ./easing
2026-04-06T23:18:57.721Z next:jsconfig-paths-plugin skipping request as it is inside node_modules ./easing
2026-04-06T23:18:57.721Z next:jsconfig-paths-plugin skipping request as it is inside node_modules ./AnimateGroup
2026-04-06T23:18:57.721Z next:jsconfig-paths-plugin skipping request as it is inside node_modules ./AnimateGroup
2026-04-06T23:18:57.722Z next:jsconfig-paths-plugin skipping request as it is inside node_modules ./AnimateGroup
2026-04-06T23:18:57.726Z next:jsconfig-paths-plugin skipping request as it is inside node_modules ./_baseUniq
2026-04-06T23:18:57.727Z next:jsconfig-paths-plugin skipping request as it is inside node_modules ./generated/bucket-13.js
2026-04-06T23:18:57.727Z next:jsconfig-paths-plugin skipping request as it is inside node_modules ./generated/bucket-14.js
2026-04-06T23:18:57.727Z next:jsconfig-paths-plugin skipping request as it is inside node_modules ./generated/bucket-15.js
2026-04-06T23:18:57.727Z next:jsconfig-paths-plugin skipping request as it is inside node_modules ./generated/bucket-16.js
2026-04-06T23:18:57.727Z next:jsconfig-paths-plugin skipping request as it is inside node_modules ./generated/bucket-17.js
2026-04-06T23:18:57.727Z next:jsconfig-paths-plugin skipping request as it is inside node_modules ./generated/bucket-18.js
2026-04-06T23:18:57.728Z next:jsconfig-paths-plugin skipping request as it is inside node_modules ./generated/bucket-19.js
2026-04-06T23:18:57.728Z next:jsconfig-paths-plugin skipping request as it is inside node_modules ./generated/bucket-20.js
2026-04-06T23:18:57.728Z next:jsconfig-paths-plugin skipping request as it is inside node_modules ./generated/bucket-21.js
2026-04-06T23:18:57.730Z next:jsconfig-paths-plugin skipping request as it is inside node_modules react/jsx-runtime
2026-04-06T23:18:57.730Z next:jsconfig-paths-plugin skipping request as it is inside node_modules motion-dom
2026-04-06T23:18:57.730Z next:jsconfig-paths-plugin skipping request as it is inside node_modules motion-utils
2026-04-06T23:18:57.730Z next:jsconfig-paths-plugin skipping request as it is inside node_modules react
2026-04-06T23:18:57.730Z next:jsconfig-paths-plugin skipping request as it is inside node_modules ../../context/ReorderContext.mjs
2026-04-06T23:18:57.730Z next:jsconfig-paths-plugin skipping request as it is inside node_modules ../../render/components/motion/proxy.mjs
2026-04-06T23:18:57.730Z next:jsconfig-paths-plugin skipping request as it is inside node_modules ../../utils/use-constant.mjs
2026-04-06T23:18:57.730Z next:jsconfig-paths-plugin skipping request as it is inside node_modules ../../value/use-motion-value.mjs
2026-04-06T23:18:57.730Z next:jsconfig-paths-plugin skipping request as it is inside node_modules ../../value/use-transform.mjs
2026-04-06T23:18:57.731Z next:jsconfig-paths-plugin skipping request as it is inside node_modules ./utils/auto-scroll.mjs
2026-04-06T23:18:57.732Z next:jsconfig-paths-plugin skipping request as it is inside node_modules ../../utils/use-constant.mjs
2026-04-06T23:18:57.732Z next:jsconfig-paths-plugin skipping request as it is inside node_modules ../../value/use-motion-value.mjs
2026-04-06T23:18:57.732Z next:jsconfig-paths-plugin skipping request as it is inside node_modules ../../value/use-transform.mjs
2026-04-06T23:18:57.732Z next:jsconfig-paths-plugin skipping request as it is inside node_modules ../../render/components/motion/proxy.mjs
2026-04-06T23:18:57.768Z next:jsconfig-paths-plugin skipping request as it is an absolute path C:\Users\Ahmed Amin Bejoui\Desktop\ai-code-review-platform\apps\dashboard\components\ui\utils
2026-04-06T23:18:57.768Z next:jsconfig-paths-plugin skipping request as it is an absolute path C:\Users\Ahmed Amin Bejoui\Desktop\ai-code-review-platform\apps\dashboard\components\ui\utils
2026-04-06T23:18:57.769Z next:jsconfig-paths-plugin skipping request as it is an absolute path C:\Users\Ahmed Amin Bejoui\Desktop\ai-code-review-platform\apps\dashboard\components\ui\utils
2026-04-06T23:18:57.770Z next:jsconfig-paths-plugin skipping request as it is an absolute path C:\Users\Ahmed Amin Bejoui\Desktop\ai-code-review-platform\apps\dashboard\components\ui\utils
2026-04-06T23:18:57.771Z next:jsconfig-paths-plugin skipping request as it is an absolute path C:\Users\Ahmed Amin Bejoui\Desktop\ai-code-review-platform\apps\dashboard\components\ui\button
2026-04-06T23:18:57.771Z next:jsconfig-paths-plugin skipping request as it is an absolute path C:\Users\Ahmed Amin Bejoui\Desktop\ai-code-review-platform\apps\dashboard\components\ui\button
2026-04-06T23:18:57.772Z next:jsconfig-paths-plugin skipping request as it is an absolute path C:\Users\Ahmed Amin Bejoui\Desktop\ai-code-review-platform\apps\dashboard\components\ui\button
2026-04-06T23:18:57.773Z next:jsconfig-paths-plugin skipping request as it is an absolute path C:\Users\Ahmed Amin Bejoui\Desktop\ai-code-review-platform\apps\dashboard\components\ui\button
2026-04-06T23:18:57.774Z next:jsconfig-paths-plugin skipping request as it is inside node_modules ./viewport/index.mjs
2026-04-06T23:18:57.775Z next:jsconfig-paths-plugin skipping request as it is inside node_modules ../../gestures/pan/index.mjs
2026-04-06T23:18:57.776Z next:jsconfig-paths-plugin skipping request as it is inside node_modules ./layout/MeasureLayout.mjs
2026-04-06T23:18:57.777Z next:jsconfig-paths-plugin skipping request as it is inside node_modules ../sequence/create.mjs
2026-04-06T23:18:57.802Z next:jsconfig-paths-plugin skipping request as it is inside node_modules ./Icon.js
2026-04-06T23:18:57.803Z next:jsconfig-paths-plugin skipping request as it is inside node_modules ./iconPropTypes-CiSEOpLC.mjs
2026-04-06T23:18:57.804Z next:jsconfig-paths-plugin skipping request as it is inside node_modules ./offsets/index.mjs
2026-04-06T23:18:57.831Z next:jsconfig-paths-plugin skipping request as it is inside node_modules react/jsx-runtime
2026-04-06T23:18:57.831Z next:jsconfig-paths-plugin skipping request as it is inside node_modules react
2026-04-06T23:18:57.831Z next:jsconfig-paths-plugin skipping request as it is inside node_modules motion-dom
2026-04-06T23:18:57.831Z next:jsconfig-paths-plugin skipping request as it is inside node_modules motion-utils
2026-04-06T23:18:57.831Z next:jsconfig-paths-plugin skipping request as it is inside node_modules next/dist/server/future/route-modules/app-page/vendored/ssr/react-jsx-runtime
2026-04-06T23:18:57.831Z next:jsconfig-paths-plugin skipping request as it is inside node_modules next/dist/server/future/route-modules/app-page/vendored/ssr/react
2026-04-06T23:18:57.832Z next:jsconfig-paths-plugin skipping request as it is inside node_modules C:\Users\Ahmed Amin Bejoui\Desktop\ai-code-review-platform\apps\dashboard\node_modules\next/dist/server/future/route-modules/app-page/vendored/ssr/react-jsx-runtime
2026-04-06T23:18:57.832Z next:jsconfig-paths-plugin skipping request as it is inside node_modules C:\Users\Ahmed Amin Bejoui\Desktop\ai-code-review-platform\apps\dashboard\node_modules\next/dist/server/future/route-modules/app-page/vendored/ssr/react
2026-04-06T23:18:57.898Z next:jsconfig-paths-plugin skipping request as it is inside node_modules react
2026-04-06T23:18:57.899Z next:jsconfig-paths-plugin skipping request as it is inside node_modules @radix-ui/primitive
2026-04-06T23:18:57.899Z next:jsconfig-paths-plugin skipping request as it is inside node_modules @radix-ui/react-compose-refs
2026-04-06T23:18:57.899Z next:jsconfig-paths-plugin skipping request as it is inside node_modules @radix-ui/react-context
2026-04-06T23:18:57.899Z next:jsconfig-paths-plugin skipping request as it is inside node_modules @radix-ui/react-primitive
2026-04-06T23:18:57.900Z next:jsconfig-paths-plugin skipping request as it is inside node_modules @radix-ui/react-roving-focus
2026-04-06T23:18:57.900Z next:jsconfig-paths-plugin skipping request as it is inside node_modules @radix-ui/react-use-controllable-state
2026-04-06T23:18:57.900Z next:jsconfig-paths-plugin skipping request as it is inside node_modules @radix-ui/react-direction
2026-04-06T23:18:57.900Z next:jsconfig-paths-plugin skipping request as it is inside node_modules @radix-ui/react-use-size
2026-04-06T23:18:57.900Z next:jsconfig-paths-plugin skipping request as it is inside node_modules @radix-ui/react-use-previous
2026-04-06T23:18:57.901Z next:jsconfig-paths-plugin skipping request as it is inside node_modules @radix-ui/react-presence
2026-04-06T23:18:57.901Z next:jsconfig-paths-plugin skipping request as it is inside node_modules react/jsx-runtime
2026-04-06T23:18:57.901Z next:jsconfig-paths-plugin skipping request as it is inside node_modules ./utils/check-reorder.mjs
2026-04-06T23:18:57.902Z next:jsconfig-paths-plugin skipping request as it is an absolute path C:\Users\Ahmed Amin Bejoui\Desktop\ai-code-review-platform\apps\dashboard\components\ui\popover
2026-04-06T23:18:57.902Z next:jsconfig-paths-plugin skipping request as it is an absolute path C:\Users\Ahmed Amin Bejoui\Desktop\ai-code-review-platform\apps\dashboard\components\ui\popover
2026-04-06T23:18:57.903Z next:jsconfig-paths-plugin skipping request as it is an absolute path C:\Users\Ahmed Amin Bejoui\Desktop\ai-code-review-platform\apps\dashboard\components\ui\popover
2026-04-06T23:18:57.904Z next:jsconfig-paths-plugin skipping request as it is an absolute path C:\Users\Ahmed Amin Bejoui\Desktop\ai-code-review-platform\apps\dashboard\components\ui\popover
2026-04-06T23:18:57.906Z next:jsconfig-paths-plugin skipping request as it is inside node_modules react/jsx-runtime
2026-04-06T23:18:57.906Z next:jsconfig-paths-plugin skipping request as it is inside node_modules react
2026-04-06T23:18:57.906Z next:jsconfig-paths-plugin skipping request as it is inside node_modules @radix-ui/number
2026-04-06T23:18:57.906Z next:jsconfig-paths-plugin skipping request as it is inside node_modules @radix-ui/primitive
2026-04-06T23:18:57.906Z next:jsconfig-paths-plugin skipping request as it is inside node_modules @radix-ui/react-context
2026-04-06T23:18:57.907Z next:jsconfig-paths-plugin skipping request as it is inside node_modules @radix-ui/react-use-controllable-state
2026-04-06T23:18:57.907Z next:jsconfig-paths-plugin skipping request as it is inside node_modules @radix-ui/react-direction
2026-04-06T23:18:57.907Z next:jsconfig-paths-plugin skipping request as it is inside node_modules @radix-ui/react-use-previous
2026-04-06T23:18:57.907Z next:jsconfig-paths-plugin skipping request as it is inside node_modules @radix-ui/react-use-size
2026-04-06T23:18:57.907Z next:jsconfig-paths-plugin skipping request as it is inside node_modules @radix-ui/react-primitive
2026-04-06T23:18:57.907Z next:jsconfig-paths-plugin skipping request as it is inside node_modules @radix-ui/react-collection
2026-04-06T23:18:57.907Z next:jsconfig-paths-plugin skipping request as it is inside node_modules next/dist/server/future/route-modules/app-page/vendored/ssr/react-jsx-runtime
2026-04-06T23:18:57.907Z next:jsconfig-paths-plugin skipping request as it is inside node_modules next/dist/server/future/route-modules/app-page/vendored/ssr/react
2026-04-06T23:18:57.907Z next:jsconfig-paths-plugin skipping request as it is inside node_modules C:\Users\Ahmed Amin Bejoui\Desktop\ai-code-review-platform\apps\dashboard\node_modules\next/dist/server/future/route-modules/app-page/vendored/ssr/react-jsx-runtime
2026-04-06T23:18:57.907Z next:jsconfig-paths-plugin skipping request as it is inside node_modules C:\Users\Ahmed Amin Bejoui\Desktop\ai-code-review-platform\apps\dashboard\node_modules\next/dist/server/future/route-modules/app-page/vendored/ssr/react
2026-04-06T23:18:57.919Z next:jsconfig-paths-plugin skipping request as it is inside node_modules ../utils/create-visual-element.mjs
2026-04-06T23:18:57.919Z next:jsconfig-paths-plugin skipping request as it is inside node_modules ../utils/is-dom-keyframes.mjs
2026-04-06T23:18:57.921Z next:jsconfig-paths-plugin skipping request as it is inside node_modules ./_baseAssignValue
2026-04-06T23:18:57.922Z next:jsconfig-paths-plugin skipping request as it is inside node_modules ./_baseForOwn
2026-04-06T23:18:57.923Z next:jsconfig-paths-plugin skipping request as it is inside node_modules ./isObjectLike
2026-04-06T23:18:57.924Z next:jsconfig-paths-plugin skipping request as it is inside node_modules ./_createCaseFirst
2026-04-06T23:18:57.963Z next:jsconfig-paths-plugin skipping request as it is inside node_modules ./isArray
2026-04-06T23:18:57.970Z next:jsconfig-paths-plugin skipping request as it is inside node_modules ./_arrayEvery
2026-04-06T23:18:57.971Z next:jsconfig-paths-plugin skipping request as it is inside node_modules ./map
2026-04-06T23:18:57.972Z next:jsconfig-paths-plugin skipping request as it is inside node_modules ./_baseEvery
2026-04-06T23:18:57.973Z next:jsconfig-paths-plugin skipping request as it is inside node_modules ./_createFind
2026-04-06T23:18:57.974Z next:jsconfig-paths-plugin skipping request as it is inside node_modules ./findIndex
2026-04-06T23:18:57.976Z next:jsconfig-paths-plugin skipping request as it is inside node_modules ./Animate
2026-04-06T23:18:57.977Z next:jsconfig-paths-plugin skipping request as it is inside node_modules ./easing
2026-04-06T23:18:57.978Z next:jsconfig-paths-plugin skipping request as it is inside node_modules ./AnimateGroup
2026-04-06T23:18:57.979Z next:jsconfig-paths-plugin skipping request as it is inside node_modules ../../context/ReorderContext.mjs
2026-04-06T23:18:58.002Z next:jsconfig-paths-plugin skipping request as it is inside node_modules ../util/ReactUtils
2026-04-06T23:18:58.002Z next:jsconfig-paths-plugin skipping request as it is inside node_modules ../util/DataUtils
2026-04-06T23:18:58.003Z next:jsconfig-paths-plugin skipping request as it is inside node_modules ../util/ReactUtils
2026-04-06T23:18:58.003Z next:jsconfig-paths-plugin skipping request as it is inside node_modules ../util/DataUtils
2026-04-06T23:18:58.050Z next:jsconfig-paths-plugin skipping request as it is inside node_modules ../util/PolarUtils
2026-04-06T23:18:58.050Z next:jsconfig-paths-plugin skipping request as it is inside node_modules clsx
2026-04-06T23:18:58.050Z next:jsconfig-paths-plugin skipping request as it is inside node_modules ../DataUtils
2026-04-06T23:18:58.050Z next:jsconfig-paths-plugin skipping request as it is inside node_modules @swc/helpers/_/_class_private_field_loose_base
2026-04-06T23:18:58.050Z next:jsconfig-paths-plugin skipping request as it is inside node_modules @swc/helpers/_/_class_private_field_loose_key
2026-04-06T23:18:58.051Z next:jsconfig-paths-plugin skipping request as it is inside node_modules C:\Users\Ahmed Amin Bejoui\Desktop\ai-code-review-platform\apps\dashboard\node_modules\@swc\helpers\_/_class_private_field_loose_base
2026-04-06T23:18:58.051Z next:jsconfig-paths-plugin skipping request as it is inside node_modules C:\Users\Ahmed Amin Bejoui\Desktop\ai-code-review-platform\apps\dashboard\node_modules\@swc\helpers\_/_class_private_field_loose_key
2026-04-06T23:18:58.051Z next:jsconfig-paths-plugin skipping request as it is inside node_modules ../util/PolarUtils
2026-04-06T23:18:58.051Z next:jsconfig-paths-plugin skipping request as it is inside node_modules ../DataUtils
2026-04-06T23:18:58.052Z next:jsconfig-paths-plugin skipping request as it is inside node_modules ../util/PolarUtils
2026-04-06T23:18:58.052Z next:jsconfig-paths-plugin skipping request as it is inside node_modules ../DataUtils
2026-04-06T23:18:58.052Z next:jsconfig-paths-plugin skipping request as it is inside node_modules ../util/PolarUtils
2026-04-06T23:18:58.052Z next:jsconfig-paths-plugin skipping request as it is inside node_modules ../DataUtils
2026-04-06T23:18:58.053Z next:jsconfig-paths-plugin skipping request as it is inside node_modules ../util/PolarUtils
2026-04-06T23:18:58.053Z next:jsconfig-paths-plugin skipping request as it is inside node_modules ../DataUtils
2026-04-06T23:18:58.064Z next:jsconfig-paths-plugin moduleName did not match any paths pattern client-only
2026-04-06T23:18:58.120Z next:jsconfig-paths-plugin skipping request as it is inside node_modules ./generated/bucket-2.js
2026-04-06T23:18:58.120Z next:jsconfig-paths-plugin skipping request as it is inside node_modules ./generated/bucket-1.js
2026-04-06T23:18:58.120Z next:jsconfig-paths-plugin skipping request as it is inside node_modules ./generated/bucket-0.js
2026-04-06T23:18:58.120Z next:jsconfig-paths-plugin skipping request as it is inside node_modules ./generated/bucket-3.js
2026-04-06T23:18:58.120Z next:jsconfig-paths-plugin skipping request as it is inside node_modules ./generated/bucket-4.js
2026-04-06T23:18:58.120Z next:jsconfig-paths-plugin skipping request as it is inside node_modules ./generated/bucket-6.js
2026-04-06T23:18:58.120Z next:jsconfig-paths-plugin skipping request as it is inside node_modules ./generated/bucket-7.js
2026-04-06T23:18:58.120Z next:jsconfig-paths-plugin skipping request as it is inside node_modules ./generated/bucket-5.js
2026-04-06T23:18:58.120Z next:jsconfig-paths-plugin skipping request as it is inside node_modules ./generated/bucket-8.js
2026-04-06T23:18:58.120Z next:jsconfig-paths-plugin skipping request as it is inside node_modules ./generated/bucket-9.js
2026-04-06T23:18:58.120Z next:jsconfig-paths-plugin skipping request as it is inside node_modules ./generated/bucket-10.js
2026-04-06T23:18:58.120Z next:jsconfig-paths-plugin skipping request as it is inside node_modules ./generated/bucket-11.js
2026-04-06T23:18:58.120Z next:jsconfig-paths-plugin skipping request as it is inside node_modules ./generated/bucket-12.js
2026-04-06T23:18:58.121Z next:jsconfig-paths-plugin skipping request as it is inside node_modules ./generated/bucket-13.js
2026-04-06T23:18:58.121Z next:jsconfig-paths-plugin skipping request as it is inside node_modules ./generated/bucket-15.js
2026-04-06T23:18:58.121Z next:jsconfig-paths-plugin skipping request as it is inside node_modules ./generated/bucket-14.js
2026-04-06T23:18:58.121Z next:jsconfig-paths-plugin skipping request as it is inside node_modules ./generated/bucket-16.js
2026-04-06T23:18:58.121Z next:jsconfig-paths-plugin skipping request as it is inside node_modules ./generated/bucket-17.js
2026-04-06T23:18:58.121Z next:jsconfig-paths-plugin skipping request as it is inside node_modules ./generated/bucket-18.js
2026-04-06T23:18:58.121Z next:jsconfig-paths-plugin skipping request as it is inside node_modules ./generated/bucket-19.js
2026-04-06T23:18:58.121Z next:jsconfig-paths-plugin skipping request as it is inside node_modules ./generated/bucket-20.js
2026-04-06T23:18:58.121Z next:jsconfig-paths-plugin skipping request as it is inside node_modules ./generated/bucket-21.js
2026-04-06T23:18:58.131Z next:jsconfig-paths-plugin skipping request as it is inside node_modules ./_baseUniq
2026-04-06T23:18:58.227Z next:jsconfig-paths-plugin skipping request as it is inside node_modules ./invalidate-cache-by-router-state
2026-04-06T23:18:58.227Z next:jsconfig-paths-plugin skipping request as it is inside node_modules ../create-href-from-url
2026-04-06T23:18:58.227Z next:jsconfig-paths-plugin skipping request as it is inside node_modules ../apply-router-state-patch-to-tree
2026-04-06T23:18:58.227Z next:jsconfig-paths-plugin skipping request as it is inside node_modules ../is-navigating-to-new-root-layout
2026-04-06T23:18:58.228Z next:jsconfig-paths-plugin skipping request as it is inside node_modules ./navigate-reducer
2026-04-06T23:18:58.228Z next:jsconfig-paths-plugin skipping request as it is inside node_modules ../apply-flight-data
2026-04-06T23:18:58.228Z next:jsconfig-paths-plugin skipping request as it is inside node_modules ../handle-mutable
2026-04-06T23:18:58.228Z next:jsconfig-paths-plugin skipping request as it is inside node_modules ../../app-router
2026-04-06T23:18:58.228Z next:jsconfig-paths-plugin skipping request as it is inside node_modules ../handle-segment-mismatch
2026-04-06T23:18:58.228Z next:jsconfig-paths-plugin skipping request as it is inside node_modules ../fetch-server-response
2026-04-06T23:18:58.228Z next:jsconfig-paths-plugin skipping request as it is inside node_modules ../invalidate-cache-below-flight-segmentpath
2026-04-06T23:18:58.228Z next:jsconfig-paths-plugin skipping request as it is inside node_modules ../should-hard-navigate
2026-04-06T23:18:58.228Z next:jsconfig-paths-plugin skipping request as it is inside node_modules ../router-reducer-types
2026-04-06T23:18:58.228Z next:jsconfig-paths-plugin skipping request as it is inside node_modules ./prefetch-reducer
2026-04-06T23:18:58.228Z next:jsconfig-paths-plugin skipping request as it is inside node_modules ../../../../shared/lib/segment
2026-04-06T23:18:58.228Z next:jsconfig-paths-plugin skipping request as it is inside node_modules ../ppr-navigations
2026-04-06T23:18:58.228Z next:jsconfig-paths-plugin skipping request as it is inside node_modules ../clear-cache-node-data-for-segment-path
2026-04-06T23:18:58.232Z next:jsconfig-paths-plugin skipping request as it is inside node_modules ../../app-router
2026-04-06T23:18:58.233Z next:jsconfig-paths-plugin skipping request as it is inside node_modules ../../../../shared/lib/segment
2026-04-06T23:18:58.233Z next:jsconfig-paths-plugin skipping request as it is inside node_modules ../create-href-from-url
2026-04-06T23:18:58.233Z next:jsconfig-paths-plugin skipping request as it is inside node_modules ../apply-flight-data
2026-04-06T23:18:58.233Z next:jsconfig-paths-plugin skipping request as it is inside node_modules ../fetch-server-response
2026-04-06T23:18:58.233Z next:jsconfig-paths-plugin skipping request as it is inside node_modules ../router-reducer-types
2026-04-06T23:18:58.233Z next:jsconfig-paths-plugin skipping request as it is inside node_modules ./navigate-reducer
2026-04-06T23:18:58.233Z next:jsconfig-paths-plugin skipping request as it is inside node_modules ./prefetch-reducer
2026-04-06T23:18:58.265Z next:jsconfig-paths-plugin skipping request as it is inside node_modules ./utils/auto-scroll.mjs
2026-04-06T23:18:58.265Z next:jsconfig-paths-plugin skipping request as it is inside node_modules ./utils/check-reorder.mjs
2026-04-06T23:18:58.340Z next:jsconfig-paths-plugin skipping request as it is inside node_modules ./has-interception-route-in-current-tree
2026-04-06T23:18:58.340Z next:jsconfig-paths-plugin skipping request as it is inside node_modules ../fill-lazy-items-till-leaf-with-head
2026-04-06T23:18:58.340Z next:jsconfig-paths-plugin skipping request as it is inside node_modules ../refetch-inactive-parallel-segments
2026-04-06T23:18:58.340Z next:jsconfig-paths-plugin skipping request as it is inside node_modules ../../../app-call-server
2026-04-06T23:18:58.340Z next:jsconfig-paths-plugin skipping request as it is inside node_modules ../../../add-base-path
2026-04-06T23:18:58.340Z next:jsconfig-paths-plugin skipping request as it is inside node_modules ../../../flight-data-helpers
2026-04-06T23:18:58.340Z next:jsconfig-paths-plugin skipping request as it is inside node_modules react-server-dom-webpack/client.edge
2026-04-06T23:18:58.340Z next:jsconfig-paths-plugin skipping request as it is inside node_modules ../compute-changed-path
2026-04-06T23:18:58.341Z next:jsconfig-paths-plugin skipping request as it is inside node_modules next/dist/server/future/route-modules/app-page/vendored/ssr/react-server-dom-webpack-client-edge
2026-04-06T23:18:58.341Z next:jsconfig-paths-plugin skipping request as it is inside node_modules C:\Users\Ahmed Amin Bejoui\Desktop\ai-code-review-platform\apps\dashboard\node_modules\next/dist/server/future/route-modules/app-page/vendored/ssr/react-server-dom-webpack-client-edge
2026-04-06T23:18:58.345Z next:jsconfig-paths-plugin moduleName did not match any paths pattern react-server-dom-webpack/client.edge
2026-04-06T23:18:58.346Z next:jsconfig-paths-plugin skipping request as it is inside node_modules ../../../app-call-server
2026-04-06T23:18:58.346Z next:jsconfig-paths-plugin skipping request as it is inside node_modules ../../../add-base-path
2026-04-06T23:18:58.346Z next:jsconfig-paths-plugin skipping request as it is inside node_modules ../../../flight-data-helpers
2026-04-06T23:18:58.346Z next:jsconfig-paths-plugin skipping request as it is inside node_modules ../fill-lazy-items-till-leaf-with-head
2026-04-06T23:18:58.346Z next:jsconfig-paths-plugin skipping request as it is inside node_modules ../refetch-inactive-parallel-segments
2026-04-06T23:18:58.346Z next:jsconfig-paths-plugin skipping request as it is inside node_modules ../compute-changed-path
2026-04-06T23:18:58.346Z next:jsconfig-paths-plugin skipping request as it is inside node_modules ./has-interception-route-in-current-tree
2026-04-06T23:18:58.590Z next:jsconfig-paths-plugin skipping request as it is inside node_modules ./_getPrototype
2026-04-06T23:18:58.594Z next:jsconfig-paths-plugin skipping request as it is inside node_modules react/jsx-runtime
2026-04-06T23:18:58.594Z next:jsconfig-paths-plugin skipping request as it is inside node_modules react
2026-04-06T23:18:58.594Z next:jsconfig-paths-plugin skipping request as it is inside node_modules @radix-ui/primitive
2026-04-06T23:18:58.594Z next:jsconfig-paths-plugin skipping request as it is inside node_modules @radix-ui/react-context
2026-04-06T23:18:58.594Z next:jsconfig-paths-plugin skipping request as it is inside node_modules @radix-ui/react-primitive
2026-04-06T23:18:58.595Z next:jsconfig-paths-plugin skipping request as it is inside node_modules @radix-ui/react-roving-focus
2026-04-06T23:18:58.595Z next:jsconfig-paths-plugin skipping request as it is inside node_modules @radix-ui/react-use-controllable-state
2026-04-06T23:18:58.595Z next:jsconfig-paths-plugin skipping request as it is inside node_modules @radix-ui/react-direction
2026-04-06T23:18:58.595Z next:jsconfig-paths-plugin skipping request as it is inside node_modules @radix-ui/react-use-size
2026-04-06T23:18:58.595Z next:jsconfig-paths-plugin skipping request as it is inside node_modules @radix-ui/react-use-previous
2026-04-06T23:18:58.595Z next:jsconfig-paths-plugin skipping request as it is inside node_modules @radix-ui/react-presence
2026-04-06T23:18:58.595Z next:jsconfig-paths-plugin skipping request as it is inside node_modules next/dist/server/future/route-modules/app-page/vendored/ssr/react-jsx-runtime
2026-04-06T23:18:58.595Z next:jsconfig-paths-plugin skipping request as it is inside node_modules next/dist/server/future/route-modules/app-page/vendored/ssr/react
2026-04-06T23:18:58.595Z next:jsconfig-paths-plugin skipping request as it is inside node_modules C:\Users\Ahmed Amin Bejoui\Desktop\ai-code-review-platform\apps\dashboard\node_modules\next/dist/server/future/route-modules/app-page/vendored/ssr/react-jsx-runtime
2026-04-06T23:18:58.595Z next:jsconfig-paths-plugin skipping request as it is inside node_modules C:\Users\Ahmed Amin Bejoui\Desktop\ai-code-review-platform\apps\dashboard\node_modules\next/dist/server/future/route-modules/app-page/vendored/ssr/react
2026-04-06T23:18:58.781Z next:jsconfig-paths-plugin skipping request as it is inside node_modules ./invalidate-cache-by-router-state
2026-04-06T23:18:58.783Z next:jsconfig-paths-plugin skipping request as it is inside node_modules ../apply-router-state-patch-to-tree
2026-04-06T23:18:58.784Z next:jsconfig-paths-plugin skipping request as it is inside node_modules ../is-navigating-to-new-root-layout
2026-04-06T23:18:58.786Z next:jsconfig-paths-plugin skipping request as it is inside node_modules ../handle-mutable
2026-04-06T23:18:58.834Z next:jsconfig-paths-plugin skipping request as it is inside node_modules ../handle-segment-mismatch
2026-04-06T23:18:58.835Z next:jsconfig-paths-plugin skipping request as it is inside node_modules ../invalidate-cache-below-flight-segmentpath
2026-04-06T23:18:58.838Z next:jsconfig-paths-plugin skipping request as it is inside node_modules ../ppr-navigations
2026-04-06T23:18:58.841Z next:jsconfig-paths-plugin skipping request as it is inside node_modules ../should-hard-navigate
2026-04-06T23:18:58.846Z next:jsconfig-paths-plugin skipping request as it is inside node_modules ../clear-cache-node-data-for-segment-path
2026-04-06T23:18:58.847Z next:jsconfig-paths-plugin moduleName did not match any paths pattern react-server-dom-webpack/client.edge
2026-04-06T23:18:58.848Z next:jsconfig-paths-plugin skipping request as it is inside node_modules react-server-dom-webpack/client.edge
2026-04-06T23:18:58.848Z next:jsconfig-paths-plugin skipping request as it is inside node_modules next/dist/server/future/route-modules/app-page/vendored/ssr/react-server-dom-webpack-client-edge
2026-04-06T23:18:58.848Z next:jsconfig-paths-plugin skipping request as it is inside node_modules C:\Users\Ahmed Amin Bejoui\Desktop\ai-code-review-platform\apps\dashboard\node_modules\next/dist/server/future/route-modules/app-page/vendored/ssr/react-server-dom-webpack-client-edge
2026-04-06T23:18:59.007Z next:jsconfig-paths-plugin skipping request as it is inside node_modules ./definitions
2026-04-06T23:18:59.008Z next:jsconfig-paths-plugin skipping request as it is inside node_modules ./definitions
2026-04-06T23:18:59.031Z next:jsconfig-paths-plugin skipping request as it is inside node_modules ./isSymbol
2026-04-06T23:18:59.070Z next:jsconfig-paths-plugin skipping request as it is inside node_modules react
2026-04-06T23:18:59.071Z next:jsconfig-paths-plugin skipping request as it is inside node_modules react/jsx-runtime
2026-04-06T23:18:59.191Z next:jsconfig-paths-plugin skipping request as it is inside node_modules react
2026-04-06T23:18:59.191Z next:jsconfig-paths-plugin skipping request as it is inside node_modules next/dist/server/future/route-modules/app-page/vendored/ssr/react
2026-04-06T23:18:59.191Z next:jsconfig-paths-plugin skipping request as it is inside node_modules C:\Users\Ahmed Amin Bejoui\Desktop\ai-code-review-platform\apps\dashboard\node_modules\next/dist/server/future/route-modules/app-page/vendored/ssr/react
2026-04-06T23:18:59.331Z next:jsconfig-paths-plugin skipping request as it is inside node_modules ./_getPrototype
2026-04-06T23:18:59.479Z next:jsconfig-paths-plugin skipping request as it is inside node_modules react
2026-04-06T23:18:59.480Z next:jsconfig-paths-plugin skipping request as it is inside node_modules @radix-ui/react-use-layout-effect
2026-04-06T23:18:59.480Z next:jsconfig-paths-plugin skipping request as it is inside node_modules @radix-ui/react-use-effect-event
2026-04-06T23:18:59.480Z next:jsconfig-paths-plugin skipping request as it is inside node_modules react
2026-04-06T23:18:59.480Z next:jsconfig-paths-plugin moduleName did not match any paths pattern @radix-ui/react-collapsible
2026-04-06T23:18:59.481Z next:jsconfig-paths-plugin moduleName did not match any paths pattern @radix-ui/react-collapsible
2026-04-06T23:18:59.666Z next:jsconfig-paths-plugin skipping request as it is inside node_modules ./isSymbol
2026-04-06T23:18:59.669Z next:jsconfig-paths-plugin skipping request as it is inside node_modules ./_Symbol
2026-04-06T23:18:59.669Z next:jsconfig-paths-plugin skipping request as it is inside node_modules ./_getRawTag
2026-04-06T23:18:59.669Z next:jsconfig-paths-plugin skipping request as it is inside node_modules ./_objectToString
2026-04-06T23:18:59.669Z next:jsconfig-paths-plugin skipping request as it is inside node_modules react/jsx-runtime
2026-04-06T23:18:59.670Z next:jsconfig-paths-plugin skipping request as it is inside node_modules react
2026-04-06T23:18:59.670Z next:jsconfig-paths-plugin skipping request as it is inside node_modules @radix-ui/react-use-layout-effect
2026-04-06T23:18:59.670Z next:jsconfig-paths-plugin skipping request as it is inside node_modules d3-scale
2026-04-06T23:18:59.670Z next:jsconfig-paths-plugin skipping request as it is inside node_modules react
2026-04-06T23:18:59.670Z next:jsconfig-paths-plugin skipping request as it is inside node_modules @radix-ui/react-compose-refs
2026-04-06T23:18:59.670Z next:jsconfig-paths-plugin skipping request as it is inside node_modules @radix-ui/react-use-layout-effect
2026-04-06T23:18:59.670Z next:jsconfig-paths-plugin skipping request as it is inside node_modules react
2026-04-06T23:18:59.670Z next:jsconfig-paths-plugin skipping request as it is inside node_modules @radix-ui/primitive
2026-04-06T23:18:59.670Z next:jsconfig-paths-plugin skipping request as it is inside node_modules @radix-ui/react-collection
2026-04-06T23:18:59.670Z next:jsconfig-paths-plugin skipping request as it is inside node_modules @radix-ui/react-compose-refs
2026-04-06T23:18:59.670Z next:jsconfig-paths-plugin skipping request as it is inside node_modules @radix-ui/react-context
2026-04-06T23:18:59.671Z next:jsconfig-paths-plugin skipping request as it is inside node_modules @radix-ui/react-id
2026-04-06T23:18:59.671Z next:jsconfig-paths-plugin skipping request as it is inside node_modules @radix-ui/react-primitive
2026-04-06T23:18:59.671Z next:jsconfig-paths-plugin skipping request as it is inside node_modules @radix-ui/react-use-callback-ref
2026-04-06T23:18:59.671Z next:jsconfig-paths-plugin skipping request as it is inside node_modules @radix-ui/react-use-controllable-state
2026-04-06T23:18:59.671Z next:jsconfig-paths-plugin skipping request as it is inside node_modules @radix-ui/react-direction
2026-04-06T23:18:59.671Z next:jsconfig-paths-plugin skipping request as it is inside node_modules react/jsx-runtime
2026-04-06T23:18:59.671Z next:jsconfig-paths-plugin skipping request as it is inside node_modules d3-shape
2026-04-06T23:18:59.671Z next:jsconfig-paths-plugin skipping request as it is inside node_modules react
2026-04-06T23:18:59.671Z next:jsconfig-paths-plugin skipping request as it is inside node_modules react-dom
2026-04-06T23:18:59.671Z next:jsconfig-paths-plugin skipping request as it is inside node_modules @radix-ui/react-slot
2026-04-06T23:18:59.671Z next:jsconfig-paths-plugin skipping request as it is inside node_modules react/jsx-runtime
2026-04-06T23:18:59.732Z next:jsconfig-paths-plugin skipping request as it is inside node_modules react/jsx-runtime
2026-04-06T23:18:59.732Z next:jsconfig-paths-plugin skipping request as it is inside node_modules react
2026-04-06T23:18:59.733Z next:jsconfig-paths-plugin skipping request as it is inside node_modules next/dist/server/future/route-modules/app-page/vendored/ssr/react-jsx-runtime
2026-04-06T23:18:59.733Z next:jsconfig-paths-plugin skipping request as it is inside node_modules next/dist/server/future/route-modules/app-page/vendored/ssr/react
2026-04-06T23:18:59.733Z next:jsconfig-paths-plugin skipping request as it is inside node_modules C:\Users\Ahmed Amin Bejoui\Desktop\ai-code-review-platform\apps\dashboard\node_modules\next/dist/server/future/route-modules/app-page/vendored/ssr/react-jsx-runtime
2026-04-06T23:18:59.733Z next:jsconfig-paths-plugin skipping request as it is inside node_modules C:\Users\Ahmed Amin Bejoui\Desktop\ai-code-review-platform\apps\dashboard\node_modules\next/dist/server/future/route-modules/app-page/vendored/ssr/react
2026-04-06T23:18:59.739Z next:jsconfig-paths-plugin skipping request as it is inside node_modules ./now
2026-04-06T23:18:59.739Z next:jsconfig-paths-plugin skipping request as it is inside node_modules ./toNumber
2026-04-06T23:18:59.739Z next:jsconfig-paths-plugin skipping request as it is inside node_modules ./_castPath
2026-04-06T23:18:59.739Z next:jsconfig-paths-plugin skipping request as it is inside node_modules ./_toKey
2026-04-06T23:18:59.739Z next:jsconfig-paths-plugin skipping request as it is inside node_modules ./_baseIsEqualDeep
2026-04-06T23:18:59.739Z next:jsconfig-paths-plugin skipping request as it is inside node_modules react
2026-04-06T23:18:59.740Z next:jsconfig-paths-plugin skipping request as it is inside node_modules react
2026-04-06T23:18:59.740Z next:jsconfig-paths-plugin skipping request as it is inside node_modules @radix-ui/react-use-layout-effect
2026-04-06T23:18:59.740Z next:jsconfig-paths-plugin skipping request as it is inside node_modules motion-utils
2026-04-06T23:18:59.740Z next:jsconfig-paths-plugin skipping request as it is inside node_modules ../frameloop/sync-time.mjs
2026-04-06T23:18:59.740Z next:jsconfig-paths-plugin skipping request as it is inside node_modules ./JSAnimation.mjs
2026-04-06T23:18:59.740Z next:jsconfig-paths-plugin skipping request as it is inside node_modules ./keyframes/get-final.mjs
2026-04-06T23:18:59.740Z next:jsconfig-paths-plugin skipping request as it is inside node_modules ./keyframes/KeyframesResolver.mjs
2026-04-06T23:18:59.740Z next:jsconfig-paths-plugin skipping request as it is inside node_modules ./NativeAnimationExtended.mjs
2026-04-06T23:18:59.740Z next:jsconfig-paths-plugin skipping request as it is inside node_modules ./utils/can-animate.mjs
2026-04-06T23:18:59.740Z next:jsconfig-paths-plugin skipping request as it is inside node_modules ./utils/make-animation-instant.mjs
2026-04-06T23:18:59.741Z next:jsconfig-paths-plugin skipping request as it is inside node_modules ./utils/WithPromise.mjs
2026-04-06T23:18:59.741Z next:jsconfig-paths-plugin skipping request as it is inside node_modules ./waapi/supports/waapi.mjs
2026-04-06T23:18:59.741Z next:jsconfig-paths-plugin skipping request as it is inside node_modules ./GroupAnimation.mjs
2026-04-06T23:18:59.741Z next:jsconfig-paths-plugin skipping request as it is inside node_modules ./NativeAnimation.mjs
2026-04-06T23:18:59.741Z next:jsconfig-paths-plugin skipping request as it is inside node_modules ../render/dom/style-set.mjs
2026-04-06T23:18:59.741Z next:jsconfig-paths-plugin skipping request as it is inside node_modules ./utils/replace-transition-type.mjs
2026-04-06T23:18:59.741Z next:jsconfig-paths-plugin skipping request as it is inside node_modules ./waapi/utils/unsupported-easing.mjs
2026-04-06T23:18:59.741Z next:jsconfig-paths-plugin skipping request as it is inside node_modules ../stats/animation-count.mjs
2026-04-06T23:18:59.741Z next:jsconfig-paths-plugin skipping request as it is inside node_modules ../utils/mix/index.mjs
2026-04-06T23:18:59.741Z next:jsconfig-paths-plugin skipping request as it is inside node_modules ./drivers/frame.mjs
2026-04-06T23:18:59.741Z next:jsconfig-paths-plugin skipping request as it is inside node_modules ./generators/inertia.mjs
2026-04-06T23:18:59.742Z next:jsconfig-paths-plugin skipping request as it is inside node_modules ./generators/keyframes.mjs
2026-04-06T23:18:59.742Z next:jsconfig-paths-plugin skipping request as it is inside node_modules ./generators/utils/calc-duration.mjs
2026-04-06T23:18:59.742Z next:jsconfig-paths-plugin skipping request as it is inside node_modules ./generators/utils/velocity.mjs
2026-04-06T23:18:59.747Z next:jsconfig-paths-plugin skipping request as it is inside node_modules ../frameloop/sync-time.mjs
2026-04-06T23:18:59.747Z next:jsconfig-paths-plugin skipping request as it is inside node_modules ./JSAnimation.mjs
2026-04-06T23:18:59.747Z next:jsconfig-paths-plugin skipping request as it is inside node_modules ./NativeAnimationExtended.mjs
2026-04-06T23:18:59.747Z next:jsconfig-paths-plugin skipping request as it is inside node_modules ./GroupAnimation.mjs
2026-04-06T23:18:59.747Z next:jsconfig-paths-plugin skipping request as it is inside node_modules ./NativeAnimation.mjs
2026-04-06T23:18:59.747Z next:jsconfig-paths-plugin skipping request as it is inside node_modules ../stats/animation-count.mjs
2026-04-06T23:18:59.747Z next:jsconfig-paths-plugin skipping request as it is inside node_modules ./keyframes/get-final.mjs
2026-04-06T23:18:59.747Z next:jsconfig-paths-plugin skipping request as it is inside node_modules ./keyframes/KeyframesResolver.mjs
2026-04-06T23:18:59.748Z next:jsconfig-paths-plugin skipping request as it is inside node_modules ./utils/make-animation-instant.mjs
2026-04-06T23:18:59.748Z next:jsconfig-paths-plugin skipping request as it is inside node_modules ../render/dom/style-set.mjs
2026-04-06T23:18:59.748Z next:jsconfig-paths-plugin skipping request as it is inside node_modules ../utils/mix/index.mjs
2026-04-06T23:18:59.748Z next:jsconfig-paths-plugin skipping request as it is inside node_modules ./generators/inertia.mjs
2026-04-06T23:18:59.748Z next:jsconfig-paths-plugin skipping request as it is inside node_modules ./generators/keyframes.mjs
2026-04-06T23:18:59.748Z next:jsconfig-paths-plugin skipping request as it is inside node_modules ./waapi/supports/waapi.mjs
2026-04-06T23:18:59.748Z next:jsconfig-paths-plugin skipping request as it is inside node_modules ./generators/utils/calc-duration.mjs
2026-04-06T23:18:59.838Z next:jsconfig-paths-plugin moduleName did not match any paths pattern eventemitter3
2026-04-06T23:18:59.839Z next:jsconfig-paths-plugin skipping request as it is inside node_modules eventemitter3
2026-04-06T23:18:59.967Z next:jsconfig-paths-plugin skipping request as it is inside node_modules ../utils/supports/scroll-timeline.mjs
2026-04-06T23:18:59.969Z next:jsconfig-paths-plugin skipping request as it is inside node_modules ./waapi/start-waapi-animation.mjs
2026-04-06T23:18:59.970Z next:jsconfig-paths-plugin skipping request as it is inside node_modules ./waapi/utils/apply-generator.mjs
2026-04-06T23:18:59.970Z next:jsconfig-paths-plugin skipping request as it is inside node_modules ./resolve-transition.mjs
2026-04-06T23:18:59.970Z next:jsconfig-paths-plugin skipping request as it is inside node_modules motion-utils
2026-04-06T23:18:59.970Z next:jsconfig-paths-plugin skipping request as it is inside node_modules ./is-css-variable.mjs
2026-04-06T23:18:59.970Z next:jsconfig-paths-plugin skipping request as it is inside node_modules ../../render/utils/keys-transform.mjs
2026-04-06T23:18:59.970Z next:jsconfig-paths-plugin skipping request as it is inside node_modules ../../render/utils/keys-position.mjs
2026-04-06T23:18:59.970Z next:jsconfig-paths-plugin skipping request as it is inside node_modules ../../value/types/dimensions.mjs
2026-04-06T23:18:59.970Z next:jsconfig-paths-plugin skipping request as it is inside node_modules ../utils/css-variables-conversion.mjs
2026-04-06T23:18:59.970Z next:jsconfig-paths-plugin skipping request as it is inside node_modules ../utils/is-css-variable.mjs
2026-04-06T23:18:59.970Z next:jsconfig-paths-plugin skipping request as it is inside node_modules ./KeyframesResolver.mjs
2026-04-06T23:18:59.970Z next:jsconfig-paths-plugin skipping request as it is inside node_modules ./utils/is-none.mjs
2026-04-06T23:18:59.971Z next:jsconfig-paths-plugin skipping request as it is inside node_modules ./utils/make-none-animatable.mjs
2026-04-06T23:18:59.971Z next:jsconfig-paths-plugin skipping request as it is inside node_modules ./utils/unit-conversion.mjs
2026-04-06T23:18:59.971Z next:jsconfig-paths-plugin skipping request as it is inside node_modules motion-utils
2026-04-06T23:18:59.971Z next:jsconfig-paths-plugin skipping request as it is inside node_modules ../AsyncMotionValueAnimation.mjs
2026-04-06T23:18:59.971Z next:jsconfig-paths-plugin skipping request as it is inside node_modules ../JSAnimation.mjs
2026-04-06T23:18:59.971Z next:jsconfig-paths-plugin skipping request as it is inside node_modules ../utils/get-value-transition.mjs
2026-04-06T23:18:59.971Z next:jsconfig-paths-plugin skipping request as it is inside node_modules ../utils/make-animation-instant.mjs
2026-04-06T23:18:59.971Z next:jsconfig-paths-plugin skipping request as it is inside node_modules ../utils/default-transitions.mjs
2026-04-06T23:18:59.971Z next:jsconfig-paths-plugin skipping request as it is inside node_modules ../keyframes/get-final.mjs
2026-04-06T23:18:59.971Z next:jsconfig-paths-plugin skipping request as it is inside node_modules ../utils/is-transition-defined.mjs
2026-04-06T23:18:59.971Z next:jsconfig-paths-plugin skipping request as it is inside node_modules ../../frameloop/frame.mjs
2026-04-06T23:18:59.971Z next:jsconfig-paths-plugin skipping request as it is inside node_modules ./utils/fill-wildcards.mjs
2026-04-06T23:18:59.971Z next:jsconfig-paths-plugin skipping request as it is inside node_modules ../../frameloop/frame.mjs
2026-04-06T23:18:59.971Z next:jsconfig-paths-plugin skipping request as it is inside node_modules ../../render/utils/resolve-dynamic-variants.mjs
2026-04-06T23:18:59.971Z next:jsconfig-paths-plugin skipping request as it is inside node_modules ../utils/calc-child-stagger.mjs
2026-04-06T23:18:59.972Z next:jsconfig-paths-plugin skipping request as it is inside node_modules ./visual-element-target.mjs
2026-04-06T23:18:59.972Z next:jsconfig-paths-plugin skipping request as it is inside node_modules ../../render/dom/utils/camel-to-dash.mjs
2026-04-06T23:18:59.972Z next:jsconfig-paths-plugin skipping request as it is inside node_modules ./data-id.mjs
2026-04-06T23:18:59.981Z next:jsconfig-paths-plugin skipping request as it is inside node_modules ../utils/supports/scroll-timeline.mjs
2026-04-06T23:18:59.981Z next:jsconfig-paths-plugin skipping request as it is inside node_modules ./waapi/start-waapi-animation.mjs
2026-04-06T23:18:59.981Z next:jsconfig-paths-plugin skipping request as it is inside node_modules ./waapi/utils/apply-generator.mjs
2026-04-06T23:18:59.982Z next:jsconfig-paths-plugin skipping request as it is inside node_modules ../AsyncMotionValueAnimation.mjs
2026-04-06T23:18:59.982Z next:jsconfig-paths-plugin skipping request as it is inside node_modules ../JSAnimation.mjs
2026-04-06T23:18:59.982Z next:jsconfig-paths-plugin skipping request as it is inside node_modules ../../frameloop/frame.mjs
2026-04-06T23:18:59.982Z next:jsconfig-paths-plugin skipping request as it is inside node_modules ../../frameloop/frame.mjs
2026-04-06T23:18:59.982Z next:jsconfig-paths-plugin skipping request as it is inside node_modules ./resolve-transition.mjs
2026-04-06T23:18:59.982Z next:jsconfig-paths-plugin skipping request as it is inside node_modules ./is-css-variable.mjs
2026-04-06T23:18:59.982Z next:jsconfig-paths-plugin skipping request as it is inside node_modules ../../render/utils/keys-transform.mjs
2026-04-06T23:18:59.982Z next:jsconfig-paths-plugin skipping request as it is inside node_modules ../../render/utils/keys-position.mjs
2026-04-06T23:18:59.982Z next:jsconfig-paths-plugin skipping request as it is inside node_modules ../../value/types/dimensions.mjs
2026-04-06T23:18:59.982Z next:jsconfig-paths-plugin skipping request as it is inside node_modules ../utils/css-variables-conversion.mjs
2026-04-06T23:18:59.982Z next:jsconfig-paths-plugin skipping request as it is inside node_modules ../utils/is-css-variable.mjs
2026-04-06T23:18:59.982Z next:jsconfig-paths-plugin skipping request as it is inside node_modules ./KeyframesResolver.mjs
2026-04-06T23:18:59.982Z next:jsconfig-paths-plugin skipping request as it is inside node_modules ../utils/get-value-transition.mjs
2026-04-06T23:18:59.982Z next:jsconfig-paths-plugin skipping request as it is inside node_modules ../utils/make-animation-instant.mjs
2026-04-06T23:18:59.982Z next:jsconfig-paths-plugin skipping request as it is inside node_modules ../utils/default-transitions.mjs
2026-04-06T23:18:59.982Z next:jsconfig-paths-plugin skipping request as it is inside node_modules ../keyframes/get-final.mjs
2026-04-06T23:18:59.982Z next:jsconfig-paths-plugin skipping request as it is inside node_modules ../utils/is-transition-defined.mjs
2026-04-06T23:18:59.982Z next:jsconfig-paths-plugin skipping request as it is inside node_modules ../../render/utils/resolve-dynamic-variants.mjs
2026-04-06T23:18:59.982Z next:jsconfig-paths-plugin skipping request as it is inside node_modules ../utils/calc-child-stagger.mjs
2026-04-06T23:18:59.983Z next:jsconfig-paths-plugin skipping request as it is inside node_modules ./visual-element-target.mjs
2026-04-06T23:18:59.983Z next:jsconfig-paths-plugin skipping request as it is inside node_modules ./data-id.mjs
2026-04-06T23:18:59.983Z next:jsconfig-paths-plugin skipping request as it is inside node_modules ./utils/fill-wildcards.mjs
2026-04-06T23:18:59.983Z next:jsconfig-paths-plugin skipping request as it is inside node_modules ../../render/dom/utils/camel-to-dash.mjs
2026-04-06T23:19:00.014Z next:jsconfig-paths-plugin skipping request as it is inside node_modules @radix-ui/react-compose-refs
2026-04-06T23:19:00.014Z next:jsconfig-paths-plugin skipping request as it is inside node_modules @radix-ui/react-compose-refs
2026-04-06T23:19:00.015Z next:jsconfig-paths-plugin skipping request as it is inside node_modules ./_Symbol
2026-04-06T23:19:00.016Z next:jsconfig-paths-plugin skipping request as it is inside node_modules ./_getRawTag
2026-04-06T23:19:00.017Z next:jsconfig-paths-plugin skipping request as it is inside node_modules ./_objectToString
2026-04-06T23:19:00.021Z next:jsconfig-paths-plugin skipping request as it is inside node_modules ./utils/can-animate.mjs
2026-04-06T23:19:00.022Z next:jsconfig-paths-plugin skipping request as it is inside node_modules ./utils/WithPromise.mjs
2026-04-06T23:19:00.023Z next:jsconfig-paths-plugin skipping request as it is inside node_modules ./utils/replace-transition-type.mjs
2026-04-06T23:19:00.025Z next:jsconfig-paths-plugin skipping request as it is inside node_modules ./waapi/utils/unsupported-easing.mjs
2026-04-06T23:19:00.026Z next:jsconfig-paths-plugin skipping request as it is inside node_modules ./generators/utils/velocity.mjs
2026-04-06T23:19:00.057Z next:jsconfig-paths-plugin skipping request as it is inside node_modules ./visual-element-variant.mjs
2026-04-06T23:19:00.057Z next:jsconfig-paths-plugin skipping request as it is inside node_modules ../utils/resolve-transition.mjs
2026-04-06T23:19:00.057Z next:jsconfig-paths-plugin skipping request as it is inside node_modules ../../render/utils/keys-position.mjs
2026-04-06T23:19:00.057Z next:jsconfig-paths-plugin skipping request as it is inside node_modules ../../render/utils/setters.mjs
2026-04-06T23:19:00.057Z next:jsconfig-paths-plugin skipping request as it is inside node_modules ../../value/will-change/add-will-change.mjs
2026-04-06T23:19:00.057Z next:jsconfig-paths-plugin skipping request as it is inside node_modules ../optimized-appear/get-appear-id.mjs
2026-04-06T23:19:00.057Z next:jsconfig-paths-plugin skipping request as it is inside node_modules ./motion-value.mjs
2026-04-06T23:19:00.057Z next:jsconfig-paths-plugin skipping request as it is inside node_modules ./spring.mjs
2026-04-06T23:19:00.058Z next:jsconfig-paths-plugin skipping request as it is inside node_modules ./utils/velocity.mjs
2026-04-06T23:19:00.058Z next:jsconfig-paths-plugin skipping request as it is inside node_modules motion-utils
2026-04-06T23:19:00.058Z next:jsconfig-paths-plugin skipping request as it is inside node_modules ../../utils/interpolate.mjs
2026-04-06T23:19:00.064Z next:jsconfig-paths-plugin skipping request as it is inside node_modules ../keyframes/offsets/default.mjs
2026-04-06T23:19:00.067Z next:jsconfig-paths-plugin skipping request as it is inside node_modules ../keyframes/offsets/time.mjs
2026-04-06T23:19:00.069Z next:jsconfig-paths-plugin skipping request as it is inside node_modules ../waapi/utils/linear.mjs
2026-04-06T23:19:00.070Z next:jsconfig-paths-plugin skipping request as it is inside node_modules ./utils/calc-duration.mjs
2026-04-06T23:19:00.070Z next:jsconfig-paths-plugin skipping request as it is inside node_modules ./utils/create-generator-easing.mjs
2026-04-06T23:19:00.071Z next:jsconfig-paths-plugin skipping request as it is inside node_modules ../../stats/animation-count.mjs
2026-04-06T23:19:00.071Z next:jsconfig-paths-plugin skipping request as it is inside node_modules ../../stats/buffer.mjs
2026-04-06T23:19:00.071Z next:jsconfig-paths-plugin skipping request as it is inside node_modules ./easing/map-easing.mjs
2026-04-06T23:19:00.071Z next:jsconfig-paths-plugin skipping request as it is inside node_modules ./fill.mjs
2026-04-06T23:19:00.071Z next:jsconfig-paths-plugin skipping request as it is inside node_modules motion-utils
2026-04-06T23:19:00.071Z next:jsconfig-paths-plugin skipping request as it is inside node_modules ./calc-duration.mjs
2026-04-06T23:19:00.071Z next:jsconfig-paths-plugin skipping request as it is inside node_modules ../../waapi/utils/px-values.mjs
2026-04-06T23:19:00.071Z next:jsconfig-paths-plugin skipping request as it is inside node_modules motion-utils
2026-04-06T23:19:00.131Z next:jsconfig-paths-plugin skipping request as it is inside node_modules ../../../utils/mix/number.mjs
2026-04-06T23:19:00.131Z next:jsconfig-paths-plugin skipping request as it is inside node_modules motion-utils
2026-04-06T23:19:00.131Z next:jsconfig-paths-plugin skipping request as it is inside node_modules ../../../utils/supports/linear-easing.mjs
2026-04-06T23:19:00.131Z next:jsconfig-paths-plugin skipping request as it is inside node_modules ../utils/linear.mjs
2026-04-06T23:19:00.131Z next:jsconfig-paths-plugin skipping request as it is inside node_modules ./cubic-bezier.mjs
2026-04-06T23:19:00.138Z next:jsconfig-paths-plugin skipping request as it is inside node_modules ../../utils/interpolate.mjs
2026-04-06T23:19:00.138Z next:jsconfig-paths-plugin skipping request as it is inside node_modules ../../stats/animation-count.mjs
2026-04-06T23:19:00.138Z next:jsconfig-paths-plugin skipping request as it is inside node_modules ../../stats/buffer.mjs
2026-04-06T23:19:00.138Z next:jsconfig-paths-plugin skipping request as it is inside node_modules ./visual-element-variant.mjs
2026-04-06T23:19:00.138Z next:jsconfig-paths-plugin skipping request as it is inside node_modules ../utils/resolve-transition.mjs
2026-04-06T23:19:00.138Z next:jsconfig-paths-plugin skipping request as it is inside node_modules ../../render/utils/keys-position.mjs
2026-04-06T23:19:00.138Z next:jsconfig-paths-plugin skipping request as it is inside node_modules ../../render/utils/setters.mjs
2026-04-06T23:19:00.138Z next:jsconfig-paths-plugin skipping request as it is inside node_modules ../../value/will-change/add-will-change.mjs
2026-04-06T23:19:00.138Z next:jsconfig-paths-plugin skipping request as it is inside node_modules ../optimized-appear/get-appear-id.mjs
2026-04-06T23:19:00.138Z next:jsconfig-paths-plugin skipping request as it is inside node_modules ./motion-value.mjs
2026-04-06T23:19:00.139Z next:jsconfig-paths-plugin skipping request as it is inside node_modules ./spring.mjs
2026-04-06T23:19:00.139Z next:jsconfig-paths-plugin skipping request as it is inside node_modules ./utils/velocity.mjs
2026-04-06T23:19:00.139Z next:jsconfig-paths-plugin skipping request as it is inside node_modules ../keyframes/offsets/default.mjs
2026-04-06T23:19:00.139Z next:jsconfig-paths-plugin skipping request as it is inside node_modules ../keyframes/offsets/time.mjs
2026-04-06T23:19:00.139Z next:jsconfig-paths-plugin skipping request as it is inside node_modules ../waapi/utils/linear.mjs
2026-04-06T23:19:00.139Z next:jsconfig-paths-plugin skipping request as it is inside node_modules ./utils/calc-duration.mjs
2026-04-06T23:19:00.139Z next:jsconfig-paths-plugin skipping request as it is inside node_modules ./utils/create-generator-easing.mjs
2026-04-06T23:19:00.139Z next:jsconfig-paths-plugin skipping request as it is inside node_modules ./easing/map-easing.mjs
2026-04-06T23:19:00.139Z next:jsconfig-paths-plugin skipping request as it is inside node_modules ../../../utils/mix/number.mjs
2026-04-06T23:19:00.139Z next:jsconfig-paths-plugin skipping request as it is inside node_modules ../../../utils/supports/linear-easing.mjs
2026-04-06T23:19:00.139Z next:jsconfig-paths-plugin skipping request as it is inside node_modules ./fill.mjs
2026-04-06T23:19:00.139Z next:jsconfig-paths-plugin skipping request as it is inside node_modules ./calc-duration.mjs
2026-04-06T23:19:00.139Z next:jsconfig-paths-plugin skipping request as it is inside node_modules ../utils/linear.mjs
2026-04-06T23:19:00.139Z next:jsconfig-paths-plugin skipping request as it is inside node_modules ./cubic-bezier.mjs
2026-04-06T23:19:00.153Z next:jsconfig-paths-plugin skipping request as it is inside node_modules react
2026-04-06T23:19:00.153Z next:jsconfig-paths-plugin skipping request as it is inside node_modules @radix-ui/react-use-layout-effect
2026-04-06T23:19:00.154Z next:jsconfig-paths-plugin skipping request as it is inside node_modules next/dist/server/future/route-modules/app-page/vendored/ssr/react
2026-04-06T23:19:00.154Z next:jsconfig-paths-plugin skipping request as it is inside node_modules C:\Users\Ahmed Amin Bejoui\Desktop\ai-code-review-platform\apps\dashboard\node_modules\next/dist/server/future/route-modules/app-page/vendored/ssr/react
2026-04-06T23:19:00.156Z next:jsconfig-paths-plugin skipping request as it is inside node_modules react/jsx-runtime
2026-04-06T23:19:00.156Z next:jsconfig-paths-plugin skipping request as it is inside node_modules react
2026-04-06T23:19:00.156Z next:jsconfig-paths-plugin skipping request as it is inside node_modules next/dist/server/future/route-modules/app-page/vendored/ssr/react-jsx-runtime
2026-04-06T23:19:00.156Z next:jsconfig-paths-plugin skipping request as it is inside node_modules next/dist/server/future/route-modules/app-page/vendored/ssr/react
2026-04-06T23:19:00.156Z next:jsconfig-paths-plugin skipping request as it is inside node_modules C:\Users\Ahmed Amin Bejoui\Desktop\ai-code-review-platform\apps\dashboard\node_modules\next/dist/server/future/route-modules/app-page/vendored/ssr/react-jsx-runtime
2026-04-06T23:19:00.156Z next:jsconfig-paths-plugin skipping request as it is inside node_modules C:\Users\Ahmed Amin Bejoui\Desktop\ai-code-review-platform\apps\dashboard\node_modules\next/dist/server/future/route-modules/app-page/vendored/ssr/react
2026-04-06T23:19:00.160Z next:jsconfig-paths-plugin skipping request as it is inside node_modules ./now
2026-04-06T23:19:00.161Z next:jsconfig-paths-plugin skipping request as it is inside node_modules ./toNumber
2026-04-06T23:19:00.162Z next:jsconfig-paths-plugin skipping request as it is inside node_modules ./_castPath
2026-04-06T23:19:00.163Z next:jsconfig-paths-plugin skipping request as it is inside node_modules ./_toKey
2026-04-06T23:19:00.164Z next:jsconfig-paths-plugin skipping request as it is inside node_modules ./_baseIsEqualDeep
2026-04-06T23:19:00.165Z next:jsconfig-paths-plugin skipping request as it is inside node_modules ./utils/is-none.mjs
2026-04-06T23:19:00.166Z next:jsconfig-paths-plugin skipping request as it is inside node_modules ./utils/make-none-animatable.mjs
2026-04-06T23:19:00.167Z next:jsconfig-paths-plugin skipping request as it is inside node_modules ./utils/unit-conversion.mjs
2026-04-06T23:19:00.171Z next:jsconfig-paths-plugin skipping request as it is inside node_modules react
2026-04-06T23:19:00.171Z next:jsconfig-paths-plugin skipping request as it is inside node_modules @radix-ui/primitive
2026-04-06T23:19:00.171Z next:jsconfig-paths-plugin skipping request as it is inside node_modules @radix-ui/react-collection
2026-04-06T23:19:00.172Z next:jsconfig-paths-plugin skipping request as it is inside node_modules @radix-ui/react-compose-refs
2026-04-06T23:19:00.172Z next:jsconfig-paths-plugin skipping request as it is inside node_modules @radix-ui/react-context
2026-04-06T23:19:00.172Z next:jsconfig-paths-plugin skipping request as it is inside node_modules @radix-ui/react-direction
2026-04-06T23:19:00.172Z next:jsconfig-paths-plugin skipping request as it is inside node_modules @radix-ui/react-dismissable-layer
2026-04-06T23:19:00.172Z next:jsconfig-paths-plugin skipping request as it is inside node_modules @radix-ui/react-focus-guards
2026-04-06T23:19:00.172Z next:jsconfig-paths-plugin skipping request as it is inside node_modules @radix-ui/react-focus-scope
2026-04-06T23:19:00.172Z next:jsconfig-paths-plugin skipping request as it is inside node_modules @radix-ui/react-id
2026-04-06T23:19:00.172Z next:jsconfig-paths-plugin skipping request as it is inside node_modules @radix-ui/react-popper
2026-04-06T23:19:00.172Z next:jsconfig-paths-plugin skipping request as it is inside node_modules @radix-ui/react-portal
2026-04-06T23:19:00.172Z next:jsconfig-paths-plugin skipping request as it is inside node_modules @radix-ui/react-presence
2026-04-06T23:19:00.172Z next:jsconfig-paths-plugin skipping request as it is inside node_modules @radix-ui/react-primitive
2026-04-06T23:19:00.172Z next:jsconfig-paths-plugin skipping request as it is inside node_modules @radix-ui/react-roving-focus
2026-04-06T23:19:00.173Z next:jsconfig-paths-plugin skipping request as it is inside node_modules @radix-ui/react-slot
2026-04-06T23:19:00.173Z next:jsconfig-paths-plugin skipping request as it is inside node_modules @radix-ui/react-use-callback-ref
2026-04-06T23:19:00.173Z next:jsconfig-paths-plugin skipping request as it is inside node_modules aria-hidden
2026-04-06T23:19:00.173Z next:jsconfig-paths-plugin skipping request as it is inside node_modules react-remove-scroll
2026-04-06T23:19:00.173Z next:jsconfig-paths-plugin skipping request as it is inside node_modules react/jsx-runtime
2026-04-06T23:19:00.173Z next:jsconfig-paths-plugin skipping request as it is inside node_modules react
2026-04-06T23:19:00.173Z next:jsconfig-paths-plugin skipping request as it is inside node_modules react-dom
2026-04-06T23:19:00.173Z next:jsconfig-paths-plugin skipping request as it is inside node_modules ./batcher.mjs
2026-04-06T23:19:00.175Z next:jsconfig-paths-plugin skipping request as it is inside node_modules motion-utils
2026-04-06T23:19:00.176Z next:jsconfig-paths-plugin skipping request as it is inside node_modules ./order.mjs
2026-04-06T23:19:00.176Z next:jsconfig-paths-plugin skipping request as it is inside node_modules ./render-step.mjs
2026-04-06T23:19:00.176Z next:jsconfig-paths-plugin skipping request as it is inside node_modules ./frame.mjs
2026-04-06T23:19:00.176Z next:jsconfig-paths-plugin skipping request as it is inside node_modules ./drag/state/is-active.mjs
2026-04-06T23:19:00.176Z next:jsconfig-paths-plugin skipping request as it is inside node_modules ./utils/setup.mjs
2026-04-06T23:19:00.177Z next:jsconfig-paths-plugin skipping request as it is inside node_modules ./supported.mjs
2026-04-06T23:19:00.177Z next:jsconfig-paths-plugin skipping request as it is inside node_modules motion-utils
2026-04-06T23:19:00.177Z next:jsconfig-paths-plugin skipping request as it is inside node_modules ../../../utils/supports/linear-easing.mjs
2026-04-06T23:19:00.177Z next:jsconfig-paths-plugin skipping request as it is inside node_modules ../../generators/utils/is-generator.mjs
2026-04-06T23:19:00.177Z next:jsconfig-paths-plugin skipping request as it is inside node_modules ../utils/accelerated-values.mjs
2026-04-06T23:19:00.177Z next:jsconfig-paths-plugin skipping request as it is inside node_modules ../utils/is-browser-color.mjs
2026-04-06T23:19:00.180Z next:jsconfig-paths-plugin skipping request as it is inside node_modules ./batcher.mjs
2026-04-06T23:19:00.180Z next:jsconfig-paths-plugin skipping request as it is inside node_modules ./frame.mjs
2026-04-06T23:19:00.180Z next:jsconfig-paths-plugin skipping request as it is inside node_modules ./drag/state/is-active.mjs
2026-04-06T23:19:00.180Z next:jsconfig-paths-plugin skipping request as it is inside node_modules ../../../utils/supports/linear-easing.mjs
2026-04-06T23:19:00.180Z next:jsconfig-paths-plugin skipping request as it is inside node_modules ./supported.mjs
2026-04-06T23:19:00.180Z next:jsconfig-paths-plugin skipping request as it is inside node_modules ../../generators/utils/is-generator.mjs
2026-04-06T23:19:00.180Z next:jsconfig-paths-plugin skipping request as it is inside node_modules ../utils/accelerated-values.mjs
2026-04-06T23:19:00.185Z next:jsconfig-paths-plugin moduleName did not match any paths pattern swr/infinite
2026-04-06T23:19:00.185Z next:jsconfig-paths-plugin moduleName did not match any paths pattern swr
2026-04-06T23:19:00.185Z next:jsconfig-paths-plugin moduleName did not match any paths pattern swr/mutation
2026-04-06T23:19:00.186Z next:jsconfig-paths-plugin skipping request as it is inside node_modules swr/infinite
2026-04-06T23:19:00.187Z next:jsconfig-paths-plugin skipping request as it is inside node_modules swr/mutation
2026-04-06T23:19:00.187Z next:jsconfig-paths-plugin skipping request as it is inside node_modules swr
2026-04-06T23:19:00.189Z next:jsconfig-paths-plugin skipping request as it is inside node_modules react
2026-04-06T23:19:00.189Z next:jsconfig-paths-plugin skipping request as it is inside node_modules @radix-ui/react-use-layout-effect
2026-04-06T23:19:00.189Z next:jsconfig-paths-plugin skipping request as it is inside node_modules next/dist/server/future/route-modules/app-page/vendored/ssr/react
2026-04-06T23:19:00.189Z next:jsconfig-paths-plugin skipping request as it is inside node_modules C:\Users\Ahmed Amin Bejoui\Desktop\ai-code-review-platform\apps\dashboard\node_modules\next/dist/server/future/route-modules/app-page/vendored/ssr/react
2026-04-06T23:19:00.191Z next:jsconfig-paths-plugin skipping request as it is inside node_modules react
2026-04-06T23:19:00.191Z next:jsconfig-paths-plugin skipping request as it is inside node_modules @radix-ui/react-use-layout-effect
2026-04-06T23:19:00.192Z next:jsconfig-paths-plugin skipping request as it is inside node_modules @radix-ui/react-compose-refs
2026-04-06T23:19:00.192Z next:jsconfig-paths-plugin skipping request as it is inside node_modules next/dist/server/future/route-modules/app-page/vendored/ssr/react
2026-04-06T23:19:00.192Z next:jsconfig-paths-plugin skipping request as it is inside node_modules C:\Users\Ahmed Amin Bejoui\Desktop\ai-code-review-platform\apps\dashboard\node_modules\next/dist/server/future/route-modules/app-page/vendored/ssr/react
2026-04-06T23:19:00.210Z next:jsconfig-paths-plugin skipping request as it is inside node_modules react/jsx-runtime
2026-04-06T23:19:00.211Z next:jsconfig-paths-plugin skipping request as it is inside node_modules react
2026-04-06T23:19:00.211Z next:jsconfig-paths-plugin skipping request as it is inside node_modules @radix-ui/primitive
2026-04-06T23:19:00.211Z next:jsconfig-paths-plugin skipping request as it is inside node_modules @radix-ui/react-collection
2026-04-06T23:19:00.211Z next:jsconfig-paths-plugin skipping request as it is inside node_modules @radix-ui/react-context
2026-04-06T23:19:00.211Z next:jsconfig-paths-plugin skipping request as it is inside node_modules @radix-ui/react-id
2026-04-06T23:19:00.211Z next:jsconfig-paths-plugin skipping request as it is inside node_modules @radix-ui/react-primitive
2026-04-06T23:19:00.211Z next:jsconfig-paths-plugin skipping request as it is inside node_modules @radix-ui/react-use-callback-ref
2026-04-06T23:19:00.211Z next:jsconfig-paths-plugin skipping request as it is inside node_modules @radix-ui/react-use-controllable-state
2026-04-06T23:19:00.211Z next:jsconfig-paths-plugin skipping request as it is inside node_modules @radix-ui/react-direction
2026-04-06T23:19:00.211Z next:jsconfig-paths-plugin skipping request as it is inside node_modules @radix-ui/react-compose-refs
2026-04-06T23:19:00.211Z next:jsconfig-paths-plugin skipping request as it is inside node_modules next/dist/server/future/route-modules/app-page/vendored/ssr/react-jsx-runtime
2026-04-06T23:19:00.211Z next:jsconfig-paths-plugin skipping request as it is inside node_modules next/dist/server/future/route-modules/app-page/vendored/ssr/react
2026-04-06T23:19:00.211Z next:jsconfig-paths-plugin skipping request as it is inside node_modules C:\Users\Ahmed Amin Bejoui\Desktop\ai-code-review-platform\apps\dashboard\node_modules\next/dist/server/future/route-modules/app-page/vendored/ssr/react-jsx-runtime
2026-04-06T23:19:00.212Z next:jsconfig-paths-plugin skipping request as it is inside node_modules C:\Users\Ahmed Amin Bejoui\Desktop\ai-code-review-platform\apps\dashboard\node_modules\next/dist/server/future/route-modules/app-page/vendored/ssr/react
2026-04-06T23:19:00.222Z next:jsconfig-paths-plugin skipping request as it is inside node_modules ./drivers/frame.mjs
2026-04-06T23:19:00.224Z next:jsconfig-paths-plugin skipping request as it is inside node_modules ../../waapi/utils/px-values.mjs
2026-04-06T23:19:00.227Z next:jsconfig-paths-plugin skipping request as it is inside node_modules react/jsx-runtime
2026-04-06T23:19:00.227Z next:jsconfig-paths-plugin skipping request as it is inside node_modules next/dist/server/future/route-modules/app-page/vendored/ssr/react-jsx-runtime
2026-04-06T23:19:00.227Z next:jsconfig-paths-plugin skipping request as it is inside node_modules C:\Users\Ahmed Amin Bejoui\Desktop\ai-code-review-platform\apps\dashboard\node_modules\next/dist/server/future/route-modules/app-page/vendored/ssr/react-jsx-runtime
2026-04-06T23:19:00.228Z next:jsconfig-paths-plugin skipping request as it is inside node_modules react
2026-04-06T23:19:00.228Z next:jsconfig-paths-plugin skipping request as it is inside node_modules next/dist/server/future/route-modules/app-page/vendored/ssr/react
2026-04-06T23:19:00.228Z next:jsconfig-paths-plugin skipping request as it is inside node_modules C:\Users\Ahmed Amin Bejoui\Desktop\ai-code-review-platform\apps\dashboard\node_modules\next/dist/server/future/route-modules/app-page/vendored/ssr/react
2026-04-06T23:19:00.230Z next:jsconfig-paths-plugin skipping request as it is inside node_modules react
2026-04-06T23:19:00.230Z next:jsconfig-paths-plugin skipping request as it is inside node_modules @radix-ui/react-use-layout-effect
2026-04-06T23:19:00.230Z next:jsconfig-paths-plugin skipping request as it is inside node_modules next/dist/server/future/route-modules/app-page/vendored/ssr/react
2026-04-06T23:19:00.230Z next:jsconfig-paths-plugin skipping request as it is inside node_modules C:\Users\Ahmed Amin Bejoui\Desktop\ai-code-review-platform\apps\dashboard\node_modules\next/dist/server/future/route-modules/app-page/vendored/ssr/react
2026-04-06T23:19:00.234Z next:jsconfig-paths-plugin skipping request as it is inside node_modules @radix-ui/react-slot
2026-04-06T23:19:00.234Z next:jsconfig-paths-plugin skipping request as it is inside node_modules react/jsx-runtime
2026-04-06T23:19:00.234Z next:jsconfig-paths-plugin skipping request as it is inside node_modules react
2026-04-06T23:19:00.234Z next:jsconfig-paths-plugin skipping request as it is inside node_modules react-dom
2026-04-06T23:19:00.234Z next:jsconfig-paths-plugin skipping request as it is inside node_modules @radix-ui/react-slot
2026-04-06T23:19:00.234Z next:jsconfig-paths-plugin skipping request as it is inside node_modules react/jsx-runtime
2026-04-06T23:19:00.234Z next:jsconfig-paths-plugin skipping request as it is inside node_modules react
2026-04-06T23:19:00.234Z next:jsconfig-paths-plugin skipping request as it is inside node_modules react-dom
2026-04-06T23:19:00.234Z next:jsconfig-paths-plugin skipping request as it is inside node_modules @radix-ui/react-slot
2026-04-06T23:19:00.235Z next:jsconfig-paths-plugin skipping request as it is inside node_modules react/jsx-runtime
2026-04-06T23:19:00.235Z next:jsconfig-paths-plugin skipping request as it is inside node_modules react
2026-04-06T23:19:00.235Z next:jsconfig-paths-plugin skipping request as it is inside node_modules react/jsx-runtime
2026-04-06T23:19:00.273Z next:jsconfig-paths-plugin skipping request as it is inside node_modules react
2026-04-06T23:19:00.273Z next:jsconfig-paths-plugin skipping request as it is inside node_modules react-dom
2026-04-06T23:19:00.273Z next:jsconfig-paths-plugin skipping request as it is inside node_modules @radix-ui/react-slot
2026-04-06T23:19:00.273Z next:jsconfig-paths-plugin skipping request as it is inside node_modules react/jsx-runtime
2026-04-06T23:19:00.273Z next:jsconfig-paths-plugin skipping request as it is inside node_modules react
2026-04-06T23:19:00.325Z next:jsconfig-paths-plugin skipping request as it is inside node_modules react/jsx-runtime
2026-04-06T23:19:00.326Z next:jsconfig-paths-plugin skipping request as it is inside node_modules ../../utils/is-html-element.mjs
2026-04-06T23:19:00.326Z next:jsconfig-paths-plugin skipping request as it is inside node_modules ../drag/state/is-active.mjs
2026-04-06T23:19:00.326Z next:jsconfig-paths-plugin skipping request as it is inside node_modules ../utils/is-node-or-child.mjs
2026-04-06T23:19:00.326Z next:jsconfig-paths-plugin skipping request as it is inside node_modules ../utils/is-primary-pointer.mjs
2026-04-06T23:19:00.327Z next:jsconfig-paths-plugin skipping request as it is inside node_modules ../utils/setup.mjs
2026-04-06T23:19:00.327Z next:jsconfig-paths-plugin skipping request as it is inside node_modules ./utils/is-keyboard-accessible.mjs
2026-04-06T23:19:00.327Z next:jsconfig-paths-plugin skipping request as it is inside node_modules ./utils/keyboard.mjs
2026-04-06T23:19:00.327Z next:jsconfig-paths-plugin skipping request as it is inside node_modules ./utils/state.mjs
2026-04-06T23:19:00.327Z next:jsconfig-paths-plugin skipping request as it is inside node_modules ../../render/dom/utils/camel-to-dash.mjs
2026-04-06T23:19:00.327Z next:jsconfig-paths-plugin skipping request as it is inside node_modules ../utils/create-dom-effect.mjs
2026-04-06T23:19:00.327Z next:jsconfig-paths-plugin skipping request as it is inside node_modules ../utils/create-effect.mjs
2026-04-06T23:19:00.327Z next:jsconfig-paths-plugin skipping request as it is inside node_modules ../utils/create-effect.mjs
2026-04-06T23:19:00.328Z next:jsconfig-paths-plugin skipping request as it is inside node_modules ../../value/index.mjs
2026-04-06T23:19:00.328Z next:jsconfig-paths-plugin skipping request as it is inside node_modules ../attr/index.mjs
2026-04-06T23:19:00.328Z next:jsconfig-paths-plugin skipping request as it is inside node_modules ../style/index.mjs
2026-04-06T23:19:00.328Z next:jsconfig-paths-plugin skipping request as it is inside node_modules ../utils/create-dom-effect.mjs
2026-04-06T23:19:00.329Z next:jsconfig-paths-plugin skipping request as it is inside node_modules ../utils/create-effect.mjs
2026-04-06T23:19:00.329Z next:jsconfig-paths-plugin skipping request as it is inside node_modules ../../frameloop/frame.mjs
2026-04-06T23:19:00.354Z next:jsconfig-paths-plugin skipping request as it is inside node_modules ../../utils/is-html-element.mjs
2026-04-06T23:19:00.354Z next:jsconfig-paths-plugin skipping request as it is inside node_modules ../../value/index.mjs
2026-04-06T23:19:00.355Z next:jsconfig-paths-plugin skipping request as it is inside node_modules ../../frameloop/frame.mjs
2026-04-06T23:19:00.355Z next:jsconfig-paths-plugin skipping request as it is inside node_modules ../utils/is-node-or-child.mjs
2026-04-06T23:19:00.355Z next:jsconfig-paths-plugin skipping request as it is inside node_modules ../utils/is-primary-pointer.mjs
2026-04-06T23:19:00.355Z next:jsconfig-paths-plugin skipping request as it is inside node_modules ../attr/index.mjs
2026-04-06T23:19:00.355Z next:jsconfig-paths-plugin skipping request as it is inside node_modules ../style/index.mjs
2026-04-06T23:19:00.355Z next:jsconfig-paths-plugin skipping request as it is inside node_modules ../drag/state/is-active.mjs
2026-04-06T23:19:00.355Z next:jsconfig-paths-plugin skipping request as it is inside node_modules ./utils/is-keyboard-accessible.mjs
2026-04-06T23:19:00.355Z next:jsconfig-paths-plugin skipping request as it is inside node_modules ../../render/dom/utils/camel-to-dash.mjs
2026-04-06T23:19:00.361Z next:jsconfig-paths-plugin skipping request as it is inside node_modules client-only
2026-04-06T23:19:00.361Z next:jsconfig-paths-plugin skipping request as it is inside node_modules next/dist/compiled/client-only/index
2026-04-06T23:19:00.361Z next:jsconfig-paths-plugin skipping request as it is inside node_modules C:\Users\Ahmed Amin Bejoui\Desktop\ai-code-review-platform\apps\dashboard\node_modules\next/dist/compiled/client-only/index
2026-04-06T23:19:00.431Z next:jsconfig-paths-plugin skipping request as it is inside node_modules ./order.mjs
2026-04-06T23:19:00.436Z next:jsconfig-paths-plugin skipping request as it is inside node_modules ./render-step.mjs
2026-04-06T23:19:00.439Z next:jsconfig-paths-plugin skipping request as it is inside node_modules ./utils/setup.mjs
2026-04-06T23:19:00.439Z next:jsconfig-paths-plugin skipping request as it is inside node_modules ../utils/setup.mjs
2026-04-06T23:19:00.441Z next:jsconfig-paths-plugin skipping request as it is inside node_modules ../utils/is-browser-color.mjs
2026-04-06T23:19:00.515Z next:jsconfig-paths-plugin skipping request as it is inside node_modules ../../render/dom/is-css-var.mjs
2026-04-06T23:19:00.516Z next:jsconfig-paths-plugin skipping request as it is inside node_modules ../../render/utils/keys-transform.mjs
2026-04-06T23:19:00.516Z next:jsconfig-paths-plugin skipping request as it is inside node_modules ../../utils/is-html-element.mjs
2026-04-06T23:19:00.516Z next:jsconfig-paths-plugin skipping request as it is inside node_modules ../../value/index.mjs
2026-04-06T23:19:00.516Z next:jsconfig-paths-plugin skipping request as it is inside node_modules ../utils/create-dom-effect.mjs
2026-04-06T23:19:00.516Z next:jsconfig-paths-plugin skipping request as it is inside node_modules ../utils/create-effect.mjs
2026-04-06T23:19:00.516Z next:jsconfig-paths-plugin skipping request as it is inside node_modules ./transform.mjs
2026-04-06T23:19:00.517Z next:jsconfig-paths-plugin skipping request as it is inside node_modules ../../utils/is-html-element.mjs
2026-04-06T23:19:00.517Z next:jsconfig-paths-plugin skipping request as it is inside node_modules ../../value/index.mjs
2026-04-06T23:19:00.517Z next:jsconfig-paths-plugin skipping request as it is inside node_modules ../../render/utils/keys-transform.mjs
2026-04-06T23:19:00.562Z next:jsconfig-paths-plugin skipping request as it is inside node_modules react
2026-04-06T23:19:00.562Z next:jsconfig-paths-plugin skipping request as it is inside node_modules next/dist/server/future/route-modules/app-page/vendored/ssr/react
2026-04-06T23:19:00.562Z next:jsconfig-paths-plugin skipping request as it is inside node_modules C:\Users\Ahmed Amin Bejoui\Desktop\ai-code-review-platform\apps\dashboard\node_modules\next/dist/server/future/route-modules/app-page/vendored/ssr/react
2026-04-06T23:19:00.629Z next:jsconfig-paths-plugin skipping request as it is inside node_modules clsx
2026-04-06T23:19:00.633Z next:jsconfig-paths-plugin skipping request as it is inside node_modules ./utils/keyboard.mjs
2026-04-06T23:19:00.634Z next:jsconfig-paths-plugin skipping request as it is inside node_modules ./utils/state.mjs
2026-04-06T23:19:00.638Z next:jsconfig-paths-plugin skipping request as it is inside node_modules motion-utils
2026-04-06T23:19:00.638Z next:jsconfig-paths-plugin skipping request as it is inside node_modules motion-utils
2026-04-06T23:19:00.638Z next:jsconfig-paths-plugin skipping request as it is inside node_modules motion-utils
2026-04-06T23:19:00.638Z next:jsconfig-paths-plugin skipping request as it is inside node_modules motion-utils
2026-04-06T23:19:00.638Z next:jsconfig-paths-plugin skipping request as it is inside node_modules motion-utils
2026-04-06T23:19:00.638Z next:jsconfig-paths-plugin skipping request as it is inside node_modules motion-utils
2026-04-06T23:19:00.638Z next:jsconfig-paths-plugin skipping request as it is inside node_modules motion-utils
2026-04-06T23:19:00.638Z next:jsconfig-paths-plugin skipping request as it is inside node_modules motion-utils
2026-04-06T23:19:00.639Z next:jsconfig-paths-plugin skipping request as it is inside node_modules motion-utils
2026-04-06T23:19:00.677Z next:jsconfig-paths-plugin skipping request as it is inside node_modules react-dom
2026-04-06T23:19:00.677Z next:jsconfig-paths-plugin skipping request as it is inside node_modules next/dist/server/future/route-modules/app-page/vendored/ssr/react-dom
2026-04-06T23:19:00.677Z next:jsconfig-paths-plugin skipping request as it is inside node_modules C:\Users\Ahmed Amin Bejoui\Desktop\ai-code-review-platform\apps\dashboard\node_modules\next/dist/server/future/route-modules/app-page/vendored/ssr/react-dom
2026-04-06T23:19:00.684Z next:jsconfig-paths-plugin skipping request as it is inside node_modules ../../render/dom/is-css-var.mjs
2026-04-06T23:19:00.686Z next:jsconfig-paths-plugin skipping request as it is inside node_modules ./transform.mjs
2026-04-06T23:19:00.699Z next:jsconfig-paths-plugin skipping request as it is inside node_modules ../utils/create-dom-effect.mjs
2026-04-06T23:19:00.699Z next:jsconfig-paths-plugin skipping request as it is inside node_modules ../utils/create-dom-effect.mjs
2026-04-06T23:19:00.699Z next:jsconfig-paths-plugin skipping request as it is inside node_modules ../utils/create-dom-effect.mjs
2026-04-06T23:19:00.699Z next:jsconfig-paths-plugin skipping request as it is inside node_modules ../utils/create-effect.mjs
2026-04-06T23:19:00.700Z next:jsconfig-paths-plugin skipping request as it is inside node_modules ../utils/create-effect.mjs
2026-04-06T23:19:00.700Z next:jsconfig-paths-plugin skipping request as it is inside node_modules ../utils/create-effect.mjs
2026-04-06T23:19:00.700Z next:jsconfig-paths-plugin skipping request as it is inside node_modules ../utils/create-effect.mjs
2026-04-06T23:19:00.763Z next:jsconfig-paths-plugin moduleName did not match any paths pattern dequal
2026-04-06T23:19:00.764Z next:jsconfig-paths-plugin skipping request as it is inside node_modules dequal
2026-04-06T23:19:00.765Z next:jsconfig-paths-plugin skipping request as it is inside node_modules react/jsx-runtime
2026-04-06T23:19:00.765Z next:jsconfig-paths-plugin skipping request as it is inside node_modules next/dist/server/future/route-modules/app-page/vendored/ssr/react-jsx-runtime
2026-04-06T23:19:00.765Z next:jsconfig-paths-plugin skipping request as it is inside node_modules C:\Users\Ahmed Amin Bejoui\Desktop\ai-code-review-platform\apps\dashboard\node_modules\next/dist/server/future/route-modules/app-page/vendored/ssr/react-jsx-runtime
2026-04-06T23:19:00.788Z next:jsconfig-paths-plugin skipping request as it is inside node_modules react/jsx-runtime
2026-04-06T23:19:00.788Z next:jsconfig-paths-plugin skipping request as it is inside node_modules react
2026-04-06T23:19:00.788Z next:jsconfig-paths-plugin skipping request as it is inside node_modules next/dist/server/future/route-modules/app-page/vendored/ssr/react-jsx-runtime
2026-04-06T23:19:00.788Z next:jsconfig-paths-plugin skipping request as it is inside node_modules next/dist/server/future/route-modules/app-page/vendored/ssr/react
2026-04-06T23:19:00.788Z next:jsconfig-paths-plugin skipping request as it is inside node_modules C:\Users\Ahmed Amin Bejoui\Desktop\ai-code-review-platform\apps\dashboard\node_modules\next/dist/server/future/route-modules/app-page/vendored/ssr/react-jsx-runtime
2026-04-06T23:19:00.788Z next:jsconfig-paths-plugin skipping request as it is inside node_modules C:\Users\Ahmed Amin Bejoui\Desktop\ai-code-review-platform\apps\dashboard\node_modules\next/dist/server/future/route-modules/app-page/vendored/ssr/react
2026-04-06T23:19:00.796Z next:jsconfig-paths-plugin skipping request as it is inside node_modules react/jsx-runtime
2026-04-06T23:19:00.796Z next:jsconfig-paths-plugin skipping request as it is inside node_modules react
2026-04-06T23:19:00.796Z next:jsconfig-paths-plugin skipping request as it is inside node_modules next/dist/server/future/route-modules/app-page/vendored/ssr/react-jsx-runtime
2026-04-06T23:19:00.796Z next:jsconfig-paths-plugin skipping request as it is inside node_modules next/dist/server/future/route-modules/app-page/vendored/ssr/react
2026-04-06T23:19:00.796Z next:jsconfig-paths-plugin skipping request as it is inside node_modules C:\Users\Ahmed Amin Bejoui\Desktop\ai-code-review-platform\apps\dashboard\node_modules\next/dist/server/future/route-modules/app-page/vendored/ssr/react-jsx-runtime
2026-04-06T23:19:00.796Z next:jsconfig-paths-plugin skipping request as it is inside node_modules C:\Users\Ahmed Amin Bejoui\Desktop\ai-code-review-platform\apps\dashboard\node_modules\next/dist/server/future/route-modules/app-page/vendored/ssr/react
2026-04-06T23:19:00.860Z next:jsconfig-paths-plugin skipping request as it is inside node_modules ./handle-element.mjs
2026-04-06T23:19:00.860Z next:jsconfig-paths-plugin skipping request as it is inside node_modules ./handle-window.mjs
2026-04-06T23:19:00.860Z next:jsconfig-paths-plugin skipping request as it is inside node_modules ../frameloop/frame.mjs
2026-04-06T23:19:00.860Z next:jsconfig-paths-plugin skipping request as it is inside node_modules motion-utils
2026-04-06T23:19:00.860Z next:jsconfig-paths-plugin skipping request as it is inside node_modules ./animation-count.mjs
2026-04-06T23:19:00.896Z next:jsconfig-paths-plugin skipping request as it is inside node_modules ./buffer.mjs
2026-04-06T23:19:00.896Z next:jsconfig-paths-plugin skipping request as it is inside node_modules ../frameloop/frame.mjs
2026-04-06T23:19:00.896Z next:jsconfig-paths-plugin skipping request as it is inside node_modules ./mix/index.mjs
2026-04-06T23:19:00.905Z next:jsconfig-paths-plugin skipping request as it is inside node_modules ../frameloop/frame.mjs
2026-04-06T23:19:00.905Z next:jsconfig-paths-plugin skipping request as it is inside node_modules ./animation-count.mjs
2026-04-06T23:19:00.905Z next:jsconfig-paths-plugin skipping request as it is inside node_modules ./buffer.mjs
2026-04-06T23:19:00.905Z next:jsconfig-paths-plugin skipping request as it is inside node_modules ../frameloop/frame.mjs
2026-04-06T23:19:00.905Z next:jsconfig-paths-plugin skipping request as it is inside node_modules ./mix/index.mjs
2026-04-06T23:19:00.909Z next:jsconfig-paths-plugin skipping request as it is inside node_modules react
2026-04-06T23:19:00.910Z next:jsconfig-paths-plugin skipping request as it is inside node_modules next/dist/server/future/route-modules/app-page/vendored/ssr/react
2026-04-06T23:19:00.925Z next:jsconfig-paths-plugin skipping request as it is inside node_modules C:\Users\Ahmed Amin Bejoui\Desktop\ai-code-review-platform\apps\dashboard\node_modules\next/dist/server/future/route-modules/app-page/vendored/ssr/react
2026-04-06T23:19:01.117Z next:jsconfig-paths-plugin skipping request as it is inside node_modules motion-utils
2026-04-06T23:19:01.145Z next:jsconfig-paths-plugin skipping request as it is inside node_modules react/jsx-runtime
2026-04-06T23:19:01.145Z next:jsconfig-paths-plugin skipping request as it is inside node_modules react
2026-04-06T23:19:01.145Z next:jsconfig-paths-plugin skipping request as it is inside node_modules next/dist/server/future/route-modules/app-page/vendored/ssr/react-jsx-runtime
2026-04-06T23:19:01.145Z next:jsconfig-paths-plugin skipping request as it is inside node_modules next/dist/server/future/route-modules/app-page/vendored/ssr/react
2026-04-06T23:19:01.145Z next:jsconfig-paths-plugin skipping request as it is inside node_modules C:\Users\Ahmed Amin Bejoui\Desktop\ai-code-review-platform\apps\dashboard\node_modules\next/dist/server/future/route-modules/app-page/vendored/ssr/react-jsx-runtime
2026-04-06T23:19:01.146Z next:jsconfig-paths-plugin skipping request as it is inside node_modules C:\Users\Ahmed Amin Bejoui\Desktop\ai-code-review-platform\apps\dashboard\node_modules\next/dist/server/future/route-modules/app-page/vendored/ssr/react
2026-04-06T23:19:01.168Z next:jsconfig-paths-plugin skipping request as it is inside node_modules react/jsx-runtime
2026-04-06T23:19:01.169Z next:jsconfig-paths-plugin skipping request as it is inside node_modules react
2026-04-06T23:19:01.169Z next:jsconfig-paths-plugin skipping request as it is inside node_modules next/dist/server/future/route-modules/app-page/vendored/ssr/react-jsx-runtime
2026-04-06T23:19:01.169Z next:jsconfig-paths-plugin skipping request as it is inside node_modules next/dist/server/future/route-modules/app-page/vendored/ssr/react
2026-04-06T23:19:01.169Z next:jsconfig-paths-plugin skipping request as it is inside node_modules C:\Users\Ahmed Amin Bejoui\Desktop\ai-code-review-platform\apps\dashboard\node_modules\next/dist/server/future/route-modules/app-page/vendored/ssr/react-jsx-runtime
2026-04-06T23:19:01.169Z next:jsconfig-paths-plugin skipping request as it is inside node_modules C:\Users\Ahmed Amin Bejoui\Desktop\ai-code-review-platform\apps\dashboard\node_modules\next/dist/server/future/route-modules/app-page/vendored/ssr/react
2026-04-06T23:19:01.172Z next:jsconfig-paths-plugin skipping request as it is inside node_modules react/jsx-runtime
2026-04-06T23:19:01.172Z next:jsconfig-paths-plugin skipping request as it is inside node_modules react
2026-04-06T23:19:01.172Z next:jsconfig-paths-plugin skipping request as it is inside node_modules next/dist/server/future/route-modules/app-page/vendored/ssr/react-jsx-runtime
2026-04-06T23:19:01.172Z next:jsconfig-paths-plugin skipping request as it is inside node_modules next/dist/server/future/route-modules/app-page/vendored/ssr/react
2026-04-06T23:19:01.172Z next:jsconfig-paths-plugin skipping request as it is inside node_modules C:\Users\Ahmed Amin Bejoui\Desktop\ai-code-review-platform\apps\dashboard\node_modules\next/dist/server/future/route-modules/app-page/vendored/ssr/react-jsx-runtime
2026-04-06T23:19:01.172Z next:jsconfig-paths-plugin skipping request as it is inside node_modules C:\Users\Ahmed Amin Bejoui\Desktop\ai-code-review-platform\apps\dashboard\node_modules\next/dist/server/future/route-modules/app-page/vendored/ssr/react
2026-04-06T23:19:01.208Z next:jsconfig-paths-plugin skipping request as it is inside node_modules react/jsx-runtime
2026-04-06T23:19:01.209Z next:jsconfig-paths-plugin skipping request as it is inside node_modules react
2026-04-06T23:19:01.217Z next:jsconfig-paths-plugin skipping request as it is inside node_modules next/dist/server/future/route-modules/app-page/vendored/ssr/react-jsx-runtime
2026-04-06T23:19:01.217Z next:jsconfig-paths-plugin skipping request as it is inside node_modules next/dist/server/future/route-modules/app-page/vendored/ssr/react
2026-04-06T23:19:01.217Z next:jsconfig-paths-plugin skipping request as it is inside node_modules C:\Users\Ahmed Amin Bejoui\Desktop\ai-code-review-platform\apps\dashboard\node_modules\next/dist/server/future/route-modules/app-page/vendored/ssr/react-jsx-runtime
2026-04-06T23:19:01.217Z next:jsconfig-paths-plugin skipping request as it is inside node_modules C:\Users\Ahmed Amin Bejoui\Desktop\ai-code-review-platform\apps\dashboard\node_modules\next/dist/server/future/route-modules/app-page/vendored/ssr/react
2026-04-06T23:19:01.248Z next:jsconfig-paths-plugin skipping request as it is inside node_modules use-sync-external-store/shim
2026-04-06T23:19:01.248Z next:jsconfig-paths-plugin skipping request as it is inside node_modules react
2026-04-06T23:19:01.249Z next:jsconfig-paths-plugin skipping request as it is inside node_modules react
2026-04-06T23:19:01.249Z next:jsconfig-paths-plugin skipping request as it is inside node_modules ./is-svg-element.mjs
2026-04-06T23:19:01.249Z next:jsconfig-paths-plugin skipping request as it is inside node_modules ./interpolate.mjs
2026-04-06T23:19:01.249Z next:jsconfig-paths-plugin skipping request as it is inside node_modules ./is-css-var.mjs
2026-04-06T23:19:01.249Z next:jsconfig-paths-plugin skipping request as it is inside node_modules ./keys-transform.mjs
2026-04-06T23:19:01.249Z next:jsconfig-paths-plugin skipping request as it is inside node_modules ./complex.mjs
2026-04-06T23:19:01.249Z next:jsconfig-paths-plugin skipping request as it is inside node_modules ./number.mjs
2026-04-06T23:19:01.249Z next:jsconfig-paths-plugin skipping request as it is inside node_modules ./memo.mjs
2026-04-06T23:19:01.250Z next:jsconfig-paths-plugin skipping request as it is inside node_modules motion-utils
2026-04-06T23:19:01.250Z next:jsconfig-paths-plugin skipping request as it is inside node_modules ../../animation/utils/is-css-variable.mjs
2026-04-06T23:19:01.250Z next:jsconfig-paths-plugin skipping request as it is inside node_modules ../../value/types/color/index.mjs
2026-04-06T23:19:01.250Z next:jsconfig-paths-plugin skipping request as it is inside node_modules ../../value/types/complex/index.mjs
2026-04-06T23:19:01.250Z next:jsconfig-paths-plugin skipping request as it is inside node_modules ./color.mjs
2026-04-06T23:19:01.250Z next:jsconfig-paths-plugin skipping request as it is inside node_modules ./immediate.mjs
2026-04-06T23:19:01.250Z next:jsconfig-paths-plugin skipping request as it is inside node_modules ./visibility.mjs
2026-04-06T23:19:01.250Z next:jsconfig-paths-plugin skipping request as it is inside node_modules ../../value/types/color/hex.mjs
2026-04-06T23:19:01.250Z next:jsconfig-paths-plugin skipping request as it is inside node_modules ../../value/types/color/hsla.mjs
2026-04-06T23:19:01.250Z next:jsconfig-paths-plugin skipping request as it is inside node_modules ../../value/types/color/hsla-to-rgba.mjs
2026-04-06T23:19:01.251Z next:jsconfig-paths-plugin skipping request as it is inside node_modules ../../value/types/color/rgba.mjs
2026-04-06T23:19:01.251Z next:jsconfig-paths-plugin skipping request as it is inside node_modules ../../value/utils/is-motion-value.mjs
2026-04-06T23:19:01.251Z next:jsconfig-paths-plugin skipping request as it is inside node_modules ../../animation/keyframes/DOMKeyframesResolver.mjs
2026-04-06T23:19:01.251Z next:jsconfig-paths-plugin skipping request as it is inside node_modules ../VisualElement.mjs
2026-04-06T23:19:01.251Z next:jsconfig-paths-plugin skipping request as it is inside node_modules ./is-active.mjs
2026-04-06T23:19:01.256Z next:jsconfig-paths-plugin skipping request as it is inside node_modules ./is-svg-element.mjs
2026-04-06T23:19:01.256Z next:jsconfig-paths-plugin skipping request as it is inside node_modules ./interpolate.mjs
2026-04-06T23:19:01.256Z next:jsconfig-paths-plugin skipping request as it is inside node_modules ../VisualElement.mjs
2026-04-06T23:19:01.256Z next:jsconfig-paths-plugin skipping request as it is inside node_modules ./is-css-var.mjs
2026-04-06T23:19:01.256Z next:jsconfig-paths-plugin skipping request as it is inside node_modules ./keys-transform.mjs
2026-04-06T23:19:01.256Z next:jsconfig-paths-plugin skipping request as it is inside node_modules ./complex.mjs
2026-04-06T23:19:01.256Z next:jsconfig-paths-plugin skipping request as it is inside node_modules ./number.mjs
2026-04-06T23:19:01.256Z next:jsconfig-paths-plugin skipping request as it is inside node_modules ../../animation/utils/is-css-variable.mjs
2026-04-06T23:19:01.256Z next:jsconfig-paths-plugin skipping request as it is inside node_modules ./color.mjs
2026-04-06T23:19:01.256Z next:jsconfig-paths-plugin skipping request as it is inside node_modules ./immediate.mjs
2026-04-06T23:19:01.256Z next:jsconfig-paths-plugin skipping request as it is inside node_modules ./visibility.mjs
2026-04-06T23:19:01.256Z next:jsconfig-paths-plugin skipping request as it is inside node_modules ../../value/utils/is-motion-value.mjs
2026-04-06T23:19:01.256Z next:jsconfig-paths-plugin skipping request as it is inside node_modules ../../animation/keyframes/DOMKeyframesResolver.mjs
2026-04-06T23:19:01.256Z next:jsconfig-paths-plugin skipping request as it is inside node_modules ../../value/types/color/index.mjs
2026-04-06T23:19:01.256Z next:jsconfig-paths-plugin skipping request as it is inside node_modules ../../value/types/complex/index.mjs
2026-04-06T23:19:01.257Z next:jsconfig-paths-plugin skipping request as it is inside node_modules ../../value/types/color/hex.mjs
2026-04-06T23:19:01.257Z next:jsconfig-paths-plugin skipping request as it is inside node_modules ../../value/types/color/hsla.mjs
2026-04-06T23:19:01.257Z next:jsconfig-paths-plugin skipping request as it is inside node_modules ../../value/types/color/hsla-to-rgba.mjs
2026-04-06T23:19:01.257Z next:jsconfig-paths-plugin skipping request as it is inside node_modules ../../value/types/color/rgba.mjs
2026-04-06T23:19:01.257Z next:jsconfig-paths-plugin skipping request as it is inside node_modules ./is-active.mjs
2026-04-06T23:19:01.269Z next:jsconfig-paths-plugin skipping request as it is inside node_modules aria-hidden
2026-04-06T23:19:01.270Z next:jsconfig-paths-plugin skipping request as it is inside node_modules react-remove-scroll
2026-04-06T23:19:01.412Z next:jsconfig-paths-plugin skipping request as it is inside node_modules ./handle-element.mjs
2026-04-06T23:19:01.414Z next:jsconfig-paths-plugin skipping request as it is inside node_modules ./handle-window.mjs
2026-04-06T23:19:01.415Z next:jsconfig-paths-plugin skipping request as it is inside node_modules motion-utils
2026-04-06T23:19:01.476Z next:jsconfig-paths-plugin skipping request as it is inside node_modules ./index.mjs
2026-04-06T23:19:01.476Z next:jsconfig-paths-plugin skipping request as it is inside node_modules ../animation/JSAnimation.mjs
2026-04-06T23:19:01.476Z next:jsconfig-paths-plugin skipping request as it is inside node_modules ./utils/is-motion-value.mjs
2026-04-06T23:19:01.476Z next:jsconfig-paths-plugin skipping request as it is inside node_modules ../frameloop/frame.mjs
2026-04-06T23:19:01.476Z next:jsconfig-paths-plugin skipping request as it is inside node_modules ./subscribe-value.mjs
2026-04-06T23:19:01.476Z next:jsconfig-paths-plugin skipping request as it is inside node_modules ../utils/transform.mjs
2026-04-06T23:19:01.476Z next:jsconfig-paths-plugin skipping request as it is inside node_modules ./transform-value.mjs
2026-04-06T23:19:01.476Z next:jsconfig-paths-plugin skipping request as it is inside node_modules motion-utils
2026-04-06T23:19:01.476Z next:jsconfig-paths-plugin skipping request as it is inside node_modules ../frameloop/sync-time.mjs
2026-04-06T23:19:01.476Z next:jsconfig-paths-plugin skipping request as it is inside node_modules ./auto.mjs
2026-04-06T23:19:01.477Z next:jsconfig-paths-plugin skipping request as it is inside node_modules ./numbers/index.mjs
2026-04-06T23:19:01.477Z next:jsconfig-paths-plugin skipping request as it is inside node_modules ./numbers/units.mjs
2026-04-06T23:19:01.477Z next:jsconfig-paths-plugin skipping request as it is inside node_modules ./test.mjs
2026-04-06T23:19:01.479Z next:jsconfig-paths-plugin skipping request as it is inside node_modules ./index.mjs
2026-04-06T23:19:01.479Z next:jsconfig-paths-plugin skipping request as it is inside node_modules ../animation/JSAnimation.mjs
2026-04-06T23:19:01.479Z next:jsconfig-paths-plugin skipping request as it is inside node_modules ../frameloop/frame.mjs
2026-04-06T23:19:01.479Z next:jsconfig-paths-plugin skipping request as it is inside node_modules ../utils/transform.mjs
2026-04-06T23:19:01.480Z next:jsconfig-paths-plugin skipping request as it is inside node_modules ./transform-value.mjs
2026-04-06T23:19:01.480Z next:jsconfig-paths-plugin skipping request as it is inside node_modules ../frameloop/sync-time.mjs
2026-04-06T23:19:01.480Z next:jsconfig-paths-plugin skipping request as it is inside node_modules ./utils/is-motion-value.mjs
2026-04-06T23:19:01.480Z next:jsconfig-paths-plugin skipping request as it is inside node_modules ./test.mjs
2026-04-06T23:19:01.480Z next:jsconfig-paths-plugin skipping request as it is inside node_modules ./numbers/index.mjs
2026-04-06T23:19:01.480Z next:jsconfig-paths-plugin skipping request as it is inside node_modules ./numbers/units.mjs
2026-04-06T23:19:01.593Z next:jsconfig-paths-plugin skipping request as it is inside node_modules ./memo.mjs
2026-04-06T23:19:01.630Z next:jsconfig-paths-plugin skipping request as it is inside node_modules motion-utils
2026-04-06T23:19:01.639Z next:jsconfig-paths-plugin skipping request as it is inside node_modules ./follow-value.mjs
2026-04-06T23:19:01.639Z next:jsconfig-paths-plugin skipping request as it is inside node_modules ./rgba.mjs
2026-04-06T23:19:01.639Z next:jsconfig-paths-plugin skipping request as it is inside node_modules ./utils.mjs
2026-04-06T23:19:01.639Z next:jsconfig-paths-plugin skipping request as it is inside node_modules ./hex.mjs
2026-04-06T23:19:01.640Z next:jsconfig-paths-plugin skipping request as it is inside node_modules ./hsla.mjs
2026-04-06T23:19:01.640Z next:jsconfig-paths-plugin skipping request as it is inside node_modules ../numbers/index.mjs
2026-04-06T23:19:01.640Z next:jsconfig-paths-plugin skipping request as it is inside node_modules ../numbers/units.mjs
2026-04-06T23:19:01.640Z next:jsconfig-paths-plugin skipping request as it is inside node_modules ../utils/sanitize.mjs
2026-04-06T23:19:01.640Z next:jsconfig-paths-plugin skipping request as it is inside node_modules motion-utils
2026-04-06T23:19:01.640Z next:jsconfig-paths-plugin skipping request as it is inside node_modules ../color/index.mjs
2026-04-06T23:19:01.640Z next:jsconfig-paths-plugin skipping request as it is inside node_modules ../complex/filter.mjs
2026-04-06T23:19:01.640Z next:jsconfig-paths-plugin skipping request as it is inside node_modules ../complex/mask.mjs
2026-04-06T23:19:01.640Z next:jsconfig-paths-plugin skipping request as it is inside node_modules ./number.mjs
2026-04-06T23:19:01.640Z next:jsconfig-paths-plugin skipping request as it is inside node_modules ../color/index.mjs
2026-04-06T23:19:01.640Z next:jsconfig-paths-plugin skipping request as it is inside node_modules ../utils/color-regex.mjs
2026-04-06T23:19:01.640Z next:jsconfig-paths-plugin skipping request as it is inside node_modules ../utils/float-regex.mjs
2026-04-06T23:19:01.640Z next:jsconfig-paths-plugin skipping request as it is inside node_modules ../utils/sanitize.mjs
2026-04-06T23:19:01.644Z next:jsconfig-paths-plugin skipping request as it is inside node_modules ./follow-value.mjs
2026-04-06T23:19:01.644Z next:jsconfig-paths-plugin skipping request as it is inside node_modules ./rgba.mjs
2026-04-06T23:19:01.644Z next:jsconfig-paths-plugin skipping request as it is inside node_modules ./hex.mjs
2026-04-06T23:19:01.644Z next:jsconfig-paths-plugin skipping request as it is inside node_modules ./hsla.mjs
2026-04-06T23:19:01.644Z next:jsconfig-paths-plugin skipping request as it is inside node_modules ../numbers/index.mjs
2026-04-06T23:19:01.644Z next:jsconfig-paths-plugin skipping request as it is inside node_modules ../numbers/units.mjs
2026-04-06T23:19:01.644Z next:jsconfig-paths-plugin skipping request as it is inside node_modules ../color/index.mjs
2026-04-06T23:19:01.644Z next:jsconfig-paths-plugin skipping request as it is inside node_modules ./number.mjs
2026-04-06T23:19:01.644Z next:jsconfig-paths-plugin skipping request as it is inside node_modules ../color/index.mjs
2026-04-06T23:19:01.672Z next:jsconfig-paths-plugin skipping request as it is inside node_modules @radix-ui/primitive
2026-04-06T23:19:01.673Z next:jsconfig-paths-plugin skipping request as it is inside node_modules @radix-ui/react-collection
2026-04-06T23:19:01.813Z next:jsconfig-paths-plugin skipping request as it is inside node_modules ./subscribe-value.mjs
2026-04-06T23:19:01.817Z next:jsconfig-paths-plugin skipping request as it is inside node_modules ./auto.mjs
2026-04-06T23:19:01.865Z next:jsconfig-paths-plugin skipping request as it is inside node_modules motion-utils
2026-04-06T23:19:01.865Z next:jsconfig-paths-plugin skipping request as it is inside node_modules ../animation/keyframes/KeyframesResolver.mjs
2026-04-06T23:19:01.865Z next:jsconfig-paths-plugin skipping request as it is inside node_modules ../animation/NativeAnimation.mjs
2026-04-06T23:19:01.865Z next:jsconfig-paths-plugin skipping request as it is inside node_modules ../../animation/interfaces/visual-element.mjs
2026-04-06T23:19:01.865Z next:jsconfig-paths-plugin skipping request as it is inside node_modules ../../animation/utils/calc-child-stagger.mjs
2026-04-06T23:19:01.865Z next:jsconfig-paths-plugin skipping request as it is inside node_modules ./get-variant-context.mjs
2026-04-06T23:19:01.865Z next:jsconfig-paths-plugin skipping request as it is inside node_modules ./is-animation-controls.mjs
2026-04-06T23:19:01.865Z next:jsconfig-paths-plugin skipping request as it is inside node_modules ./is-keyframes-target.mjs
2026-04-06T23:19:01.865Z next:jsconfig-paths-plugin skipping request as it is inside node_modules ./is-variant-label.mjs
2026-04-06T23:19:01.865Z next:jsconfig-paths-plugin skipping request as it is inside node_modules ./resolve-dynamic-variants.mjs
2026-04-06T23:19:01.866Z next:jsconfig-paths-plugin skipping request as it is inside node_modules ./shallow-compare.mjs
2026-04-06T23:19:01.866Z next:jsconfig-paths-plugin skipping request as it is inside node_modules ./variant-props.mjs
2026-04-06T23:19:01.866Z next:jsconfig-paths-plugin skipping request as it is inside node_modules motion-utils
2026-04-06T23:19:01.866Z next:jsconfig-paths-plugin skipping request as it is inside node_modules ../numbers/index.mjs
2026-04-06T23:19:01.866Z next:jsconfig-paths-plugin skipping request as it is inside node_modules ../numbers/units.mjs
2026-04-06T23:19:01.866Z next:jsconfig-paths-plugin skipping request as it is inside node_modules ../int.mjs
2026-04-06T23:19:01.866Z next:jsconfig-paths-plugin skipping request as it is inside node_modules ./transform.mjs
2026-04-06T23:19:01.869Z next:jsconfig-paths-plugin skipping request as it is inside node_modules ../animation/NativeAnimation.mjs
2026-04-06T23:19:01.869Z next:jsconfig-paths-plugin skipping request as it is inside node_modules ../animation/keyframes/KeyframesResolver.mjs
2026-04-06T23:19:01.870Z next:jsconfig-paths-plugin skipping request as it is inside node_modules ../../animation/interfaces/visual-element.mjs
2026-04-06T23:19:01.870Z next:jsconfig-paths-plugin skipping request as it is inside node_modules ../../animation/utils/calc-child-stagger.mjs
2026-04-06T23:19:01.870Z next:jsconfig-paths-plugin skipping request as it is inside node_modules ./get-variant-context.mjs
2026-04-06T23:19:01.870Z next:jsconfig-paths-plugin skipping request as it is inside node_modules ./is-animation-controls.mjs
2026-04-06T23:19:01.870Z next:jsconfig-paths-plugin skipping request as it is inside node_modules ./is-keyframes-target.mjs
2026-04-06T23:19:01.870Z next:jsconfig-paths-plugin skipping request as it is inside node_modules ./is-variant-label.mjs
2026-04-06T23:19:01.870Z next:jsconfig-paths-plugin skipping request as it is inside node_modules ./resolve-dynamic-variants.mjs
2026-04-06T23:19:01.870Z next:jsconfig-paths-plugin skipping request as it is inside node_modules ./variant-props.mjs
2026-04-06T23:19:01.870Z next:jsconfig-paths-plugin skipping request as it is inside node_modules ../numbers/index.mjs
2026-04-06T23:19:01.870Z next:jsconfig-paths-plugin skipping request as it is inside node_modules ../numbers/units.mjs
2026-04-06T23:19:01.870Z next:jsconfig-paths-plugin skipping request as it is inside node_modules ./transform.mjs
2026-04-06T23:19:01.887Z next:jsconfig-paths-plugin moduleName did not match any paths pattern @radix-ui/react-use-effect-event
2026-04-06T23:19:01.887Z next:jsconfig-paths-plugin skipping request as it is inside node_modules @radix-ui/react-compose-refs
2026-04-06T23:19:01.887Z next:jsconfig-paths-plugin skipping request as it is inside node_modules @radix-ui/react-context
2026-04-06T23:19:01.887Z next:jsconfig-paths-plugin skipping request as it is inside node_modules @radix-ui/react-direction
2026-04-06T23:19:01.887Z next:jsconfig-paths-plugin skipping request as it is inside node_modules @radix-ui/react-dismissable-layer
2026-04-06T23:19:01.887Z next:jsconfig-paths-plugin skipping request as it is inside node_modules @radix-ui/react-focus-guards
2026-04-06T23:19:01.887Z next:jsconfig-paths-plugin skipping request as it is inside node_modules @radix-ui/react-focus-scope
2026-04-06T23:19:01.887Z next:jsconfig-paths-plugin skipping request as it is inside node_modules @radix-ui/react-id
2026-04-06T23:19:01.888Z next:jsconfig-paths-plugin skipping request as it is inside node_modules @radix-ui/react-popper
2026-04-06T23:19:01.888Z next:jsconfig-paths-plugin skipping request as it is inside node_modules @radix-ui/react-portal
2026-04-06T23:19:01.888Z next:jsconfig-paths-plugin skipping request as it is inside node_modules @radix-ui/react-presence
2026-04-06T23:19:01.888Z next:jsconfig-paths-plugin skipping request as it is inside node_modules @radix-ui/react-primitive
2026-04-06T23:19:01.888Z next:jsconfig-paths-plugin skipping request as it is inside node_modules @radix-ui/react-roving-focus
2026-04-06T23:19:01.888Z next:jsconfig-paths-plugin skipping request as it is inside node_modules @radix-ui/react-use-callback-ref
2026-04-06T23:19:01.888Z next:jsconfig-paths-plugin skipping request as it is inside node_modules react-dom
2026-04-06T23:19:01.888Z next:jsconfig-paths-plugin skipping request as it is inside node_modules @radix-ui/react-slot
2026-04-06T23:19:01.889Z next:jsconfig-paths-plugin skipping request as it is inside node_modules react-dom
2026-04-06T23:19:01.889Z next:jsconfig-paths-plugin skipping request as it is inside node_modules @radix-ui/react-slot
2026-04-06T23:19:01.889Z next:jsconfig-paths-plugin skipping request as it is inside node_modules react-dom
2026-04-06T23:19:01.889Z next:jsconfig-paths-plugin skipping request as it is inside node_modules @radix-ui/react-slot
2026-04-06T23:19:01.890Z next:jsconfig-paths-plugin skipping request as it is inside node_modules react-dom
2026-04-06T23:19:01.890Z next:jsconfig-paths-plugin skipping request as it is inside node_modules @radix-ui/react-slot
2026-04-06T23:19:01.890Z next:jsconfig-paths-plugin skipping request as it is inside node_modules next/dist/server/future/route-modules/app-page/vendored/ssr/react-dom
2026-04-06T23:19:01.890Z next:jsconfig-paths-plugin skipping request as it is inside node_modules next/dist/server/future/route-modules/app-page/vendored/ssr/react-dom
2026-04-06T23:19:01.890Z next:jsconfig-paths-plugin skipping request as it is inside node_modules next/dist/server/future/route-modules/app-page/vendored/ssr/react-dom
2026-04-06T23:19:01.890Z next:jsconfig-paths-plugin skipping request as it is inside node_modules next/dist/server/future/route-modules/app-page/vendored/ssr/react-dom
2026-04-06T23:19:01.890Z next:jsconfig-paths-plugin skipping request as it is inside node_modules C:\Users\Ahmed Amin Bejoui\Desktop\ai-code-review-platform\apps\dashboard\node_modules\next/dist/server/future/route-modules/app-page/vendored/ssr/react-dom
2026-04-06T23:19:01.890Z next:jsconfig-paths-plugin skipping request as it is inside node_modules C:\Users\Ahmed Amin Bejoui\Desktop\ai-code-review-platform\apps\dashboard\node_modules\next/dist/server/future/route-modules/app-page/vendored/ssr/react-dom
2026-04-06T23:19:01.890Z next:jsconfig-paths-plugin skipping request as it is inside node_modules C:\Users\Ahmed Amin Bejoui\Desktop\ai-code-review-platform\apps\dashboard\node_modules\next/dist/server/future/route-modules/app-page/vendored/ssr/react-dom
2026-04-06T23:19:01.891Z next:jsconfig-paths-plugin skipping request as it is inside node_modules C:\Users\Ahmed Amin Bejoui\Desktop\ai-code-review-platform\apps\dashboard\node_modules\next/dist/server/future/route-modules/app-page/vendored/ssr/react-dom
2026-04-06T23:19:01.897Z next:jsconfig-paths-plugin skipping request as it is inside node_modules @radix-ui/react-use-effect-event
2026-04-06T23:19:01.986Z next:jsconfig-paths-plugin skipping request as it is inside node_modules motion-utils
2026-04-06T23:19:01.988Z next:jsconfig-paths-plugin skipping request as it is inside node_modules ./utils.mjs
2026-04-06T23:19:01.991Z next:jsconfig-paths-plugin skipping request as it is inside node_modules ../utils/sanitize.mjs
2026-04-06T23:19:01.992Z next:jsconfig-paths-plugin skipping request as it is inside node_modules ../utils/sanitize.mjs
2026-04-06T23:19:01.994Z next:jsconfig-paths-plugin skipping request as it is inside node_modules ../complex/filter.mjs
2026-04-06T23:19:01.995Z next:jsconfig-paths-plugin skipping request as it is inside node_modules ../complex/mask.mjs
2026-04-06T23:19:01.996Z next:jsconfig-paths-plugin skipping request as it is inside node_modules ../utils/color-regex.mjs
2026-04-06T23:19:01.997Z next:jsconfig-paths-plugin skipping request as it is inside node_modules ../utils/float-regex.mjs
2026-04-06T23:19:01.999Z next:jsconfig-paths-plugin skipping request as it is inside node_modules motion-utils
2026-04-06T23:19:02.006Z next:jsconfig-paths-plugin skipping request as it is inside node_modules motion-utils
2026-04-06T23:19:02.061Z next:jsconfig-paths-plugin skipping request as it is inside node_modules react
2026-04-06T23:19:02.062Z next:jsconfig-paths-plugin skipping request as it is inside node_modules @radix-ui/react-primitive
2026-04-06T23:19:02.062Z next:jsconfig-paths-plugin skipping request as it is inside node_modules react/jsx-runtime
2026-04-06T23:19:02.062Z next:jsconfig-paths-plugin skipping request as it is inside node_modules ../animation/waapi/utils/accelerated-values.mjs
2026-04-06T23:19:02.062Z next:jsconfig-paths-plugin skipping request as it is inside node_modules ../frameloop/microtask.mjs
2026-04-06T23:19:02.062Z next:jsconfig-paths-plugin skipping request as it is inside node_modules ../frameloop/sync-time.mjs
2026-04-06T23:19:02.062Z next:jsconfig-paths-plugin skipping request as it is inside node_modules ../projection/geometry/models.mjs
2026-04-06T23:19:02.062Z next:jsconfig-paths-plugin skipping request as it is inside node_modules ../value/index.mjs
2026-04-06T23:19:02.062Z next:jsconfig-paths-plugin skipping request as it is inside node_modules ../value/types/complex/index.mjs
2026-04-06T23:19:02.062Z next:jsconfig-paths-plugin skipping request as it is inside node_modules ../value/types/utils/animatable-none.mjs
2026-04-06T23:19:02.062Z next:jsconfig-paths-plugin skipping request as it is inside node_modules ../value/types/utils/find.mjs
2026-04-06T23:19:02.062Z next:jsconfig-paths-plugin skipping request as it is inside node_modules ../value/utils/is-motion-value.mjs
2026-04-06T23:19:02.063Z next:jsconfig-paths-plugin skipping request as it is inside node_modules ./store.mjs
2026-04-06T23:19:02.063Z next:jsconfig-paths-plugin skipping request as it is inside node_modules ./utils/is-controlling-variants.mjs
2026-04-06T23:19:02.063Z next:jsconfig-paths-plugin skipping request as it is inside node_modules ./utils/keys-transform.mjs
2026-04-06T23:19:02.063Z next:jsconfig-paths-plugin skipping request as it is inside node_modules ./utils/motion-values.mjs
2026-04-06T23:19:02.063Z next:jsconfig-paths-plugin skipping request as it is inside node_modules ./utils/reduced-motion/index.mjs
2026-04-06T23:19:02.063Z next:jsconfig-paths-plugin skipping request as it is inside node_modules ./utils/resolve-variants.mjs
2026-04-06T23:19:02.063Z next:jsconfig-paths-plugin skipping request as it is inside node_modules ./utils/reduced-motion/state.mjs
2026-04-06T23:19:02.063Z next:jsconfig-paths-plugin skipping request as it is inside node_modules ../frameloop/frame.mjs
2026-04-06T23:19:02.063Z next:jsconfig-paths-plugin skipping request as it is inside node_modules ../complex/index.mjs
2026-04-06T23:19:02.063Z next:jsconfig-paths-plugin skipping request as it is inside node_modules ../complex/filter.mjs
2026-04-06T23:19:02.063Z next:jsconfig-paths-plugin skipping request as it is inside node_modules ../complex/mask.mjs
2026-04-06T23:19:02.063Z next:jsconfig-paths-plugin skipping request as it is inside node_modules ../maps/defaults.mjs
2026-04-06T23:19:02.063Z next:jsconfig-paths-plugin skipping request as it is inside node_modules ../color/index.mjs
2026-04-06T23:19:02.063Z next:jsconfig-paths-plugin skipping request as it is inside node_modules ../dimensions.mjs
2026-04-06T23:19:02.063Z next:jsconfig-paths-plugin skipping request as it is inside node_modules ../test.mjs
2026-04-06T23:19:02.070Z next:jsconfig-paths-plugin skipping request as it is inside node_modules ../frameloop/microtask.mjs
2026-04-06T23:19:02.070Z next:jsconfig-paths-plugin skipping request as it is inside node_modules ../frameloop/sync-time.mjs
2026-04-06T23:19:02.070Z next:jsconfig-paths-plugin skipping request as it is inside node_modules ../value/index.mjs
2026-04-06T23:19:02.070Z next:jsconfig-paths-plugin skipping request as it is inside node_modules ./store.mjs
2026-04-06T23:19:02.071Z next:jsconfig-paths-plugin skipping request as it is inside node_modules ../frameloop/frame.mjs
2026-04-06T23:19:02.071Z next:jsconfig-paths-plugin skipping request as it is inside node_modules ../projection/geometry/models.mjs
2026-04-06T23:19:02.071Z next:jsconfig-paths-plugin skipping request as it is inside node_modules ../value/utils/is-motion-value.mjs
2026-04-06T23:19:02.071Z next:jsconfig-paths-plugin skipping request as it is inside node_modules ./utils/is-controlling-variants.mjs
2026-04-06T23:19:02.071Z next:jsconfig-paths-plugin skipping request as it is inside node_modules ./utils/keys-transform.mjs
2026-04-06T23:19:02.071Z next:jsconfig-paths-plugin skipping request as it is inside node_modules ./utils/motion-values.mjs
2026-04-06T23:19:02.071Z next:jsconfig-paths-plugin skipping request as it is inside node_modules ./utils/resolve-variants.mjs
2026-04-06T23:19:02.071Z next:jsconfig-paths-plugin skipping request as it is inside node_modules ../animation/waapi/utils/accelerated-values.mjs
2026-04-06T23:19:02.071Z next:jsconfig-paths-plugin skipping request as it is inside node_modules ../value/types/complex/index.mjs
2026-04-06T23:19:02.071Z next:jsconfig-paths-plugin skipping request as it is inside node_modules ../value/types/utils/animatable-none.mjs
2026-04-06T23:19:02.071Z next:jsconfig-paths-plugin skipping request as it is inside node_modules ../value/types/utils/find.mjs
2026-04-06T23:19:02.071Z next:jsconfig-paths-plugin skipping request as it is inside node_modules ./utils/reduced-motion/index.mjs
2026-04-06T23:19:02.071Z next:jsconfig-paths-plugin skipping request as it is inside node_modules ./utils/reduced-motion/state.mjs
2026-04-06T23:19:02.071Z next:jsconfig-paths-plugin skipping request as it is inside node_modules ../dimensions.mjs
2026-04-06T23:19:02.071Z next:jsconfig-paths-plugin skipping request as it is inside node_modules ../test.mjs
2026-04-06T23:19:02.072Z next:jsconfig-paths-plugin skipping request as it is inside node_modules ../complex/index.mjs
2026-04-06T23:19:02.072Z next:jsconfig-paths-plugin skipping request as it is inside node_modules ../complex/filter.mjs
2026-04-06T23:19:02.072Z next:jsconfig-paths-plugin skipping request as it is inside node_modules ../complex/mask.mjs
2026-04-06T23:19:02.072Z next:jsconfig-paths-plugin skipping request as it is inside node_modules ../maps/defaults.mjs
2026-04-06T23:19:02.072Z next:jsconfig-paths-plugin skipping request as it is inside node_modules ../color/index.mjs
2026-04-06T23:19:02.155Z next:jsconfig-paths-plugin skipping request as it is inside node_modules ./shallow-compare.mjs
2026-04-06T23:19:02.157Z next:jsconfig-paths-plugin skipping request as it is inside node_modules ../int.mjs
2026-04-06T23:19:02.174Z next:jsconfig-paths-plugin skipping request as it is inside node_modules react
2026-04-06T23:19:02.175Z next:jsconfig-paths-plugin skipping request as it is inside node_modules next/dist/server/future/route-modules/app-page/vendored/ssr/react
2026-04-06T23:19:02.175Z next:jsconfig-paths-plugin skipping request as it is inside node_modules C:\Users\Ahmed Amin Bejoui\Desktop\ai-code-review-platform\apps\dashboard\node_modules\next/dist/server/future/route-modules/app-page/vendored/ssr/react
2026-04-06T23:19:02.176Z next:jsconfig-paths-plugin skipping request as it is inside node_modules react
2026-04-06T23:19:02.177Z next:jsconfig-paths-plugin skipping request as it is inside node_modules next/dist/server/future/route-modules/app-page/vendored/ssr/react
2026-04-06T23:19:02.177Z next:jsconfig-paths-plugin skipping request as it is inside node_modules C:\Users\Ahmed Amin Bejoui\Desktop\ai-code-review-platform\apps\dashboard\node_modules\next/dist/server/future/route-modules/app-page/vendored/ssr/react
2026-04-06T23:19:02.191Z next:jsconfig-paths-plugin skipping request as it is inside node_modules react
2026-04-06T23:19:02.192Z next:jsconfig-paths-plugin skipping request as it is inside node_modules react
2026-04-06T23:19:02.192Z next:jsconfig-paths-plugin skipping request as it is inside node_modules @radix-ui/primitive
2026-04-06T23:19:02.192Z next:jsconfig-paths-plugin skipping request as it is inside node_modules @radix-ui/react-primitive
2026-04-06T23:19:02.192Z next:jsconfig-paths-plugin skipping request as it is inside node_modules @radix-ui/react-compose-refs
2026-04-06T23:19:02.192Z next:jsconfig-paths-plugin skipping request as it is inside node_modules @radix-ui/react-use-callback-ref
2026-04-06T23:19:02.192Z next:jsconfig-paths-plugin skipping request as it is inside node_modules @radix-ui/react-use-escape-keydown
2026-04-06T23:19:02.192Z next:jsconfig-paths-plugin skipping request as it is inside node_modules react/jsx-runtime
2026-04-06T23:19:02.192Z next:jsconfig-paths-plugin skipping request as it is inside node_modules react
2026-04-06T23:19:02.193Z next:jsconfig-paths-plugin skipping request as it is inside node_modules @radix-ui/react-compose-refs
2026-04-06T23:19:02.193Z next:jsconfig-paths-plugin skipping request as it is inside node_modules @radix-ui/react-primitive
2026-04-06T23:19:02.193Z next:jsconfig-paths-plugin skipping request as it is inside node_modules @radix-ui/react-use-callback-ref
2026-04-06T23:19:02.193Z next:jsconfig-paths-plugin skipping request as it is inside node_modules react/jsx-runtime
2026-04-06T23:19:02.193Z next:jsconfig-paths-plugin skipping request as it is inside node_modules react
2026-04-06T23:19:02.193Z next:jsconfig-paths-plugin skipping request as it is inside node_modules react-dom
2026-04-06T23:19:02.193Z next:jsconfig-paths-plugin skipping request as it is inside node_modules @radix-ui/react-primitive
2026-04-06T23:19:02.193Z next:jsconfig-paths-plugin skipping request as it is inside node_modules @radix-ui/react-use-layout-effect
2026-04-06T23:19:02.193Z next:jsconfig-paths-plugin skipping request as it is inside node_modules react/jsx-runtime
2026-04-06T23:19:02.193Z next:jsconfig-paths-plugin skipping request as it is inside node_modules react
2026-04-06T23:19:02.193Z next:jsconfig-paths-plugin skipping request as it is inside node_modules @radix-ui/react-context
2026-04-06T23:19:02.194Z next:jsconfig-paths-plugin skipping request as it is inside node_modules @radix-ui/react-compose-refs
2026-04-06T23:19:02.194Z next:jsconfig-paths-plugin skipping request as it is inside node_modules @radix-ui/react-slot
2026-04-06T23:19:02.194Z next:jsconfig-paths-plugin skipping request as it is inside node_modules react/jsx-runtime
2026-04-06T23:19:02.194Z next:jsconfig-paths-plugin skipping request as it is inside node_modules react
2026-04-06T23:19:02.194Z next:jsconfig-paths-plugin skipping request as it is inside node_modules @floating-ui/react-dom
2026-04-06T23:19:02.194Z next:jsconfig-paths-plugin skipping request as it is inside node_modules @radix-ui/react-arrow
2026-04-06T23:19:02.194Z next:jsconfig-paths-plugin skipping request as it is inside node_modules @radix-ui/react-compose-refs
2026-04-06T23:19:02.194Z next:jsconfig-paths-plugin skipping request as it is inside node_modules @radix-ui/react-context
2026-04-06T23:19:02.194Z next:jsconfig-paths-plugin skipping request as it is inside node_modules @radix-ui/react-primitive
2026-04-06T23:19:02.194Z next:jsconfig-paths-plugin skipping request as it is inside node_modules @radix-ui/react-use-callback-ref
2026-04-06T23:19:02.194Z next:jsconfig-paths-plugin skipping request as it is inside node_modules @radix-ui/react-use-layout-effect
2026-04-06T23:19:02.194Z next:jsconfig-paths-plugin skipping request as it is inside node_modules @radix-ui/react-use-size
2026-04-06T23:19:02.194Z next:jsconfig-paths-plugin skipping request as it is inside node_modules react/jsx-runtime
2026-04-06T23:19:02.195Z next:jsconfig-paths-plugin skipping request as it is inside node_modules motion-utils
2026-04-06T23:19:02.195Z next:jsconfig-paths-plugin skipping request as it is inside node_modules ./queue.mjs
2026-04-06T23:19:02.195Z next:jsconfig-paths-plugin skipping request as it is inside node_modules ../../animation/utils/is-css-variable.mjs
2026-04-06T23:19:02.195Z next:jsconfig-paths-plugin skipping request as it is inside node_modules ../utils/keys-transform.mjs
2026-04-06T23:19:02.195Z next:jsconfig-paths-plugin skipping request as it is inside node_modules ../dom/parse-transform.mjs
2026-04-06T23:19:02.195Z next:jsconfig-paths-plugin skipping request as it is inside node_modules ../../projection/utils/measure.mjs
2026-04-06T23:19:02.195Z next:jsconfig-paths-plugin skipping request as it is inside node_modules ../dom/DOMVisualElement.mjs
2026-04-06T23:19:02.195Z next:jsconfig-paths-plugin skipping request as it is inside node_modules ./utils/build-styles.mjs
2026-04-06T23:19:02.195Z next:jsconfig-paths-plugin skipping request as it is inside node_modules ./utils/render.mjs
2026-04-06T23:19:02.195Z next:jsconfig-paths-plugin skipping request as it is inside node_modules ./utils/scrape-motion-values.mjs
2026-04-06T23:19:02.195Z next:jsconfig-paths-plugin skipping request as it is inside node_modules ../utils/is-motion-value.mjs
2026-04-06T23:19:02.195Z next:jsconfig-paths-plugin skipping request as it is inside node_modules motion-utils
2026-04-06T23:19:02.195Z next:jsconfig-paths-plugin skipping request as it is inside node_modules ./is.mjs
2026-04-06T23:19:02.196Z next:jsconfig-paths-plugin skipping request as it is inside node_modules ../../projection/styles/scale-correction.mjs
2026-04-06T23:19:02.196Z next:jsconfig-paths-plugin skipping request as it is inside node_modules ./resolve-variants.mjs
2026-04-06T23:19:02.196Z next:jsconfig-paths-plugin skipping request as it is inside node_modules ../../value/index.mjs
2026-04-06T23:19:02.196Z next:jsconfig-paths-plugin skipping request as it is inside node_modules ../../value/utils/is-motion-value.mjs
2026-04-06T23:19:02.199Z next:jsconfig-paths-plugin skipping request as it is inside node_modules ../../value/index.mjs
2026-04-06T23:19:02.199Z next:jsconfig-paths-plugin skipping request as it is inside node_modules ../../animation/utils/is-css-variable.mjs
2026-04-06T23:19:02.199Z next:jsconfig-paths-plugin skipping request as it is inside node_modules ../utils/keys-transform.mjs
2026-04-06T23:19:02.199Z next:jsconfig-paths-plugin skipping request as it is inside node_modules ../dom/parse-transform.mjs
2026-04-06T23:19:02.200Z next:jsconfig-paths-plugin skipping request as it is inside node_modules ../../projection/utils/measure.mjs
2026-04-06T23:19:02.200Z next:jsconfig-paths-plugin skipping request as it is inside node_modules ../dom/DOMVisualElement.mjs
2026-04-06T23:19:02.200Z next:jsconfig-paths-plugin skipping request as it is inside node_modules ../utils/is-motion-value.mjs
2026-04-06T23:19:02.200Z next:jsconfig-paths-plugin skipping request as it is inside node_modules ./is.mjs
2026-04-06T23:19:02.200Z next:jsconfig-paths-plugin skipping request as it is inside node_modules ../../projection/styles/scale-correction.mjs
2026-04-06T23:19:02.200Z next:jsconfig-paths-plugin skipping request as it is inside node_modules ./resolve-variants.mjs
2026-04-06T23:19:02.200Z next:jsconfig-paths-plugin skipping request as it is inside node_modules ../../value/utils/is-motion-value.mjs
2026-04-06T23:19:02.200Z next:jsconfig-paths-plugin skipping request as it is inside node_modules ./utils/build-styles.mjs
2026-04-06T23:19:02.200Z next:jsconfig-paths-plugin skipping request as it is inside node_modules ./utils/render.mjs
2026-04-06T23:19:02.200Z next:jsconfig-paths-plugin skipping request as it is inside node_modules ./utils/scrape-motion-values.mjs
2026-04-06T23:19:02.215Z next:jsconfig-paths-plugin skipping request as it is inside node_modules motion-utils
2026-04-06T23:19:02.245Z next:jsconfig-paths-plugin skipping request as it is inside node_modules motion-utils
2026-04-06T23:19:02.247Z next:jsconfig-paths-plugin moduleName did not match any paths pattern d3-shape
2026-04-06T23:19:02.247Z next:jsconfig-paths-plugin moduleName did not match any paths pattern d3-scale
2026-04-06T23:19:02.248Z next:jsconfig-paths-plugin skipping request as it is inside node_modules d3-shape
2026-04-06T23:19:02.249Z next:jsconfig-paths-plugin skipping request as it is inside node_modules d3-scale
2026-04-06T23:19:02.310Z next:jsconfig-paths-plugin skipping request as it is inside node_modules ../frameloop/sync-time.mjs
2026-04-06T23:19:02.310Z next:jsconfig-paths-plugin skipping request as it is inside node_modules ../frameloop/frame.mjs
2026-04-06T23:19:02.310Z next:jsconfig-paths-plugin skipping request as it is inside node_modules ../utils/keys-transform.mjs
2026-04-06T23:19:02.310Z next:jsconfig-paths-plugin skipping request as it is inside node_modules ../../value/types/maps/defaults.mjs
2026-04-06T23:19:02.310Z next:jsconfig-paths-plugin skipping request as it is inside node_modules ../../projection/geometry/models.mjs
2026-04-06T23:19:02.310Z next:jsconfig-paths-plugin skipping request as it is inside node_modules ../dom/DOMVisualElement.mjs
2026-04-06T23:19:02.311Z next:jsconfig-paths-plugin skipping request as it is inside node_modules ../dom/utils/camel-to-dash.mjs
2026-04-06T23:19:02.311Z next:jsconfig-paths-plugin skipping request as it is inside node_modules ./utils/build-attrs.mjs
2026-04-06T23:19:02.311Z next:jsconfig-paths-plugin skipping request as it is inside node_modules ./utils/camel-case-attrs.mjs
2026-04-06T23:19:02.311Z next:jsconfig-paths-plugin skipping request as it is inside node_modules ./utils/is-svg-tag.mjs
2026-04-06T23:19:02.311Z next:jsconfig-paths-plugin skipping request as it is inside node_modules ./utils/render.mjs
2026-04-06T23:19:02.311Z next:jsconfig-paths-plugin skipping request as it is inside node_modules ./utils/scrape-motion-values.mjs
2026-04-06T23:19:02.311Z next:jsconfig-paths-plugin skipping request as it is inside node_modules ../../projection/geometry/models.mjs
2026-04-06T23:19:02.311Z next:jsconfig-paths-plugin skipping request as it is inside node_modules ../VisualElement.mjs
2026-04-06T23:19:02.311Z next:jsconfig-paths-plugin skipping request as it is inside node_modules ./is-motion-value.mjs
2026-04-06T23:19:02.315Z next:jsconfig-paths-plugin skipping request as it is inside node_modules ../frameloop/sync-time.mjs
2026-04-06T23:19:02.315Z next:jsconfig-paths-plugin skipping request as it is inside node_modules ../frameloop/frame.mjs
2026-04-06T23:19:02.315Z next:jsconfig-paths-plugin skipping request as it is inside node_modules ../VisualElement.mjs
2026-04-06T23:19:02.315Z next:jsconfig-paths-plugin skipping request as it is inside node_modules ../utils/keys-transform.mjs
2026-04-06T23:19:02.315Z next:jsconfig-paths-plugin skipping request as it is inside node_modules ../../projection/geometry/models.mjs
2026-04-06T23:19:02.315Z next:jsconfig-paths-plugin skipping request as it is inside node_modules ../dom/DOMVisualElement.mjs
2026-04-06T23:19:02.315Z next:jsconfig-paths-plugin skipping request as it is inside node_modules ../../projection/geometry/models.mjs
2026-04-06T23:19:02.316Z next:jsconfig-paths-plugin skipping request as it is inside node_modules ./is-motion-value.mjs
2026-04-06T23:19:02.316Z next:jsconfig-paths-plugin skipping request as it is inside node_modules ../../value/types/maps/defaults.mjs
2026-04-06T23:19:02.316Z next:jsconfig-paths-plugin skipping request as it is inside node_modules ../dom/utils/camel-to-dash.mjs
2026-04-06T23:19:02.316Z next:jsconfig-paths-plugin skipping request as it is inside node_modules ./utils/build-attrs.mjs
2026-04-06T23:19:02.316Z next:jsconfig-paths-plugin skipping request as it is inside node_modules ./utils/camel-case-attrs.mjs
2026-04-06T23:19:02.316Z next:jsconfig-paths-plugin skipping request as it is inside node_modules ./utils/is-svg-tag.mjs
2026-04-06T23:19:02.316Z next:jsconfig-paths-plugin skipping request as it is inside node_modules ./utils/render.mjs
2026-04-06T23:19:02.316Z next:jsconfig-paths-plugin skipping request as it is inside node_modules ./utils/scrape-motion-values.mjs
2026-04-06T23:19:02.402Z next:jsconfig-paths-plugin skipping request as it is inside node_modules ./queue.mjs
2026-04-06T23:19:02.532Z next:jsconfig-paths-plugin skipping request as it is inside node_modules react
2026-04-06T23:19:02.532Z next:jsconfig-paths-plugin skipping request as it is inside node_modules @radix-ui/react-primitive
2026-04-06T23:19:02.532Z next:jsconfig-paths-plugin skipping request as it is inside node_modules @radix-ui/react-presence
2026-04-06T23:19:02.532Z next:jsconfig-paths-plugin skipping request as it is inside node_modules @radix-ui/react-context
2026-04-06T23:19:02.533Z next:jsconfig-paths-plugin skipping request as it is inside node_modules @radix-ui/react-compose-refs
2026-04-06T23:19:02.533Z next:jsconfig-paths-plugin skipping request as it is inside node_modules @radix-ui/react-use-callback-ref
2026-04-06T23:19:02.533Z next:jsconfig-paths-plugin skipping request as it is inside node_modules @radix-ui/react-direction
2026-04-06T23:19:02.533Z next:jsconfig-paths-plugin skipping request as it is inside node_modules @radix-ui/react-use-layout-effect
2026-04-06T23:19:02.533Z next:jsconfig-paths-plugin skipping request as it is inside node_modules @radix-ui/number
2026-04-06T23:19:02.533Z next:jsconfig-paths-plugin skipping request as it is inside node_modules @radix-ui/primitive
2026-04-06T23:19:02.533Z next:jsconfig-paths-plugin skipping request as it is inside node_modules react/jsx-runtime
2026-04-06T23:19:02.627Z next:jsconfig-paths-plugin skipping request as it is inside node_modules react/jsx-runtime
2026-04-06T23:19:02.627Z next:jsconfig-paths-plugin skipping request as it is inside node_modules react
2026-04-06T23:19:02.627Z next:jsconfig-paths-plugin skipping request as it is inside node_modules @radix-ui/react-primitive
2026-04-06T23:19:02.627Z next:jsconfig-paths-plugin skipping request as it is inside node_modules next/dist/server/future/route-modules/app-page/vendored/ssr/react-jsx-runtime
2026-04-06T23:19:02.627Z next:jsconfig-paths-plugin skipping request as it is inside node_modules next/dist/server/future/route-modules/app-page/vendored/ssr/react
2026-04-06T23:19:02.627Z next:jsconfig-paths-plugin skipping request as it is inside node_modules C:\Users\Ahmed Amin Bejoui\Desktop\ai-code-review-platform\apps\dashboard\node_modules\next/dist/server/future/route-modules/app-page/vendored/ssr/react-jsx-runtime
2026-04-06T23:19:02.628Z next:jsconfig-paths-plugin skipping request as it is inside node_modules C:\Users\Ahmed Amin Bejoui\Desktop\ai-code-review-platform\apps\dashboard\node_modules\next/dist/server/future/route-modules/app-page/vendored/ssr/react
2026-04-06T23:19:02.631Z next:jsconfig-paths-plugin skipping request as it is inside node_modules ./format-error-message.mjs
2026-04-06T23:19:02.631Z next:jsconfig-paths-plugin skipping request as it is inside node_modules ./state.mjs
2026-04-06T23:19:02.632Z next:jsconfig-paths-plugin skipping request as it is inside node_modules ./state.mjs
2026-04-06T23:19:02.868Z next:jsconfig-paths-plugin skipping request as it is inside node_modules react
2026-04-06T23:19:02.868Z next:jsconfig-paths-plugin skipping request as it is inside node_modules next/dist/server/future/route-modules/app-page/vendored/ssr/react
2026-04-06T23:19:02.868Z next:jsconfig-paths-plugin skipping request as it is inside node_modules C:\Users\Ahmed Amin Bejoui\Desktop\ai-code-review-platform\apps\dashboard\node_modules\next/dist/server/future/route-modules/app-page/vendored/ssr/react
2026-04-06T23:19:02.871Z next:jsconfig-paths-plugin skipping request as it is inside node_modules react/jsx-runtime
2026-04-06T23:19:02.871Z next:jsconfig-paths-plugin skipping request as it is inside node_modules react
2026-04-06T23:19:02.871Z next:jsconfig-paths-plugin skipping request as it is inside node_modules @radix-ui/primitive
2026-04-06T23:19:02.876Z next:jsconfig-paths-plugin skipping request as it is inside node_modules @radix-ui/react-primitive
2026-04-06T23:19:02.876Z next:jsconfig-paths-plugin skipping request as it is inside node_modules @radix-ui/react-compose-refs
2026-04-06T23:19:02.877Z next:jsconfig-paths-plugin skipping request as it is inside node_modules @radix-ui/react-use-callback-ref
2026-04-06T23:19:02.877Z next:jsconfig-paths-plugin skipping request as it is inside node_modules next/dist/server/future/route-modules/app-page/vendored/ssr/react-jsx-runtime
2026-04-06T23:19:02.877Z next:jsconfig-paths-plugin skipping request as it is inside node_modules next/dist/server/future/route-modules/app-page/vendored/ssr/react
2026-04-06T23:19:02.877Z next:jsconfig-paths-plugin skipping request as it is inside node_modules C:\Users\Ahmed Amin Bejoui\Desktop\ai-code-review-platform\apps\dashboard\node_modules\next/dist/server/future/route-modules/app-page/vendored/ssr/react-jsx-runtime
2026-04-06T23:19:02.877Z next:jsconfig-paths-plugin skipping request as it is inside node_modules C:\Users\Ahmed Amin Bejoui\Desktop\ai-code-review-platform\apps\dashboard\node_modules\next/dist/server/future/route-modules/app-page/vendored/ssr/react
2026-04-06T23:19:02.896Z next:jsconfig-paths-plugin skipping request as it is inside node_modules react/jsx-runtime
2026-04-06T23:19:02.896Z next:jsconfig-paths-plugin skipping request as it is inside node_modules react
2026-04-06T23:19:02.896Z next:jsconfig-paths-plugin skipping request as it is inside node_modules @radix-ui/react-compose-refs
2026-04-06T23:19:02.896Z next:jsconfig-paths-plugin skipping request as it is inside node_modules @radix-ui/react-primitive
2026-04-06T23:19:02.896Z next:jsconfig-paths-plugin skipping request as it is inside node_modules @radix-ui/react-use-callback-ref
2026-04-06T23:19:02.896Z next:jsconfig-paths-plugin skipping request as it is inside node_modules next/dist/server/future/route-modules/app-page/vendored/ssr/react-jsx-runtime
2026-04-06T23:19:02.896Z next:jsconfig-paths-plugin skipping request as it is inside node_modules next/dist/server/future/route-modules/app-page/vendored/ssr/react
2026-04-06T23:19:02.896Z next:jsconfig-paths-plugin skipping request as it is inside node_modules C:\Users\Ahmed Amin Bejoui\Desktop\ai-code-review-platform\apps\dashboard\node_modules\next/dist/server/future/route-modules/app-page/vendored/ssr/react-jsx-runtime
2026-04-06T23:19:02.896Z next:jsconfig-paths-plugin skipping request as it is inside node_modules C:\Users\Ahmed Amin Bejoui\Desktop\ai-code-review-platform\apps\dashboard\node_modules\next/dist/server/future/route-modules/app-page/vendored/ssr/react
2026-04-06T23:19:02.915Z next:jsconfig-paths-plugin skipping request as it is inside node_modules ./format-error-message.mjs
2026-04-06T23:19:02.917Z next:jsconfig-paths-plugin skipping request as it is inside node_modules react/jsx-runtime
2026-04-06T23:19:02.917Z next:jsconfig-paths-plugin skipping request as it is inside node_modules react
2026-04-06T23:19:02.917Z next:jsconfig-paths-plugin skipping request as it is inside node_modules react-dom
2026-04-06T23:19:02.917Z next:jsconfig-paths-plugin skipping request as it is inside node_modules @radix-ui/react-primitive
2026-04-06T23:19:02.917Z next:jsconfig-paths-plugin skipping request as it is inside node_modules @radix-ui/react-use-layout-effect
2026-04-06T23:19:02.917Z next:jsconfig-paths-plugin skipping request as it is inside node_modules next/dist/server/future/route-modules/app-page/vendored/ssr/react-jsx-runtime
2026-04-06T23:19:02.917Z next:jsconfig-paths-plugin skipping request as it is inside node_modules next/dist/server/future/route-modules/app-page/vendored/ssr/react
2026-04-06T23:19:02.918Z next:jsconfig-paths-plugin skipping request as it is inside node_modules next/dist/server/future/route-modules/app-page/vendored/ssr/react-dom
2026-04-06T23:19:02.918Z next:jsconfig-paths-plugin skipping request as it is inside node_modules C:\Users\Ahmed Amin Bejoui\Desktop\ai-code-review-platform\apps\dashboard\node_modules\next/dist/server/future/route-modules/app-page/vendored/ssr/react-jsx-runtime
2026-04-06T23:19:02.918Z next:jsconfig-paths-plugin skipping request as it is inside node_modules C:\Users\Ahmed Amin Bejoui\Desktop\ai-code-review-platform\apps\dashboard\node_modules\next/dist/server/future/route-modules/app-page/vendored/ssr/react
2026-04-06T23:19:02.918Z next:jsconfig-paths-plugin skipping request as it is inside node_modules C:\Users\Ahmed Amin Bejoui\Desktop\ai-code-review-platform\apps\dashboard\node_modules\next/dist/server/future/route-modules/app-page/vendored/ssr/react-dom
2026-04-06T23:19:03.170Z next:jsconfig-paths-plugin skipping request as it is inside node_modules react/jsx-runtime
2026-04-06T23:19:03.170Z next:jsconfig-paths-plugin skipping request as it is inside node_modules react
2026-04-06T23:19:03.170Z next:jsconfig-paths-plugin skipping request as it is inside node_modules @radix-ui/react-compose-refs
2026-04-06T23:19:03.170Z next:jsconfig-paths-plugin skipping request as it is inside node_modules @radix-ui/react-context
2026-04-06T23:19:03.170Z next:jsconfig-paths-plugin skipping request as it is inside node_modules @radix-ui/react-primitive
2026-04-06T23:19:03.171Z next:jsconfig-paths-plugin skipping request as it is inside node_modules @radix-ui/react-use-callback-ref
2026-04-06T23:19:03.171Z next:jsconfig-paths-plugin skipping request as it is inside node_modules @radix-ui/react-use-layout-effect
2026-04-06T23:19:03.171Z next:jsconfig-paths-plugin skipping request as it is inside node_modules @radix-ui/react-use-size
2026-04-06T23:19:03.171Z next:jsconfig-paths-plugin skipping request as it is inside node_modules next/dist/server/future/route-modules/app-page/vendored/ssr/react-jsx-runtime
2026-04-06T23:19:03.171Z next:jsconfig-paths-plugin skipping request as it is inside node_modules next/dist/server/future/route-modules/app-page/vendored/ssr/react
2026-04-06T23:19:03.171Z next:jsconfig-paths-plugin skipping request as it is inside node_modules C:\Users\Ahmed Amin Bejoui\Desktop\ai-code-review-platform\apps\dashboard\node_modules\next/dist/server/future/route-modules/app-page/vendored/ssr/react-jsx-runtime
2026-04-06T23:19:03.172Z next:jsconfig-paths-plugin skipping request as it is inside node_modules C:\Users\Ahmed Amin Bejoui\Desktop\ai-code-review-platform\apps\dashboard\node_modules\next/dist/server/future/route-modules/app-page/vendored/ssr/react
2026-04-06T23:19:03.179Z next:jsconfig-paths-plugin skipping request as it is inside node_modules react/jsx-runtime
2026-04-06T23:19:03.179Z next:jsconfig-paths-plugin skipping request as it is inside node_modules react
2026-04-06T23:19:03.179Z next:jsconfig-paths-plugin skipping request as it is inside node_modules @radix-ui/react-primitive
2026-04-06T23:19:03.179Z next:jsconfig-paths-plugin skipping request as it is inside node_modules @radix-ui/react-presence
2026-04-06T23:19:03.179Z next:jsconfig-paths-plugin skipping request as it is inside node_modules @radix-ui/react-context
2026-04-06T23:19:03.179Z next:jsconfig-paths-plugin skipping request as it is inside node_modules @radix-ui/react-compose-refs
2026-04-06T23:19:03.180Z next:jsconfig-paths-plugin skipping request as it is inside node_modules @radix-ui/react-use-callback-ref
2026-04-06T23:19:03.180Z next:jsconfig-paths-plugin skipping request as it is inside node_modules @radix-ui/react-direction
2026-04-06T23:19:03.180Z next:jsconfig-paths-plugin skipping request as it is inside node_modules @radix-ui/react-use-layout-effect
2026-04-06T23:19:03.180Z next:jsconfig-paths-plugin skipping request as it is inside node_modules @radix-ui/number
2026-04-06T23:19:03.180Z next:jsconfig-paths-plugin skipping request as it is inside node_modules @radix-ui/primitive
2026-04-06T23:19:03.180Z next:jsconfig-paths-plugin skipping request as it is inside node_modules next/dist/server/future/route-modules/app-page/vendored/ssr/react-jsx-runtime
2026-04-06T23:19:03.180Z next:jsconfig-paths-plugin skipping request as it is inside node_modules next/dist/server/future/route-modules/app-page/vendored/ssr/react
2026-04-06T23:19:03.180Z next:jsconfig-paths-plugin skipping request as it is inside node_modules C:\Users\Ahmed Amin Bejoui\Desktop\ai-code-review-platform\apps\dashboard\node_modules\next/dist/server/future/route-modules/app-page/vendored/ssr/react-jsx-runtime
2026-04-06T23:19:03.180Z next:jsconfig-paths-plugin skipping request as it is inside node_modules C:\Users\Ahmed Amin Bejoui\Desktop\ai-code-review-platform\apps\dashboard\node_modules\next/dist/server/future/route-modules/app-page/vendored/ssr/react
2026-04-06T23:19:03.189Z next:jsconfig-paths-plugin skipping request as it is inside node_modules react/jsx-runtime
2026-04-06T23:19:03.189Z next:jsconfig-paths-plugin skipping request as it is inside node_modules next/dist/server/future/route-modules/app-page/vendored/ssr/react-jsx-runtime
2026-04-06T23:19:03.190Z next:jsconfig-paths-plugin skipping request as it is inside node_modules C:\Users\Ahmed Amin Bejoui\Desktop\ai-code-review-platform\apps\dashboard\node_modules\next/dist/server/future/route-modules/app-page/vendored/ssr/react-jsx-runtime
2026-04-06T23:19:03.478Z next:jsconfig-paths-plugin skipping request as it is inside node_modules ../interfaces/motion-value.mjs
2026-04-06T23:19:03.478Z next:jsconfig-paths-plugin skipping request as it is inside node_modules ../../value/index.mjs
2026-04-06T23:19:03.479Z next:jsconfig-paths-plugin skipping request as it is inside node_modules ../../value/utils/is-motion-value.mjs
2026-04-06T23:19:03.479Z next:jsconfig-paths-plugin skipping request as it is inside node_modules ../../../value/types/utils/get-as-type.mjs
2026-04-06T23:19:03.479Z next:jsconfig-paths-plugin skipping request as it is inside node_modules ../../../value/types/maps/number.mjs
2026-04-06T23:19:03.479Z next:jsconfig-paths-plugin skipping request as it is inside node_modules ../../utils/keys-transform.mjs
2026-04-06T23:19:03.479Z next:jsconfig-paths-plugin skipping request as it is inside node_modules ../../../animation/utils/is-css-variable.mjs
2026-04-06T23:19:03.479Z next:jsconfig-paths-plugin skipping request as it is inside node_modules ./build-transform.mjs
2026-04-06T23:19:03.484Z next:jsconfig-paths-plugin skipping request as it is inside node_modules ../../value/index.mjs
2026-04-06T23:19:03.484Z next:jsconfig-paths-plugin skipping request as it is inside node_modules ../interfaces/motion-value.mjs
2026-04-06T23:19:03.484Z next:jsconfig-paths-plugin skipping request as it is inside node_modules ../../value/utils/is-motion-value.mjs
2026-04-06T23:19:03.484Z next:jsconfig-paths-plugin skipping request as it is inside node_modules ../../utils/keys-transform.mjs
2026-04-06T23:19:03.484Z next:jsconfig-paths-plugin skipping request as it is inside node_modules ../../../animation/utils/is-css-variable.mjs
2026-04-06T23:19:03.484Z next:jsconfig-paths-plugin skipping request as it is inside node_modules ../../../value/types/utils/get-as-type.mjs
2026-04-06T23:19:03.484Z next:jsconfig-paths-plugin skipping request as it is inside node_modules ../../../value/types/maps/number.mjs
2026-04-06T23:19:03.484Z next:jsconfig-paths-plugin skipping request as it is inside node_modules ./build-transform.mjs
2026-04-06T23:19:03.492Z next:jsconfig-paths-plugin skipping request as it is inside node_modules react
2026-04-06T23:19:03.492Z next:jsconfig-paths-plugin skipping request as it is inside node_modules next/dist/server/future/route-modules/app-page/vendored/ssr/react
2026-04-06T23:19:03.492Z next:jsconfig-paths-plugin skipping request as it is inside node_modules C:\Users\Ahmed Amin Bejoui\Desktop\ai-code-review-platform\apps\dashboard\node_modules\next/dist/server/future/route-modules/app-page/vendored/ssr/react
2026-04-06T23:19:03.554Z next:jsconfig-paths-plugin skipping request as it is inside node_modules @radix-ui/react-slot
2026-04-06T23:19:03.561Z next:jsconfig-paths-plugin skipping request as it is inside node_modules ./cjs/react-is.production.min.js
2026-04-06T23:19:03.561Z next:jsconfig-paths-plugin skipping request as it is inside node_modules ../../html/utils/build-styles.mjs
2026-04-06T23:19:03.562Z next:jsconfig-paths-plugin skipping request as it is inside node_modules ./path.mjs
2026-04-06T23:19:03.562Z next:jsconfig-paths-plugin skipping request as it is inside node_modules ../../../value/utils/is-motion-value.mjs
2026-04-06T23:19:03.562Z next:jsconfig-paths-plugin skipping request as it is inside node_modules ../../utils/is-forced-motion-value.mjs
2026-04-06T23:19:03.563Z next:jsconfig-paths-plugin skipping request as it is inside node_modules ../../../value/utils/is-motion-value.mjs
2026-04-06T23:19:03.563Z next:jsconfig-paths-plugin skipping request as it is inside node_modules ../../utils/is-forced-motion-value.mjs
2026-04-06T23:19:03.563Z next:jsconfig-paths-plugin skipping request as it is inside node_modules ../../html/utils/build-styles.mjs
2026-04-06T23:19:03.563Z next:jsconfig-paths-plugin skipping request as it is inside node_modules ./path.mjs
2026-04-06T23:19:03.651Z next:jsconfig-paths-plugin skipping request as it is inside node_modules lodash/isFunction
2026-04-06T23:19:03.651Z next:jsconfig-paths-plugin skipping request as it is inside node_modules ../container/Layer
2026-04-06T23:19:03.651Z next:jsconfig-paths-plugin skipping request as it is inside node_modules ../component/Label
2026-04-06T23:19:03.651Z next:jsconfig-paths-plugin skipping request as it is inside node_modules ../util/DataUtils
2026-04-06T23:19:03.651Z next:jsconfig-paths-plugin skipping request as it is inside node_modules ../util/LogUtils
2026-04-06T23:19:03.651Z next:jsconfig-paths-plugin skipping request as it is inside node_modules ../util/ReactUtils
2026-04-06T23:19:03.651Z next:jsconfig-paths-plugin skipping request as it is inside node_modules ../context/chartLayoutContext
2026-04-06T23:19:03.651Z next:jsconfig-paths-plugin skipping request as it is inside node_modules lodash/isFunction
2026-04-06T23:19:03.651Z next:jsconfig-paths-plugin skipping request as it is inside node_modules ../container/Layer
2026-04-06T23:19:03.651Z next:jsconfig-paths-plugin skipping request as it is inside node_modules ../shape/Dot
2026-04-06T23:19:03.651Z next:jsconfig-paths-plugin skipping request as it is inside node_modules ../component/Label
2026-04-06T23:19:03.652Z next:jsconfig-paths-plugin skipping request as it is inside node_modules lodash/some
2026-04-06T23:19:03.652Z next:jsconfig-paths-plugin skipping request as it is inside node_modules ../util/IfOverflowMatches
2026-04-06T23:19:03.652Z next:jsconfig-paths-plugin skipping request as it is inside node_modules ../util/CartesianUtils
2026-04-06T23:19:03.653Z next:jsconfig-paths-plugin skipping request as it is inside node_modules ../container/Layer
2026-04-06T23:19:03.653Z next:jsconfig-paths-plugin skipping request as it is inside node_modules ../component/Label
2026-04-06T23:19:03.653Z next:jsconfig-paths-plugin skipping request as it is inside node_modules ../util/DataUtils
2026-04-06T23:19:03.653Z next:jsconfig-paths-plugin skipping request as it is inside node_modules ../util/LogUtils
2026-04-06T23:19:03.653Z next:jsconfig-paths-plugin skipping request as it is inside node_modules ../util/ReactUtils
2026-04-06T23:19:03.653Z next:jsconfig-paths-plugin skipping request as it is inside node_modules ../context/chartLayoutContext
2026-04-06T23:19:03.653Z next:jsconfig-paths-plugin skipping request as it is inside node_modules ../container/Layer
2026-04-06T23:19:03.653Z next:jsconfig-paths-plugin skipping request as it is inside node_modules ../shape/Dot
2026-04-06T23:19:03.653Z next:jsconfig-paths-plugin skipping request as it is inside node_modules ../component/Label
2026-04-06T23:19:03.653Z next:jsconfig-paths-plugin skipping request as it is inside node_modules ../util/IfOverflowMatches
2026-04-06T23:19:03.653Z next:jsconfig-paths-plugin skipping request as it is inside node_modules ../util/CartesianUtils
2026-04-06T23:19:03.654Z next:jsconfig-paths-plugin skipping request as it is inside node_modules ../util/IfOverflowMatches
2026-04-06T23:19:03.655Z next:jsconfig-paths-plugin skipping request as it is inside node_modules ../util/CartesianUtils
2026-04-06T23:19:03.655Z next:jsconfig-paths-plugin skipping request as it is inside node_modules lodash/isFunction
2026-04-06T23:19:03.655Z next:jsconfig-paths-plugin skipping request as it is inside node_modules lodash/isFunction
2026-04-06T23:19:03.661Z next:jsconfig-paths-plugin skipping request as it is inside node_modules ../util/IfOverflowMatches
2026-04-06T23:19:03.661Z next:jsconfig-paths-plugin skipping request as it is inside node_modules ../util/CartesianUtils
2026-04-06T23:19:03.662Z next:jsconfig-paths-plugin skipping request as it is inside node_modules ../util/IfOverflowMatches
2026-04-06T23:19:03.662Z next:jsconfig-paths-plugin skipping request as it is inside node_modules ../util/CartesianUtils
2026-04-06T23:19:03.665Z next:jsconfig-paths-plugin skipping request as it is inside node_modules ../util/DataUtils
2026-04-06T23:19:03.666Z next:jsconfig-paths-plugin skipping request as it is inside node_modules ../util/IfOverflowMatches
2026-04-06T23:19:03.666Z next:jsconfig-paths-plugin skipping request as it is inside node_modules ../util/CartesianUtils
2026-04-06T23:19:03.666Z next:jsconfig-paths-plugin skipping request as it is inside node_modules ../util/LogUtils
2026-04-06T23:19:03.666Z next:jsconfig-paths-plugin skipping request as it is inside node_modules ../util/ReactUtils
2026-04-06T23:19:03.666Z next:jsconfig-paths-plugin skipping request as it is inside node_modules lodash/isFunction
2026-04-06T23:19:03.666Z next:jsconfig-paths-plugin skipping request as it is inside node_modules ../container/Layer
2026-04-06T23:19:03.666Z next:jsconfig-paths-plugin skipping request as it is inside node_modules ../component/Label
2026-04-06T23:19:03.666Z next:jsconfig-paths-plugin skipping request as it is inside node_modules ../util/CartesianUtils
2026-04-06T23:19:03.666Z next:jsconfig-paths-plugin skipping request as it is inside node_modules ../util/IfOverflowMatches
2026-04-06T23:19:03.666Z next:jsconfig-paths-plugin skipping request as it is inside node_modules ../util/DataUtils
2026-04-06T23:19:03.666Z next:jsconfig-paths-plugin skipping request as it is inside node_modules ../util/LogUtils
2026-04-06T23:19:03.666Z next:jsconfig-paths-plugin skipping request as it is inside node_modules ../util/ReactUtils
2026-04-06T23:19:03.666Z next:jsconfig-paths-plugin skipping request as it is inside node_modules ../util/DataUtils
2026-04-06T23:19:03.666Z next:jsconfig-paths-plugin skipping request as it is inside node_modules ../util/ReactUtils
2026-04-06T23:19:03.667Z next:jsconfig-paths-plugin skipping request as it is inside node_modules ../util/DataUtils
2026-04-06T23:19:03.667Z next:jsconfig-paths-plugin skipping request as it is inside node_modules ../util/IfOverflowMatches
2026-04-06T23:19:03.667Z next:jsconfig-paths-plugin skipping request as it is inside node_modules ../util/CartesianUtils
2026-04-06T23:19:03.667Z next:jsconfig-paths-plugin skipping request as it is inside node_modules ../util/LogUtils
2026-04-06T23:19:03.667Z next:jsconfig-paths-plugin skipping request as it is inside node_modules ../util/ReactUtils
2026-04-06T23:19:03.667Z next:jsconfig-paths-plugin skipping request as it is inside node_modules ../container/Layer
2026-04-06T23:19:03.667Z next:jsconfig-paths-plugin skipping request as it is inside node_modules ../component/Label
2026-04-06T23:19:03.667Z next:jsconfig-paths-plugin skipping request as it is inside node_modules ../util/CartesianUtils
2026-04-06T23:19:03.667Z next:jsconfig-paths-plugin skipping request as it is inside node_modules ../util/IfOverflowMatches
2026-04-06T23:19:03.667Z next:jsconfig-paths-plugin skipping request as it is inside node_modules ../util/DataUtils
2026-04-06T23:19:03.667Z next:jsconfig-paths-plugin skipping request as it is inside node_modules ../util/LogUtils
2026-04-06T23:19:03.667Z next:jsconfig-paths-plugin skipping request as it is inside node_modules ../util/ReactUtils
2026-04-06T23:19:03.667Z next:jsconfig-paths-plugin skipping request as it is inside node_modules ../util/DataUtils
2026-04-06T23:19:03.667Z next:jsconfig-paths-plugin skipping request as it is inside node_modules ../util/ReactUtils
2026-04-06T23:19:03.669Z next:jsconfig-paths-plugin skipping request as it is inside node_modules lodash/isFunction
2026-04-06T23:19:03.680Z next:jsconfig-paths-plugin skipping request as it is inside node_modules ../shape/Rectangle
2026-04-06T23:19:03.681Z next:jsconfig-paths-plugin skipping request as it is inside node_modules ./icons/check-check.js
2026-04-06T23:19:03.681Z next:jsconfig-paths-plugin skipping request as it is inside node_modules ../../dom/utils/camel-to-dash.mjs
2026-04-06T23:19:03.681Z next:jsconfig-paths-plugin skipping request as it is inside node_modules ../../html/utils/render.mjs
2026-04-06T23:19:03.681Z next:jsconfig-paths-plugin skipping request as it is inside node_modules ./camel-case-attrs.mjs
2026-04-06T23:19:03.681Z next:jsconfig-paths-plugin skipping request as it is inside node_modules ../../../value/utils/is-motion-value.mjs
2026-04-06T23:19:03.681Z next:jsconfig-paths-plugin skipping request as it is inside node_modules ../../utils/keys-transform.mjs
2026-04-06T23:19:03.681Z next:jsconfig-paths-plugin skipping request as it is inside node_modules ../../html/utils/scrape-motion-values.mjs
2026-04-06T23:19:03.682Z next:jsconfig-paths-plugin skipping request as it is inside node_modules ../shape/Rectangle
2026-04-06T23:19:03.682Z next:jsconfig-paths-plugin skipping request as it is inside node_modules ../shape/Rectangle
2026-04-06T23:19:03.708Z next:jsconfig-paths-plugin skipping request as it is inside node_modules ../shape/Rectangle
2026-04-06T23:19:03.708Z next:jsconfig-paths-plugin skipping request as it is inside node_modules ../../../value/utils/is-motion-value.mjs
2026-04-06T23:19:03.708Z next:jsconfig-paths-plugin skipping request as it is inside node_modules ../../utils/keys-transform.mjs
2026-04-06T23:19:03.708Z next:jsconfig-paths-plugin skipping request as it is inside node_modules ../../dom/utils/camel-to-dash.mjs
2026-04-06T23:19:03.708Z next:jsconfig-paths-plugin skipping request as it is inside node_modules ../../html/utils/render.mjs
2026-04-06T23:19:03.708Z next:jsconfig-paths-plugin skipping request as it is inside node_modules ./camel-case-attrs.mjs
2026-04-06T23:19:03.708Z next:jsconfig-paths-plugin skipping request as it is inside node_modules ../../html/utils/scrape-motion-values.mjs
2026-04-06T23:19:03.714Z next:jsconfig-paths-plugin skipping request as it is inside node_modules ../shape/Rectangle
2026-04-06T23:19:03.924Z next:jsconfig-paths-plugin skipping request as it is inside node_modules @radix-ui/react-slot
2026-04-06T23:19:03.925Z next:jsconfig-paths-plugin skipping request as it is inside node_modules lodash/some
2026-04-06T23:19:03.925Z next:jsconfig-paths-plugin skipping request as it is inside node_modules lodash/some
2026-04-06T23:19:03.926Z next:jsconfig-paths-plugin skipping request as it is inside node_modules lodash/some
2026-04-06T23:19:03.928Z next:jsconfig-paths-plugin moduleName did not match any paths pattern use-sync-external-store/shim
2026-04-06T23:19:03.928Z next:jsconfig-paths-plugin skipping request as it is inside node_modules use-sync-external-store/shim
2026-04-06T23:19:03.930Z next:jsconfig-paths-plugin skipping request as it is inside node_modules @radix-ui/react-context
2026-04-06T23:19:03.930Z next:jsconfig-paths-plugin skipping request as it is inside node_modules @radix-ui/react-compose-refs
2026-04-06T23:19:03.946Z next:jsconfig-paths-plugin skipping request as it is inside node_modules ./Combination
2026-04-06T23:19:03.947Z next:jsconfig-paths-plugin skipping request as it is inside node_modules ./back.mjs
2026-04-06T23:19:03.947Z next:jsconfig-paths-plugin skipping request as it is inside node_modules ../../utils/mix/number.mjs
2026-04-06T23:19:03.947Z next:jsconfig-paths-plugin skipping request as it is inside node_modules ../utils/has-transform.mjs
2026-04-06T23:19:03.947Z next:jsconfig-paths-plugin skipping request as it is inside node_modules ../../value/types/numbers/units.mjs
2026-04-06T23:19:03.947Z next:jsconfig-paths-plugin skipping request as it is inside node_modules ./delta-apply.mjs
2026-04-06T23:19:03.947Z next:jsconfig-paths-plugin skipping request as it is inside node_modules ./delta-calc.mjs
2026-04-06T23:19:03.947Z next:jsconfig-paths-plugin skipping request as it is inside node_modules ../geometry/conversion.mjs
2026-04-06T23:19:03.947Z next:jsconfig-paths-plugin skipping request as it is inside node_modules ../geometry/delta-apply.mjs
2026-04-06T23:19:03.947Z next:jsconfig-paths-plugin skipping request as it is inside node_modules motion-utils
2026-04-06T23:19:03.947Z next:jsconfig-paths-plugin skipping request as it is inside node_modules ./compare-by-depth.mjs
2026-04-06T23:19:03.947Z next:jsconfig-paths-plugin skipping request as it is inside node_modules ../../value/types/complex/index.mjs
2026-04-06T23:19:03.947Z next:jsconfig-paths-plugin skipping request as it is inside node_modules ../../utils/mix/number.mjs
2026-04-06T23:19:03.947Z next:jsconfig-paths-plugin skipping request as it is inside node_modules ../../value/types/numbers/units.mjs
2026-04-06T23:19:03.948Z next:jsconfig-paths-plugin skipping request as it is inside node_modules ../../utils/mix/number.mjs
2026-04-06T23:19:03.948Z next:jsconfig-paths-plugin skipping request as it is inside node_modules ../../value/types/numbers/units.mjs
2026-04-06T23:19:03.948Z next:jsconfig-paths-plugin skipping request as it is inside node_modules motion-utils
2026-04-06T23:19:03.948Z next:jsconfig-paths-plugin skipping request as it is inside node_modules motion-utils
2026-04-06T23:19:03.948Z next:jsconfig-paths-plugin skipping request as it is inside node_modules ../../animation/animate/single-value.mjs
2026-04-06T23:19:03.948Z next:jsconfig-paths-plugin skipping request as it is inside node_modules ../../animation/optimized-appear/get-appear-id.mjs
2026-04-06T23:19:03.948Z next:jsconfig-paths-plugin skipping request as it is inside node_modules ../../animation/utils/get-value-transition.mjs
2026-04-06T23:19:03.948Z next:jsconfig-paths-plugin skipping request as it is inside node_modules ../../frameloop/microtask.mjs
2026-04-06T23:19:03.948Z next:jsconfig-paths-plugin skipping request as it is inside node_modules ../../frameloop/sync-time.mjs
2026-04-06T23:19:03.948Z next:jsconfig-paths-plugin skipping request as it is inside node_modules ../styles/scale-correction.mjs
2026-04-06T23:19:03.948Z next:jsconfig-paths-plugin skipping request as it is inside node_modules ../../stats/animation-count.mjs
2026-04-06T23:19:03.948Z next:jsconfig-paths-plugin skipping request as it is inside node_modules ../../stats/buffer.mjs
2026-04-06T23:19:03.948Z next:jsconfig-paths-plugin skipping request as it is inside node_modules ../../utils/delay.mjs
2026-04-06T23:19:03.948Z next:jsconfig-paths-plugin skipping request as it is inside node_modules ../../utils/is-svg-element.mjs
2026-04-06T23:19:03.948Z next:jsconfig-paths-plugin skipping request as it is inside node_modules ../../utils/is-svg-svg-element.mjs
2026-04-06T23:19:03.948Z next:jsconfig-paths-plugin skipping request as it is inside node_modules ../../utils/mix/number.mjs
2026-04-06T23:19:03.948Z next:jsconfig-paths-plugin skipping request as it is inside node_modules ../../value/index.mjs
2026-04-06T23:19:03.949Z next:jsconfig-paths-plugin skipping request as it is inside node_modules ../../value/utils/resolve-motion-value.mjs
2026-04-06T23:19:03.949Z next:jsconfig-paths-plugin skipping request as it is inside node_modules ../animation/mix-values.mjs
2026-04-06T23:19:03.949Z next:jsconfig-paths-plugin skipping request as it is inside node_modules ../geometry/copy.mjs
2026-04-06T23:19:03.949Z next:jsconfig-paths-plugin skipping request as it is inside node_modules ../geometry/delta-apply.mjs
2026-04-06T23:19:03.949Z next:jsconfig-paths-plugin skipping request as it is inside node_modules ../geometry/delta-calc.mjs
2026-04-06T23:19:03.949Z next:jsconfig-paths-plugin skipping request as it is inside node_modules ../geometry/delta-remove.mjs
2026-04-06T23:19:03.949Z next:jsconfig-paths-plugin skipping request as it is inside node_modules ../geometry/models.mjs
2026-04-06T23:19:03.949Z next:jsconfig-paths-plugin skipping request as it is inside node_modules ../geometry/utils.mjs
2026-04-06T23:19:03.949Z next:jsconfig-paths-plugin skipping request as it is inside node_modules ../shared/stack.mjs
2026-04-06T23:19:03.949Z next:jsconfig-paths-plugin skipping request as it is inside node_modules ../styles/transform.mjs
2026-04-06T23:19:03.949Z next:jsconfig-paths-plugin skipping request as it is inside node_modules ../utils/each-axis.mjs
2026-04-06T23:19:03.949Z next:jsconfig-paths-plugin skipping request as it is inside node_modules ../utils/flat-tree.mjs
2026-04-06T23:19:03.949Z next:jsconfig-paths-plugin skipping request as it is inside node_modules ../utils/has-transform.mjs
2026-04-06T23:19:03.949Z next:jsconfig-paths-plugin skipping request as it is inside node_modules ./state.mjs
2026-04-06T23:19:03.949Z next:jsconfig-paths-plugin skipping request as it is inside node_modules ../../frameloop/frame.mjs
2026-04-06T23:19:03.949Z next:jsconfig-paths-plugin skipping request as it is inside node_modules ../../events/add-dom-event.mjs
2026-04-06T23:19:03.949Z next:jsconfig-paths-plugin skipping request as it is inside node_modules ./create-projection-node.mjs
2026-04-06T23:19:03.949Z next:jsconfig-paths-plugin skipping request as it is inside node_modules ../../animation/utils/is-css-variable.mjs
2026-04-06T23:19:03.949Z next:jsconfig-paths-plugin skipping request as it is inside node_modules ./scale-border-radius.mjs
2026-04-06T23:19:03.949Z next:jsconfig-paths-plugin skipping request as it is inside node_modules ./scale-box-shadow.mjs
2026-04-06T23:19:03.949Z next:jsconfig-paths-plugin skipping request as it is inside node_modules ./DocumentProjectionNode.mjs
2026-04-06T23:19:03.949Z next:jsconfig-paths-plugin skipping request as it is inside node_modules motion-utils
2026-04-06T23:19:03.983Z next:jsconfig-paths-plugin skipping request as it is inside node_modules ./back.mjs
2026-04-06T23:19:03.984Z next:jsconfig-paths-plugin skipping request as it is inside node_modules ../../frameloop/microtask.mjs
2026-04-06T23:19:03.984Z next:jsconfig-paths-plugin skipping request as it is inside node_modules ../../frameloop/sync-time.mjs
2026-04-06T23:19:03.984Z next:jsconfig-paths-plugin skipping request as it is inside node_modules ../../stats/animation-count.mjs
2026-04-06T23:19:03.984Z next:jsconfig-paths-plugin skipping request as it is inside node_modules ../../stats/buffer.mjs
2026-04-06T23:19:03.984Z next:jsconfig-paths-plugin skipping request as it is inside node_modules ../../utils/delay.mjs
2026-04-06T23:19:03.984Z next:jsconfig-paths-plugin skipping request as it is inside node_modules ../../utils/is-svg-element.mjs
2026-04-06T23:19:03.984Z next:jsconfig-paths-plugin skipping request as it is inside node_modules ../../utils/is-svg-svg-element.mjs
2026-04-06T23:19:03.984Z next:jsconfig-paths-plugin skipping request as it is inside node_modules ../../value/index.mjs
2026-04-06T23:19:03.984Z next:jsconfig-paths-plugin skipping request as it is inside node_modules ../../frameloop/frame.mjs
2026-04-06T23:19:03.984Z next:jsconfig-paths-plugin skipping request as it is inside node_modules ../../events/add-dom-event.mjs
2026-04-06T23:19:03.984Z next:jsconfig-paths-plugin skipping request as it is inside node_modules ../../utils/mix/number.mjs
2026-04-06T23:19:03.984Z next:jsconfig-paths-plugin skipping request as it is inside node_modules ../utils/has-transform.mjs
2026-04-06T23:19:03.984Z next:jsconfig-paths-plugin skipping request as it is inside node_modules ./delta-apply.mjs
2026-04-06T23:19:03.984Z next:jsconfig-paths-plugin skipping request as it is inside node_modules ./delta-calc.mjs
2026-04-06T23:19:03.984Z next:jsconfig-paths-plugin skipping request as it is inside node_modules ../geometry/conversion.mjs
2026-04-06T23:19:03.984Z next:jsconfig-paths-plugin skipping request as it is inside node_modules ../geometry/delta-apply.mjs
2026-04-06T23:19:03.984Z next:jsconfig-paths-plugin skipping request as it is inside node_modules ./compare-by-depth.mjs
2026-04-06T23:19:03.984Z next:jsconfig-paths-plugin skipping request as it is inside node_modules ../../utils/mix/number.mjs
2026-04-06T23:19:03.985Z next:jsconfig-paths-plugin skipping request as it is inside node_modules ../../utils/mix/number.mjs
2026-04-06T23:19:03.985Z next:jsconfig-paths-plugin skipping request as it is inside node_modules ../../animation/animate/single-value.mjs
2026-04-06T23:19:03.985Z next:jsconfig-paths-plugin skipping request as it is inside node_modules ../../animation/optimized-appear/get-appear-id.mjs
2026-04-06T23:19:03.985Z next:jsconfig-paths-plugin skipping request as it is inside node_modules ../../animation/utils/get-value-transition.mjs
2026-04-06T23:19:03.985Z next:jsconfig-paths-plugin skipping request as it is inside node_modules ../styles/scale-correction.mjs
2026-04-06T23:19:03.985Z next:jsconfig-paths-plugin skipping request as it is inside node_modules ../../utils/mix/number.mjs
2026-04-06T23:19:03.985Z next:jsconfig-paths-plugin skipping request as it is inside node_modules ../../value/utils/resolve-motion-value.mjs
2026-04-06T23:19:03.985Z next:jsconfig-paths-plugin skipping request as it is inside node_modules ../animation/mix-values.mjs
2026-04-06T23:19:03.985Z next:jsconfig-paths-plugin skipping request as it is inside node_modules ../geometry/copy.mjs
2026-04-06T23:19:03.985Z next:jsconfig-paths-plugin skipping request as it is inside node_modules ../geometry/delta-apply.mjs
2026-04-06T23:19:03.985Z next:jsconfig-paths-plugin skipping request as it is inside node_modules ../geometry/delta-calc.mjs
2026-04-06T23:19:03.985Z next:jsconfig-paths-plugin skipping request as it is inside node_modules ../geometry/delta-remove.mjs
2026-04-06T23:19:03.985Z next:jsconfig-paths-plugin skipping request as it is inside node_modules ../geometry/models.mjs
2026-04-06T23:19:03.985Z next:jsconfig-paths-plugin skipping request as it is inside node_modules ../geometry/utils.mjs
2026-04-06T23:19:03.985Z next:jsconfig-paths-plugin skipping request as it is inside node_modules ../shared/stack.mjs
2026-04-06T23:19:03.985Z next:jsconfig-paths-plugin skipping request as it is inside node_modules ../styles/transform.mjs
2026-04-06T23:19:03.985Z next:jsconfig-paths-plugin skipping request as it is inside node_modules ../utils/each-axis.mjs
2026-04-06T23:19:03.985Z next:jsconfig-paths-plugin skipping request as it is inside node_modules ../utils/flat-tree.mjs
2026-04-06T23:19:03.985Z next:jsconfig-paths-plugin skipping request as it is inside node_modules ../utils/has-transform.mjs
2026-04-06T23:19:03.985Z next:jsconfig-paths-plugin skipping request as it is inside node_modules ./state.mjs
2026-04-06T23:19:03.986Z next:jsconfig-paths-plugin skipping request as it is inside node_modules ./create-projection-node.mjs
2026-04-06T23:19:03.986Z next:jsconfig-paths-plugin skipping request as it is inside node_modules ../../animation/utils/is-css-variable.mjs
2026-04-06T23:19:03.986Z next:jsconfig-paths-plugin skipping request as it is inside node_modules ./scale-border-radius.mjs
2026-04-06T23:19:03.986Z next:jsconfig-paths-plugin skipping request as it is inside node_modules ./scale-box-shadow.mjs
2026-04-06T23:19:03.986Z next:jsconfig-paths-plugin skipping request as it is inside node_modules ./DocumentProjectionNode.mjs
2026-04-06T23:19:03.986Z next:jsconfig-paths-plugin skipping request as it is inside node_modules ../../value/types/numbers/units.mjs
2026-04-06T23:19:03.986Z next:jsconfig-paths-plugin skipping request as it is inside node_modules ../../value/types/complex/index.mjs
2026-04-06T23:19:03.986Z next:jsconfig-paths-plugin skipping request as it is inside node_modules ../../value/types/numbers/units.mjs
2026-04-06T23:19:03.986Z next:jsconfig-paths-plugin skipping request as it is inside node_modules ../../value/types/numbers/units.mjs
2026-04-06T23:19:04.046Z next:jsconfig-paths-plugin skipping request as it is inside node_modules ./icons/check-check.js
2026-04-06T23:19:04.047Z next:jsconfig-paths-plugin skipping request as it is inside node_modules ./Combination
2026-04-06T23:19:04.048Z next:jsconfig-paths-plugin skipping request as it is inside node_modules ./Combination
2026-04-06T23:19:04.048Z next:jsconfig-paths-plugin skipping request as it is inside node_modules ./Combination
2026-04-06T23:19:04.072Z next:jsconfig-paths-plugin skipping request as it is inside node_modules ./getNiceTickValues
2026-04-06T23:19:04.072Z next:jsconfig-paths-plugin skipping request as it is inside node_modules ./cubic-bezier.mjs
2026-04-06T23:19:04.072Z next:jsconfig-paths-plugin skipping request as it is inside node_modules ./modifiers/mirror.mjs
2026-04-06T23:19:04.072Z next:jsconfig-paths-plugin skipping request as it is inside node_modules ./modifiers/reverse.mjs
2026-04-06T23:19:04.072Z next:jsconfig-paths-plugin skipping request as it is inside node_modules ../clamp.mjs
2026-04-06T23:19:04.072Z next:jsconfig-paths-plugin skipping request as it is inside node_modules ../animation/GroupAnimation.mjs
2026-04-06T23:19:04.072Z next:jsconfig-paths-plugin skipping request as it is inside node_modules ../projection/geometry/copy.mjs
2026-04-06T23:19:04.072Z next:jsconfig-paths-plugin skipping request as it is inside node_modules ../projection/geometry/models.mjs
2026-04-06T23:19:04.072Z next:jsconfig-paths-plugin skipping request as it is inside node_modules ../projection/node/HTMLProjectionNode.mjs
2026-04-06T23:19:04.072Z next:jsconfig-paths-plugin skipping request as it is inside node_modules ../render/html/HTMLVisualElement.mjs
2026-04-06T23:19:04.072Z next:jsconfig-paths-plugin skipping request as it is inside node_modules ../render/store.mjs
2026-04-06T23:19:04.072Z next:jsconfig-paths-plugin skipping request as it is inside node_modules ../utils/resolve-elements.mjs
2026-04-06T23:19:04.073Z next:jsconfig-paths-plugin skipping request as it is inside node_modules ../frameloop/frame.mjs
2026-04-06T23:19:04.073Z next:jsconfig-paths-plugin skipping request as it is inside node_modules ../noop.mjs
2026-04-06T23:19:04.073Z next:jsconfig-paths-plugin skipping request as it is inside node_modules ../../wrap.mjs
2026-04-06T23:19:04.073Z next:jsconfig-paths-plugin skipping request as it is inside node_modules ./is-easing-array.mjs
2026-04-06T23:19:04.073Z next:jsconfig-paths-plugin skipping request as it is inside node_modules ../../errors.mjs
2026-04-06T23:19:04.073Z next:jsconfig-paths-plugin skipping request as it is inside node_modules ../../noop.mjs
2026-04-06T23:19:04.073Z next:jsconfig-paths-plugin skipping request as it is inside node_modules ../anticipate.mjs
2026-04-06T23:19:04.073Z next:jsconfig-paths-plugin skipping request as it is inside node_modules ../back.mjs
2026-04-06T23:19:04.073Z next:jsconfig-paths-plugin skipping request as it is inside node_modules ../circ.mjs
2026-04-06T23:19:04.073Z next:jsconfig-paths-plugin skipping request as it is inside node_modules ../cubic-bezier.mjs
2026-04-06T23:19:04.073Z next:jsconfig-paths-plugin skipping request as it is inside node_modules ../ease.mjs
2026-04-06T23:19:04.074Z next:jsconfig-paths-plugin skipping request as it is inside node_modules ./is-bezier-definition.mjs
2026-04-06T23:19:04.101Z next:jsconfig-paths-plugin skipping request as it is inside node_modules ../clamp.mjs
2026-04-06T23:19:04.101Z next:jsconfig-paths-plugin skipping request as it is inside node_modules ../noop.mjs
2026-04-06T23:19:04.101Z next:jsconfig-paths-plugin skipping request as it is inside node_modules ./cubic-bezier.mjs
2026-04-06T23:19:04.101Z next:jsconfig-paths-plugin skipping request as it is inside node_modules ../animation/GroupAnimation.mjs
2026-04-06T23:19:04.101Z next:jsconfig-paths-plugin skipping request as it is inside node_modules ../render/store.mjs
2026-04-06T23:19:04.101Z next:jsconfig-paths-plugin skipping request as it is inside node_modules ../utils/resolve-elements.mjs
2026-04-06T23:19:04.101Z next:jsconfig-paths-plugin skipping request as it is inside node_modules ../frameloop/frame.mjs
2026-04-06T23:19:04.101Z next:jsconfig-paths-plugin skipping request as it is inside node_modules ./modifiers/mirror.mjs
2026-04-06T23:19:04.101Z next:jsconfig-paths-plugin skipping request as it is inside node_modules ./modifiers/reverse.mjs
2026-04-06T23:19:04.101Z next:jsconfig-paths-plugin skipping request as it is inside node_modules ../projection/geometry/copy.mjs
2026-04-06T23:19:04.101Z next:jsconfig-paths-plugin skipping request as it is inside node_modules ../projection/geometry/models.mjs
2026-04-06T23:19:04.101Z next:jsconfig-paths-plugin skipping request as it is inside node_modules ../projection/node/HTMLProjectionNode.mjs
2026-04-06T23:19:04.101Z next:jsconfig-paths-plugin skipping request as it is inside node_modules ../render/html/HTMLVisualElement.mjs
2026-04-06T23:19:04.101Z next:jsconfig-paths-plugin skipping request as it is inside node_modules ../../wrap.mjs
2026-04-06T23:19:04.102Z next:jsconfig-paths-plugin skipping request as it is inside node_modules ../../errors.mjs
2026-04-06T23:19:04.102Z next:jsconfig-paths-plugin skipping request as it is inside node_modules ../../noop.mjs
2026-04-06T23:19:04.102Z next:jsconfig-paths-plugin skipping request as it is inside node_modules ../anticipate.mjs
2026-04-06T23:19:04.102Z next:jsconfig-paths-plugin skipping request as it is inside node_modules ../back.mjs
2026-04-06T23:19:04.102Z next:jsconfig-paths-plugin skipping request as it is inside node_modules ../circ.mjs
2026-04-06T23:19:04.102Z next:jsconfig-paths-plugin skipping request as it is inside node_modules ../cubic-bezier.mjs
2026-04-06T23:19:04.102Z next:jsconfig-paths-plugin skipping request as it is inside node_modules ../ease.mjs
2026-04-06T23:19:04.102Z next:jsconfig-paths-plugin skipping request as it is inside node_modules ./is-easing-array.mjs
2026-04-06T23:19:04.102Z next:jsconfig-paths-plugin skipping request as it is inside node_modules ./is-bezier-definition.mjs
2026-04-06T23:19:04.116Z next:jsconfig-paths-plugin moduleName did not match any paths pattern lodash/some
2026-04-06T23:19:04.117Z next:jsconfig-paths-plugin skipping request as it is inside node_modules ./cjs/react-is.production.min.js
2026-04-06T23:19:04.120Z next:jsconfig-paths-plugin skipping request as it is inside node_modules motion-utils
2026-04-06T23:19:04.120Z next:jsconfig-paths-plugin skipping request as it is inside node_modules motion-utils
2026-04-06T23:19:04.121Z next:jsconfig-paths-plugin skipping request as it is inside node_modules motion-utils
2026-04-06T23:19:04.121Z next:jsconfig-paths-plugin skipping request as it is inside node_modules motion-utils
2026-04-06T23:19:04.125Z next:jsconfig-paths-plugin skipping request as it is inside node_modules ./getNiceTickValues
2026-04-06T23:19:04.125Z next:jsconfig-paths-plugin skipping request as it is inside node_modules ./getNiceTickValues
2026-04-06T23:19:04.126Z next:jsconfig-paths-plugin skipping request as it is inside node_modules ./getNiceTickValues
2026-04-06T23:19:04.152Z next:jsconfig-paths-plugin skipping request as it is inside node_modules @radix-ui/react-slot
2026-04-06T23:19:04.198Z next:jsconfig-paths-plugin skipping request as it is inside node_modules ./Combination
2026-04-06T23:19:04.259Z next:jsconfig-paths-plugin skipping request as it is inside node_modules ./getNiceTickValues
2026-04-06T23:19:04.261Z next:jsconfig-paths-plugin skipping request as it is inside node_modules @radix-ui/react-slot
2026-04-06T23:19:04.312Z next:jsconfig-paths-plugin skipping request as it is inside node_modules ./_MapCache
2026-04-06T23:19:04.561Z next:jsconfig-paths-plugin skipping request as it is inside node_modules ./_baseMatches
2026-04-06T23:19:04.562Z next:jsconfig-paths-plugin skipping request as it is inside node_modules ./_baseMatchesProperty
2026-04-06T23:19:04.562Z next:jsconfig-paths-plugin skipping request as it is inside node_modules ./property
2026-04-06T23:19:04.563Z next:jsconfig-paths-plugin skipping request as it is inside node_modules ./_overRest
2026-04-06T23:19:04.563Z next:jsconfig-paths-plugin skipping request as it is inside node_modules ./_setToString
2026-04-06T23:19:04.563Z next:jsconfig-paths-plugin skipping request as it is inside node_modules ./_arrayMap
2026-04-06T23:19:04.577Z next:jsconfig-paths-plugin skipping request as it is inside node_modules ./_baseMap
2026-04-06T23:19:04.578Z next:jsconfig-paths-plugin skipping request as it is inside node_modules ./_baseSortBy
2026-04-06T23:19:04.578Z next:jsconfig-paths-plugin skipping request as it is inside node_modules ./_baseUnary
2026-04-06T23:19:04.578Z next:jsconfig-paths-plugin skipping request as it is inside node_modules ./_compareMultiple
2026-04-06T23:19:04.579Z next:jsconfig-paths-plugin skipping request as it is inside node_modules ./_arrayPush
2026-04-06T23:19:04.579Z next:jsconfig-paths-plugin skipping request as it is inside node_modules ./_isFlattenable
2026-04-06T23:19:04.579Z next:jsconfig-paths-plugin skipping request as it is inside node_modules ./_baseRange
2026-04-06T23:19:04.581Z next:jsconfig-paths-plugin skipping request as it is inside node_modules ./toFinite
2026-04-06T23:19:04.592Z next:jsconfig-paths-plugin skipping request as it is inside node_modules ./eq
2026-04-06T23:19:04.592Z next:jsconfig-paths-plugin skipping request as it is inside node_modules ./isArrayLike
2026-04-06T23:19:04.592Z next:jsconfig-paths-plugin skipping request as it is inside node_modules ./_isIndex
2026-04-06T23:19:04.593Z next:jsconfig-paths-plugin skipping request as it is inside node_modules react
2026-04-06T23:19:04.593Z next:jsconfig-paths-plugin skipping request as it is inside node_modules @radix-ui/react-compose-refs
2026-04-06T23:19:04.593Z next:jsconfig-paths-plugin skipping request as it is inside node_modules react/jsx-runtime
2026-04-06T23:19:04.593Z next:jsconfig-paths-plugin skipping request as it is inside node_modules react
2026-04-06T23:19:04.593Z next:jsconfig-paths-plugin skipping request as it is inside node_modules @radix-ui/react-compose-refs
2026-04-06T23:19:04.594Z next:jsconfig-paths-plugin skipping request as it is inside node_modules react/jsx-runtime
2026-04-06T23:19:04.594Z next:jsconfig-paths-plugin skipping request as it is inside node_modules ./noop-B3MbDAfb.mjs
2026-04-06T23:19:04.594Z next:jsconfig-paths-plugin skipping request as it is inside node_modules motion-dom
2026-04-06T23:19:04.594Z next:jsconfig-paths-plugin skipping request as it is inside node_modules ../events/event-info.mjs
2026-04-06T23:19:04.594Z next:jsconfig-paths-plugin skipping request as it is inside node_modules motion-dom
2026-04-06T23:19:04.596Z next:jsconfig-paths-plugin skipping request as it is inside node_modules motion-utils
2026-04-06T23:19:04.599Z next:jsconfig-paths-plugin skipping request as it is inside node_modules ./VisualElementDragControls.mjs
2026-04-06T23:19:04.599Z next:jsconfig-paths-plugin skipping request as it is inside node_modules ../../svg/lowercase-elements.mjs
2026-04-06T23:19:04.599Z next:jsconfig-paths-plugin skipping request as it is inside node_modules motion-dom
2026-04-06T23:19:04.599Z next:jsconfig-paths-plugin skipping request as it is inside node_modules ./observers.mjs
2026-04-06T23:19:04.600Z next:jsconfig-paths-plugin skipping request as it is inside node_modules motion-dom
2026-04-06T23:19:04.600Z next:jsconfig-paths-plugin skipping request as it is inside node_modules ../track.mjs
2026-04-06T23:19:04.600Z next:jsconfig-paths-plugin skipping request as it is inside node_modules ./can-use-native-timeline.mjs
2026-04-06T23:19:04.600Z next:jsconfig-paths-plugin skipping request as it is inside node_modules ./offset-to-range.mjs
2026-04-06T23:19:04.619Z next:jsconfig-paths-plugin skipping request as it is inside node_modules ./noop-B3MbDAfb.mjs
2026-04-06T23:19:04.619Z next:jsconfig-paths-plugin skipping request as it is inside node_modules ../events/event-info.mjs
2026-04-06T23:19:04.621Z next:jsconfig-paths-plugin skipping request as it is inside node_modules ../track.mjs
2026-04-06T23:19:04.621Z next:jsconfig-paths-plugin skipping request as it is inside node_modules ./can-use-native-timeline.mjs
2026-04-06T23:19:04.621Z next:jsconfig-paths-plugin skipping request as it is inside node_modules ./offset-to-range.mjs
2026-04-06T23:19:04.626Z next:jsconfig-paths-plugin skipping request as it is inside node_modules lodash/some
2026-04-06T23:19:04.662Z next:jsconfig-paths-plugin skipping request as it is inside node_modules ../PolarUtils
2026-04-06T23:19:04.663Z next:jsconfig-paths-plugin skipping request as it is inside node_modules ./getRadialCursorPoints
2026-04-06T23:19:04.663Z next:jsconfig-paths-plugin skipping request as it is inside node_modules ../PolarUtils
2026-04-06T23:19:04.663Z next:jsconfig-paths-plugin skipping request as it is inside node_modules ../PolarUtils
2026-04-06T23:19:04.663Z next:jsconfig-paths-plugin skipping request as it is inside node_modules ./getRadialCursorPoints
2026-04-06T23:19:04.663Z next:jsconfig-paths-plugin skipping request as it is inside node_modules ../PolarUtils
2026-04-06T23:19:04.663Z next:jsconfig-paths-plugin skipping request as it is inside node_modules ../PolarUtils
2026-04-06T23:19:04.664Z next:jsconfig-paths-plugin skipping request as it is inside node_modules ./getRadialCursorPoints
2026-04-06T23:19:04.664Z next:jsconfig-paths-plugin skipping request as it is inside node_modules ../PolarUtils
2026-04-06T23:19:04.665Z next:jsconfig-paths-plugin skipping request as it is inside node_modules ./getRadialCursorPoints
2026-04-06T23:19:04.665Z next:jsconfig-paths-plugin skipping request as it is inside node_modules ../PolarUtils
2026-04-06T23:19:04.665Z next:jsconfig-paths-plugin skipping request as it is inside node_modules ./getRadialCursorPoints
2026-04-06T23:19:06.120Z next:jsconfig-paths-plugin skipping request as it is inside node_modules motion-dom
2026-04-06T23:19:06.123Z next:jsconfig-paths-plugin skipping request as it is inside node_modules motion-dom
2026-04-06T23:19:06.124Z next:jsconfig-paths-plugin skipping request as it is inside node_modules motion-utils
2026-04-06T23:19:06.126Z next:jsconfig-paths-plugin skipping request as it is inside node_modules motion-dom
2026-04-06T23:19:06.128Z next:jsconfig-paths-plugin skipping request as it is inside node_modules motion-dom
2026-04-06T23:19:06.192Z next:jsconfig-paths-plugin skipping request as it is inside node_modules ./easing
2026-04-06T23:19:06.193Z next:jsconfig-paths-plugin skipping request as it is inside node_modules ./easing
2026-04-06T23:19:06.196Z next:jsconfig-paths-plugin skipping request as it is inside node_modules ./_baseFor
2026-04-06T23:19:06.197Z next:jsconfig-paths-plugin skipping request as it is inside node_modules ./keys
2026-04-06T23:19:06.197Z next:jsconfig-paths-plugin skipping request as it is inside node_modules ./_defineProperty
2026-04-06T23:19:06.197Z next:jsconfig-paths-plugin skipping request as it is inside node_modules ./_baseEach
2026-04-06T23:19:06.197Z next:jsconfig-paths-plugin skipping request as it is inside node_modules ./_castSlice
2026-04-06T23:19:06.197Z next:jsconfig-paths-plugin skipping request as it is inside node_modules ./_hasUnicode
2026-04-06T23:19:06.197Z next:jsconfig-paths-plugin skipping request as it is inside node_modules ./_stringToArray
2026-04-06T23:19:06.197Z next:jsconfig-paths-plugin skipping request as it is inside node_modules ./toString
2026-04-06T23:19:06.231Z next:jsconfig-paths-plugin skipping request as it is inside node_modules ./_baseFindIndex
2026-04-06T23:19:06.231Z next:jsconfig-paths-plugin skipping request as it is inside node_modules ./toInteger
2026-04-06T23:19:06.232Z next:jsconfig-paths-plugin skipping request as it is inside node_modules prop-types
2026-04-06T23:19:06.233Z next:jsconfig-paths-plugin skipping request as it is inside node_modules @carbon/icon-helpers
2026-04-06T23:19:06.233Z next:jsconfig-paths-plugin skipping request as it is inside node_modules prop-types
2026-04-06T23:19:06.233Z next:jsconfig-paths-plugin skipping request as it is inside node_modules react
2026-04-06T23:19:06.233Z next:jsconfig-paths-plugin skipping request as it is inside node_modules ./util
2026-04-06T23:19:06.233Z next:jsconfig-paths-plugin skipping request as it is inside node_modules react
2026-04-06T23:19:06.233Z next:jsconfig-paths-plugin skipping request as it is inside node_modules prop-types
2026-04-06T23:19:06.234Z next:jsconfig-paths-plugin skipping request as it is inside node_modules fast-equals
2026-04-06T23:19:06.234Z next:jsconfig-paths-plugin skipping request as it is inside node_modules ./AnimateManager
2026-04-06T23:19:06.234Z next:jsconfig-paths-plugin skipping request as it is inside node_modules ./configUpdate
2026-04-06T23:19:06.234Z next:jsconfig-paths-plugin skipping request as it is inside node_modules motion-utils
2026-04-06T23:19:06.234Z next:jsconfig-paths-plugin skipping request as it is inside node_modules react/jsx-runtime
2026-04-06T23:19:06.234Z next:jsconfig-paths-plugin skipping request as it is inside node_modules motion-utils
2026-04-06T23:19:06.234Z next:jsconfig-paths-plugin skipping request as it is inside node_modules react
2026-04-06T23:19:06.235Z next:jsconfig-paths-plugin skipping request as it is inside node_modules ../context/LayoutGroupContext.mjs
2026-04-06T23:19:06.236Z next:jsconfig-paths-plugin skipping request as it is inside node_modules ../context/LazyContext.mjs
2026-04-06T23:19:06.236Z next:jsconfig-paths-plugin skipping request as it is inside node_modules motion-dom
2026-04-06T23:19:06.236Z next:jsconfig-paths-plugin skipping request as it is inside node_modules motion-utils
2026-04-06T23:19:06.236Z next:jsconfig-paths-plugin skipping request as it is inside node_modules ../../events/add-pointer-event.mjs
2026-04-06T23:19:06.236Z next:jsconfig-paths-plugin skipping request as it is inside node_modules ../../utils/get-context-window.mjs
2026-04-06T23:19:06.236Z next:jsconfig-paths-plugin skipping request as it is inside node_modules ./PanSession.mjs
2026-04-06T23:19:06.236Z next:jsconfig-paths-plugin skipping request as it is inside node_modules motion-dom
2026-04-06T23:19:06.236Z next:jsconfig-paths-plugin skipping request as it is inside node_modules motion-utils
2026-04-06T23:19:06.236Z next:jsconfig-paths-plugin skipping request as it is inside node_modules ../animate/resolve-subjects.mjs
2026-04-06T23:19:06.237Z next:jsconfig-paths-plugin skipping request as it is inside node_modules ./utils/calc-repeat-duration.mjs
2026-04-06T23:19:06.237Z next:jsconfig-paths-plugin skipping request as it is inside node_modules ./utils/calc-time.mjs
2026-04-06T23:19:06.237Z next:jsconfig-paths-plugin skipping request as it is inside node_modules ./utils/edit.mjs
2026-04-06T23:19:06.237Z next:jsconfig-paths-plugin skipping request as it is inside node_modules ./utils/normalize-times.mjs
2026-04-06T23:19:06.237Z next:jsconfig-paths-plugin skipping request as it is inside node_modules ./utils/sort.mjs
2026-04-06T23:19:06.237Z next:jsconfig-paths-plugin skipping request as it is inside node_modules motion-dom
2026-04-06T23:19:06.237Z next:jsconfig-paths-plugin skipping request as it is inside node_modules motion-dom
2026-04-06T23:19:06.238Z next:jsconfig-paths-plugin skipping request as it is inside node_modules motion-utils
2026-04-06T23:19:06.238Z next:jsconfig-paths-plugin skipping request as it is inside node_modules ./inset.mjs
2026-04-06T23:19:06.238Z next:jsconfig-paths-plugin skipping request as it is inside node_modules ./offset.mjs
2026-04-06T23:19:06.238Z next:jsconfig-paths-plugin skipping request as it is inside node_modules ./presets.mjs
2026-04-06T23:19:06.242Z next:jsconfig-paths-plugin skipping request as it is inside node_modules ../context/LayoutGroupContext.mjs
2026-04-06T23:19:06.242Z next:jsconfig-paths-plugin skipping request as it is inside node_modules ../context/LazyContext.mjs
2026-04-06T23:19:06.242Z next:jsconfig-paths-plugin skipping request as it is inside node_modules react/jsx-runtime
2026-04-06T23:19:06.242Z next:jsconfig-paths-plugin skipping request as it is inside node_modules react
2026-04-06T23:19:06.275Z next:jsconfig-paths-plugin skipping request as it is inside node_modules motion-utils
2026-04-06T23:19:06.275Z next:jsconfig-paths-plugin skipping request as it is inside node_modules motion-utils
2026-04-06T23:19:06.275Z next:jsconfig-paths-plugin skipping request as it is inside node_modules ../../events/add-pointer-event.mjs
2026-04-06T23:19:06.275Z next:jsconfig-paths-plugin skipping request as it is inside node_modules ../animate/resolve-subjects.mjs
2026-04-06T23:19:06.276Z next:jsconfig-paths-plugin skipping request as it is inside node_modules ./presets.mjs
2026-04-06T23:19:06.277Z next:jsconfig-paths-plugin skipping request as it is inside node_modules next/dist/server/future/route-modules/app-page/vendored/ssr/react-jsx-runtime
2026-04-06T23:19:06.277Z next:jsconfig-paths-plugin skipping request as it is inside node_modules next/dist/server/future/route-modules/app-page/vendored/ssr/react
2026-04-06T23:19:06.278Z next:jsconfig-paths-plugin skipping request as it is inside node_modules C:\Users\Ahmed Amin Bejoui\Desktop\ai-code-review-platform\apps\dashboard\node_modules\next/dist/server/future/route-modules/app-page/vendored/ssr/react-jsx-runtime
2026-04-06T23:19:06.278Z next:jsconfig-paths-plugin skipping request as it is inside node_modules C:\Users\Ahmed Amin Bejoui\Desktop\ai-code-review-platform\apps\dashboard\node_modules\next/dist/server/future/route-modules/app-page/vendored/ssr/react
2026-04-06T23:19:06.297Z next:jsconfig-paths-plugin moduleName did not match any paths pattern @radix-ui/react-arrow
2026-04-06T23:19:06.298Z next:jsconfig-paths-plugin moduleName did not match any paths pattern @radix-ui/react-use-escape-keydown
2026-04-06T23:19:06.299Z next:jsconfig-paths-plugin skipping request as it is inside node_modules @radix-ui/react-arrow
2026-04-06T23:19:06.299Z next:jsconfig-paths-plugin skipping request as it is inside node_modules @radix-ui/react-use-escape-keydown
2026-04-06T23:19:06.304Z next:jsconfig-paths-plugin skipping request as it is inside node_modules ./_MapCache
2026-04-06T23:19:06.397Z next:jsconfig-paths-plugin skipping request as it is inside node_modules ./util
2026-04-06T23:19:06.397Z next:jsconfig-paths-plugin skipping request as it is inside node_modules ./util
2026-04-06T23:19:06.397Z next:jsconfig-paths-plugin skipping request as it is inside node_modules ./util
2026-04-06T23:19:06.397Z next:jsconfig-paths-plugin skipping request as it is inside node_modules ./util
2026-04-06T23:19:06.400Z next:jsconfig-paths-plugin skipping request as it is inside node_modules ./util
2026-04-06T23:19:06.401Z next:jsconfig-paths-plugin skipping request as it is inside node_modules ./AnimateManager
2026-04-06T23:19:06.401Z next:jsconfig-paths-plugin skipping request as it is inside node_modules ./AnimateManager
2026-04-06T23:19:06.401Z next:jsconfig-paths-plugin skipping request as it is inside node_modules ./AnimateManager
2026-04-06T23:19:06.402Z next:jsconfig-paths-plugin skipping request as it is inside node_modules ./configUpdate
2026-04-06T23:19:06.402Z next:jsconfig-paths-plugin skipping request as it is inside node_modules ./configUpdate
2026-04-06T23:19:06.403Z next:jsconfig-paths-plugin skipping request as it is inside node_modules ./configUpdate
2026-04-06T23:19:06.473Z next:jsconfig-paths-plugin skipping request as it is inside node_modules react-transition-group
2026-04-06T23:19:06.473Z next:jsconfig-paths-plugin skipping request as it is inside node_modules ./AnimateGroupChild
2026-04-06T23:19:06.473Z next:jsconfig-paths-plugin skipping request as it is inside node_modules ../Icon.js
2026-04-06T23:19:06.474Z next:jsconfig-paths-plugin skipping request as it is inside node_modules ../Icon.js
2026-04-06T23:19:06.500Z next:jsconfig-paths-plugin skipping request as it is inside node_modules ./_baseMatches
2026-04-06T23:19:06.503Z next:jsconfig-paths-plugin skipping request as it is inside node_modules ./_baseMatchesProperty
2026-04-06T23:19:06.504Z next:jsconfig-paths-plugin skipping request as it is inside node_modules ./property
2026-04-06T23:19:06.505Z next:jsconfig-paths-plugin skipping request as it is inside node_modules ./_overRest
2026-04-06T23:19:06.508Z next:jsconfig-paths-plugin skipping request as it is inside node_modules ./_setToString
2026-04-06T23:19:06.510Z next:jsconfig-paths-plugin skipping request as it is inside node_modules ./_arrayMap
2026-04-06T23:19:06.511Z next:jsconfig-paths-plugin skipping request as it is inside node_modules ./_baseMap
2026-04-06T23:19:06.513Z next:jsconfig-paths-plugin skipping request as it is inside node_modules ./_baseSortBy
2026-04-06T23:19:06.514Z next:jsconfig-paths-plugin skipping request as it is inside node_modules ./_baseUnary
2026-04-06T23:19:06.515Z next:jsconfig-paths-plugin skipping request as it is inside node_modules ./_compareMultiple
2026-04-06T23:19:06.516Z next:jsconfig-paths-plugin skipping request as it is inside node_modules ./_arrayPush
2026-04-06T23:19:06.517Z next:jsconfig-paths-plugin skipping request as it is inside node_modules ./_isFlattenable
2026-04-06T23:19:06.519Z next:jsconfig-paths-plugin skipping request as it is inside node_modules ./_baseRange
2026-04-06T23:19:06.521Z next:jsconfig-paths-plugin skipping request as it is inside node_modules ./toFinite
2026-04-06T23:19:06.522Z next:jsconfig-paths-plugin skipping request as it is inside node_modules ./eq
2026-04-06T23:19:06.524Z next:jsconfig-paths-plugin skipping request as it is inside node_modules ./isArrayLike
2026-04-06T23:19:06.525Z next:jsconfig-paths-plugin skipping request as it is inside node_modules ./_isIndex
2026-04-06T23:19:06.601Z next:jsconfig-paths-plugin skipping request as it is inside node_modules ./AnimateGroupChild
2026-04-06T23:19:06.602Z next:jsconfig-paths-plugin skipping request as it is inside node_modules ./AnimateGroupChild
2026-04-06T23:19:06.602Z next:jsconfig-paths-plugin skipping request as it is inside node_modules ./AnimateGroupChild
2026-04-06T23:19:06.605Z next:jsconfig-paths-plugin skipping request as it is inside node_modules ../iconPropTypes-CiSEOpLC.mjs
2026-04-06T23:19:06.606Z next:jsconfig-paths-plugin skipping request as it is inside node_modules react
2026-04-06T23:19:06.606Z next:jsconfig-paths-plugin skipping request as it is inside node_modules react/jsx-runtime
2026-04-06T23:19:06.607Z next:jsconfig-paths-plugin skipping request as it is inside node_modules ../iconPropTypes-CiSEOpLC.mjs
2026-04-06T23:19:06.632Z next:jsconfig-paths-plugin skipping request as it is inside node_modules ./_baseFor
2026-04-06T23:19:06.633Z next:jsconfig-paths-plugin skipping request as it is inside node_modules ./keys
2026-04-06T23:19:06.636Z next:jsconfig-paths-plugin skipping request as it is inside node_modules ./_defineProperty
2026-04-06T23:19:06.636Z next:jsconfig-paths-plugin skipping request as it is inside node_modules ./_baseEach
2026-04-06T23:19:06.637Z next:jsconfig-paths-plugin skipping request as it is inside node_modules ./_castSlice
2026-04-06T23:19:06.638Z next:jsconfig-paths-plugin skipping request as it is inside node_modules ./_hasUnicode
2026-04-06T23:19:06.639Z next:jsconfig-paths-plugin skipping request as it is inside node_modules ./_stringToArray
2026-04-06T23:19:06.640Z next:jsconfig-paths-plugin skipping request as it is inside node_modules ./toString
2026-04-06T23:19:06.640Z next:jsconfig-paths-plugin skipping request as it is inside node_modules ./_baseFindIndex
2026-04-06T23:19:06.642Z next:jsconfig-paths-plugin skipping request as it is inside node_modules ./toInteger
2026-04-06T23:19:06.643Z next:jsconfig-paths-plugin skipping request as it is inside node_modules ./util
2026-04-06T23:19:06.644Z next:jsconfig-paths-plugin skipping request as it is inside node_modules ./AnimateManager
2026-04-06T23:19:06.645Z next:jsconfig-paths-plugin skipping request as it is inside node_modules ./configUpdate
2026-04-06T23:19:06.721Z next:jsconfig-paths-plugin skipping request as it is inside node_modules ./AnimateGroupChild
2026-04-06T23:19:06.724Z next:jsconfig-paths-plugin skipping request as it is inside node_modules react
2026-04-06T23:19:06.724Z next:jsconfig-paths-plugin skipping request as it is inside node_modules next/dist/server/future/route-modules/app-page/vendored/ssr/react
2026-04-06T23:19:06.724Z next:jsconfig-paths-plugin skipping request as it is inside node_modules C:\Users\Ahmed Amin Bejoui\Desktop\ai-code-review-platform\apps\dashboard\node_modules\next/dist/server/future/route-modules/app-page/vendored/ssr/react
2026-04-06T23:19:06.861Z next:jsconfig-paths-plugin skipping request as it is inside node_modules react/jsx-runtime
2026-04-06T23:19:06.861Z next:jsconfig-paths-plugin skipping request as it is inside node_modules react
2026-04-06T23:19:06.861Z next:jsconfig-paths-plugin skipping request as it is inside node_modules @radix-ui/react-compose-refs
2026-04-06T23:19:06.861Z next:jsconfig-paths-plugin skipping request as it is inside node_modules next/dist/server/future/route-modules/app-page/vendored/ssr/react-jsx-runtime
2026-04-06T23:19:06.861Z next:jsconfig-paths-plugin skipping request as it is inside node_modules next/dist/server/future/route-modules/app-page/vendored/ssr/react
2026-04-06T23:19:06.862Z next:jsconfig-paths-plugin skipping request as it is inside node_modules C:\Users\Ahmed Amin Bejoui\Desktop\ai-code-review-platform\apps\dashboard\node_modules\next/dist/server/future/route-modules/app-page/vendored/ssr/react-jsx-runtime
2026-04-06T23:19:06.862Z next:jsconfig-paths-plugin skipping request as it is inside node_modules C:\Users\Ahmed Amin Bejoui\Desktop\ai-code-review-platform\apps\dashboard\node_modules\next/dist/server/future/route-modules/app-page/vendored/ssr/react
2026-04-06T23:19:06.866Z next:jsconfig-paths-plugin skipping request as it is inside node_modules react/jsx-runtime
2026-04-06T23:19:06.866Z next:jsconfig-paths-plugin skipping request as it is inside node_modules react
2026-04-06T23:19:06.866Z next:jsconfig-paths-plugin skipping request as it is inside node_modules @radix-ui/react-compose-refs
2026-04-06T23:19:06.866Z next:jsconfig-paths-plugin skipping request as it is inside node_modules next/dist/server/future/route-modules/app-page/vendored/ssr/react-jsx-runtime
2026-04-06T23:19:06.866Z next:jsconfig-paths-plugin skipping request as it is inside node_modules next/dist/server/future/route-modules/app-page/vendored/ssr/react
2026-04-06T23:19:06.866Z next:jsconfig-paths-plugin skipping request as it is inside node_modules C:\Users\Ahmed Amin Bejoui\Desktop\ai-code-review-platform\apps\dashboard\node_modules\next/dist/server/future/route-modules/app-page/vendored/ssr/react-jsx-runtime
2026-04-06T23:19:06.866Z next:jsconfig-paths-plugin skipping request as it is inside node_modules C:\Users\Ahmed Amin Bejoui\Desktop\ai-code-review-platform\apps\dashboard\node_modules\next/dist/server/future/route-modules/app-page/vendored/ssr/react
2026-04-06T23:19:06.876Z next:jsconfig-paths-plugin skipping request as it is inside node_modules react
2026-04-06T23:19:06.877Z next:jsconfig-paths-plugin skipping request as it is inside node_modules next/dist/server/future/route-modules/app-page/vendored/ssr/react
2026-04-06T23:19:06.877Z next:jsconfig-paths-plugin skipping request as it is inside node_modules react/jsx-runtime
2026-04-06T23:19:06.877Z next:jsconfig-paths-plugin skipping request as it is inside node_modules react
2026-04-06T23:19:06.877Z next:jsconfig-paths-plugin skipping request as it is inside node_modules C:\Users\Ahmed Amin Bejoui\Desktop\ai-code-review-platform\apps\dashboard\node_modules\next/dist/server/future/route-modules/app-page/vendored/ssr/react
2026-04-06T23:19:06.881Z next:jsconfig-paths-plugin skipping request as it is inside node_modules next/dist/server/future/route-modules/app-page/vendored/ssr/react-jsx-runtime
2026-04-06T23:19:06.881Z next:jsconfig-paths-plugin skipping request as it is inside node_modules next/dist/server/future/route-modules/app-page/vendored/ssr/react
2026-04-06T23:19:06.881Z next:jsconfig-paths-plugin skipping request as it is inside node_modules C:\Users\Ahmed Amin Bejoui\Desktop\ai-code-review-platform\apps\dashboard\node_modules\next/dist/server/future/route-modules/app-page/vendored/ssr/react-jsx-runtime
2026-04-06T23:19:06.882Z next:jsconfig-paths-plugin skipping request as it is inside node_modules C:\Users\Ahmed Amin Bejoui\Desktop\ai-code-review-platform\apps\dashboard\node_modules\next/dist/server/future/route-modules/app-page/vendored/ssr/react
2026-04-06T23:19:06.960Z next:jsconfig-paths-plugin skipping request as it is inside node_modules ./_SetCache
2026-04-06T23:19:06.960Z next:jsconfig-paths-plugin skipping request as it is inside node_modules ./_arrayIncludes
2026-04-06T23:19:06.961Z next:jsconfig-paths-plugin skipping request as it is inside node_modules ./_arrayIncludesWith
2026-04-06T23:19:06.961Z next:jsconfig-paths-plugin skipping request as it is inside node_modules ./_cacheHas
2026-04-06T23:19:06.961Z next:jsconfig-paths-plugin skipping request as it is inside node_modules ./_createSet
2026-04-06T23:19:06.961Z next:jsconfig-paths-plugin skipping request as it is inside node_modules ./_setToArray
2026-04-06T23:19:06.961Z next:jsconfig-paths-plugin skipping request as it is inside node_modules ./_overArg
2026-04-06T23:19:06.962Z next:jsconfig-paths-plugin skipping request as it is inside node_modules motion-dom
2026-04-06T23:19:06.962Z next:jsconfig-paths-plugin skipping request as it is inside node_modules motion-utils
2026-04-06T23:19:06.962Z next:jsconfig-paths-plugin skipping request as it is inside node_modules motion-dom
2026-04-06T23:19:06.963Z next:jsconfig-paths-plugin skipping request as it is inside node_modules motion-utils
2026-04-06T23:19:06.963Z next:jsconfig-paths-plugin skipping request as it is inside node_modules motion-dom
2026-04-06T23:19:06.963Z next:jsconfig-paths-plugin skipping request as it is inside node_modules motion-dom
2026-04-06T23:19:06.963Z next:jsconfig-paths-plugin skipping request as it is inside node_modules motion-utils
2026-04-06T23:19:06.963Z next:jsconfig-paths-plugin skipping request as it is inside node_modules ../context/MotionConfigContext.mjs
2026-04-06T23:19:06.963Z next:jsconfig-paths-plugin skipping request as it is inside node_modules ../context/MotionContext/index.mjs
2026-04-06T23:19:06.963Z next:jsconfig-paths-plugin skipping request as it is inside node_modules ../context/MotionContext/create.mjs
2026-04-06T23:19:06.963Z next:jsconfig-paths-plugin skipping request as it is inside node_modules ../render/dom/use-render.mjs
2026-04-06T23:19:06.963Z next:jsconfig-paths-plugin skipping request as it is inside node_modules ../render/dom/utils/is-svg-component.mjs
2026-04-06T23:19:06.963Z next:jsconfig-paths-plugin skipping request as it is inside node_modules ../render/html/use-html-visual-state.mjs
2026-04-06T23:19:06.987Z next:jsconfig-paths-plugin skipping request as it is inside node_modules ../render/svg/use-svg-visual-state.mjs
2026-04-06T23:19:06.988Z next:jsconfig-paths-plugin skipping request as it is inside node_modules ./features/definitions.mjs
2026-04-06T23:19:06.988Z next:jsconfig-paths-plugin skipping request as it is inside node_modules ./features/load-features.mjs
2026-04-06T23:19:06.988Z next:jsconfig-paths-plugin skipping request as it is inside node_modules ./utils/symbol.mjs
2026-04-06T23:19:06.988Z next:jsconfig-paths-plugin skipping request as it is inside node_modules ./utils/use-motion-ref.mjs
2026-04-06T23:19:06.988Z next:jsconfig-paths-plugin skipping request as it is inside node_modules ./utils/use-visual-element.mjs
2026-04-06T23:19:06.988Z next:jsconfig-paths-plugin skipping request as it is inside node_modules react/jsx-runtime
2026-04-06T23:19:06.988Z next:jsconfig-paths-plugin skipping request as it is inside node_modules motion-dom
2026-04-06T23:19:06.989Z next:jsconfig-paths-plugin skipping request as it is inside node_modules react
2026-04-06T23:19:06.989Z next:jsconfig-paths-plugin skipping request as it is inside node_modules ../../../components/AnimatePresence/use-presence.mjs
2026-04-06T23:19:06.989Z next:jsconfig-paths-plugin skipping request as it is inside node_modules ../../../context/LayoutGroupContext.mjs
2026-04-06T23:19:06.989Z next:jsconfig-paths-plugin skipping request as it is inside node_modules ../../../context/SwitchLayoutGroupContext.mjs
2026-04-06T23:19:06.989Z next:jsconfig-paths-plugin skipping request as it is inside node_modules ./VisualElementDragControls.mjs
2026-04-06T23:19:06.989Z next:jsconfig-paths-plugin skipping request as it is inside node_modules ../../utils/get-context-window.mjs
2026-04-06T23:19:06.989Z next:jsconfig-paths-plugin skipping request as it is inside node_modules ./PanSession.mjs
2026-04-06T23:19:06.989Z next:jsconfig-paths-plugin skipping request as it is inside node_modules ./observers.mjs
2026-04-06T23:19:06.989Z next:jsconfig-paths-plugin skipping request as it is inside node_modules ../../svg/lowercase-elements.mjs
2026-04-06T23:19:06.989Z next:jsconfig-paths-plugin skipping request as it is inside node_modules ./inset.mjs
2026-04-06T23:19:06.989Z next:jsconfig-paths-plugin skipping request as it is inside node_modules ./offset.mjs
2026-04-06T23:19:06.989Z next:jsconfig-paths-plugin skipping request as it is inside node_modules ./utils/calc-time.mjs
2026-04-06T23:19:06.989Z next:jsconfig-paths-plugin skipping request as it is inside node_modules ./utils/calc-repeat-duration.mjs
2026-04-06T23:19:06.990Z next:jsconfig-paths-plugin skipping request as it is inside node_modules ./utils/edit.mjs
2026-04-06T23:19:06.990Z next:jsconfig-paths-plugin skipping request as it is inside node_modules ./utils/sort.mjs
2026-04-06T23:19:06.990Z next:jsconfig-paths-plugin skipping request as it is inside node_modules ./utils/normalize-times.mjs
2026-04-06T23:19:06.990Z next:jsconfig-paths-plugin skipping request as it is inside node_modules motion-dom
2026-04-06T23:19:06.993Z next:jsconfig-paths-plugin skipping request as it is inside node_modules motion-utils
2026-04-06T23:19:07.105Z next:jsconfig-paths-plugin skipping request as it is inside node_modules ../context/MotionConfigContext.mjs
2026-04-06T23:19:07.105Z next:jsconfig-paths-plugin skipping request as it is inside node_modules ../context/MotionContext/index.mjs
2026-04-06T23:19:07.105Z next:jsconfig-paths-plugin skipping request as it is inside node_modules ./features/definitions.mjs
2026-04-06T23:19:07.105Z next:jsconfig-paths-plugin skipping request as it is inside node_modules ./features/load-features.mjs
2026-04-06T23:19:07.105Z next:jsconfig-paths-plugin skipping request as it is inside node_modules ./utils/symbol.mjs
2026-04-06T23:19:07.105Z next:jsconfig-paths-plugin skipping request as it is inside node_modules ../render/dom/utils/is-svg-component.mjs
2026-04-06T23:19:07.105Z next:jsconfig-paths-plugin skipping request as it is inside node_modules ../../../context/LayoutGroupContext.mjs
2026-04-06T23:19:07.105Z next:jsconfig-paths-plugin skipping request as it is inside node_modules ../../../context/SwitchLayoutGroupContext.mjs
2026-04-06T23:19:07.105Z next:jsconfig-paths-plugin skipping request as it is inside node_modules ../../../components/AnimatePresence/use-presence.mjs
2026-04-06T23:19:07.124Z next:jsconfig-paths-plugin moduleName did not match any paths pattern @floating-ui/react-dom
2026-04-06T23:19:07.125Z next:jsconfig-paths-plugin skipping request as it is inside node_modules @floating-ui/react-dom
2026-04-06T23:19:07.148Z next:jsconfig-paths-plugin skipping request as it is inside node_modules react/jsx-runtime
2026-04-06T23:19:07.148Z next:jsconfig-paths-plugin skipping request as it is inside node_modules react
2026-04-06T23:19:07.148Z next:jsconfig-paths-plugin skipping request as it is inside node_modules motion-dom
2026-04-06T23:19:07.148Z next:jsconfig-paths-plugin skipping request as it is inside node_modules next/dist/server/future/route-modules/app-page/vendored/ssr/react-jsx-runtime
2026-04-06T23:19:07.148Z next:jsconfig-paths-plugin skipping request as it is inside node_modules next/dist/server/future/route-modules/app-page/vendored/ssr/react
2026-04-06T23:19:07.148Z next:jsconfig-paths-plugin skipping request as it is inside node_modules C:\Users\Ahmed Amin Bejoui\Desktop\ai-code-review-platform\apps\dashboard\node_modules\next/dist/server/future/route-modules/app-page/vendored/ssr/react-jsx-runtime
2026-04-06T23:19:07.149Z next:jsconfig-paths-plugin skipping request as it is inside node_modules C:\Users\Ahmed Amin Bejoui\Desktop\ai-code-review-platform\apps\dashboard\node_modules\next/dist/server/future/route-modules/app-page/vendored/ssr/react
2026-04-06T23:19:07.153Z next:jsconfig-paths-plugin skipping request as it is inside node_modules motion-dom
2026-04-06T23:19:07.153Z next:jsconfig-paths-plugin skipping request as it is inside node_modules motion-utils
2026-04-06T23:19:07.164Z next:jsconfig-paths-plugin skipping request as it is a relative path ./utils
2026-04-06T23:19:07.164Z next:jsconfig-paths-plugin skipping request as it is a relative path ./utils
2026-04-06T23:19:07.278Z next:jsconfig-paths-plugin skipping request as it is a relative path ./utils
2026-04-06T23:19:07.278Z next:jsconfig-paths-plugin moduleName did not match any paths pattern @radix-ui/react-popover
2026-04-06T23:19:07.278Z next:jsconfig-paths-plugin skipping request as it is a relative path ./utils
2026-04-06T23:19:07.280Z next:jsconfig-paths-plugin skipping request as it is inside node_modules @radix-ui/react-slot
2026-04-06T23:19:07.288Z next:jsconfig-paths-plugin skipping request as it is inside node_modules ../context/MotionContext/create.mjs
2026-04-06T23:19:07.289Z next:jsconfig-paths-plugin skipping request as it is inside node_modules ../render/dom/use-render.mjs
2026-04-06T23:19:07.290Z next:jsconfig-paths-plugin skipping request as it is inside node_modules ./utils/use-motion-ref.mjs
2026-04-06T23:19:07.291Z next:jsconfig-paths-plugin skipping request as it is inside node_modules ./utils/use-visual-element.mjs
2026-04-06T23:19:07.292Z next:jsconfig-paths-plugin skipping request as it is inside node_modules ../render/svg/use-svg-visual-state.mjs
2026-04-06T23:19:07.320Z next:jsconfig-paths-plugin skipping request as it is inside node_modules ./_arrayIncludes
2026-04-06T23:19:07.323Z next:jsconfig-paths-plugin skipping request as it is inside node_modules ./_SetCache
2026-04-06T23:19:07.324Z next:jsconfig-paths-plugin skipping request as it is inside node_modules ./_arrayIncludesWith
2026-04-06T23:19:07.325Z next:jsconfig-paths-plugin skipping request as it is inside node_modules ./_cacheHas
2026-04-06T23:19:07.326Z next:jsconfig-paths-plugin skipping request as it is inside node_modules ./_createSet
2026-04-06T23:19:07.327Z next:jsconfig-paths-plugin skipping request as it is inside node_modules ./_setToArray
2026-04-06T23:19:07.328Z next:jsconfig-paths-plugin skipping request as it is inside node_modules ./_overArg
2026-04-06T23:19:07.424Z next:jsconfig-paths-plugin skipping request as it is inside node_modules ./_root
2026-04-06T23:19:07.424Z next:jsconfig-paths-plugin skipping request as it is inside node_modules ./_isKey
2026-04-06T23:19:07.424Z next:jsconfig-paths-plugin skipping request as it is inside node_modules ./_stringToPath
2026-04-06T23:19:07.424Z next:jsconfig-paths-plugin skipping request as it is inside node_modules ./_baseTrim
2026-04-06T23:19:07.425Z next:jsconfig-paths-plugin skipping request as it is inside node_modules ./_Stack
2026-04-06T23:19:07.425Z next:jsconfig-paths-plugin skipping request as it is inside node_modules ./_equalArrays
2026-04-06T23:19:07.425Z next:jsconfig-paths-plugin skipping request as it is inside node_modules ./_equalByTag
2026-04-06T23:19:07.425Z next:jsconfig-paths-plugin skipping request as it is inside node_modules ./_equalObjects
2026-04-06T23:19:07.425Z next:jsconfig-paths-plugin skipping request as it is inside node_modules ./_getTag
2026-04-06T23:19:07.425Z next:jsconfig-paths-plugin skipping request as it is inside node_modules react
2026-04-06T23:19:07.425Z next:jsconfig-paths-plugin skipping request as it is inside node_modules ../index/index.mjs
2026-04-06T23:19:07.425Z next:jsconfig-paths-plugin skipping request as it is inside node_modules ../_internal/index.mjs
2026-04-06T23:19:07.425Z next:jsconfig-paths-plugin skipping request as it is inside node_modules use-sync-external-store/shim/index.js
2026-04-06T23:19:07.426Z next:jsconfig-paths-plugin skipping request as it is inside node_modules ../_internal/constants.mjs
2026-04-06T23:19:07.426Z next:jsconfig-paths-plugin skipping request as it is inside node_modules ../generators/inertia.mjs
2026-04-06T23:19:07.426Z next:jsconfig-paths-plugin skipping request as it is inside node_modules ../generators/keyframes.mjs
2026-04-06T23:19:07.426Z next:jsconfig-paths-plugin skipping request as it is inside node_modules ../generators/spring.mjs
2026-04-06T23:19:07.426Z next:jsconfig-paths-plugin skipping request as it is inside node_modules ../generators/utils/is-generator.mjs
2026-04-06T23:19:07.426Z next:jsconfig-paths-plugin skipping request as it is inside node_modules ./is-animatable.mjs
2026-04-06T23:19:07.426Z next:jsconfig-paths-plugin skipping request as it is inside node_modules ../../frameloop/sync-time.mjs
2026-04-06T23:19:07.426Z next:jsconfig-paths-plugin skipping request as it is inside node_modules ../../frameloop/frame.mjs
2026-04-06T23:19:07.426Z next:jsconfig-paths-plugin skipping request as it is inside node_modules motion-utils
2026-04-06T23:19:07.426Z next:jsconfig-paths-plugin skipping request as it is inside node_modules ../../../render/dom/parse-transform.mjs
2026-04-06T23:19:07.426Z next:jsconfig-paths-plugin skipping request as it is inside node_modules ../../../render/utils/keys-transform.mjs
2026-04-06T23:19:07.426Z next:jsconfig-paths-plugin skipping request as it is inside node_modules ../../../value/types/numbers/index.mjs
2026-04-06T23:19:07.426Z next:jsconfig-paths-plugin skipping request as it is inside node_modules ../../../value/types/numbers/units.mjs
2026-04-06T23:19:07.426Z next:jsconfig-paths-plugin skipping request as it is inside node_modules ../../../value/types/complex/index.mjs
2026-04-06T23:19:07.427Z next:jsconfig-paths-plugin skipping request as it is inside node_modules ../../../value/types/utils/animatable-none.mjs
2026-04-06T23:19:07.430Z next:jsconfig-paths-plugin skipping request as it is inside node_modules ../index/index.mjs
2026-04-06T23:19:07.430Z next:jsconfig-paths-plugin skipping request as it is inside node_modules ../../frameloop/sync-time.mjs
2026-04-06T23:19:07.430Z next:jsconfig-paths-plugin skipping request as it is inside node_modules ../../frameloop/frame.mjs
2026-04-06T23:19:07.430Z next:jsconfig-paths-plugin skipping request as it is inside node_modules ../generators/inertia.mjs
2026-04-06T23:19:07.430Z next:jsconfig-paths-plugin skipping request as it is inside node_modules ../generators/keyframes.mjs
2026-04-06T23:19:07.430Z next:jsconfig-paths-plugin skipping request as it is inside node_modules ../generators/spring.mjs
2026-04-06T23:19:07.430Z next:jsconfig-paths-plugin skipping request as it is inside node_modules ../generators/utils/is-generator.mjs
2026-04-06T23:19:07.430Z next:jsconfig-paths-plugin skipping request as it is inside node_modules ../../../render/dom/parse-transform.mjs
2026-04-06T23:19:07.431Z next:jsconfig-paths-plugin skipping request as it is inside node_modules ../../../render/utils/keys-transform.mjs
2026-04-06T23:19:07.431Z next:jsconfig-paths-plugin skipping request as it is inside node_modules ../../../value/types/numbers/index.mjs
2026-04-06T23:19:07.431Z next:jsconfig-paths-plugin skipping request as it is inside node_modules ../../../value/types/numbers/units.mjs
2026-04-06T23:19:07.431Z next:jsconfig-paths-plugin skipping request as it is inside node_modules ../../../value/types/complex/index.mjs
2026-04-06T23:19:07.431Z next:jsconfig-paths-plugin skipping request as it is inside node_modules ../../../value/types/utils/animatable-none.mjs
2026-04-06T23:19:07.437Z next:jsconfig-paths-plugin skipping request as it is inside node_modules @radix-ui/react-slot
2026-04-06T23:19:07.439Z next:jsconfig-paths-plugin skipping request as it is inside node_modules ../render/html/use-html-visual-state.mjs
2026-04-06T23:19:07.573Z next:jsconfig-paths-plugin skipping request as it is inside node_modules ./isBuffer
2026-04-06T23:19:07.573Z next:jsconfig-paths-plugin skipping request as it is inside node_modules ./isTypedArray
2026-04-06T23:19:07.573Z next:jsconfig-paths-plugin skipping request as it is inside node_modules react
2026-04-06T23:19:07.574Z next:jsconfig-paths-plugin skipping request as it is inside node_modules @radix-ui/primitive
2026-04-06T23:19:07.574Z next:jsconfig-paths-plugin skipping request as it is inside node_modules @radix-ui/react-context
2026-04-06T23:19:07.574Z next:jsconfig-paths-plugin skipping request as it is inside node_modules @radix-ui/react-use-controllable-state
2026-04-06T23:19:07.574Z next:jsconfig-paths-plugin skipping request as it is inside node_modules @radix-ui/react-use-layout-effect
2026-04-06T23:19:07.574Z next:jsconfig-paths-plugin skipping request as it is inside node_modules @radix-ui/react-compose-refs
2026-04-06T23:19:07.574Z next:jsconfig-paths-plugin skipping request as it is inside node_modules @radix-ui/react-primitive
2026-04-06T23:19:07.574Z next:jsconfig-paths-plugin skipping request as it is inside node_modules @radix-ui/react-presence
2026-04-06T23:19:07.574Z next:jsconfig-paths-plugin skipping request as it is inside node_modules @radix-ui/react-id
2026-04-06T23:19:07.574Z next:jsconfig-paths-plugin skipping request as it is inside node_modules react/jsx-runtime
2026-04-06T23:19:07.574Z next:jsconfig-paths-plugin skipping request as it is inside node_modules @radix-ui/react-use-layout-effect
2026-04-06T23:19:07.574Z next:jsconfig-paths-plugin skipping request as it is inside node_modules react
2026-04-06T23:19:07.575Z next:jsconfig-paths-plugin skipping request as it is inside node_modules ../cjs/use-sync-external-store-shim.production.js
2026-04-06T23:19:07.575Z next:jsconfig-paths-plugin skipping request as it is inside node_modules ./band.js
2026-04-06T23:19:07.575Z next:jsconfig-paths-plugin skipping request as it is inside node_modules ./identity.js
2026-04-06T23:19:07.575Z next:jsconfig-paths-plugin skipping request as it is inside node_modules ./linear.js
2026-04-06T23:19:07.575Z next:jsconfig-paths-plugin skipping request as it is inside node_modules ./log.js
2026-04-06T23:19:07.575Z next:jsconfig-paths-plugin skipping request as it is inside node_modules ./symlog.js
2026-04-06T23:19:07.575Z next:jsconfig-paths-plugin skipping request as it is inside node_modules ./ordinal.js
2026-04-06T23:19:07.575Z next:jsconfig-paths-plugin skipping request as it is inside node_modules ./pow.js
2026-04-06T23:19:07.575Z next:jsconfig-paths-plugin skipping request as it is inside node_modules ./radial.js
2026-04-06T23:19:07.575Z next:jsconfig-paths-plugin skipping request as it is inside node_modules ./quantile.js
2026-04-06T23:19:07.575Z next:jsconfig-paths-plugin skipping request as it is inside node_modules ./quantize.js
2026-04-06T23:19:07.575Z next:jsconfig-paths-plugin skipping request as it is inside node_modules react
2026-04-06T23:19:07.575Z next:jsconfig-paths-plugin skipping request as it is inside node_modules ../index/index.mjs
2026-04-06T23:19:07.575Z next:jsconfig-paths-plugin skipping request as it is inside node_modules ../_internal/index.mjs
2026-04-06T23:19:07.576Z next:jsconfig-paths-plugin skipping request as it is inside node_modules react
2026-04-06T23:19:07.576Z next:jsconfig-paths-plugin skipping request as it is inside node_modules use-sync-external-store/shim/index.js
2026-04-06T23:19:07.576Z next:jsconfig-paths-plugin skipping request as it is inside node_modules ../_internal/index.mjs
2026-04-06T23:19:07.576Z next:jsconfig-paths-plugin skipping request as it is inside node_modules ../stats/buffer.mjs
2026-04-06T23:19:07.576Z next:jsconfig-paths-plugin skipping request as it is inside node_modules ../utils/is-svg-element.mjs
2026-04-06T23:19:07.576Z next:jsconfig-paths-plugin skipping request as it is inside node_modules ../utils/resolve-elements.mjs
2026-04-06T23:19:07.577Z next:jsconfig-paths-plugin skipping request as it is inside node_modules ../frameloop/microtask.mjs
2026-04-06T23:19:07.577Z next:jsconfig-paths-plugin skipping request as it is inside node_modules ./start.mjs
2026-04-06T23:19:07.577Z next:jsconfig-paths-plugin skipping request as it is inside node_modules ../../utils/resolve-elements.mjs
2026-04-06T23:19:07.577Z next:jsconfig-paths-plugin skipping request as it is inside node_modules ../../utils/resolve-elements.mjs
2026-04-06T23:19:07.577Z next:jsconfig-paths-plugin skipping request as it is inside node_modules ../MotionValueState.mjs
2026-04-06T23:19:07.577Z next:jsconfig-paths-plugin skipping request as it is inside node_modules motion-utils
2026-04-06T23:19:07.577Z next:jsconfig-paths-plugin skipping request as it is inside node_modules ./flags.mjs
2026-04-06T23:19:07.577Z next:jsconfig-paths-plugin skipping request as it is inside node_modules motion-utils
2026-04-06T23:19:07.577Z next:jsconfig-paths-plugin skipping request as it is inside node_modules ./state.mjs
2026-04-06T23:19:07.578Z next:jsconfig-paths-plugin skipping request as it is inside node_modules ./index.mjs
2026-04-06T23:19:07.578Z next:jsconfig-paths-plugin skipping request as it is inside node_modules ../utils/float-regex.mjs
2026-04-06T23:19:07.578Z next:jsconfig-paths-plugin skipping request as it is inside node_modules ../utils/is-nullish.mjs
2026-04-06T23:19:07.578Z next:jsconfig-paths-plugin skipping request as it is inside node_modules ../utils/single-color-regex.mjs
2026-04-06T23:19:07.581Z next:jsconfig-paths-plugin skipping request as it is inside node_modules ../index/index.mjs
2026-04-06T23:19:07.581Z next:jsconfig-paths-plugin skipping request as it is inside node_modules ../stats/buffer.mjs
2026-04-06T23:19:07.581Z next:jsconfig-paths-plugin skipping request as it is inside node_modules ../utils/is-svg-element.mjs
2026-04-06T23:19:07.581Z next:jsconfig-paths-plugin skipping request as it is inside node_modules ../utils/resolve-elements.mjs
2026-04-06T23:19:07.581Z next:jsconfig-paths-plugin skipping request as it is inside node_modules ../frameloop/microtask.mjs
2026-04-06T23:19:07.581Z next:jsconfig-paths-plugin skipping request as it is inside node_modules ../../utils/resolve-elements.mjs
2026-04-06T23:19:07.582Z next:jsconfig-paths-plugin skipping request as it is inside node_modules ../../utils/resolve-elements.mjs
2026-04-06T23:19:07.582Z next:jsconfig-paths-plugin skipping request as it is inside node_modules ./flags.mjs
2026-04-06T23:19:07.582Z next:jsconfig-paths-plugin skipping request as it is inside node_modules ./state.mjs
2026-04-06T23:19:07.582Z next:jsconfig-paths-plugin skipping request as it is inside node_modules ./index.mjs
2026-04-06T23:19:07.582Z next:jsconfig-paths-plugin skipping request as it is inside node_modules ../utils/float-regex.mjs
2026-04-06T23:19:07.659Z next:jsconfig-paths-plugin skipping request as it is inside node_modules ./threshold.js
2026-04-06T23:19:07.659Z next:jsconfig-paths-plugin skipping request as it is inside node_modules ./time.js
2026-04-06T23:19:07.659Z next:jsconfig-paths-plugin skipping request as it is inside node_modules ./utcTime.js
2026-04-06T23:19:07.659Z next:jsconfig-paths-plugin skipping request as it is inside node_modules ./sequential.js
2026-04-06T23:19:07.659Z next:jsconfig-paths-plugin skipping request as it is inside node_modules ./sequentialQuantile.js
2026-04-06T23:19:07.659Z next:jsconfig-paths-plugin skipping request as it is inside node_modules ./diverging.js
2026-04-06T23:19:07.659Z next:jsconfig-paths-plugin skipping request as it is inside node_modules ./tickFormat.js
2026-04-06T23:19:07.659Z next:jsconfig-paths-plugin skipping request as it is inside node_modules ./arc.js
2026-04-06T23:19:07.659Z next:jsconfig-paths-plugin skipping request as it is inside node_modules ./area.js
2026-04-06T23:19:07.659Z next:jsconfig-paths-plugin skipping request as it is inside node_modules ./line.js
2026-04-06T23:19:07.659Z next:jsconfig-paths-plugin skipping request as it is inside node_modules ./pie.js
2026-04-06T23:19:07.659Z next:jsconfig-paths-plugin skipping request as it is inside node_modules ./areaRadial.js
2026-04-06T23:19:07.659Z next:jsconfig-paths-plugin skipping request as it is inside node_modules ./lineRadial.js
2026-04-06T23:19:07.660Z next:jsconfig-paths-plugin skipping request as it is inside node_modules ./pointRadial.js
2026-04-06T23:19:07.660Z next:jsconfig-paths-plugin skipping request as it is inside node_modules ./link.js
2026-04-06T23:19:07.660Z next:jsconfig-paths-plugin skipping request as it is inside node_modules ./symbol.js
2026-04-06T23:19:07.660Z next:jsconfig-paths-plugin skipping request as it is inside node_modules ./symbol/asterisk.js
2026-04-06T23:19:07.660Z next:jsconfig-paths-plugin skipping request as it is inside node_modules ./symbol/circle.js
2026-04-06T23:19:07.660Z next:jsconfig-paths-plugin skipping request as it is inside node_modules ./symbol/cross.js
2026-04-06T23:19:07.660Z next:jsconfig-paths-plugin skipping request as it is inside node_modules ./symbol/diamond.js
2026-04-06T23:19:07.660Z next:jsconfig-paths-plugin skipping request as it is inside node_modules ./symbol/diamond2.js
2026-04-06T23:19:07.660Z next:jsconfig-paths-plugin skipping request as it is inside node_modules ./symbol/plus.js
2026-04-06T23:19:07.660Z next:jsconfig-paths-plugin skipping request as it is inside node_modules ./symbol/square.js
2026-04-06T23:19:07.660Z next:jsconfig-paths-plugin skipping request as it is inside node_modules ./symbol/square2.js
2026-04-06T23:19:07.661Z next:jsconfig-paths-plugin skipping request as it is inside node_modules ./symbol/star.js
2026-04-06T23:19:07.661Z next:jsconfig-paths-plugin skipping request as it is inside node_modules ./symbol/triangle.js
2026-04-06T23:19:07.661Z next:jsconfig-paths-plugin skipping request as it is inside node_modules ./symbol/triangle2.js
2026-04-06T23:19:07.661Z next:jsconfig-paths-plugin skipping request as it is inside node_modules ./symbol/wye.js
2026-04-06T23:19:07.661Z next:jsconfig-paths-plugin skipping request as it is inside node_modules ./symbol/times.js
2026-04-06T23:19:07.661Z next:jsconfig-paths-plugin skipping request as it is inside node_modules ./curve/basisClosed.js
2026-04-06T23:19:07.661Z next:jsconfig-paths-plugin skipping request as it is inside node_modules ./curve/basisOpen.js
2026-04-06T23:19:07.661Z next:jsconfig-paths-plugin skipping request as it is inside node_modules ./curve/basis.js
2026-04-06T23:19:07.661Z next:jsconfig-paths-plugin skipping request as it is inside node_modules ./curve/bump.js
2026-04-06T23:19:07.661Z next:jsconfig-paths-plugin skipping request as it is inside node_modules ./curve/bundle.js
2026-04-06T23:19:07.790Z next:jsconfig-paths-plugin skipping request as it is inside node_modules ./curve/cardinalClosed.js
2026-04-06T23:19:07.790Z next:jsconfig-paths-plugin skipping request as it is inside node_modules ./curve/cardinalOpen.js
2026-04-06T23:19:07.791Z next:jsconfig-paths-plugin skipping request as it is inside node_modules ./curve/cardinal.js
2026-04-06T23:19:07.791Z next:jsconfig-paths-plugin skipping request as it is inside node_modules ./curve/catmullRomClosed.js
2026-04-06T23:19:07.825Z next:jsconfig-paths-plugin skipping request as it is inside node_modules ./_root
2026-04-06T23:19:07.826Z next:jsconfig-paths-plugin skipping request as it is inside node_modules ./_isKey
2026-04-06T23:19:07.826Z next:jsconfig-paths-plugin skipping request as it is inside node_modules ./_stringToPath
2026-04-06T23:19:07.826Z next:jsconfig-paths-plugin skipping request as it is inside node_modules ./_baseTrim
2026-04-06T23:19:07.826Z next:jsconfig-paths-plugin skipping request as it is inside node_modules ./_Stack
2026-04-06T23:19:07.826Z next:jsconfig-paths-plugin skipping request as it is inside node_modules ./_equalArrays
2026-04-06T23:19:07.826Z next:jsconfig-paths-plugin skipping request as it is inside node_modules ./_equalByTag
2026-04-06T23:19:07.826Z next:jsconfig-paths-plugin skipping request as it is inside node_modules ./_equalObjects
2026-04-06T23:19:07.826Z next:jsconfig-paths-plugin skipping request as it is inside node_modules ./_getTag
2026-04-06T23:19:07.826Z next:jsconfig-paths-plugin skipping request as it is inside node_modules ./isBuffer
2026-04-06T23:19:07.826Z next:jsconfig-paths-plugin skipping request as it is inside node_modules ./isTypedArray
2026-04-06T23:19:07.827Z next:jsconfig-paths-plugin skipping request as it is inside node_modules ./band.js
2026-04-06T23:19:07.827Z next:jsconfig-paths-plugin skipping request as it is inside node_modules ./identity.js
2026-04-06T23:19:07.827Z next:jsconfig-paths-plugin skipping request as it is inside node_modules ./log.js
2026-04-06T23:19:07.827Z next:jsconfig-paths-plugin skipping request as it is inside node_modules ./linear.js
2026-04-06T23:19:07.827Z next:jsconfig-paths-plugin skipping request as it is inside node_modules ./symlog.js
2026-04-06T23:19:07.827Z next:jsconfig-paths-plugin skipping request as it is inside node_modules ./ordinal.js
2026-04-06T23:19:07.827Z next:jsconfig-paths-plugin skipping request as it is inside node_modules ./pow.js
2026-04-06T23:19:07.827Z next:jsconfig-paths-plugin skipping request as it is inside node_modules ./radial.js
2026-04-06T23:19:07.827Z next:jsconfig-paths-plugin skipping request as it is inside node_modules ./quantile.js
2026-04-06T23:19:07.827Z next:jsconfig-paths-plugin skipping request as it is inside node_modules ./quantize.js
2026-04-06T23:19:07.827Z next:jsconfig-paths-plugin skipping request as it is inside node_modules ./threshold.js
2026-04-06T23:19:07.827Z next:jsconfig-paths-plugin skipping request as it is inside node_modules ./time.js
2026-04-06T23:19:07.827Z next:jsconfig-paths-plugin skipping request as it is inside node_modules ./utcTime.js
2026-04-06T23:19:07.827Z next:jsconfig-paths-plugin skipping request as it is inside node_modules ./sequential.js
2026-04-06T23:19:07.827Z next:jsconfig-paths-plugin skipping request as it is inside node_modules ./sequentialQuantile.js
2026-04-06T23:19:07.827Z next:jsconfig-paths-plugin skipping request as it is inside node_modules ./diverging.js
2026-04-06T23:19:07.827Z next:jsconfig-paths-plugin skipping request as it is inside node_modules ./tickFormat.js
2026-04-06T23:19:07.828Z next:jsconfig-paths-plugin skipping request as it is inside node_modules ./arc.js
2026-04-06T23:19:07.828Z next:jsconfig-paths-plugin skipping request as it is inside node_modules ./area.js
2026-04-06T23:19:07.828Z next:jsconfig-paths-plugin skipping request as it is inside node_modules ./line.js
2026-04-06T23:19:07.828Z next:jsconfig-paths-plugin skipping request as it is inside node_modules ./pie.js
2026-04-06T23:19:07.828Z next:jsconfig-paths-plugin skipping request as it is inside node_modules ./areaRadial.js
2026-04-06T23:19:07.828Z next:jsconfig-paths-plugin skipping request as it is inside node_modules ./lineRadial.js
2026-04-06T23:19:07.828Z next:jsconfig-paths-plugin skipping request as it is inside node_modules ./pointRadial.js
2026-04-06T23:19:07.828Z next:jsconfig-paths-plugin skipping request as it is inside node_modules ./link.js
2026-04-06T23:19:07.828Z next:jsconfig-paths-plugin skipping request as it is inside node_modules ./symbol.js
2026-04-06T23:19:07.828Z next:jsconfig-paths-plugin skipping request as it is inside node_modules ../cjs/use-sync-external-store-shim.production.js
2026-04-06T23:19:07.829Z next:jsconfig-paths-plugin skipping request as it is inside node_modules ../_internal/index.mjs
2026-04-06T23:19:07.829Z next:jsconfig-paths-plugin skipping request as it is inside node_modules ../_internal/index.mjs
2026-04-06T23:19:07.829Z next:jsconfig-paths-plugin skipping request as it is inside node_modules ../_internal/index.mjs
2026-04-06T23:19:07.829Z next:jsconfig-paths-plugin skipping request as it is inside node_modules ../_internal/constants.mjs
2026-04-06T23:19:07.830Z next:jsconfig-paths-plugin skipping request as it is inside node_modules ./start.mjs
2026-04-06T23:19:07.842Z next:jsconfig-paths-plugin skipping request as it is inside node_modules ./is-animatable.mjs
2026-04-06T23:19:07.842Z next:jsconfig-paths-plugin skipping request as it is inside node_modules ../MotionValueState.mjs
2026-04-06T23:19:07.842Z next:jsconfig-paths-plugin skipping request as it is inside node_modules motion-utils
2026-04-06T23:19:07.842Z next:jsconfig-paths-plugin skipping request as it is inside node_modules ../utils/is-nullish.mjs
2026-04-06T23:19:07.842Z next:jsconfig-paths-plugin skipping request as it is inside node_modules ../utils/single-color-regex.mjs
2026-04-06T23:19:07.842Z next:jsconfig-paths-plugin skipping request as it is inside node_modules motion-utils
2026-04-06T23:19:07.843Z next:jsconfig-paths-plugin skipping request as it is inside node_modules motion-utils
2026-04-06T23:19:07.887Z next:jsconfig-paths-plugin skipping request as it is inside node_modules ./symbol/asterisk.js
2026-04-06T23:19:07.887Z next:jsconfig-paths-plugin skipping request as it is inside node_modules ./symbol/circle.js
2026-04-06T23:19:07.888Z next:jsconfig-paths-plugin skipping request as it is inside node_modules ./symbol/diamond.js
2026-04-06T23:19:07.888Z next:jsconfig-paths-plugin skipping request as it is inside node_modules ./symbol/cross.js
2026-04-06T23:19:07.888Z next:jsconfig-paths-plugin skipping request as it is inside node_modules ./symbol/diamond2.js
2026-04-06T23:19:07.888Z next:jsconfig-paths-plugin skipping request as it is inside node_modules ./symbol/plus.js
2026-04-06T23:19:07.888Z next:jsconfig-paths-plugin skipping request as it is inside node_modules ./symbol/square.js
2026-04-06T23:19:07.888Z next:jsconfig-paths-plugin skipping request as it is inside node_modules ./symbol/square2.js
2026-04-06T23:19:07.888Z next:jsconfig-paths-plugin skipping request as it is inside node_modules ./symbol/star.js
2026-04-06T23:19:07.888Z next:jsconfig-paths-plugin skipping request as it is inside node_modules ./symbol/triangle.js
2026-04-06T23:19:07.888Z next:jsconfig-paths-plugin skipping request as it is inside node_modules ./symbol/triangle2.js
2026-04-06T23:19:07.888Z next:jsconfig-paths-plugin skipping request as it is inside node_modules ./symbol/wye.js
2026-04-06T23:19:07.888Z next:jsconfig-paths-plugin skipping request as it is inside node_modules ./symbol/times.js
2026-04-06T23:19:07.897Z next:jsconfig-paths-plugin skipping request as it is inside node_modules ./curve/basisOpen.js
2026-04-06T23:19:07.897Z next:jsconfig-paths-plugin skipping request as it is inside node_modules ./curve/basis.js
2026-04-06T23:19:07.897Z next:jsconfig-paths-plugin skipping request as it is inside node_modules ./curve/basisClosed.js
2026-04-06T23:19:07.897Z next:jsconfig-paths-plugin skipping request as it is inside node_modules ./curve/bump.js
2026-04-06T23:19:07.897Z next:jsconfig-paths-plugin skipping request as it is inside node_modules ./curve/bundle.js
2026-04-06T23:19:07.897Z next:jsconfig-paths-plugin skipping request as it is inside node_modules ./curve/cardinalClosed.js
2026-04-06T23:19:07.897Z next:jsconfig-paths-plugin skipping request as it is inside node_modules ./curve/cardinalOpen.js
2026-04-06T23:19:07.897Z next:jsconfig-paths-plugin skipping request as it is inside node_modules ./curve/cardinal.js
2026-04-06T23:19:07.897Z next:jsconfig-paths-plugin skipping request as it is inside node_modules ./curve/catmullRomClosed.js
2026-04-06T23:19:07.905Z next:jsconfig-paths-plugin skipping request as it is inside node_modules ./curve/catmullRomOpen.js
2026-04-06T23:19:07.905Z next:jsconfig-paths-plugin skipping request as it is inside node_modules ./curve/catmullRom.js
2026-04-06T23:19:07.905Z next:jsconfig-paths-plugin skipping request as it is inside node_modules ./curve/linearClosed.js
2026-04-06T23:19:07.976Z next:jsconfig-paths-plugin skipping request as it is inside node_modules ./_mapCacheClear
2026-04-06T23:19:07.976Z next:jsconfig-paths-plugin skipping request as it is inside node_modules ./_mapCacheDelete
2026-04-06T23:19:07.976Z next:jsconfig-paths-plugin skipping request as it is inside node_modules ./_mapCacheGet
2026-04-06T23:19:07.976Z next:jsconfig-paths-plugin skipping request as it is inside node_modules ./_mapCacheHas
2026-04-06T23:19:07.976Z next:jsconfig-paths-plugin skipping request as it is inside node_modules ./_mapCacheSet
2026-04-06T23:19:07.976Z next:jsconfig-paths-plugin skipping request as it is inside node_modules ./_baseIsMatch
2026-04-06T23:19:07.977Z next:jsconfig-paths-plugin skipping request as it is inside node_modules ./_getMatchData
2026-04-06T23:19:07.977Z next:jsconfig-paths-plugin skipping request as it is inside node_modules ./_matchesStrictComparable
2026-04-06T23:19:07.977Z next:jsconfig-paths-plugin skipping request as it is inside node_modules ./_arraySome
2026-04-06T23:19:07.977Z next:jsconfig-paths-plugin skipping request as it is inside node_modules ./_baseSome
2026-04-06T23:19:07.977Z next:jsconfig-paths-plugin skipping request as it is inside node_modules ./get
2026-04-06T23:19:07.977Z next:jsconfig-paths-plugin skipping request as it is inside node_modules ./hasIn
2026-04-06T23:19:07.977Z next:jsconfig-paths-plugin skipping request as it is inside node_modules ./_isStrictComparable
2026-04-06T23:19:07.977Z next:jsconfig-paths-plugin skipping request as it is inside node_modules ./_baseProperty
2026-04-06T23:19:07.978Z next:jsconfig-paths-plugin skipping request as it is inside node_modules ./_basePropertyDeep
2026-04-06T23:19:07.978Z next:jsconfig-paths-plugin skipping request as it is inside node_modules ./_baseSetToString
2026-04-06T23:19:07.978Z next:jsconfig-paths-plugin skipping request as it is inside node_modules ./_shortOut
2026-04-06T23:19:07.978Z next:jsconfig-paths-plugin skipping request as it is inside node_modules ./_apply
2026-04-06T23:19:07.978Z next:jsconfig-paths-plugin skipping request as it is inside node_modules ./_compareAscending
2026-04-06T23:19:07.978Z next:jsconfig-paths-plugin skipping request as it is inside node_modules ./isArguments
2026-04-06T23:19:07.978Z next:jsconfig-paths-plugin skipping request as it is inside node_modules ./curve/linear.js
2026-04-06T23:19:07.978Z next:jsconfig-paths-plugin skipping request as it is inside node_modules ./curve/monotone.js
2026-04-06T23:19:07.978Z next:jsconfig-paths-plugin skipping request as it is inside node_modules ./curve/natural.js
2026-04-06T23:19:07.978Z next:jsconfig-paths-plugin skipping request as it is inside node_modules ./curve/step.js
2026-04-06T23:19:07.978Z next:jsconfig-paths-plugin skipping request as it is inside node_modules ./stack.js
2026-04-06T23:19:07.979Z next:jsconfig-paths-plugin skipping request as it is inside node_modules ./offset/expand.js
2026-04-06T23:19:07.979Z next:jsconfig-paths-plugin skipping request as it is inside node_modules ./offset/diverging.js
2026-04-06T23:19:07.979Z next:jsconfig-paths-plugin skipping request as it is inside node_modules ./offset/none.js
2026-04-06T23:19:07.979Z next:jsconfig-paths-plugin skipping request as it is inside node_modules ./offset/silhouette.js
2026-04-06T23:19:07.979Z next:jsconfig-paths-plugin skipping request as it is inside node_modules ./offset/wiggle.js
2026-04-06T23:19:07.979Z next:jsconfig-paths-plugin skipping request as it is inside node_modules ./order/appearance.js
2026-04-06T23:19:07.979Z next:jsconfig-paths-plugin skipping request as it is inside node_modules ./order/ascending.js
2026-04-06T23:19:07.979Z next:jsconfig-paths-plugin skipping request as it is inside node_modules ./order/descending.js
2026-04-06T23:19:07.979Z next:jsconfig-paths-plugin skipping request as it is inside node_modules ./order/insideOut.js
2026-04-06T23:19:07.979Z next:jsconfig-paths-plugin skipping request as it is inside node_modules ./order/none.js
2026-04-06T23:19:07.979Z next:jsconfig-paths-plugin skipping request as it is inside node_modules ./order/reverse.js
2026-04-06T23:19:07.979Z next:jsconfig-paths-plugin skipping request as it is inside node_modules decimal.js-light
2026-04-06T23:19:07.979Z next:jsconfig-paths-plugin skipping request as it is inside node_modules ./util/utils
2026-04-06T23:19:07.979Z next:jsconfig-paths-plugin skipping request as it is inside node_modules ./util/arithmetic
2026-04-06T23:19:07.980Z next:jsconfig-paths-plugin skipping request as it is inside node_modules react
2026-04-06T23:19:07.980Z next:jsconfig-paths-plugin skipping request as it is inside node_modules @radix-ui/react-compose-refs
2026-04-06T23:19:07.980Z next:jsconfig-paths-plugin skipping request as it is inside node_modules react/jsx-runtime
2026-04-06T23:19:07.980Z next:jsconfig-paths-plugin skipping request as it is inside node_modules tslib
2026-04-06T23:19:07.980Z next:jsconfig-paths-plugin skipping request as it is inside node_modules react
2026-04-06T23:19:07.980Z next:jsconfig-paths-plugin skipping request as it is inside node_modules ./UI
2026-04-06T23:19:07.980Z next:jsconfig-paths-plugin skipping request as it is inside node_modules ./sidecar
2026-04-06T23:19:07.981Z next:jsconfig-paths-plugin skipping request as it is inside node_modules ./get
2026-04-06T23:19:07.983Z next:jsconfig-paths-plugin skipping request as it is inside node_modules ./curve/catmullRom.js
2026-04-06T23:19:07.984Z next:jsconfig-paths-plugin skipping request as it is inside node_modules ./curve/catmullRomOpen.js
2026-04-06T23:19:07.986Z next:jsconfig-paths-plugin skipping request as it is inside node_modules ./curve/linearClosed.js
2026-04-06T23:19:07.988Z next:jsconfig-paths-plugin skipping request as it is inside node_modules react/jsx-runtime
2026-04-06T23:19:07.988Z next:jsconfig-paths-plugin skipping request as it is inside node_modules react
2026-04-06T23:19:07.988Z next:jsconfig-paths-plugin skipping request as it is inside node_modules @radix-ui/primitive
2026-04-06T23:19:07.989Z next:jsconfig-paths-plugin skipping request as it is inside node_modules @radix-ui/react-context
2026-04-06T23:19:07.989Z next:jsconfig-paths-plugin skipping request as it is inside node_modules @radix-ui/react-use-controllable-state
2026-04-06T23:19:07.989Z next:jsconfig-paths-plugin skipping request as it is inside node_modules @radix-ui/react-use-layout-effect
2026-04-06T23:19:07.989Z next:jsconfig-paths-plugin skipping request as it is inside node_modules @radix-ui/react-compose-refs
2026-04-06T23:19:07.989Z next:jsconfig-paths-plugin skipping request as it is inside node_modules @radix-ui/react-primitive
2026-04-06T23:19:07.989Z next:jsconfig-paths-plugin skipping request as it is inside node_modules @radix-ui/react-presence
2026-04-06T23:19:07.989Z next:jsconfig-paths-plugin skipping request as it is inside node_modules @radix-ui/react-id
2026-04-06T23:19:07.989Z next:jsconfig-paths-plugin skipping request as it is inside node_modules next/dist/server/future/route-modules/app-page/vendored/ssr/react-jsx-runtime
2026-04-06T23:19:07.989Z next:jsconfig-paths-plugin skipping request as it is inside node_modules next/dist/server/future/route-modules/app-page/vendored/ssr/react
2026-04-06T23:19:07.989Z next:jsconfig-paths-plugin skipping request as it is inside node_modules C:\Users\Ahmed Amin Bejoui\Desktop\ai-code-review-platform\apps\dashboard\node_modules\next/dist/server/future/route-modules/app-page/vendored/ssr/react-jsx-runtime
2026-04-06T23:19:07.989Z next:jsconfig-paths-plugin skipping request as it is inside node_modules C:\Users\Ahmed Amin Bejoui\Desktop\ai-code-review-platform\apps\dashboard\node_modules\next/dist/server/future/route-modules/app-page/vendored/ssr/react
2026-04-06T23:19:07.990Z next:jsconfig-paths-plugin skipping request as it is inside node_modules react
2026-04-06T23:19:07.990Z next:jsconfig-paths-plugin skipping request as it is inside node_modules @radix-ui/react-use-layout-effect
2026-04-06T23:19:07.991Z next:jsconfig-paths-plugin skipping request as it is inside node_modules next/dist/server/future/route-modules/app-page/vendored/ssr/react
2026-04-06T23:19:07.991Z next:jsconfig-paths-plugin skipping request as it is inside node_modules C:\Users\Ahmed Amin Bejoui\Desktop\ai-code-review-platform\apps\dashboard\node_modules\next/dist/server/future/route-modules/app-page/vendored/ssr/react
2026-04-06T23:19:07.992Z next:jsconfig-paths-plugin skipping request as it is inside node_modules react
2026-04-06T23:19:07.992Z next:jsconfig-paths-plugin skipping request as it is inside node_modules react
2026-04-06T23:19:07.992Z next:jsconfig-paths-plugin skipping request as it is inside node_modules react
2026-04-06T23:19:07.992Z next:jsconfig-paths-plugin skipping request as it is inside node_modules next/dist/server/future/route-modules/app-page/vendored/ssr/react
2026-04-06T23:19:07.992Z next:jsconfig-paths-plugin skipping request as it is inside node_modules next/dist/server/future/route-modules/app-page/vendored/ssr/react
2026-04-06T23:19:07.992Z next:jsconfig-paths-plugin skipping request as it is inside node_modules next/dist/server/future/route-modules/app-page/vendored/ssr/react
2026-04-06T23:19:07.992Z next:jsconfig-paths-plugin skipping request as it is inside node_modules C:\Users\Ahmed Amin Bejoui\Desktop\ai-code-review-platform\apps\dashboard\node_modules\next/dist/server/future/route-modules/app-page/vendored/ssr/react
2026-04-06T23:19:07.992Z next:jsconfig-paths-plugin skipping request as it is inside node_modules C:\Users\Ahmed Amin Bejoui\Desktop\ai-code-review-platform\apps\dashboard\node_modules\next/dist/server/future/route-modules/app-page/vendored/ssr/react
2026-04-06T23:19:07.992Z next:jsconfig-paths-plugin skipping request as it is inside node_modules C:\Users\Ahmed Amin Bejoui\Desktop\ai-code-review-platform\apps\dashboard\node_modules\next/dist/server/future/route-modules/app-page/vendored/ssr/react
2026-04-06T23:19:08.195Z next:jsconfig-paths-plugin skipping request as it is inside node_modules ./UI
2026-04-06T23:19:08.196Z next:jsconfig-paths-plugin skipping request as it is inside node_modules ./UI
2026-04-06T23:19:08.196Z next:jsconfig-paths-plugin skipping request as it is inside node_modules ./UI
2026-04-06T23:19:08.196Z next:jsconfig-paths-plugin skipping request as it is inside node_modules ./sidecar
2026-04-06T23:19:08.196Z next:jsconfig-paths-plugin skipping request as it is inside node_modules ./sidecar
2026-04-06T23:19:08.197Z next:jsconfig-paths-plugin skipping request as it is inside node_modules ./sidecar
2026-04-06T23:19:08.562Z next:jsconfig-paths-plugin skipping request as it is inside node_modules ./util/utils
2026-04-06T23:19:08.562Z next:jsconfig-paths-plugin skipping request as it is inside node_modules ./util/utils
2026-04-06T23:19:08.562Z next:jsconfig-paths-plugin skipping request as it is inside node_modules ./util/utils
2026-04-06T23:19:08.563Z next:jsconfig-paths-plugin skipping request as it is inside node_modules ./util/arithmetic
2026-04-06T23:19:08.563Z next:jsconfig-paths-plugin skipping request as it is inside node_modules ./util/arithmetic
2026-04-06T23:19:08.563Z next:jsconfig-paths-plugin skipping request as it is inside node_modules ./util/arithmetic
2026-04-06T23:19:08.566Z next:jsconfig-paths-plugin moduleName did not match any paths pattern prop-types
2026-04-06T23:19:08.566Z next:jsconfig-paths-plugin moduleName did not match any paths pattern prop-types
2026-04-06T23:19:08.566Z next:jsconfig-paths-plugin moduleName did not match any paths pattern react-transition-group
2026-04-06T23:19:08.566Z next:jsconfig-paths-plugin moduleName did not match any paths pattern @carbon/icon-helpers
2026-04-06T23:19:08.566Z next:jsconfig-paths-plugin moduleName did not match any paths pattern fast-equals
2026-04-06T23:19:08.566Z next:jsconfig-paths-plugin moduleName did not match any paths pattern use-sync-external-store/shim/index.js
2026-04-06T23:19:08.758Z next:jsconfig-paths-plugin skipping request as it is inside node_modules ./_createBaseFor
2026-04-06T23:19:08.758Z next:jsconfig-paths-plugin skipping request as it is inside node_modules ./_arrayLikeKeys
2026-04-06T23:19:08.758Z next:jsconfig-paths-plugin skipping request as it is inside node_modules ./_baseKeys
2026-04-06T23:19:08.758Z next:jsconfig-paths-plugin skipping request as it is inside node_modules ./isFunction
2026-04-06T23:19:08.758Z next:jsconfig-paths-plugin skipping request as it is inside node_modules ./isLength
2026-04-06T23:19:08.759Z next:jsconfig-paths-plugin skipping request as it is inside node_modules ./_getNative
2026-04-06T23:19:08.759Z next:jsconfig-paths-plugin skipping request as it is inside node_modules ./_createBaseEach
2026-04-06T23:19:08.866Z next:jsconfig-paths-plugin skipping request as it is inside node_modules ./util
2026-04-06T23:19:08.866Z next:jsconfig-paths-plugin skipping request as it is inside node_modules ./Animate
2026-04-06T23:19:08.866Z next:jsconfig-paths-plugin skipping request as it is inside node_modules ./util
2026-04-06T23:19:08.866Z next:jsconfig-paths-plugin skipping request as it is inside node_modules ./Animate
2026-04-06T23:19:08.869Z next:jsconfig-paths-plugin skipping request as it is inside node_modules ./_baseSlice
2026-04-06T23:19:08.870Z next:jsconfig-paths-plugin skipping request as it is inside node_modules ./_asciiToArray
2026-04-06T23:19:08.870Z next:jsconfig-paths-plugin skipping request as it is inside node_modules ./_unicodeToArray
2026-04-06T23:19:08.870Z next:jsconfig-paths-plugin skipping request as it is inside node_modules ./_baseToString
2026-04-06T23:19:08.870Z next:jsconfig-paths-plugin skipping request as it is inside node_modules ./setRafTimeout
2026-04-06T23:19:08.870Z next:jsconfig-paths-plugin skipping request as it is inside node_modules react
2026-04-06T23:19:09.003Z next:jsconfig-paths-plugin skipping request as it is inside node_modules ./_mapCacheClear
2026-04-06T23:19:09.003Z next:jsconfig-paths-plugin skipping request as it is inside node_modules ./_mapCacheDelete
2026-04-06T23:19:09.003Z next:jsconfig-paths-plugin skipping request as it is inside node_modules ./_mapCacheGet
2026-04-06T23:19:09.003Z next:jsconfig-paths-plugin skipping request as it is inside node_modules ./_mapCacheSet
2026-04-06T23:19:09.003Z next:jsconfig-paths-plugin skipping request as it is inside node_modules ./_mapCacheHas
2026-04-06T23:19:09.004Z next:jsconfig-paths-plugin skipping request as it is inside node_modules ./_getMatchData
2026-04-06T23:19:09.004Z next:jsconfig-paths-plugin skipping request as it is inside node_modules ./_baseIsMatch
2026-04-06T23:19:09.004Z next:jsconfig-paths-plugin skipping request as it is inside node_modules ./_matchesStrictComparable
2026-04-06T23:19:09.004Z next:jsconfig-paths-plugin skipping request as it is inside node_modules ./_arraySome
2026-04-06T23:19:09.004Z next:jsconfig-paths-plugin skipping request as it is inside node_modules ./hasIn
2026-04-06T23:19:09.004Z next:jsconfig-paths-plugin skipping request as it is inside node_modules ./_baseSome
2026-04-06T23:19:09.004Z next:jsconfig-paths-plugin skipping request as it is inside node_modules ./_baseProperty
2026-04-06T23:19:09.005Z next:jsconfig-paths-plugin skipping request as it is inside node_modules ./_isStrictComparable
2026-04-06T23:19:09.005Z next:jsconfig-paths-plugin skipping request as it is inside node_modules ./_basePropertyDeep
2026-04-06T23:19:09.005Z next:jsconfig-paths-plugin skipping request as it is inside node_modules ./_baseSetToString
2026-04-06T23:19:09.005Z next:jsconfig-paths-plugin skipping request as it is inside node_modules ./_shortOut
2026-04-06T23:19:09.005Z next:jsconfig-paths-plugin skipping request as it is inside node_modules ./_compareAscending
2026-04-06T23:19:09.005Z next:jsconfig-paths-plugin skipping request as it is inside node_modules ./_apply
2026-04-06T23:19:09.005Z next:jsconfig-paths-plugin skipping request as it is inside node_modules ./isArguments
2026-04-06T23:19:09.005Z next:jsconfig-paths-plugin skipping request as it is inside node_modules ./isFunction
2026-04-06T23:19:09.005Z next:jsconfig-paths-plugin skipping request as it is inside node_modules ./stack.js
2026-04-06T23:19:09.005Z next:jsconfig-paths-plugin skipping request as it is inside node_modules ./curve/linear.js
2026-04-06T23:19:09.006Z next:jsconfig-paths-plugin skipping request as it is inside node_modules ./curve/monotone.js
2026-04-06T23:19:09.006Z next:jsconfig-paths-plugin skipping request as it is inside node_modules ./curve/step.js
2026-04-06T23:19:09.006Z next:jsconfig-paths-plugin skipping request as it is inside node_modules ./curve/natural.js
2026-04-06T23:19:09.006Z next:jsconfig-paths-plugin skipping request as it is inside node_modules fast-equals
2026-04-06T23:19:09.006Z next:jsconfig-paths-plugin skipping request as it is inside node_modules prop-types
2026-04-06T23:19:09.006Z next:jsconfig-paths-plugin skipping request as it is inside node_modules prop-types
2026-04-06T23:19:09.007Z next:jsconfig-paths-plugin skipping request as it is inside node_modules prop-types
2026-04-06T23:19:09.007Z next:jsconfig-paths-plugin skipping request as it is inside node_modules react-transition-group
2026-04-06T23:19:09.007Z next:jsconfig-paths-plugin skipping request as it is inside node_modules @carbon/icon-helpers
2026-04-06T23:19:09.008Z next:jsconfig-paths-plugin skipping request as it is inside node_modules ./offset/expand.js
2026-04-06T23:19:09.008Z next:jsconfig-paths-plugin skipping request as it is inside node_modules ./offset/none.js
2026-04-06T23:19:09.008Z next:jsconfig-paths-plugin skipping request as it is inside node_modules ./offset/diverging.js
2026-04-06T23:19:09.008Z next:jsconfig-paths-plugin skipping request as it is inside node_modules ./offset/silhouette.js
2026-04-06T23:19:09.008Z next:jsconfig-paths-plugin skipping request as it is inside node_modules ./offset/wiggle.js
2026-04-06T23:19:09.008Z next:jsconfig-paths-plugin skipping request as it is inside node_modules ./order/ascending.js
2026-04-06T23:19:09.008Z next:jsconfig-paths-plugin skipping request as it is inside node_modules ./order/appearance.js
2026-04-06T23:19:09.008Z next:jsconfig-paths-plugin skipping request as it is inside node_modules ./order/descending.js
2026-04-06T23:19:09.008Z next:jsconfig-paths-plugin skipping request as it is inside node_modules ./order/insideOut.js
2026-04-06T23:19:09.008Z next:jsconfig-paths-plugin skipping request as it is inside node_modules ./order/none.js
2026-04-06T23:19:09.008Z next:jsconfig-paths-plugin skipping request as it is inside node_modules ./order/reverse.js
2026-04-06T23:19:09.008Z next:jsconfig-paths-plugin skipping request as it is inside node_modules ./util/utils
2026-04-06T23:19:09.008Z next:jsconfig-paths-plugin skipping request as it is inside node_modules ./util/arithmetic
2026-04-06T23:19:09.008Z next:jsconfig-paths-plugin skipping request as it is inside node_modules use-sync-external-store/shim/index.js
2026-04-06T23:19:09.009Z next:jsconfig-paths-plugin skipping request as it is inside node_modules use-sync-external-store/shim/index.js
2026-04-06T23:19:09.009Z next:jsconfig-paths-plugin skipping request as it is inside node_modules ./UI
2026-04-06T23:19:09.009Z next:jsconfig-paths-plugin skipping request as it is inside node_modules ./sidecar
2026-04-06T23:19:09.059Z next:jsconfig-paths-plugin skipping request as it is inside node_modules ./setRafTimeout
2026-04-06T23:19:09.060Z next:jsconfig-paths-plugin skipping request as it is inside node_modules ./setRafTimeout
2026-04-06T23:19:09.061Z next:jsconfig-paths-plugin skipping request as it is inside node_modules ./setRafTimeout
2026-04-06T23:19:09.068Z next:jsconfig-paths-plugin skipping request as it is inside node_modules @radix-ui/react-primitive
2026-04-06T23:19:09.069Z next:jsconfig-paths-plugin skipping request as it is inside node_modules react/jsx-runtime
2026-04-06T23:19:09.069Z next:jsconfig-paths-plugin skipping request as it is inside node_modules react
2026-04-06T23:19:09.069Z next:jsconfig-paths-plugin skipping request as it is inside node_modules @radix-ui/react-compose-refs
2026-04-06T23:19:09.069Z next:jsconfig-paths-plugin skipping request as it is inside node_modules react/jsx-runtime
2026-04-06T23:19:09.069Z next:jsconfig-paths-plugin skipping request as it is inside node_modules react
2026-04-06T23:19:09.069Z next:jsconfig-paths-plugin skipping request as it is inside node_modules @radix-ui/react-use-callback-ref
2026-04-06T23:19:09.069Z next:jsconfig-paths-plugin skipping request as it is inside node_modules ../../events/event-info.mjs
2026-04-06T23:19:09.070Z next:jsconfig-paths-plugin skipping request as it is inside node_modules ../../utils/distance.mjs
2026-04-06T23:19:09.070Z next:jsconfig-paths-plugin skipping request as it is inside node_modules ../../events/add-pointer-event.mjs
2026-04-06T23:19:09.070Z next:jsconfig-paths-plugin skipping request as it is inside node_modules ../../events/event-info.mjs
2026-04-06T23:19:09.070Z next:jsconfig-paths-plugin skipping request as it is inside node_modules ../../utils/get-context-window.mjs
2026-04-06T23:19:09.070Z next:jsconfig-paths-plugin skipping request as it is inside node_modules ../../utils/is-ref-object.mjs
2026-04-06T23:19:09.070Z next:jsconfig-paths-plugin skipping request as it is inside node_modules ../pan/PanSession.mjs
2026-04-06T23:19:09.070Z next:jsconfig-paths-plugin skipping request as it is inside node_modules ./utils/constraints.mjs
2026-04-06T23:19:09.072Z next:jsconfig-paths-plugin skipping request as it is inside node_modules ../../events/event-info.mjs
2026-04-06T23:19:09.072Z next:jsconfig-paths-plugin skipping request as it is inside node_modules ../../utils/distance.mjs
2026-04-06T23:19:09.072Z next:jsconfig-paths-plugin skipping request as it is inside node_modules ../../events/add-pointer-event.mjs
2026-04-06T23:19:09.072Z next:jsconfig-paths-plugin skipping request as it is inside node_modules ../../events/event-info.mjs
2026-04-06T23:19:09.072Z next:jsconfig-paths-plugin skipping request as it is inside node_modules ../../utils/get-context-window.mjs
2026-04-06T23:19:09.072Z next:jsconfig-paths-plugin skipping request as it is inside node_modules ../pan/PanSession.mjs
2026-04-06T23:19:09.075Z next:jsconfig-paths-plugin moduleName did not match any paths pattern @radix-ui/react-popover
2026-04-06T23:19:09.076Z next:jsconfig-paths-plugin moduleName did not match any paths pattern @radix-ui/react-popover
2026-04-06T23:19:09.081Z next:jsconfig-paths-plugin skipping request as it is inside node_modules ./_arrayLikeKeys
2026-04-06T23:19:09.082Z next:jsconfig-paths-plugin skipping request as it is inside node_modules ./_createBaseFor
2026-04-06T23:19:09.083Z next:jsconfig-paths-plugin skipping request as it is inside node_modules ./isLength
2026-04-06T23:19:09.084Z next:jsconfig-paths-plugin skipping request as it is inside node_modules ./_baseKeys
2026-04-06T23:19:09.085Z next:jsconfig-paths-plugin skipping request as it is inside node_modules ./_getNative
2026-04-06T23:19:09.086Z next:jsconfig-paths-plugin skipping request as it is inside node_modules ./_createBaseEach
2026-04-06T23:19:09.396Z next:jsconfig-paths-plugin skipping request as it is inside node_modules ./_baseSlice
2026-04-06T23:19:09.397Z next:jsconfig-paths-plugin skipping request as it is inside node_modules ./_unicodeToArray
2026-04-06T23:19:09.398Z next:jsconfig-paths-plugin skipping request as it is inside node_modules ./_asciiToArray
2026-04-06T23:19:09.427Z next:jsconfig-paths-plugin skipping request as it is inside node_modules ./_baseToString
2026-04-06T23:19:09.428Z next:jsconfig-paths-plugin skipping request as it is inside node_modules ./setRafTimeout
2026-04-06T23:19:09.433Z next:jsconfig-paths-plugin skipping request as it is inside node_modules ../../utils/is-ref-object.mjs
2026-04-06T23:19:09.462Z next:jsconfig-paths-plugin skipping request as it is inside node_modules react
2026-04-06T23:19:09.463Z next:jsconfig-paths-plugin skipping request as it is inside node_modules next/dist/server/future/route-modules/app-page/vendored/ssr/react
2026-04-06T23:19:09.463Z next:jsconfig-paths-plugin skipping request as it is inside node_modules C:\Users\Ahmed Amin Bejoui\Desktop\ai-code-review-platform\apps\dashboard\node_modules\next/dist/server/future/route-modules/app-page/vendored/ssr/react
2026-04-06T23:19:09.509Z next:jsconfig-paths-plugin skipping request as it is inside node_modules react/jsx-runtime
2026-04-06T23:19:09.512Z next:jsconfig-paths-plugin skipping request as it is inside node_modules react
2026-04-06T23:19:09.512Z next:jsconfig-paths-plugin skipping request as it is inside node_modules @radix-ui/react-compose-refs
2026-04-06T23:19:09.512Z next:jsconfig-paths-plugin skipping request as it is inside node_modules next/dist/server/future/route-modules/app-page/vendored/ssr/react-jsx-runtime
2026-04-06T23:19:09.513Z next:jsconfig-paths-plugin skipping request as it is inside node_modules next/dist/server/future/route-modules/app-page/vendored/ssr/react
2026-04-06T23:19:09.513Z next:jsconfig-paths-plugin skipping request as it is inside node_modules C:\Users\Ahmed Amin Bejoui\Desktop\ai-code-review-platform\apps\dashboard\node_modules\next/dist/server/future/route-modules/app-page/vendored/ssr/react-jsx-runtime
2026-04-06T23:19:09.513Z next:jsconfig-paths-plugin skipping request as it is inside node_modules C:\Users\Ahmed Amin Bejoui\Desktop\ai-code-review-platform\apps\dashboard\node_modules\next/dist/server/future/route-modules/app-page/vendored/ssr/react
2026-04-06T23:19:09.560Z next:jsconfig-paths-plugin skipping request as it is inside node_modules react/jsx-runtime
2026-04-06T23:19:09.560Z next:jsconfig-paths-plugin skipping request as it is inside node_modules react
2026-04-06T23:19:09.560Z next:jsconfig-paths-plugin skipping request as it is inside node_modules @radix-ui/react-primitive
2026-04-06T23:19:09.560Z next:jsconfig-paths-plugin skipping request as it is inside node_modules next/dist/server/future/route-modules/app-page/vendored/ssr/react-jsx-runtime
2026-04-06T23:19:09.560Z next:jsconfig-paths-plugin skipping request as it is inside node_modules next/dist/server/future/route-modules/app-page/vendored/ssr/react
2026-04-06T23:19:09.560Z next:jsconfig-paths-plugin skipping request as it is inside node_modules C:\Users\Ahmed Amin Bejoui\Desktop\ai-code-review-platform\apps\dashboard\node_modules\next/dist/server/future/route-modules/app-page/vendored/ssr/react-jsx-runtime
2026-04-06T23:19:09.560Z next:jsconfig-paths-plugin skipping request as it is inside node_modules C:\Users\Ahmed Amin Bejoui\Desktop\ai-code-review-platform\apps\dashboard\node_modules\next/dist/server/future/route-modules/app-page/vendored/ssr/react
2026-04-06T23:19:09.572Z next:jsconfig-paths-plugin skipping request as it is inside node_modules ./utils/constraints.mjs
2026-04-06T23:19:09.673Z next:jsconfig-paths-plugin skipping request as it is inside node_modules motion-dom
2026-04-06T23:19:09.673Z next:jsconfig-paths-plugin skipping request as it is inside node_modules motion-utils
2026-04-06T23:19:09.674Z next:jsconfig-paths-plugin skipping request as it is inside node_modules react
2026-04-06T23:19:09.674Z next:jsconfig-paths-plugin skipping request as it is inside node_modules @radix-ui/react-use-callback-ref
2026-04-06T23:19:09.674Z next:jsconfig-paths-plugin skipping request as it is inside node_modules next/dist/server/future/route-modules/app-page/vendored/ssr/react
2026-04-06T23:19:09.674Z next:jsconfig-paths-plugin skipping request as it is inside node_modules C:\Users\Ahmed Amin Bejoui\Desktop\ai-code-review-platform\apps\dashboard\node_modules\next/dist/server/future/route-modules/app-page/vendored/ssr/react
2026-04-06T23:19:09.856Z next:jsconfig-paths-plugin skipping request as it is inside node_modules motion-dom
2026-04-06T23:19:09.856Z next:jsconfig-paths-plugin skipping request as it is inside node_modules motion-utils
2026-04-06T23:19:09.869Z next:jsconfig-paths-plugin skipping request as it is inside node_modules ./_baseIndexOf
2026-04-06T23:19:09.870Z next:jsconfig-paths-plugin skipping request as it is inside node_modules ./_Set
2026-04-06T23:19:09.870Z next:jsconfig-paths-plugin skipping request as it is inside node_modules ./noop
2026-04-06T23:19:09.870Z next:jsconfig-paths-plugin skipping request as it is inside node_modules ./_setCacheAdd
2026-04-06T23:19:09.870Z next:jsconfig-paths-plugin skipping request as it is inside node_modules ./_setCacheHas
2026-04-06T23:19:09.870Z next:jsconfig-paths-plugin skipping request as it is inside node_modules ./_freeGlobal
2026-04-06T23:19:09.870Z next:jsconfig-paths-plugin skipping request as it is inside node_modules ./_trimmedEndIndex
2026-04-06T23:19:09.870Z next:jsconfig-paths-plugin skipping request as it is inside node_modules ./_memoizeCapped
2026-04-06T23:19:09.870Z next:jsconfig-paths-plugin skipping request as it is inside node_modules ./_ListCache
2026-04-06T23:19:09.871Z next:jsconfig-paths-plugin skipping request as it is inside node_modules ./_stackClear
2026-04-06T23:19:09.871Z next:jsconfig-paths-plugin skipping request as it is inside node_modules ./_stackDelete
2026-04-06T23:19:09.871Z next:jsconfig-paths-plugin skipping request as it is inside node_modules ./_stackGet
2026-04-06T23:19:09.871Z next:jsconfig-paths-plugin skipping request as it is inside node_modules ./_stackHas
2026-04-06T23:19:09.871Z next:jsconfig-paths-plugin skipping request as it is inside node_modules ./_stackSet
2026-04-06T23:19:09.871Z next:jsconfig-paths-plugin skipping request as it is inside node_modules ./_Uint8Array
2026-04-06T23:19:09.871Z next:jsconfig-paths-plugin skipping request as it is inside node_modules ./_mapToArray
2026-04-06T23:19:09.871Z next:jsconfig-paths-plugin skipping request as it is inside node_modules ./_getAllKeys
2026-04-06T23:19:09.872Z next:jsconfig-paths-plugin skipping request as it is inside node_modules ./stubFalse
2026-04-06T23:19:09.872Z next:jsconfig-paths-plugin skipping request as it is inside node_modules ./_DataView
2026-04-06T23:19:09.872Z next:jsconfig-paths-plugin skipping request as it is inside node_modules ./_Map
2026-04-06T23:19:09.872Z next:jsconfig-paths-plugin skipping request as it is inside node_modules ./_Promise
2026-04-06T23:19:09.872Z next:jsconfig-paths-plugin skipping request as it is inside node_modules ./_WeakMap
2026-04-06T23:19:09.872Z next:jsconfig-paths-plugin skipping request as it is inside node_modules ./_toSource
2026-04-06T23:19:09.872Z next:jsconfig-paths-plugin skipping request as it is inside node_modules ./_baseIsTypedArray
2026-04-06T23:19:09.872Z next:jsconfig-paths-plugin skipping request as it is inside node_modules ./_nodeUtil
2026-04-06T23:19:09.873Z next:jsconfig-paths-plugin skipping request as it is inside node_modules ./number.js
2026-04-06T23:19:09.873Z next:jsconfig-paths-plugin skipping request as it is inside node_modules d3-array
2026-04-06T23:19:09.873Z next:jsconfig-paths-plugin skipping request as it is inside node_modules ./init.js
2026-04-06T23:19:09.873Z next:jsconfig-paths-plugin skipping request as it is inside node_modules d3-format
2026-04-06T23:19:09.873Z next:jsconfig-paths-plugin skipping request as it is inside node_modules ./nice.js
2026-04-06T23:19:09.873Z next:jsconfig-paths-plugin skipping request as it is inside node_modules ./continuous.js
2026-04-06T23:19:09.873Z next:jsconfig-paths-plugin skipping request as it is inside node_modules ./edge.mjs
2026-04-06T23:19:09.927Z next:jsconfig-paths-plugin skipping request as it is inside node_modules react/jsx-runtime
2026-04-06T23:19:09.927Z next:jsconfig-paths-plugin skipping request as it is inside node_modules react
2026-04-06T23:19:09.927Z next:jsconfig-paths-plugin skipping request as it is inside node_modules @radix-ui/react-compose-refs
2026-04-06T23:19:09.927Z next:jsconfig-paths-plugin skipping request as it is inside node_modules next/dist/server/future/route-modules/app-page/vendored/ssr/react-jsx-runtime
2026-04-06T23:19:09.927Z next:jsconfig-paths-plugin skipping request as it is inside node_modules next/dist/server/future/route-modules/app-page/vendored/ssr/react
2026-04-06T23:19:09.928Z next:jsconfig-paths-plugin skipping request as it is inside node_modules C:\Users\Ahmed Amin Bejoui\Desktop\ai-code-review-platform\apps\dashboard\node_modules\next/dist/server/future/route-modules/app-page/vendored/ssr/react-jsx-runtime
2026-04-06T23:19:09.928Z next:jsconfig-paths-plugin skipping request as it is inside node_modules C:\Users\Ahmed Amin Bejoui\Desktop\ai-code-review-platform\apps\dashboard\node_modules\next/dist/server/future/route-modules/app-page/vendored/ssr/react
2026-04-06T23:19:09.960Z next:jsconfig-paths-plugin skipping request as it is inside node_modules d3-time
2026-04-06T23:19:09.960Z next:jsconfig-paths-plugin skipping request as it is inside node_modules d3-time-format
2026-04-06T23:19:09.960Z next:jsconfig-paths-plugin skipping request as it is inside node_modules d3-interpolate
2026-04-06T23:19:10.061Z next:jsconfig-paths-plugin skipping request as it is inside node_modules ./number.js
2026-04-06T23:19:10.063Z next:jsconfig-paths-plugin skipping request as it is inside node_modules ./init.js
2026-04-06T23:19:10.070Z next:jsconfig-paths-plugin skipping request as it is inside node_modules ./nice.js
2026-04-06T23:19:10.072Z next:jsconfig-paths-plugin skipping request as it is inside node_modules ./continuous.js
2026-04-06T23:19:10.074Z next:jsconfig-paths-plugin skipping request as it is inside node_modules ./edge.mjs
2026-04-06T23:19:10.087Z next:jsconfig-paths-plugin skipping request as it is inside node_modules ./constant.js
2026-04-06T23:19:10.088Z next:jsconfig-paths-plugin skipping request as it is inside node_modules ./math.js
2026-04-06T23:19:10.088Z next:jsconfig-paths-plugin skipping request as it is inside node_modules ./path.js
2026-04-06T23:19:10.088Z next:jsconfig-paths-plugin skipping request as it is inside node_modules ./array.js
2026-04-06T23:19:10.088Z next:jsconfig-paths-plugin skipping request as it is inside node_modules ./point.js
2026-04-06T23:19:10.088Z next:jsconfig-paths-plugin skipping request as it is inside node_modules ./curve/radial.js
2026-04-06T23:19:10.088Z next:jsconfig-paths-plugin skipping request as it is inside node_modules ./descending.js
2026-04-06T23:19:10.088Z next:jsconfig-paths-plugin skipping request as it is inside node_modules ./identity.js
2026-04-06T23:19:10.124Z next:jsconfig-paths-plugin skipping request as it is inside node_modules ./_baseIndexOf
2026-04-06T23:19:10.125Z next:jsconfig-paths-plugin skipping request as it is inside node_modules ./_Set
2026-04-06T23:19:10.126Z next:jsconfig-paths-plugin skipping request as it is inside node_modules ./noop
2026-04-06T23:19:10.127Z next:jsconfig-paths-plugin skipping request as it is inside node_modules ./_setCacheAdd
2026-04-06T23:19:10.127Z next:jsconfig-paths-plugin skipping request as it is inside node_modules ./_setCacheHas
2026-04-06T23:19:10.128Z next:jsconfig-paths-plugin skipping request as it is inside node_modules ./_trimmedEndIndex
2026-04-06T23:19:10.129Z next:jsconfig-paths-plugin skipping request as it is inside node_modules ./_freeGlobal
2026-04-06T23:19:10.129Z next:jsconfig-paths-plugin skipping request as it is inside node_modules ./_memoizeCapped
2026-04-06T23:19:10.130Z next:jsconfig-paths-plugin skipping request as it is inside node_modules ./_ListCache
2026-04-06T23:19:10.130Z next:jsconfig-paths-plugin skipping request as it is inside node_modules ./_stackClear
2026-04-06T23:19:10.133Z next:jsconfig-paths-plugin skipping request as it is inside node_modules ./_stackDelete
2026-04-06T23:19:10.134Z next:jsconfig-paths-plugin skipping request as it is inside node_modules ./_stackGet
2026-04-06T23:19:10.135Z next:jsconfig-paths-plugin skipping request as it is inside node_modules ./_stackHas
2026-04-06T23:19:10.135Z next:jsconfig-paths-plugin skipping request as it is inside node_modules ./_stackSet
2026-04-06T23:19:10.136Z next:jsconfig-paths-plugin skipping request as it is inside node_modules ./_Uint8Array
2026-04-06T23:19:10.136Z next:jsconfig-paths-plugin skipping request as it is inside node_modules ./_mapToArray
2026-04-06T23:19:10.137Z next:jsconfig-paths-plugin skipping request as it is inside node_modules ./_getAllKeys
2026-04-06T23:19:10.138Z next:jsconfig-paths-plugin skipping request as it is inside node_modules ./stubFalse
2026-04-06T23:19:10.138Z next:jsconfig-paths-plugin skipping request as it is inside node_modules ./_DataView
2026-04-06T23:19:10.139Z next:jsconfig-paths-plugin skipping request as it is inside node_modules ./_Map
2026-04-06T23:19:10.139Z next:jsconfig-paths-plugin skipping request as it is inside node_modules ./_Promise
2026-04-06T23:19:10.140Z next:jsconfig-paths-plugin skipping request as it is inside node_modules ./_WeakMap
2026-04-06T23:19:10.140Z next:jsconfig-paths-plugin skipping request as it is inside node_modules ./_toSource
2026-04-06T23:19:10.142Z next:jsconfig-paths-plugin skipping request as it is inside node_modules ./_baseIsTypedArray
2026-04-06T23:19:10.143Z next:jsconfig-paths-plugin skipping request as it is inside node_modules ./_nodeUtil
2026-04-06T23:19:10.225Z next:jsconfig-paths-plugin skipping request as it is inside node_modules react
2026-04-06T23:19:10.225Z next:jsconfig-paths-plugin skipping request as it is inside node_modules ./config-context-client-BoS53ST9.mjs
2026-04-06T23:19:10.225Z next:jsconfig-paths-plugin skipping request as it is inside node_modules ./events.mjs
2026-04-06T23:19:10.225Z next:jsconfig-paths-plugin skipping request as it is inside node_modules ./constants.mjs
2026-04-06T23:19:10.225Z next:jsconfig-paths-plugin skipping request as it is inside node_modules react
2026-04-06T23:19:10.225Z next:jsconfig-paths-plugin skipping request as it is inside node_modules ./types.mjs
2026-04-06T23:19:10.225Z next:jsconfig-paths-plugin skipping request as it is inside node_modules next/dist/server/future/route-modules/app-page/vendored/ssr/react
2026-04-06T23:19:10.225Z next:jsconfig-paths-plugin skipping request as it is inside node_modules C:\Users\Ahmed Amin Bejoui\Desktop\ai-code-review-platform\apps\dashboard\node_modules\next/dist/server/future/route-modules/app-page/vendored/ssr/react
2026-04-06T23:19:10.226Z next:jsconfig-paths-plugin skipping request as it is inside node_modules ./index.mjs
2026-04-06T23:19:10.226Z next:jsconfig-paths-plugin skipping request as it is inside node_modules ./utils.mjs
2026-04-06T23:19:10.226Z next:jsconfig-paths-plugin skipping request as it is inside node_modules motion-dom
2026-04-06T23:19:10.226Z next:jsconfig-paths-plugin skipping request as it is inside node_modules ../../motion/utils/use-visual-state.mjs
2026-04-06T23:19:10.226Z next:jsconfig-paths-plugin skipping request as it is inside node_modules ./utils/create-render-state.mjs
2026-04-06T23:19:10.226Z next:jsconfig-paths-plugin skipping request as it is inside node_modules ../html/use-props.mjs
2026-04-06T23:19:10.226Z next:jsconfig-paths-plugin skipping request as it is inside node_modules ../svg/use-props.mjs
2026-04-06T23:19:10.226Z next:jsconfig-paths-plugin skipping request as it is inside node_modules ./utils/filter-props.mjs
2026-04-06T23:19:10.226Z next:jsconfig-paths-plugin skipping request as it is inside node_modules ../../context/LazyContext.mjs
2026-04-06T23:19:10.226Z next:jsconfig-paths-plugin skipping request as it is inside node_modules ../../context/MotionConfigContext.mjs
2026-04-06T23:19:10.267Z next:jsconfig-paths-plugin skipping request as it is inside node_modules react
2026-04-06T23:19:10.267Z next:jsconfig-paths-plugin skipping request as it is inside node_modules ./constants.mjs
2026-04-06T23:19:10.268Z next:jsconfig-paths-plugin skipping request as it is inside node_modules next/dist/server/future/route-modules/app-page/vendored/ssr/react
2026-04-06T23:19:10.268Z next:jsconfig-paths-plugin skipping request as it is inside node_modules C:\Users\Ahmed Amin Bejoui\Desktop\ai-code-review-platform\apps\dashboard\node_modules\next/dist/server/future/route-modules/app-page/vendored/ssr/react
2026-04-06T23:19:10.268Z next:jsconfig-paths-plugin skipping request as it is inside node_modules ../../context/LazyContext.mjs
2026-04-06T23:19:10.268Z next:jsconfig-paths-plugin skipping request as it is inside node_modules ../../context/MotionConfigContext.mjs
2026-04-06T23:19:10.268Z next:jsconfig-paths-plugin skipping request as it is inside node_modules ./index.mjs
2026-04-06T23:19:10.273Z next:jsconfig-paths-plugin skipping request as it is inside node_modules ../../motion/utils/use-visual-state.mjs
2026-04-06T23:19:10.273Z next:jsconfig-paths-plugin skipping request as it is inside node_modules ./utils/filter-props.mjs
2026-04-06T23:19:10.289Z next:jsconfig-paths-plugin skipping request as it is inside node_modules ./constant.js
2026-04-06T23:19:10.291Z next:jsconfig-paths-plugin skipping request as it is inside node_modules ./math.js
2026-04-06T23:19:10.292Z next:jsconfig-paths-plugin skipping request as it is inside node_modules ./path.js
2026-04-06T23:19:10.293Z next:jsconfig-paths-plugin skipping request as it is inside node_modules ./array.js
2026-04-06T23:19:10.297Z next:jsconfig-paths-plugin skipping request as it is inside node_modules ./point.js
2026-04-06T23:19:10.299Z next:jsconfig-paths-plugin skipping request as it is inside node_modules ./descending.js
2026-04-06T23:19:10.300Z next:jsconfig-paths-plugin skipping request as it is inside node_modules ./identity.js
2026-04-06T23:19:10.300Z next:jsconfig-paths-plugin skipping request as it is inside node_modules ./curve/radial.js
2026-04-06T23:19:10.302Z next:jsconfig-paths-plugin skipping request as it is inside node_modules react
2026-04-06T23:19:10.302Z next:jsconfig-paths-plugin skipping request as it is inside node_modules next/dist/server/future/route-modules/app-page/vendored/ssr/react
2026-04-06T23:19:10.302Z next:jsconfig-paths-plugin skipping request as it is inside node_modules C:\Users\Ahmed Amin Bejoui\Desktop\ai-code-review-platform\apps\dashboard\node_modules\next/dist/server/future/route-modules/app-page/vendored/ssr/react
2026-04-06T23:19:10.304Z next:jsconfig-paths-plugin skipping request as it is inside node_modules motion-dom
2026-04-06T23:19:10.401Z next:jsconfig-paths-plugin skipping request as it is inside node_modules ../math.js
2026-04-06T23:19:10.402Z next:jsconfig-paths-plugin skipping request as it is inside node_modules ./basis.js
2026-04-06T23:19:10.402Z next:jsconfig-paths-plugin skipping request as it is inside node_modules ../noop.js
2026-04-06T23:19:10.402Z next:jsconfig-paths-plugin skipping request as it is inside node_modules ../pointRadial.js
2026-04-06T23:19:10.402Z next:jsconfig-paths-plugin skipping request as it is inside node_modules ./cardinal.js
2026-04-06T23:19:10.402Z next:jsconfig-paths-plugin skipping request as it is inside node_modules ../frameloop/frame.mjs
2026-04-06T23:19:10.402Z next:jsconfig-paths-plugin skipping request as it is inside node_modules ../value/types/maps/number.mjs
2026-04-06T23:19:10.402Z next:jsconfig-paths-plugin skipping request as it is inside node_modules ../value/types/utils/get-as-type.mjs
2026-04-06T23:19:10.403Z next:jsconfig-paths-plugin skipping request as it is inside node_modules ../animation/GroupAnimation.mjs
2026-04-06T23:19:10.403Z next:jsconfig-paths-plugin skipping request as it is inside node_modules ../animation/NativeAnimation.mjs
2026-04-06T23:19:10.403Z next:jsconfig-paths-plugin skipping request as it is inside node_modules ../animation/NativeAnimationWrapper.mjs
2026-04-06T23:19:10.403Z next:jsconfig-paths-plugin skipping request as it is inside node_modules ../animation/utils/get-value-transition.mjs
2026-04-06T23:19:10.403Z next:jsconfig-paths-plugin skipping request as it is inside node_modules ../animation/waapi/easing/map-easing.mjs
2026-04-06T23:19:10.403Z next:jsconfig-paths-plugin skipping request as it is inside node_modules ../animation/waapi/utils/apply-generator.mjs
2026-04-06T23:19:10.403Z next:jsconfig-paths-plugin skipping request as it is inside node_modules ./utils/choose-layer-type.mjs
2026-04-06T23:19:10.403Z next:jsconfig-paths-plugin skipping request as it is inside node_modules ./utils/css.mjs
2026-04-06T23:19:10.403Z next:jsconfig-paths-plugin skipping request as it is inside node_modules ./utils/get-layer-info.mjs
2026-04-06T23:19:10.403Z next:jsconfig-paths-plugin skipping request as it is inside node_modules ./utils/get-view-animations.mjs
2026-04-06T23:19:10.403Z next:jsconfig-paths-plugin skipping request as it is inside node_modules ./utils/has-target.mjs
2026-04-06T23:19:10.403Z next:jsconfig-paths-plugin skipping request as it is inside node_modules ../../context/SwitchLayoutGroupContext.mjs
2026-04-06T23:19:10.403Z next:jsconfig-paths-plugin skipping request as it is inside node_modules ../../utils/is-ref-object.mjs
2026-04-06T23:19:10.403Z next:jsconfig-paths-plugin skipping request as it is inside node_modules ../../utils/use-isomorphic-effect.mjs
2026-04-06T23:19:10.403Z next:jsconfig-paths-plugin skipping request as it is inside node_modules motion-dom
2026-04-06T23:19:10.404Z next:jsconfig-paths-plugin skipping request as it is inside node_modules ../../motion/utils/use-visual-state.mjs
2026-04-06T23:19:10.404Z next:jsconfig-paths-plugin skipping request as it is inside node_modules ./utils/create-render-state.mjs
2026-04-06T23:19:10.425Z next:jsconfig-paths-plugin skipping request as it is inside node_modules ../../value/types/complex/index.mjs
2026-04-06T23:19:10.435Z next:jsconfig-paths-plugin skipping request as it is inside node_modules ../math.js
2026-04-06T23:19:10.435Z next:jsconfig-paths-plugin skipping request as it is inside node_modules ../pointRadial.js
2026-04-06T23:19:10.435Z next:jsconfig-paths-plugin skipping request as it is inside node_modules ./basis.js
2026-04-06T23:19:10.435Z next:jsconfig-paths-plugin skipping request as it is inside node_modules ./cardinal.js
2026-04-06T23:19:10.435Z next:jsconfig-paths-plugin skipping request as it is inside node_modules ../frameloop/frame.mjs
2026-04-06T23:19:10.435Z next:jsconfig-paths-plugin skipping request as it is inside node_modules ../animation/GroupAnimation.mjs
2026-04-06T23:19:10.435Z next:jsconfig-paths-plugin skipping request as it is inside node_modules ../animation/NativeAnimation.mjs
2026-04-06T23:19:10.435Z next:jsconfig-paths-plugin skipping request as it is inside node_modules ../animation/NativeAnimationWrapper.mjs
2026-04-06T23:19:10.436Z next:jsconfig-paths-plugin skipping request as it is inside node_modules ../animation/utils/get-value-transition.mjs
2026-04-06T23:19:10.436Z next:jsconfig-paths-plugin skipping request as it is inside node_modules ./utils/get-layer-info.mjs
2026-04-06T23:19:10.436Z next:jsconfig-paths-plugin skipping request as it is inside node_modules ./utils/get-view-animations.mjs
2026-04-06T23:19:10.436Z next:jsconfig-paths-plugin skipping request as it is inside node_modules ../value/types/maps/number.mjs
2026-04-06T23:19:10.436Z next:jsconfig-paths-plugin skipping request as it is inside node_modules ../value/types/utils/get-as-type.mjs
2026-04-06T23:19:10.436Z next:jsconfig-paths-plugin skipping request as it is inside node_modules ../animation/waapi/easing/map-easing.mjs
2026-04-06T23:19:10.436Z next:jsconfig-paths-plugin skipping request as it is inside node_modules ../animation/waapi/utils/apply-generator.mjs
2026-04-06T23:19:10.436Z next:jsconfig-paths-plugin skipping request as it is inside node_modules ../../context/SwitchLayoutGroupContext.mjs
2026-04-06T23:19:10.436Z next:jsconfig-paths-plugin skipping request as it is inside node_modules ../../utils/is-ref-object.mjs
2026-04-06T23:19:10.436Z next:jsconfig-paths-plugin skipping request as it is inside node_modules ../../utils/use-isomorphic-effect.mjs
2026-04-06T23:19:10.436Z next:jsconfig-paths-plugin skipping request as it is inside node_modules ../../motion/utils/use-visual-state.mjs
2026-04-06T23:19:10.436Z next:jsconfig-paths-plugin skipping request as it is inside node_modules ../../value/types/complex/index.mjs
2026-04-06T23:19:10.455Z next:jsconfig-paths-plugin skipping request as it is inside node_modules ./config-context-client-BoS53ST9.mjs
2026-04-06T23:19:10.456Z next:jsconfig-paths-plugin skipping request as it is inside node_modules ./types.mjs
2026-04-06T23:19:10.456Z next:jsconfig-paths-plugin skipping request as it is inside node_modules ./events.mjs
2026-04-06T23:19:10.484Z next:jsconfig-paths-plugin skipping request as it is inside node_modules ./utils.mjs
2026-04-06T23:19:10.485Z next:jsconfig-paths-plugin skipping request as it is inside node_modules ../svg/use-props.mjs
2026-04-06T23:19:10.486Z next:jsconfig-paths-plugin skipping request as it is inside node_modules ../html/use-props.mjs
2026-04-06T23:19:10.488Z next:jsconfig-paths-plugin skipping request as it is inside node_modules motion-dom
2026-04-06T23:19:11.023Z next:jsconfig-paths-plugin skipping request as it is inside node_modules ../noop.js
2026-04-06T23:19:11.025Z next:jsconfig-paths-plugin skipping request as it is inside node_modules ./utils/choose-layer-type.mjs
2026-04-06T23:19:11.027Z next:jsconfig-paths-plugin skipping request as it is inside node_modules ./utils/css.mjs
2026-04-06T23:19:11.029Z next:jsconfig-paths-plugin skipping request as it is inside node_modules ./utils/has-target.mjs
2026-04-06T23:19:11.243Z next:jsconfig-paths-plugin moduleName did not match any paths pattern decimal.js-light
2026-04-06T23:19:11.244Z next:jsconfig-paths-plugin skipping request as it is inside node_modules decimal.js-light
2026-04-06T23:19:11.304Z next:jsconfig-paths-plugin skipping request as it is inside node_modules ./utils/create-render-state.mjs
2026-04-06T23:19:11.633Z next:jsconfig-paths-plugin skipping request as it is inside node_modules ./utils/create-render-state.mjs
2026-04-06T23:19:11.737Z next:jsconfig-paths-plugin skipping request as it is inside node_modules ./_getMapData
2026-04-06T23:19:11.737Z next:jsconfig-paths-plugin skipping request as it is inside node_modules ./_Hash
2026-04-06T23:19:11.738Z next:jsconfig-paths-plugin skipping request as it is inside node_modules react
2026-04-06T23:19:11.738Z next:jsconfig-paths-plugin skipping request as it is inside node_modules @radix-ui/react-compose-refs
2026-04-06T23:19:11.738Z next:jsconfig-paths-plugin skipping request as it is inside node_modules react/jsx-runtime
2026-04-06T23:19:11.738Z next:jsconfig-paths-plugin skipping request as it is inside node_modules @floating-ui/dom
2026-04-06T23:19:11.738Z next:jsconfig-paths-plugin skipping request as it is inside node_modules react
2026-04-06T23:19:11.738Z next:jsconfig-paths-plugin skipping request as it is inside node_modules react-dom
2026-04-06T23:19:11.739Z next:jsconfig-paths-plugin skipping request as it is inside node_modules ../math.js
2026-04-06T23:19:11.739Z next:jsconfig-paths-plugin skipping request as it is inside node_modules ./cardinalClosed.js
2026-04-06T23:19:11.739Z next:jsconfig-paths-plugin skipping request as it is inside node_modules ./catmullRom.js
2026-04-06T23:19:11.739Z next:jsconfig-paths-plugin skipping request as it is inside node_modules ./cardinalOpen.js
2026-04-06T23:19:11.741Z next:jsconfig-paths-plugin skipping request as it is inside node_modules ../math.js
2026-04-06T23:19:11.741Z next:jsconfig-paths-plugin skipping request as it is inside node_modules ./cardinalClosed.js
2026-04-06T23:19:11.741Z next:jsconfig-paths-plugin skipping request as it is inside node_modules ./catmullRom.js
2026-04-06T23:19:11.741Z next:jsconfig-paths-plugin skipping request as it is inside node_modules ./cardinalOpen.js
2026-04-06T23:19:11.745Z next:jsconfig-paths-plugin moduleName did not match any paths pattern tslib
2026-04-06T23:19:11.746Z next:jsconfig-paths-plugin skipping request as it is inside node_modules tslib
2026-04-06T23:19:12.505Z next:jsconfig-paths-plugin skipping request as it is inside node_modules ./_baseHasIn
2026-04-06T23:19:12.505Z next:jsconfig-paths-plugin skipping request as it is inside node_modules ./_hasPath
2026-04-06T23:19:12.506Z next:jsconfig-paths-plugin skipping request as it is inside node_modules ./constant
2026-04-06T23:19:12.506Z next:jsconfig-paths-plugin skipping request as it is inside node_modules ./_baseIsArguments
2026-04-06T23:19:12.506Z next:jsconfig-paths-plugin skipping request as it is inside node_modules ./_baseTimes
2026-04-06T23:19:12.530Z next:jsconfig-paths-plugin skipping request as it is inside node_modules ./_baseIsNative
2026-04-06T23:19:12.530Z next:jsconfig-paths-plugin skipping request as it is inside node_modules ./_getValue
2026-04-06T23:19:12.531Z next:jsconfig-paths-plugin skipping request as it is inside node_modules ./_isPrototype
2026-04-06T23:19:12.532Z next:jsconfig-paths-plugin skipping request as it is inside node_modules ./_nativeKeys
2026-04-06T23:19:12.532Z next:jsconfig-paths-plugin skipping request as it is inside node_modules ./factoryWithThrowingShims
2026-04-06T23:19:12.532Z next:jsconfig-paths-plugin skipping request as it is inside node_modules ./none.js
2026-04-06T23:19:12.532Z next:jsconfig-paths-plugin skipping request as it is inside node_modules ./none.js
2026-04-06T23:19:12.532Z next:jsconfig-paths-plugin skipping request as it is inside node_modules ./ascending.js
2026-04-06T23:19:12.532Z next:jsconfig-paths-plugin skipping request as it is inside node_modules ./appearance.js
2026-04-06T23:19:12.532Z next:jsconfig-paths-plugin skipping request as it is inside node_modules use-sidecar
2026-04-06T23:19:12.556Z next:jsconfig-paths-plugin skipping request as it is inside node_modules ./SideEffect
2026-04-06T23:19:12.556Z next:jsconfig-paths-plugin skipping request as it is inside node_modules ./medium
2026-04-06T23:19:12.556Z next:jsconfig-paths-plugin skipping request as it is inside node_modules react-remove-scroll-bar/constants
2026-04-06T23:19:12.556Z next:jsconfig-paths-plugin skipping request as it is inside node_modules use-callback-ref
2026-04-06T23:19:12.556Z next:jsconfig-paths-plugin skipping request as it is inside node_modules decimal.js-light
2026-04-06T23:19:12.557Z next:jsconfig-paths-plugin skipping request as it is inside node_modules ./utils
2026-04-06T23:19:12.601Z next:jsconfig-paths-plugin skipping request as it is inside node_modules motion-dom
2026-04-06T23:19:12.601Z next:jsconfig-paths-plugin skipping request as it is inside node_modules ./utils
2026-04-06T23:19:12.602Z next:jsconfig-paths-plugin skipping request as it is inside node_modules ./utils
2026-04-06T23:19:12.666Z next:jsconfig-paths-plugin skipping request as it is inside node_modules ./utils
2026-04-06T23:19:12.667Z next:jsconfig-paths-plugin skipping request as it is inside node_modules ./none.js
2026-04-06T23:19:12.667Z next:jsconfig-paths-plugin skipping request as it is inside node_modules ./none.js
2026-04-06T23:19:12.667Z next:jsconfig-paths-plugin skipping request as it is inside node_modules ./ascending.js
2026-04-06T23:19:12.701Z next:jsconfig-paths-plugin skipping request as it is inside node_modules ./appearance.js
2026-04-06T23:19:12.739Z next:jsconfig-paths-plugin skipping request as it is inside node_modules ./utils
2026-04-06T23:19:12.843Z next:jsconfig-paths-plugin skipping request as it is inside node_modules decimal.js-light
2026-04-06T23:19:12.843Z next:jsconfig-paths-plugin skipping request as it is inside node_modules ./SideEffect
2026-04-06T23:19:12.844Z next:jsconfig-paths-plugin skipping request as it is inside node_modules ./SideEffect
2026-04-06T23:19:12.846Z next:jsconfig-paths-plugin skipping request as it is inside node_modules ./SideEffect
2026-04-06T23:19:12.847Z next:jsconfig-paths-plugin skipping request as it is inside node_modules ./medium
2026-04-06T23:19:12.847Z next:jsconfig-paths-plugin skipping request as it is inside node_modules ./medium
2026-04-06T23:19:12.847Z next:jsconfig-paths-plugin skipping request as it is inside node_modules ./medium
2026-04-06T23:19:12.847Z next:jsconfig-paths-plugin skipping request as it is inside node_modules ./medium
2026-04-06T23:19:12.847Z next:jsconfig-paths-plugin skipping request as it is inside node_modules ./medium
2026-04-06T23:19:12.849Z next:jsconfig-paths-plugin skipping request as it is inside node_modules motion-dom
2026-04-06T23:19:13.030Z next:jsconfig-paths-plugin skipping request as it is inside node_modules ./_baseIsNaN
2026-04-06T23:19:13.031Z next:jsconfig-paths-plugin skipping request as it is inside node_modules ./_strictIndexOf
2026-04-06T23:19:13.031Z next:jsconfig-paths-plugin skipping request as it is inside node_modules ./constant.js
2026-04-06T23:19:13.031Z next:jsconfig-paths-plugin skipping request as it is inside node_modules react
2026-04-06T23:19:13.031Z next:jsconfig-paths-plugin skipping request as it is inside node_modules @radix-ui/primitive
2026-04-06T23:19:13.032Z next:jsconfig-paths-plugin skipping request as it is inside node_modules @radix-ui/react-compose-refs
2026-04-06T23:19:13.032Z next:jsconfig-paths-plugin skipping request as it is inside node_modules @radix-ui/react-context
2026-04-06T23:19:13.032Z next:jsconfig-paths-plugin skipping request as it is inside node_modules @radix-ui/react-dismissable-layer
2026-04-06T23:19:13.032Z next:jsconfig-paths-plugin skipping request as it is inside node_modules @radix-ui/react-focus-guards
2026-04-06T23:19:13.032Z next:jsconfig-paths-plugin skipping request as it is inside node_modules @radix-ui/react-focus-scope
2026-04-06T23:19:13.032Z next:jsconfig-paths-plugin skipping request as it is inside node_modules @radix-ui/react-id
2026-04-06T23:19:13.032Z next:jsconfig-paths-plugin skipping request as it is inside node_modules @radix-ui/react-popper
2026-04-06T23:19:13.032Z next:jsconfig-paths-plugin skipping request as it is inside node_modules @radix-ui/react-portal
2026-04-06T23:19:13.032Z next:jsconfig-paths-plugin skipping request as it is inside node_modules @radix-ui/react-presence
2026-04-06T23:19:13.032Z next:jsconfig-paths-plugin skipping request as it is inside node_modules @radix-ui/react-primitive
2026-04-06T23:19:13.032Z next:jsconfig-paths-plugin skipping request as it is inside node_modules @radix-ui/react-slot
2026-04-06T23:19:13.032Z next:jsconfig-paths-plugin skipping request as it is inside node_modules @radix-ui/react-use-controllable-state
2026-04-06T23:19:13.032Z next:jsconfig-paths-plugin skipping request as it is inside node_modules aria-hidden
2026-04-06T23:19:13.032Z next:jsconfig-paths-plugin skipping request as it is inside node_modules react-remove-scroll
2026-04-06T23:19:13.032Z next:jsconfig-paths-plugin skipping request as it is inside node_modules react/jsx-runtime
2026-04-06T23:19:13.033Z next:jsconfig-paths-plugin skipping request as it is inside node_modules motion-utils
2026-04-06T23:19:13.034Z next:jsconfig-paths-plugin skipping request as it is inside node_modules motion-utils
2026-04-06T23:19:13.058Z next:jsconfig-paths-plugin skipping request as it is inside node_modules ./_getMapData
2026-04-06T23:19:13.060Z next:jsconfig-paths-plugin skipping request as it is inside node_modules ./_Hash
2026-04-06T23:19:13.135Z next:jsconfig-paths-plugin skipping request as it is inside node_modules ./memoize
2026-04-06T23:19:13.135Z next:jsconfig-paths-plugin skipping request as it is inside node_modules ./_listCacheClear
2026-04-06T23:19:13.142Z next:jsconfig-paths-plugin skipping request as it is inside node_modules ./_listCacheDelete
2026-04-06T23:19:13.142Z next:jsconfig-paths-plugin skipping request as it is inside node_modules ./_listCacheGet
2026-04-06T23:19:13.143Z next:jsconfig-paths-plugin skipping request as it is inside node_modules ./_listCacheHas
2026-04-06T23:19:13.144Z next:jsconfig-paths-plugin skipping request as it is inside node_modules ./_listCacheSet
2026-04-06T23:19:13.144Z next:jsconfig-paths-plugin skipping request as it is inside node_modules ./memoize
2026-04-06T23:19:13.168Z next:jsconfig-paths-plugin skipping request as it is inside node_modules ./_baseHasIn
2026-04-06T23:19:13.176Z next:jsconfig-paths-plugin skipping request as it is inside node_modules ./_hasPath
2026-04-06T23:19:13.177Z next:jsconfig-paths-plugin skipping request as it is inside node_modules ./constant
2026-04-06T23:19:13.182Z next:jsconfig-paths-plugin skipping request as it is inside node_modules ./_baseIsArguments
2026-04-06T23:19:13.184Z next:jsconfig-paths-plugin skipping request as it is inside node_modules ./_baseTimes
2026-04-06T23:19:13.186Z next:jsconfig-paths-plugin skipping request as it is inside node_modules ./_baseIsNative
2026-04-06T23:19:13.187Z next:jsconfig-paths-plugin skipping request as it is inside node_modules ./_getValue
2026-04-06T23:19:13.188Z next:jsconfig-paths-plugin skipping request as it is inside node_modules ./_isPrototype
2026-04-06T23:19:13.189Z next:jsconfig-paths-plugin skipping request as it is inside node_modules ./_nativeKeys
2026-04-06T23:19:13.190Z next:jsconfig-paths-plugin skipping request as it is inside node_modules ./factoryWithThrowingShims
2026-04-06T23:19:13.191Z next:jsconfig-paths-plugin skipping request as it is inside node_modules ./SideEffect
2026-04-06T23:19:13.192Z next:jsconfig-paths-plugin skipping request as it is inside node_modules ./medium
2026-04-06T23:19:13.195Z next:jsconfig-paths-plugin skipping request as it is inside node_modules ./constant.js
2026-04-06T23:19:13.294Z next:jsconfig-paths-plugin skipping request as it is inside node_modules ./_baseIsNaN
2026-04-06T23:19:13.295Z next:jsconfig-paths-plugin skipping request as it is inside node_modules ./_strictIndexOf
2026-04-06T23:19:13.399Z next:jsconfig-paths-plugin skipping request as it is inside node_modules react
2026-04-06T23:19:13.399Z next:jsconfig-paths-plugin skipping request as it is inside node_modules react-dom
2026-04-06T23:19:13.406Z next:jsconfig-paths-plugin skipping request as it is inside node_modules next/dist/server/future/route-modules/app-page/vendored/ssr/react
2026-04-06T23:19:13.406Z next:jsconfig-paths-plugin skipping request as it is inside node_modules next/dist/server/future/route-modules/app-page/vendored/ssr/react-dom
2026-04-06T23:19:13.406Z next:jsconfig-paths-plugin skipping request as it is inside node_modules C:\Users\Ahmed Amin Bejoui\Desktop\ai-code-review-platform\apps\dashboard\node_modules\next/dist/server/future/route-modules/app-page/vendored/ssr/react
2026-04-06T23:19:13.406Z next:jsconfig-paths-plugin skipping request as it is inside node_modules C:\Users\Ahmed Amin Bejoui\Desktop\ai-code-review-platform\apps\dashboard\node_modules\next/dist/server/future/route-modules/app-page/vendored/ssr/react-dom
2026-04-06T23:19:13.459Z next:jsconfig-paths-plugin skipping request as it is inside node_modules ./_listCacheClear
2026-04-06T23:19:13.460Z next:jsconfig-paths-plugin skipping request as it is inside node_modules ./_listCacheDelete
2026-04-06T23:19:13.461Z next:jsconfig-paths-plugin skipping request as it is inside node_modules ./_listCacheGet
2026-04-06T23:19:13.462Z next:jsconfig-paths-plugin skipping request as it is inside node_modules ./_listCacheHas
2026-04-06T23:19:13.464Z next:jsconfig-paths-plugin skipping request as it is inside node_modules ./_listCacheSet
2026-04-06T23:19:13.521Z next:jsconfig-paths-plugin skipping request as it is inside node_modules ./_baseGetAllKeys
2026-04-06T23:19:13.522Z next:jsconfig-paths-plugin skipping request as it is inside node_modules ./_getSymbols
2026-04-06T23:19:13.522Z next:jsconfig-paths-plugin skipping request as it is inside node_modules d3-path
2026-04-06T23:19:13.533Z next:jsconfig-paths-plugin skipping request as it is inside node_modules react/jsx-runtime
2026-04-06T23:19:13.534Z next:jsconfig-paths-plugin skipping request as it is inside node_modules react
2026-04-06T23:19:13.534Z next:jsconfig-paths-plugin skipping request as it is inside node_modules @radix-ui/react-compose-refs
2026-04-06T23:19:13.534Z next:jsconfig-paths-plugin skipping request as it is inside node_modules next/dist/server/future/route-modules/app-page/vendored/ssr/react-jsx-runtime
2026-04-06T23:19:13.534Z next:jsconfig-paths-plugin skipping request as it is inside node_modules next/dist/server/future/route-modules/app-page/vendored/ssr/react
2026-04-06T23:19:13.534Z next:jsconfig-paths-plugin skipping request as it is inside node_modules C:\Users\Ahmed Amin Bejoui\Desktop\ai-code-review-platform\apps\dashboard\node_modules\next/dist/server/future/route-modules/app-page/vendored/ssr/react-jsx-runtime
2026-04-06T23:19:13.534Z next:jsconfig-paths-plugin skipping request as it is inside node_modules C:\Users\Ahmed Amin Bejoui\Desktop\ai-code-review-platform\apps\dashboard\node_modules\next/dist/server/future/route-modules/app-page/vendored/ssr/react
2026-04-06T23:19:13.688Z next:jsconfig-paths-plugin skipping request as it is inside node_modules react/jsx-runtime
2026-04-06T23:19:13.688Z next:jsconfig-paths-plugin skipping request as it is inside node_modules next/dist/server/future/route-modules/app-page/vendored/ssr/react-jsx-runtime
2026-04-06T23:19:13.688Z next:jsconfig-paths-plugin skipping request as it is inside node_modules C:\Users\Ahmed Amin Bejoui\Desktop\ai-code-review-platform\apps\dashboard\node_modules\next/dist/server/future/route-modules/app-page/vendored/ssr/react-jsx-runtime
2026-04-06T23:19:13.722Z next:jsconfig-paths-plugin skipping request as it is inside node_modules ./CSSTransition
2026-04-06T23:19:13.722Z next:jsconfig-paths-plugin skipping request as it is inside node_modules ./ReplaceTransition
2026-04-06T23:19:13.723Z next:jsconfig-paths-plugin skipping request as it is inside node_modules ./SwitchTransition
2026-04-06T23:19:13.723Z next:jsconfig-paths-plugin skipping request as it is inside node_modules ./TransitionGroup
2026-04-06T23:19:13.723Z next:jsconfig-paths-plugin skipping request as it is inside node_modules ./Transition
2026-04-06T23:19:13.723Z next:jsconfig-paths-plugin skipping request as it is inside node_modules ./config
2026-04-06T23:19:13.723Z next:jsconfig-paths-plugin skipping request as it is inside node_modules ./linear.js
2026-04-06T23:19:13.739Z next:jsconfig-paths-plugin skipping request as it is inside node_modules ./linear.js
2026-04-06T23:19:14.287Z next:jsconfig-paths-plugin skipping request as it is inside node_modules ./CSSTransition
2026-04-06T23:19:14.287Z next:jsconfig-paths-plugin skipping request as it is inside node_modules ./CSSTransition
2026-04-06T23:19:14.288Z next:jsconfig-paths-plugin skipping request as it is inside node_modules ./CSSTransition
2026-04-06T23:19:14.288Z next:jsconfig-paths-plugin skipping request as it is inside node_modules ./ReplaceTransition
2026-04-06T23:19:14.288Z next:jsconfig-paths-plugin skipping request as it is inside node_modules ./ReplaceTransition
2026-04-06T23:19:14.315Z next:jsconfig-paths-plugin skipping request as it is inside node_modules ./ReplaceTransition
2026-04-06T23:19:14.316Z next:jsconfig-paths-plugin skipping request as it is inside node_modules ./SwitchTransition
2026-04-06T23:19:14.331Z next:jsconfig-paths-plugin skipping request as it is inside node_modules ./SwitchTransition
2026-04-06T23:19:14.332Z next:jsconfig-paths-plugin skipping request as it is inside node_modules ./SwitchTransition
2026-04-06T23:19:14.333Z next:jsconfig-paths-plugin skipping request as it is inside node_modules ./TransitionGroup
2026-04-06T23:19:14.349Z next:jsconfig-paths-plugin skipping request as it is inside node_modules ./TransitionGroup
2026-04-06T23:19:14.349Z next:jsconfig-paths-plugin skipping request as it is inside node_modules ./TransitionGroup
2026-04-06T23:19:14.350Z next:jsconfig-paths-plugin skipping request as it is inside node_modules ./Transition
2026-04-06T23:19:14.350Z next:jsconfig-paths-plugin skipping request as it is inside node_modules ./Transition
2026-04-06T23:19:14.387Z next:jsconfig-paths-plugin skipping request as it is inside node_modules ./Transition
2026-04-06T23:19:14.388Z next:jsconfig-paths-plugin skipping request as it is inside node_modules ./config
2026-04-06T23:19:14.388Z next:jsconfig-paths-plugin skipping request as it is inside node_modules ./config
2026-04-06T23:19:14.389Z next:jsconfig-paths-plugin skipping request as it is inside node_modules ./config
2026-04-06T23:19:14.392Z next:jsconfig-paths-plugin skipping request as it is inside node_modules dequal/lite
2026-04-06T23:19:14.392Z next:jsconfig-paths-plugin skipping request as it is inside node_modules motion-dom
2026-04-06T23:19:14.442Z next:jsconfig-paths-plugin skipping request as it is inside node_modules motion-dom
2026-04-06T23:19:14.501Z next:jsconfig-paths-plugin skipping request as it is inside node_modules react
2026-04-06T23:19:14.502Z next:jsconfig-paths-plugin skipping request as it is inside node_modules next/dist/server/future/route-modules/app-page/vendored/ssr/react
2026-04-06T23:19:14.502Z next:jsconfig-paths-plugin skipping request as it is inside node_modules C:\Users\Ahmed Amin Bejoui\Desktop\ai-code-review-platform\apps\dashboard\node_modules\next/dist/server/future/route-modules/app-page/vendored/ssr/react
2026-04-06T23:19:14.857Z next:jsconfig-paths-plugin skipping request as it is inside node_modules ./_baseGetAllKeys
2026-04-06T23:19:14.980Z next:jsconfig-paths-plugin skipping request as it is inside node_modules ./_getSymbols
2026-04-06T23:19:15.034Z next:jsconfig-paths-plugin moduleName did not match any paths pattern d3-array
2026-04-06T23:19:15.034Z next:jsconfig-paths-plugin moduleName did not match any paths pattern d3-format
2026-04-06T23:19:15.034Z next:jsconfig-paths-plugin moduleName did not match any paths pattern d3-time
2026-04-06T23:19:15.034Z next:jsconfig-paths-plugin moduleName did not match any paths pattern d3-time-format
2026-04-06T23:19:15.034Z next:jsconfig-paths-plugin moduleName did not match any paths pattern d3-interpolate
2026-04-06T23:19:15.065Z next:jsconfig-paths-plugin skipping request as it is inside node_modules d3-array
2026-04-06T23:19:15.066Z next:jsconfig-paths-plugin skipping request as it is inside node_modules d3-format
2026-04-06T23:19:15.066Z next:jsconfig-paths-plugin skipping request as it is inside node_modules d3-time
2026-04-06T23:19:15.066Z next:jsconfig-paths-plugin skipping request as it is inside node_modules d3-time-format
2026-04-06T23:19:15.066Z next:jsconfig-paths-plugin skipping request as it is inside node_modules d3-interpolate
2026-04-06T23:19:15.126Z next:jsconfig-paths-plugin skipping request as it is inside node_modules ./_isKeyable
2026-04-06T23:19:15.126Z next:jsconfig-paths-plugin skipping request as it is inside node_modules ./_hashClear
2026-04-06T23:19:15.126Z next:jsconfig-paths-plugin skipping request as it is inside node_modules ./_hashDelete
2026-04-06T23:19:15.126Z next:jsconfig-paths-plugin skipping request as it is inside node_modules ./_hashGet
2026-04-06T23:19:15.127Z next:jsconfig-paths-plugin skipping request as it is inside node_modules ./_hashHas
2026-04-06T23:19:15.128Z next:jsconfig-paths-plugin skipping request as it is inside node_modules ./_hashSet
2026-04-06T23:19:15.148Z next:jsconfig-paths-plugin skipping request as it is inside node_modules ./_isMasked
2026-04-06T23:19:15.149Z next:jsconfig-paths-plugin skipping request as it is inside node_modules react
2026-04-06T23:19:15.150Z next:jsconfig-paths-plugin skipping request as it is inside node_modules react
2026-04-06T23:19:15.150Z next:jsconfig-paths-plugin skipping request as it is inside node_modules ../html/use-props.mjs
2026-04-06T23:19:15.167Z next:jsconfig-paths-plugin skipping request as it is inside node_modules ../../html/utils/create-render-state.mjs
2026-04-06T23:19:15.172Z next:jsconfig-paths-plugin skipping request as it is inside node_modules ../html/use-props.mjs
2026-04-06T23:19:15.172Z next:jsconfig-paths-plugin skipping request as it is inside node_modules react
2026-04-06T23:19:15.172Z next:jsconfig-paths-plugin skipping request as it is inside node_modules react
2026-04-06T23:19:15.172Z next:jsconfig-paths-plugin skipping request as it is inside node_modules ../../html/utils/create-render-state.mjs
2026-04-06T23:19:15.172Z next:jsconfig-paths-plugin skipping request as it is inside node_modules next/dist/server/future/route-modules/app-page/vendored/ssr/react
2026-04-06T23:19:15.172Z next:jsconfig-paths-plugin skipping request as it is inside node_modules next/dist/server/future/route-modules/app-page/vendored/ssr/react
2026-04-06T23:19:15.173Z next:jsconfig-paths-plugin skipping request as it is inside node_modules C:\Users\Ahmed Amin Bejoui\Desktop\ai-code-review-platform\apps\dashboard\node_modules\next/dist/server/future/route-modules/app-page/vendored/ssr/react
2026-04-06T23:19:15.173Z next:jsconfig-paths-plugin skipping request as it is inside node_modules C:\Users\Ahmed Amin Bejoui\Desktop\ai-code-review-platform\apps\dashboard\node_modules\next/dist/server/future/route-modules/app-page/vendored/ssr/react
2026-04-06T23:19:15.178Z next:jsconfig-paths-plugin skipping request as it is inside node_modules aria-hidden
2026-04-06T23:19:15.178Z next:jsconfig-paths-plugin skipping request as it is inside node_modules react-remove-scroll
2026-04-06T23:19:15.299Z next:jsconfig-paths-plugin skipping request as it is inside node_modules ./CSSTransition
2026-04-06T23:19:15.301Z next:jsconfig-paths-plugin skipping request as it is inside node_modules ./ReplaceTransition
2026-04-06T23:19:15.351Z next:jsconfig-paths-plugin skipping request as it is inside node_modules ./SwitchTransition
2026-04-06T23:19:15.410Z next:jsconfig-paths-plugin skipping request as it is inside node_modules ./Transition
2026-04-06T23:19:15.415Z next:jsconfig-paths-plugin skipping request as it is inside node_modules ./TransitionGroup
2026-04-06T23:19:15.419Z next:jsconfig-paths-plugin skipping request as it is inside node_modules ./config
2026-04-06T23:19:15.459Z next:jsconfig-paths-plugin skipping request as it is inside node_modules ./lib/ReactPropTypesSecret
2026-04-06T23:19:15.554Z next:jsconfig-paths-plugin skipping request as it is inside node_modules ./_assocIndexOf
2026-04-06T23:19:15.557Z next:jsconfig-paths-plugin skipping request as it is inside node_modules react-remove-scroll-bar
2026-04-06T23:19:15.557Z next:jsconfig-paths-plugin skipping request as it is inside node_modules react-style-singleton
2026-04-06T23:19:15.557Z next:jsconfig-paths-plugin skipping request as it is inside node_modules ./aggresiveCapture
2026-04-06T23:19:15.561Z next:jsconfig-paths-plugin skipping request as it is inside node_modules ./handleScroll
2026-04-06T23:19:15.584Z next:jsconfig-paths-plugin skipping request as it is inside node_modules @radix-ui/primitive
2026-04-06T23:19:15.584Z next:jsconfig-paths-plugin skipping request as it is inside node_modules @radix-ui/react-compose-refs
2026-04-06T23:19:15.972Z next:jsconfig-paths-plugin moduleName did not match any paths pattern dequal/lite
2026-04-06T23:19:16.016Z next:jsconfig-paths-plugin skipping request as it is inside node_modules dequal/lite
2026-04-06T23:19:16.019Z next:jsconfig-paths-plugin skipping request as it is inside node_modules ./_isKeyable
2026-04-06T23:19:16.020Z next:jsconfig-paths-plugin skipping request as it is inside node_modules ./_hashClear
2026-04-06T23:19:16.071Z next:jsconfig-paths-plugin skipping request as it is inside node_modules ./_hashDelete
2026-04-06T23:19:16.085Z next:jsconfig-paths-plugin skipping request as it is inside node_modules ./_hashHas
2026-04-06T23:19:16.086Z next:jsconfig-paths-plugin skipping request as it is inside node_modules ./_hashGet
2026-04-06T23:19:16.107Z next:jsconfig-paths-plugin skipping request as it is inside node_modules ./_hashSet
2026-04-06T23:19:16.108Z next:jsconfig-paths-plugin skipping request as it is inside node_modules ./_isMasked
2026-04-06T23:19:16.133Z next:jsconfig-paths-plugin skipping request as it is inside node_modules ./aggresiveCapture
2026-04-06T23:19:16.133Z next:jsconfig-paths-plugin skipping request as it is inside node_modules ./aggresiveCapture
2026-04-06T23:19:16.133Z next:jsconfig-paths-plugin skipping request as it is inside node_modules ./aggresiveCapture
2026-04-06T23:19:16.134Z next:jsconfig-paths-plugin skipping request as it is inside node_modules ./handleScroll
2026-04-06T23:19:16.159Z next:jsconfig-paths-plugin skipping request as it is inside node_modules ./handleScroll
2026-04-06T23:19:16.159Z next:jsconfig-paths-plugin skipping request as it is inside node_modules ./handleScroll
2026-04-06T23:19:16.199Z next:jsconfig-paths-plugin skipping request as it is inside node_modules @radix-ui/react-dismissable-layer
2026-04-06T23:19:16.199Z next:jsconfig-paths-plugin skipping request as it is inside node_modules @radix-ui/react-context
2026-04-06T23:19:16.199Z next:jsconfig-paths-plugin skipping request as it is inside node_modules @radix-ui/react-focus-guards
2026-04-06T23:19:16.199Z next:jsconfig-paths-plugin skipping request as it is inside node_modules @radix-ui/react-id
2026-04-06T23:19:16.199Z next:jsconfig-paths-plugin skipping request as it is inside node_modules @radix-ui/react-focus-scope
2026-04-06T23:19:16.200Z next:jsconfig-paths-plugin skipping request as it is inside node_modules @radix-ui/react-popper
2026-04-06T23:19:16.200Z next:jsconfig-paths-plugin skipping request as it is inside node_modules @radix-ui/react-portal
2026-04-06T23:19:16.200Z next:jsconfig-paths-plugin skipping request as it is inside node_modules @radix-ui/react-primitive
2026-04-06T23:19:16.200Z next:jsconfig-paths-plugin skipping request as it is inside node_modules @radix-ui/react-presence
2026-04-06T23:19:16.229Z next:jsconfig-paths-plugin skipping request as it is inside node_modules @radix-ui/react-use-controllable-state
2026-04-06T23:19:16.833Z next:jsconfig-paths-plugin skipping request as it is inside node_modules ./_assocIndexOf
2026-04-06T23:19:16.837Z next:jsconfig-paths-plugin skipping request as it is inside node_modules ./aggresiveCapture
2026-04-06T23:19:16.839Z next:jsconfig-paths-plugin skipping request as it is inside node_modules ./handleScroll
2026-04-06T23:19:16.877Z next:jsconfig-paths-plugin skipping request as it is inside node_modules react-remove-scroll-bar/constants
2026-04-06T23:19:16.878Z next:jsconfig-paths-plugin skipping request as it is inside node_modules react-remove-scroll-bar/constants
2026-04-06T23:19:16.879Z next:jsconfig-paths-plugin skipping request as it is inside node_modules react-remove-scroll-bar/constants
2026-04-06T23:19:16.881Z next:jsconfig-paths-plugin skipping request as it is inside node_modules ./_arrayFilter
2026-04-06T23:19:16.882Z next:jsconfig-paths-plugin skipping request as it is inside node_modules ./stubArray
2026-04-06T23:19:16.901Z next:jsconfig-paths-plugin skipping request as it is inside node_modules ./lib/ReactPropTypesSecret
2026-04-06T23:19:16.990Z next:jsconfig-paths-plugin skipping request as it is inside node_modules ./Transition
2026-04-06T23:19:16.991Z next:jsconfig-paths-plugin skipping request as it is inside node_modules ./Transition
2026-04-06T23:19:16.991Z next:jsconfig-paths-plugin skipping request as it is inside node_modules ./TransitionGroup
2026-04-06T23:19:16.991Z next:jsconfig-paths-plugin skipping request as it is inside node_modules ./config
2026-04-06T23:19:16.991Z next:jsconfig-paths-plugin skipping request as it is inside node_modules ./Transition
2026-04-06T23:19:16.991Z next:jsconfig-paths-plugin skipping request as it is inside node_modules ./Transition
2026-04-06T23:19:16.991Z next:jsconfig-paths-plugin skipping request as it is inside node_modules ./TransitionGroup
2026-04-06T23:19:16.991Z next:jsconfig-paths-plugin skipping request as it is inside node_modules ./config
2026-04-06T23:19:17.062Z next:jsconfig-paths-plugin skipping request as it is inside node_modules @babel/runtime/helpers/esm/extends
2026-04-06T23:19:17.063Z next:jsconfig-paths-plugin skipping request as it is inside node_modules @babel/runtime/helpers/esm/objectWithoutPropertiesLoose
2026-04-06T23:19:17.063Z next:jsconfig-paths-plugin skipping request as it is inside node_modules @babel/runtime/helpers/esm/inheritsLoose
2026-04-06T23:19:17.063Z next:jsconfig-paths-plugin skipping request as it is inside node_modules prop-types
2026-04-06T23:19:17.063Z next:jsconfig-paths-plugin skipping request as it is inside node_modules dom-helpers/addClass
2026-04-06T23:19:17.063Z next:jsconfig-paths-plugin skipping request as it is inside node_modules dom-helpers/removeClass
2026-04-06T23:19:17.063Z next:jsconfig-paths-plugin skipping request as it is inside node_modules react
2026-04-06T23:19:17.063Z next:jsconfig-paths-plugin skipping request as it is inside node_modules ./utils/PropTypes
2026-04-06T23:19:17.063Z next:jsconfig-paths-plugin skipping request as it is inside node_modules ./utils/reflow
2026-04-06T23:19:17.063Z next:jsconfig-paths-plugin skipping request as it is inside node_modules ./TransitionGroupContext
2026-04-06T23:19:17.064Z next:jsconfig-paths-plugin skipping request as it is inside node_modules react-dom
2026-04-06T23:19:17.064Z next:jsconfig-paths-plugin skipping request as it is inside node_modules @babel/runtime/helpers/esm/assertThisInitialized
2026-04-06T23:19:17.064Z next:jsconfig-paths-plugin skipping request as it is inside node_modules ./utils/ChildMapping
2026-04-06T23:19:17.197Z next:jsconfig-paths-plugin skipping request as it is inside node_modules ./TransitionGroupContext
2026-04-06T23:19:17.197Z next:jsconfig-paths-plugin skipping request as it is inside node_modules ./TransitionGroupContext
2026-04-06T23:19:17.197Z next:jsconfig-paths-plugin skipping request as it is inside node_modules ./TransitionGroupContext
2026-04-06T23:19:17.198Z next:jsconfig-paths-plugin skipping request as it is inside node_modules ./TransitionGroupContext
2026-04-06T23:19:17.198Z next:jsconfig-paths-plugin skipping request as it is inside node_modules ./TransitionGroupContext
2026-04-06T23:19:17.198Z next:jsconfig-paths-plugin skipping request as it is inside node_modules ./TransitionGroupContext
2026-04-06T23:19:17.235Z next:jsconfig-paths-plugin skipping request as it is inside node_modules ./TransitionGroupContext
2026-04-06T23:19:17.238Z next:jsconfig-paths-plugin moduleName did not match any paths pattern @floating-ui/dom
2026-04-06T23:19:17.238Z next:jsconfig-paths-plugin moduleName did not match any paths pattern use-sidecar
2026-04-06T23:19:17.238Z next:jsconfig-paths-plugin moduleName did not match any paths pattern use-callback-ref
2026-04-06T23:19:17.240Z next:jsconfig-paths-plugin skipping request as it is inside node_modules @floating-ui/dom
2026-04-06T23:19:17.240Z next:jsconfig-paths-plugin skipping request as it is inside node_modules use-sidecar
2026-04-06T23:19:17.241Z next:jsconfig-paths-plugin skipping request as it is inside node_modules use-callback-ref
2026-04-06T23:19:17.421Z next:jsconfig-paths-plugin skipping request as it is inside node_modules ./_arrayFilter
2026-04-06T23:19:17.422Z next:jsconfig-paths-plugin skipping request as it is inside node_modules ./stubArray
2026-04-06T23:19:17.427Z next:jsconfig-paths-plugin skipping request as it is inside node_modules ./utils/PropTypes
2026-04-06T23:19:17.427Z next:jsconfig-paths-plugin skipping request as it is inside node_modules ./utils/PropTypes
2026-04-06T23:19:17.428Z next:jsconfig-paths-plugin skipping request as it is inside node_modules ./utils/PropTypes
2026-04-06T23:19:17.428Z next:jsconfig-paths-plugin skipping request as it is inside node_modules ./utils/PropTypes
2026-04-06T23:19:17.429Z next:jsconfig-paths-plugin skipping request as it is inside node_modules ./utils/PropTypes
2026-04-06T23:19:17.431Z next:jsconfig-paths-plugin skipping request as it is inside node_modules ./utils/reflow
2026-04-06T23:19:17.431Z next:jsconfig-paths-plugin skipping request as it is inside node_modules ./utils/reflow
2026-04-06T23:19:17.431Z next:jsconfig-paths-plugin skipping request as it is inside node_modules ./utils/reflow
2026-04-06T23:19:17.431Z next:jsconfig-paths-plugin skipping request as it is inside node_modules ./utils/reflow
2026-04-06T23:19:17.432Z next:jsconfig-paths-plugin skipping request as it is inside node_modules ./utils/reflow
2026-04-06T23:19:17.432Z next:jsconfig-paths-plugin skipping request as it is inside node_modules ./utils/ChildMapping
2026-04-06T23:19:17.432Z next:jsconfig-paths-plugin skipping request as it is inside node_modules ./utils/ChildMapping
2026-04-06T23:19:17.432Z next:jsconfig-paths-plugin skipping request as it is inside node_modules ./utils/ChildMapping
2026-04-06T23:19:17.537Z next:jsconfig-paths-plugin skipping request as it is inside node_modules ./_nativeCreate
2026-04-06T23:19:17.537Z next:jsconfig-paths-plugin skipping request as it is inside node_modules ./_coreJsData
2026-04-06T23:19:17.575Z next:jsconfig-paths-plugin skipping request as it is inside node_modules ./TransitionGroupContext
2026-04-06T23:19:17.723Z next:jsconfig-paths-plugin skipping request as it is inside node_modules react
2026-04-06T23:19:17.724Z next:jsconfig-paths-plugin skipping request as it is inside node_modules react-dom
2026-04-06T23:19:17.724Z next:jsconfig-paths-plugin skipping request as it is inside node_modules prop-types
2026-04-06T23:19:17.724Z next:jsconfig-paths-plugin skipping request as it is inside node_modules next/dist/server/future/route-modules/app-page/vendored/ssr/react
2026-04-06T23:19:17.724Z next:jsconfig-paths-plugin skipping request as it is inside node_modules next/dist/server/future/route-modules/app-page/vendored/ssr/react-dom
2026-04-06T23:19:17.725Z next:jsconfig-paths-plugin skipping request as it is inside node_modules C:\Users\Ahmed Amin Bejoui\Desktop\ai-code-review-platform\apps\dashboard\node_modules\next/dist/server/future/route-modules/app-page/vendored/ssr/react
2026-04-06T23:19:17.725Z next:jsconfig-paths-plugin skipping request as it is inside node_modules C:\Users\Ahmed Amin Bejoui\Desktop\ai-code-review-platform\apps\dashboard\node_modules\next/dist/server/future/route-modules/app-page/vendored/ssr/react-dom
2026-04-06T23:19:17.785Z next:jsconfig-paths-plugin skipping request as it is inside node_modules ./defaultLocale.js
2026-04-06T23:19:17.786Z next:jsconfig-paths-plugin skipping request as it is inside node_modules ./locale.js
2026-04-06T23:19:17.786Z next:jsconfig-paths-plugin skipping request as it is inside node_modules ./formatSpecifier.js
2026-04-06T23:19:17.786Z next:jsconfig-paths-plugin skipping request as it is inside node_modules ./precisionFixed.js
2026-04-06T23:19:17.786Z next:jsconfig-paths-plugin skipping request as it is inside node_modules ./precisionPrefix.js
2026-04-06T23:19:17.786Z next:jsconfig-paths-plugin skipping request as it is inside node_modules ./precisionRound.js
2026-04-06T23:19:17.786Z next:jsconfig-paths-plugin skipping request as it is inside node_modules ./defaultLocale.js
2026-04-06T23:19:17.786Z next:jsconfig-paths-plugin skipping request as it is inside node_modules ./locale.js
2026-04-06T23:19:17.786Z next:jsconfig-paths-plugin skipping request as it is inside node_modules ./isoFormat.js
2026-04-06T23:19:17.786Z next:jsconfig-paths-plugin skipping request as it is inside node_modules ./isoParse.js
2026-04-06T23:19:17.786Z next:jsconfig-paths-plugin skipping request as it is inside node_modules ./interval.js
2026-04-06T23:19:17.786Z next:jsconfig-paths-plugin skipping request as it is inside node_modules ./millisecond.js
2026-04-06T23:19:17.786Z next:jsconfig-paths-plugin skipping request as it is inside node_modules ./second.js
2026-04-06T23:19:17.786Z next:jsconfig-paths-plugin skipping request as it is inside node_modules ./minute.js
2026-04-06T23:19:17.786Z next:jsconfig-paths-plugin skipping request as it is inside node_modules ./hour.js
2026-04-06T23:19:17.786Z next:jsconfig-paths-plugin skipping request as it is inside node_modules ./day.js
2026-04-06T23:19:17.786Z next:jsconfig-paths-plugin skipping request as it is inside node_modules ./week.js
2026-04-06T23:19:17.786Z next:jsconfig-paths-plugin skipping request as it is inside node_modules ./month.js
2026-04-06T23:19:17.786Z next:jsconfig-paths-plugin skipping request as it is inside node_modules ./year.js
2026-04-06T23:19:17.786Z next:jsconfig-paths-plugin skipping request as it is inside node_modules ./ticks.js
2026-04-06T23:19:17.786Z next:jsconfig-paths-plugin skipping request as it is inside node_modules ./bisect.js
2026-04-06T23:19:17.786Z next:jsconfig-paths-plugin skipping request as it is inside node_modules ./ascending.js
2026-04-06T23:19:17.786Z next:jsconfig-paths-plugin skipping request as it is inside node_modules ./bisector.js
2026-04-06T23:19:17.787Z next:jsconfig-paths-plugin skipping request as it is inside node_modules ./blur.js
2026-04-06T23:19:17.787Z next:jsconfig-paths-plugin skipping request as it is inside node_modules ./count.js
2026-04-06T23:19:17.787Z next:jsconfig-paths-plugin skipping request as it is inside node_modules ./cross.js
2026-04-06T23:19:17.787Z next:jsconfig-paths-plugin skipping request as it is inside node_modules ./cumsum.js
2026-04-06T23:19:17.787Z next:jsconfig-paths-plugin skipping request as it is inside node_modules ./descending.js
2026-04-06T23:19:17.787Z next:jsconfig-paths-plugin skipping request as it is inside node_modules ./deviation.js
2026-04-06T23:19:17.787Z next:jsconfig-paths-plugin skipping request as it is inside node_modules ./extent.js
2026-04-06T23:19:17.787Z next:jsconfig-paths-plugin skipping request as it is inside node_modules ./fsum.js
2026-04-06T23:19:17.787Z next:jsconfig-paths-plugin skipping request as it is inside node_modules ./group.js
2026-04-06T23:19:17.787Z next:jsconfig-paths-plugin skipping request as it is inside node_modules ./groupSort.js
2026-04-06T23:19:17.787Z next:jsconfig-paths-plugin skipping request as it is inside node_modules ./bin.js
2026-04-06T23:19:17.787Z next:jsconfig-paths-plugin skipping request as it is inside node_modules ./threshold/freedmanDiaconis.js
2026-04-06T23:19:17.787Z next:jsconfig-paths-plugin skipping request as it is inside node_modules ./threshold/scott.js
2026-04-06T23:19:17.787Z next:jsconfig-paths-plugin skipping request as it is inside node_modules ./threshold/sturges.js
2026-04-06T23:19:17.787Z next:jsconfig-paths-plugin skipping request as it is inside node_modules ./max.js
2026-04-06T23:19:17.787Z next:jsconfig-paths-plugin skipping request as it is inside node_modules ./maxIndex.js
2026-04-06T23:19:17.787Z next:jsconfig-paths-plugin skipping request as it is inside node_modules ./mean.js
2026-04-06T23:19:17.787Z next:jsconfig-paths-plugin skipping request as it is inside node_modules ./median.js
2026-04-06T23:19:17.787Z next:jsconfig-paths-plugin skipping request as it is inside node_modules ./merge.js
2026-04-06T23:19:17.787Z next:jsconfig-paths-plugin skipping request as it is inside node_modules ./min.js
2026-04-06T23:19:17.788Z next:jsconfig-paths-plugin skipping request as it is inside node_modules ./minIndex.js
2026-04-06T23:19:17.788Z next:jsconfig-paths-plugin skipping request as it is inside node_modules ./mode.js
2026-04-06T23:19:17.788Z next:jsconfig-paths-plugin skipping request as it is inside node_modules ./nice.js
2026-04-06T23:19:17.788Z next:jsconfig-paths-plugin skipping request as it is inside node_modules ./pairs.js
2026-04-06T23:19:17.788Z next:jsconfig-paths-plugin skipping request as it is inside node_modules ./permute.js
2026-04-06T23:19:17.788Z next:jsconfig-paths-plugin skipping request as it is inside node_modules ./quantile.js
2026-04-06T23:19:17.788Z next:jsconfig-paths-plugin skipping request as it is inside node_modules ./quickselect.js
2026-04-06T23:19:17.788Z next:jsconfig-paths-plugin skipping request as it is inside node_modules ./range.js
2026-04-06T23:19:17.788Z next:jsconfig-paths-plugin skipping request as it is inside node_modules ./rank.js
2026-04-06T23:19:17.788Z next:jsconfig-paths-plugin skipping request as it is inside node_modules ./least.js
2026-04-06T23:19:17.788Z next:jsconfig-paths-plugin skipping request as it is inside node_modules ./leastIndex.js
2026-04-06T23:19:17.788Z next:jsconfig-paths-plugin skipping request as it is inside node_modules ./greatest.js
2026-04-06T23:19:17.788Z next:jsconfig-paths-plugin skipping request as it is inside node_modules ./greatestIndex.js
2026-04-06T23:19:17.985Z next:jsconfig-paths-plugin skipping request as it is inside node_modules ./utils/PropTypes
2026-04-06T23:19:17.985Z next:jsconfig-paths-plugin skipping request as it is inside node_modules ./utils/reflow
2026-04-06T23:19:17.985Z next:jsconfig-paths-plugin skipping request as it is inside node_modules ./utils/ChildMapping
2026-04-06T23:19:18.065Z next:jsconfig-paths-plugin skipping request as it is inside node_modules ./_nativeCreate
2026-04-06T23:19:18.083Z next:jsconfig-paths-plugin skipping request as it is inside node_modules ./_coreJsData
2026-04-06T23:19:18.129Z next:jsconfig-paths-plugin skipping request as it is inside node_modules ./scan.js
2026-04-06T23:19:18.129Z next:jsconfig-paths-plugin skipping request as it is inside node_modules ./shuffle.js
2026-04-06T23:19:18.129Z next:jsconfig-paths-plugin skipping request as it is inside node_modules ./sum.js
2026-04-06T23:19:18.129Z next:jsconfig-paths-plugin skipping request as it is inside node_modules ./ticks.js
2026-04-06T23:19:18.130Z next:jsconfig-paths-plugin skipping request as it is inside node_modules ./transpose.js
2026-04-06T23:19:18.130Z next:jsconfig-paths-plugin skipping request as it is inside node_modules ./variance.js
2026-04-06T23:19:18.130Z next:jsconfig-paths-plugin skipping request as it is inside node_modules ./zip.js
2026-04-06T23:19:18.180Z next:jsconfig-paths-plugin skipping request as it is inside node_modules ./defaultLocale.js
2026-04-06T23:19:18.181Z next:jsconfig-paths-plugin skipping request as it is inside node_modules ./locale.js
2026-04-06T23:19:18.203Z next:jsconfig-paths-plugin skipping request as it is inside node_modules ./formatSpecifier.js
2026-04-06T23:19:18.229Z next:jsconfig-paths-plugin skipping request as it is inside node_modules ./precisionFixed.js
2026-04-06T23:19:18.232Z next:jsconfig-paths-plugin skipping request as it is inside node_modules ./precisionPrefix.js
2026-04-06T23:19:18.250Z next:jsconfig-paths-plugin skipping request as it is inside node_modules ./precisionRound.js
2026-04-06T23:19:18.252Z next:jsconfig-paths-plugin skipping request as it is inside node_modules ./defaultLocale.js
2026-04-06T23:19:18.288Z next:jsconfig-paths-plugin skipping request as it is inside node_modules ./locale.js
2026-04-06T23:19:18.291Z next:jsconfig-paths-plugin skipping request as it is inside node_modules ./isoFormat.js
2026-04-06T23:19:18.299Z next:jsconfig-paths-plugin skipping request as it is inside node_modules ./interval.js
2026-04-06T23:19:18.310Z next:jsconfig-paths-plugin skipping request as it is inside node_modules ./isoParse.js
2026-04-06T23:19:18.312Z next:jsconfig-paths-plugin skipping request as it is inside node_modules ./second.js
2026-04-06T23:19:18.316Z next:jsconfig-paths-plugin skipping request as it is inside node_modules ./millisecond.js
2026-04-06T23:19:18.320Z next:jsconfig-paths-plugin skipping request as it is inside node_modules ./minute.js
2026-04-06T23:19:18.322Z next:jsconfig-paths-plugin skipping request as it is inside node_modules ./hour.js
2026-04-06T23:19:18.323Z next:jsconfig-paths-plugin skipping request as it is inside node_modules ./day.js
2026-04-06T23:19:18.324Z next:jsconfig-paths-plugin skipping request as it is inside node_modules ./week.js
2026-04-06T23:19:18.325Z next:jsconfig-paths-plugin skipping request as it is inside node_modules ./month.js
2026-04-06T23:19:18.327Z next:jsconfig-paths-plugin skipping request as it is inside node_modules ./year.js
2026-04-06T23:19:18.327Z next:jsconfig-paths-plugin skipping request as it is inside node_modules ./ticks.js
2026-04-06T23:19:18.328Z next:jsconfig-paths-plugin skipping request as it is inside node_modules ./bisect.js
2026-04-06T23:19:18.335Z next:jsconfig-paths-plugin skipping request as it is inside node_modules ./ascending.js
2026-04-06T23:19:18.336Z next:jsconfig-paths-plugin skipping request as it is inside node_modules ./bisector.js
2026-04-06T23:19:18.339Z next:jsconfig-paths-plugin skipping request as it is inside node_modules ./blur.js
2026-04-06T23:19:18.341Z next:jsconfig-paths-plugin skipping request as it is inside node_modules ./count.js
2026-04-06T23:19:18.342Z next:jsconfig-paths-plugin skipping request as it is inside node_modules ./cross.js
2026-04-06T23:19:18.344Z next:jsconfig-paths-plugin skipping request as it is inside node_modules ./cumsum.js
2026-04-06T23:19:18.344Z next:jsconfig-paths-plugin skipping request as it is inside node_modules ./descending.js
2026-04-06T23:19:18.346Z next:jsconfig-paths-plugin skipping request as it is inside node_modules ./deviation.js
2026-04-06T23:19:18.347Z next:jsconfig-paths-plugin skipping request as it is inside node_modules ./extent.js
2026-04-06T23:19:18.348Z next:jsconfig-paths-plugin skipping request as it is inside node_modules ./fsum.js
2026-04-06T23:19:18.349Z next:jsconfig-paths-plugin skipping request as it is inside node_modules ./group.js
2026-04-06T23:19:18.349Z next:jsconfig-paths-plugin skipping request as it is inside node_modules ./groupSort.js
2026-04-06T23:19:18.351Z next:jsconfig-paths-plugin skipping request as it is inside node_modules ./bin.js
2026-04-06T23:19:18.353Z next:jsconfig-paths-plugin skipping request as it is inside node_modules ./max.js
2026-04-06T23:19:18.354Z next:jsconfig-paths-plugin skipping request as it is inside node_modules ./maxIndex.js
2026-04-06T23:19:18.356Z next:jsconfig-paths-plugin skipping request as it is inside node_modules ./mean.js
2026-04-06T23:19:18.357Z next:jsconfig-paths-plugin skipping request as it is inside node_modules ./median.js
2026-04-06T23:19:18.358Z next:jsconfig-paths-plugin skipping request as it is inside node_modules ./merge.js
2026-04-06T23:19:18.360Z next:jsconfig-paths-plugin skipping request as it is inside node_modules ./min.js
2026-04-06T23:19:18.361Z next:jsconfig-paths-plugin skipping request as it is inside node_modules ./minIndex.js
2026-04-06T23:19:18.363Z next:jsconfig-paths-plugin skipping request as it is inside node_modules ./mode.js
2026-04-06T23:19:18.365Z next:jsconfig-paths-plugin skipping request as it is inside node_modules ./nice.js
2026-04-06T23:19:18.367Z next:jsconfig-paths-plugin skipping request as it is inside node_modules ./pairs.js
2026-04-06T23:19:18.368Z next:jsconfig-paths-plugin skipping request as it is inside node_modules ./permute.js
2026-04-06T23:19:18.369Z next:jsconfig-paths-plugin skipping request as it is inside node_modules ./quantile.js
2026-04-06T23:19:18.370Z next:jsconfig-paths-plugin skipping request as it is inside node_modules ./quickselect.js
2026-04-06T23:19:18.370Z next:jsconfig-paths-plugin skipping request as it is inside node_modules ./range.js
2026-04-06T23:19:18.372Z next:jsconfig-paths-plugin skipping request as it is inside node_modules ./least.js
2026-04-06T23:19:18.373Z next:jsconfig-paths-plugin skipping request as it is inside node_modules ./rank.js
2026-04-06T23:19:18.375Z next:jsconfig-paths-plugin skipping request as it is inside node_modules ./leastIndex.js
2026-04-06T23:19:18.378Z next:jsconfig-paths-plugin skipping request as it is inside node_modules ./greatest.js
2026-04-06T23:19:18.380Z next:jsconfig-paths-plugin skipping request as it is inside node_modules ./greatestIndex.js
2026-04-06T23:19:18.439Z next:jsconfig-paths-plugin skipping request as it is inside node_modules ./every.js
2026-04-06T23:19:18.439Z next:jsconfig-paths-plugin skipping request as it is inside node_modules ./some.js
2026-04-06T23:19:18.439Z next:jsconfig-paths-plugin skipping request as it is inside node_modules ./filter.js
2026-04-06T23:19:18.439Z next:jsconfig-paths-plugin skipping request as it is inside node_modules ./map.js
2026-04-06T23:19:18.439Z next:jsconfig-paths-plugin skipping request as it is inside node_modules ./reduce.js
2026-04-06T23:19:18.444Z next:jsconfig-paths-plugin moduleName did not match any paths pattern react-remove-scroll-bar
2026-04-06T23:19:18.489Z next:jsconfig-paths-plugin skipping request as it is inside node_modules react-remove-scroll-bar
2026-04-06T23:19:18.551Z next:jsconfig-paths-plugin skipping request as it is inside node_modules ./scan.js
2026-04-06T23:19:18.552Z next:jsconfig-paths-plugin skipping request as it is inside node_modules ./shuffle.js
2026-04-06T23:19:18.595Z next:jsconfig-paths-plugin skipping request as it is inside node_modules ./sum.js
2026-04-06T23:19:18.619Z next:jsconfig-paths-plugin skipping request as it is inside node_modules ./ticks.js
2026-04-06T23:19:18.620Z next:jsconfig-paths-plugin skipping request as it is inside node_modules ./transpose.js
2026-04-06T23:19:18.684Z next:jsconfig-paths-plugin skipping request as it is inside node_modules ./variance.js
2026-04-06T23:19:18.688Z next:jsconfig-paths-plugin skipping request as it is inside node_modules ./zip.js
2026-04-06T23:19:18.852Z next:jsconfig-paths-plugin skipping request as it is inside node_modules ./reverse.js
2026-04-06T23:19:18.853Z next:jsconfig-paths-plugin skipping request as it is inside node_modules ./sort.js
2026-04-06T23:19:18.853Z next:jsconfig-paths-plugin skipping request as it is inside node_modules ./difference.js
2026-04-06T23:19:18.853Z next:jsconfig-paths-plugin skipping request as it is inside node_modules ./disjoint.js
2026-04-06T23:19:18.853Z next:jsconfig-paths-plugin skipping request as it is inside node_modules ./intersection.js
2026-04-06T23:19:18.853Z next:jsconfig-paths-plugin skipping request as it is inside node_modules ./subset.js
2026-04-06T23:19:18.853Z next:jsconfig-paths-plugin skipping request as it is inside node_modules ./superset.js
2026-04-06T23:19:18.853Z next:jsconfig-paths-plugin skipping request as it is inside node_modules ./union.js
2026-04-06T23:19:18.853Z next:jsconfig-paths-plugin skipping request as it is inside node_modules internmap
2026-04-06T23:19:18.853Z next:jsconfig-paths-plugin skipping request as it is inside node_modules ./value.js
2026-04-06T23:19:18.853Z next:jsconfig-paths-plugin skipping request as it is inside node_modules ./array.js
2026-04-06T23:19:18.853Z next:jsconfig-paths-plugin skipping request as it is inside node_modules ./basis.js
2026-04-06T23:19:18.854Z next:jsconfig-paths-plugin skipping request as it is inside node_modules ./basisClosed.js
2026-04-06T23:19:18.854Z next:jsconfig-paths-plugin skipping request as it is inside node_modules ./date.js
2026-04-06T23:19:18.854Z next:jsconfig-paths-plugin skipping request as it is inside node_modules ./discrete.js
2026-04-06T23:19:18.854Z next:jsconfig-paths-plugin skipping request as it is inside node_modules ./hue.js
2026-04-06T23:19:18.854Z next:jsconfig-paths-plugin skipping request as it is inside node_modules ./number.js
2026-04-06T23:19:18.854Z next:jsconfig-paths-plugin skipping request as it is inside node_modules ./numberArray.js
2026-04-06T23:19:18.854Z next:jsconfig-paths-plugin skipping request as it is inside node_modules ./object.js
2026-04-06T23:19:18.854Z next:jsconfig-paths-plugin skipping request as it is inside node_modules ./round.js
2026-04-06T23:19:18.854Z next:jsconfig-paths-plugin skipping request as it is inside node_modules ./string.js
2026-04-06T23:19:18.854Z next:jsconfig-paths-plugin skipping request as it is inside node_modules ./transform/index.js
2026-04-06T23:19:18.854Z next:jsconfig-paths-plugin skipping request as it is inside node_modules ./zoom.js
2026-04-06T23:19:18.854Z next:jsconfig-paths-plugin skipping request as it is inside node_modules ./rgb.js
2026-04-06T23:19:18.854Z next:jsconfig-paths-plugin skipping request as it is inside node_modules ./hsl.js
2026-04-06T23:19:18.854Z next:jsconfig-paths-plugin skipping request as it is inside node_modules ./lab.js
2026-04-06T23:19:18.854Z next:jsconfig-paths-plugin skipping request as it is inside node_modules ./hcl.js
2026-04-06T23:19:18.854Z next:jsconfig-paths-plugin skipping request as it is inside node_modules ./cubehelix.js
2026-04-06T23:19:18.893Z next:jsconfig-paths-plugin skipping request as it is inside node_modules ./piecewise.js
2026-04-06T23:19:18.893Z next:jsconfig-paths-plugin skipping request as it is inside node_modules ./quantize.js
2026-04-06T23:19:18.954Z next:jsconfig-paths-plugin moduleName did not match any paths pattern react-remove-scroll-bar/constants
2026-04-06T23:19:18.955Z next:jsconfig-paths-plugin skipping request as it is inside node_modules react-remove-scroll-bar/constants
2026-04-06T23:19:18.981Z next:jsconfig-paths-plugin skipping request as it is inside node_modules ./threshold/freedmanDiaconis.js
2026-04-06T23:19:18.981Z next:jsconfig-paths-plugin skipping request as it is inside node_modules ./threshold/sturges.js
2026-04-06T23:19:18.981Z next:jsconfig-paths-plugin skipping request as it is inside node_modules ./threshold/scott.js
2026-04-06T23:19:19.013Z next:jsconfig-paths-plugin skipping request as it is inside node_modules ./every.js
2026-04-06T23:19:19.052Z next:jsconfig-paths-plugin skipping request as it is inside node_modules ./filter.js
2026-04-06T23:19:19.103Z next:jsconfig-paths-plugin skipping request as it is inside node_modules ./map.js
2026-04-06T23:19:19.105Z next:jsconfig-paths-plugin skipping request as it is inside node_modules ./reduce.js
2026-04-06T23:19:19.105Z next:jsconfig-paths-plugin skipping request as it is inside node_modules ./some.js
2026-04-06T23:19:19.538Z next:jsconfig-paths-plugin moduleName did not match any paths pattern d3-path
2026-04-06T23:19:19.563Z next:jsconfig-paths-plugin skipping request as it is inside node_modules d3-path
2026-04-06T23:19:19.656Z next:jsconfig-paths-plugin skipping request as it is inside node_modules ./reverse.js
2026-04-06T23:19:19.657Z next:jsconfig-paths-plugin skipping request as it is inside node_modules ./sort.js
2026-04-06T23:19:19.659Z next:jsconfig-paths-plugin skipping request as it is inside node_modules ./difference.js
2026-04-06T23:19:19.662Z next:jsconfig-paths-plugin skipping request as it is inside node_modules ./disjoint.js
2026-04-06T23:19:19.664Z next:jsconfig-paths-plugin skipping request as it is inside node_modules ./intersection.js
2026-04-06T23:19:19.665Z next:jsconfig-paths-plugin skipping request as it is inside node_modules ./subset.js
2026-04-06T23:19:19.665Z next:jsconfig-paths-plugin skipping request as it is inside node_modules ./superset.js
2026-04-06T23:19:19.666Z next:jsconfig-paths-plugin skipping request as it is inside node_modules ./union.js
2026-04-06T23:19:19.670Z next:jsconfig-paths-plugin skipping request as it is inside node_modules ./value.js
2026-04-06T23:19:19.670Z next:jsconfig-paths-plugin skipping request as it is inside node_modules ./array.js
2026-04-06T23:19:19.671Z next:jsconfig-paths-plugin skipping request as it is inside node_modules ./basis.js
2026-04-06T23:19:19.672Z next:jsconfig-paths-plugin skipping request as it is inside node_modules ./basisClosed.js
2026-04-06T23:19:19.673Z next:jsconfig-paths-plugin skipping request as it is inside node_modules ./date.js
2026-04-06T23:19:19.675Z next:jsconfig-paths-plugin skipping request as it is inside node_modules ./discrete.js
2026-04-06T23:19:19.676Z next:jsconfig-paths-plugin skipping request as it is inside node_modules ./hue.js
2026-04-06T23:19:19.677Z next:jsconfig-paths-plugin skipping request as it is inside node_modules ./object.js
2026-04-06T23:19:19.678Z next:jsconfig-paths-plugin skipping request as it is inside node_modules ./number.js
2026-04-06T23:19:19.679Z next:jsconfig-paths-plugin skipping request as it is inside node_modules ./round.js
2026-04-06T23:19:19.682Z next:jsconfig-paths-plugin skipping request as it is inside node_modules ./string.js
2026-04-06T23:19:19.682Z next:jsconfig-paths-plugin skipping request as it is inside node_modules ./numberArray.js
2026-04-06T23:19:19.684Z next:jsconfig-paths-plugin skipping request as it is inside node_modules ./zoom.js
2026-04-06T23:19:19.685Z next:jsconfig-paths-plugin skipping request as it is inside node_modules ./rgb.js
2026-04-06T23:19:19.687Z next:jsconfig-paths-plugin skipping request as it is inside node_modules ./hsl.js
2026-04-06T23:19:19.688Z next:jsconfig-paths-plugin skipping request as it is inside node_modules ./hcl.js
2026-04-06T23:19:19.689Z next:jsconfig-paths-plugin skipping request as it is inside node_modules ./lab.js
2026-04-06T23:19:19.690Z next:jsconfig-paths-plugin skipping request as it is inside node_modules ./cubehelix.js
2026-04-06T23:19:19.725Z next:jsconfig-paths-plugin skipping request as it is inside node_modules ./piecewise.js
2026-04-06T23:19:19.749Z next:jsconfig-paths-plugin skipping request as it is inside node_modules ./quantize.js
2026-04-06T23:19:19.911Z next:jsconfig-paths-plugin skipping request as it is inside node_modules dom-helpers/addClass
2026-04-06T23:19:19.911Z next:jsconfig-paths-plugin skipping request as it is inside node_modules dom-helpers/removeClass
2026-04-06T23:19:19.912Z next:jsconfig-paths-plugin skipping request as it is inside node_modules dom-helpers/addClass
2026-04-06T23:19:19.987Z next:jsconfig-paths-plugin skipping request as it is inside node_modules dom-helpers/removeClass
2026-04-06T23:19:19.988Z next:jsconfig-paths-plugin skipping request as it is inside node_modules dom-helpers/addClass
2026-04-06T23:19:19.988Z next:jsconfig-paths-plugin skipping request as it is inside node_modules dom-helpers/removeClass
2026-04-06T23:19:20.210Z next:jsconfig-paths-plugin skipping request as it is inside node_modules @radix-ui/react-slot
2026-04-06T23:19:21.175Z next:jsconfig-paths-plugin skipping request as it is inside node_modules ./transform/index.js
2026-04-06T23:19:21.298Z next:jsconfig-paths-plugin skipping request as it is inside node_modules ./exponent.js
2026-04-06T23:19:21.298Z next:jsconfig-paths-plugin skipping request as it is inside node_modules ./formatGroup.js
2026-04-06T23:19:21.298Z next:jsconfig-paths-plugin skipping request as it is inside node_modules ./formatNumerals.js
2026-04-06T23:19:21.299Z next:jsconfig-paths-plugin skipping request as it is inside node_modules ./formatTrim.js
2026-04-06T23:19:21.299Z next:jsconfig-paths-plugin skipping request as it is inside node_modules ./formatTypes.js
2026-04-06T23:19:21.299Z next:jsconfig-paths-plugin skipping request as it is inside node_modules ./formatPrefixAuto.js
2026-04-06T23:19:21.299Z next:jsconfig-paths-plugin skipping request as it is inside node_modules ./identity.js
2026-04-06T23:19:21.299Z next:jsconfig-paths-plugin skipping request as it is inside node_modules d3-time
2026-04-06T23:19:21.299Z next:jsconfig-paths-plugin skipping request as it is inside node_modules ./duration.js
2026-04-06T23:19:21.299Z next:jsconfig-paths-plugin skipping request as it is inside node_modules prop-types
2026-04-06T23:19:21.299Z next:jsconfig-paths-plugin skipping request as it is inside node_modules react
2026-04-06T23:19:21.332Z next:jsconfig-paths-plugin moduleName did not match any paths pattern react-style-singleton
2026-04-06T23:19:21.368Z next:jsconfig-paths-plugin skipping request as it is inside node_modules react-style-singleton
2026-04-06T23:19:22.051Z next:jsconfig-paths-plugin skipping request as it is inside node_modules @radix-ui/react-slot
2026-04-06T23:19:22.084Z next:jsconfig-paths-plugin skipping request as it is inside node_modules react
2026-04-06T23:19:22.084Z next:jsconfig-paths-plugin skipping request as it is inside node_modules prop-types
2026-04-06T23:19:22.084Z next:jsconfig-paths-plugin skipping request as it is inside node_modules next/dist/server/future/route-modules/app-page/vendored/ssr/react
2026-04-06T23:19:22.085Z next:jsconfig-paths-plugin skipping request as it is inside node_modules C:\Users\Ahmed Amin Bejoui\Desktop\ai-code-review-platform\apps\dashboard\node_modules\next/dist/server/future/route-modules/app-page/vendored/ssr/react
2026-04-06T23:19:22.417Z next:jsconfig-paths-plugin skipping request as it is inside node_modules d3-array
2026-04-06T23:19:22.417Z next:jsconfig-paths-plugin skipping request as it is inside node_modules ./number.js
2026-04-06T23:19:22.417Z next:jsconfig-paths-plugin skipping request as it is inside node_modules ./identity.js
2026-04-06T23:19:22.417Z next:jsconfig-paths-plugin skipping request as it is inside node_modules ./array.js
2026-04-06T23:19:22.718Z next:jsconfig-paths-plugin skipping request as it is inside node_modules ./formatGroup.js
2026-04-06T23:19:22.762Z next:jsconfig-paths-plugin skipping request as it is inside node_modules ./exponent.js
2026-04-06T23:19:22.798Z next:jsconfig-paths-plugin skipping request as it is inside node_modules ./formatNumerals.js
2026-04-06T23:19:22.802Z next:jsconfig-paths-plugin skipping request as it is inside node_modules ./formatTrim.js
2026-04-06T23:19:22.805Z next:jsconfig-paths-plugin skipping request as it is inside node_modules ./formatTypes.js
2026-04-06T23:19:22.807Z next:jsconfig-paths-plugin skipping request as it is inside node_modules ./duration.js
2026-04-06T23:19:22.839Z next:jsconfig-paths-plugin skipping request as it is inside node_modules ./formatPrefixAuto.js
2026-04-06T23:19:22.840Z next:jsconfig-paths-plugin skipping request as it is inside node_modules ./identity.js
2026-04-06T23:19:23.134Z next:jsconfig-paths-plugin skipping request as it is inside node_modules ./constant.js
2026-04-06T23:19:23.287Z next:jsconfig-paths-plugin skipping request as it is inside node_modules ./number.js
2026-04-06T23:19:23.290Z next:jsconfig-paths-plugin skipping request as it is inside node_modules ./identity.js
2026-04-06T23:19:23.292Z next:jsconfig-paths-plugin skipping request as it is inside node_modules ./array.js
2026-04-06T23:19:23.375Z next:jsconfig-paths-plugin skipping request as it is inside node_modules @floating-ui/core
2026-04-06T23:19:23.375Z next:jsconfig-paths-plugin skipping request as it is inside node_modules @floating-ui/utils
2026-04-06T23:19:23.376Z next:jsconfig-paths-plugin skipping request as it is inside node_modules @floating-ui/utils/dom
2026-04-06T23:19:23.376Z next:jsconfig-paths-plugin skipping request as it is inside node_modules ../count.js
2026-04-06T23:19:23.376Z next:jsconfig-paths-plugin skipping request as it is inside node_modules ../deviation.js
2026-04-06T23:19:23.376Z next:jsconfig-paths-plugin skipping request as it is inside node_modules ../quantile.js
2026-04-06T23:19:23.377Z next:jsconfig-paths-plugin skipping request as it is inside node_modules ../count.js
2026-04-06T23:19:23.377Z next:jsconfig-paths-plugin skipping request as it is inside node_modules ../deviation.js
2026-04-06T23:19:23.377Z next:jsconfig-paths-plugin skipping request as it is inside node_modules ../quantile.js
2026-04-06T23:19:23.466Z next:jsconfig-paths-plugin skipping request as it is inside node_modules ./constant.js
2026-04-06T23:19:23.540Z next:jsconfig-paths-plugin skipping request as it is inside node_modules d3-time
2026-04-06T23:19:23.691Z next:jsconfig-paths-plugin skipping request as it is inside node_modules d3-array
2026-04-06T23:19:24.461Z next:jsconfig-paths-plugin skipping request as it is inside node_modules d3-color
2026-04-06T23:19:24.461Z next:jsconfig-paths-plugin skipping request as it is inside node_modules ./constant.js
2026-04-06T23:19:24.461Z next:jsconfig-paths-plugin skipping request as it is inside node_modules ./color.js
2026-04-06T23:19:24.462Z next:jsconfig-paths-plugin skipping request as it is inside node_modules ./assignRef
2026-04-06T23:19:24.463Z next:jsconfig-paths-plugin skipping request as it is inside node_modules ./useRef
2026-04-06T23:19:24.463Z next:jsconfig-paths-plugin skipping request as it is inside node_modules ./createRef
2026-04-06T23:19:24.516Z next:jsconfig-paths-plugin skipping request as it is inside node_modules ./mergeRef
2026-04-06T23:19:24.516Z next:jsconfig-paths-plugin skipping request as it is inside node_modules ./useMergeRef
2026-04-06T23:19:24.516Z next:jsconfig-paths-plugin skipping request as it is inside node_modules ./useTransformRef
2026-04-06T23:19:24.516Z next:jsconfig-paths-plugin skipping request as it is inside node_modules ./transformRef
2026-04-06T23:19:24.516Z next:jsconfig-paths-plugin skipping request as it is inside node_modules ./refToCallback
2026-04-06T23:19:24.517Z next:jsconfig-paths-plugin skipping request as it is inside node_modules ./hoc
2026-04-06T23:19:24.517Z next:jsconfig-paths-plugin skipping request as it is inside node_modules ./hook
2026-04-06T23:19:24.517Z next:jsconfig-paths-plugin skipping request as it is inside node_modules ./config
2026-04-06T23:19:24.517Z next:jsconfig-paths-plugin skipping request as it is inside node_modules ./medium
2026-04-06T23:19:24.519Z next:jsconfig-paths-plugin skipping request as it is inside node_modules ./renderProp
2026-04-06T23:19:24.519Z next:jsconfig-paths-plugin skipping request as it is inside node_modules ./exports
2026-04-06T23:19:24.519Z next:jsconfig-paths-plugin skipping request as it is inside node_modules ../number.js
2026-04-06T23:19:24.519Z next:jsconfig-paths-plugin skipping request as it is inside node_modules ./parse.js
2026-04-06T23:19:24.722Z next:jsconfig-paths-plugin skipping request as it is inside node_modules ../number.js
2026-04-06T23:19:25.173Z next:jsconfig-paths-plugin skipping request as it is inside node_modules ./assignRef
2026-04-06T23:19:25.173Z next:jsconfig-paths-plugin skipping request as it is inside node_modules ./assignRef
2026-04-06T23:19:25.173Z next:jsconfig-paths-plugin skipping request as it is inside node_modules ./assignRef
2026-04-06T23:19:25.174Z next:jsconfig-paths-plugin skipping request as it is inside node_modules ./useRef
2026-04-06T23:19:25.210Z next:jsconfig-paths-plugin skipping request as it is inside node_modules ./useRef
2026-04-06T23:19:25.211Z next:jsconfig-paths-plugin skipping request as it is inside node_modules ./useRef
2026-04-06T23:19:25.211Z next:jsconfig-paths-plugin skipping request as it is inside node_modules ./createRef
2026-04-06T23:19:25.211Z next:jsconfig-paths-plugin skipping request as it is inside node_modules ./createRef
2026-04-06T23:19:25.212Z next:jsconfig-paths-plugin skipping request as it is inside node_modules ./createRef
2026-04-06T23:19:25.212Z next:jsconfig-paths-plugin skipping request as it is inside node_modules ./mergeRef
2026-04-06T23:19:25.212Z next:jsconfig-paths-plugin skipping request as it is inside node_modules ./mergeRef
2026-04-06T23:19:25.212Z next:jsconfig-paths-plugin skipping request as it is inside node_modules ./mergeRef
2026-04-06T23:19:25.250Z next:jsconfig-paths-plugin skipping request as it is inside node_modules ./useMergeRef
2026-04-06T23:19:25.252Z next:jsconfig-paths-plugin skipping request as it is inside node_modules ./useMergeRef
2026-04-06T23:19:25.253Z next:jsconfig-paths-plugin skipping request as it is inside node_modules ./useMergeRef
2026-04-06T23:19:25.270Z next:jsconfig-paths-plugin skipping request as it is inside node_modules ./useTransformRef
2026-04-06T23:19:25.271Z next:jsconfig-paths-plugin skipping request as it is inside node_modules ./useTransformRef
2026-04-06T23:19:25.272Z next:jsconfig-paths-plugin skipping request as it is inside node_modules ./useTransformRef
2026-04-06T23:19:25.292Z next:jsconfig-paths-plugin skipping request as it is inside node_modules ./transformRef
2026-04-06T23:19:25.293Z next:jsconfig-paths-plugin skipping request as it is inside node_modules ./transformRef
2026-04-06T23:19:25.294Z next:jsconfig-paths-plugin skipping request as it is inside node_modules ./transformRef
2026-04-06T23:19:25.294Z next:jsconfig-paths-plugin skipping request as it is inside node_modules ./refToCallback
2026-04-06T23:19:25.294Z next:jsconfig-paths-plugin skipping request as it is inside node_modules ./refToCallback
2026-04-06T23:19:25.294Z next:jsconfig-paths-plugin skipping request as it is inside node_modules ./refToCallback
2026-04-06T23:19:25.310Z next:jsconfig-paths-plugin skipping request as it is inside node_modules ./hoc
2026-04-06T23:19:25.311Z next:jsconfig-paths-plugin skipping request as it is inside node_modules ./hoc
2026-04-06T23:19:25.311Z next:jsconfig-paths-plugin skipping request as it is inside node_modules ./hoc
2026-04-06T23:19:25.312Z next:jsconfig-paths-plugin skipping request as it is inside node_modules ./hook
2026-04-06T23:19:25.312Z next:jsconfig-paths-plugin skipping request as it is inside node_modules ./hook
2026-04-06T23:19:25.315Z next:jsconfig-paths-plugin skipping request as it is inside node_modules ./hook
2026-04-06T23:19:25.316Z next:jsconfig-paths-plugin skipping request as it is inside node_modules ./config
2026-04-06T23:19:25.316Z next:jsconfig-paths-plugin skipping request as it is inside node_modules ./config
2026-04-06T23:19:25.316Z next:jsconfig-paths-plugin skipping request as it is inside node_modules ./config
2026-04-06T23:19:25.322Z next:jsconfig-paths-plugin skipping request as it is inside node_modules ./medium
2026-04-06T23:19:25.322Z next:jsconfig-paths-plugin skipping request as it is inside node_modules ./medium
2026-04-06T23:19:25.322Z next:jsconfig-paths-plugin skipping request as it is inside node_modules ./medium
2026-04-06T23:19:25.323Z next:jsconfig-paths-plugin skipping request as it is inside node_modules ./renderProp
2026-04-06T23:19:25.323Z next:jsconfig-paths-plugin skipping request as it is inside node_modules ./renderProp
2026-04-06T23:19:25.323Z next:jsconfig-paths-plugin skipping request as it is inside node_modules ./renderProp
2026-04-06T23:19:25.323Z next:jsconfig-paths-plugin skipping request as it is inside node_modules ./exports
2026-04-06T23:19:25.323Z next:jsconfig-paths-plugin skipping request as it is inside node_modules ./exports
2026-04-06T23:19:25.324Z next:jsconfig-paths-plugin skipping request as it is inside node_modules ./exports
2026-04-06T23:19:25.327Z next:jsconfig-paths-plugin skipping request as it is inside node_modules ./formatDecimal.js
2026-04-06T23:19:25.327Z next:jsconfig-paths-plugin skipping request as it is inside node_modules ./formatRounded.js
2026-04-06T23:19:25.360Z next:jsconfig-paths-plugin skipping request as it is inside node_modules ./constant.js
2026-04-06T23:19:25.361Z next:jsconfig-paths-plugin skipping request as it is inside node_modules ./color.js
2026-04-06T23:19:25.491Z next:jsconfig-paths-plugin skipping request as it is inside node_modules ./parse.js
2026-04-06T23:19:25.632Z next:jsconfig-paths-plugin skipping request as it is inside node_modules ./assignRef
2026-04-06T23:19:25.633Z next:jsconfig-paths-plugin skipping request as it is inside node_modules ./useRef
2026-04-06T23:19:25.635Z next:jsconfig-paths-plugin skipping request as it is inside node_modules ./createRef
2026-04-06T23:19:25.637Z next:jsconfig-paths-plugin skipping request as it is inside node_modules ./mergeRef
2026-04-06T23:19:25.639Z next:jsconfig-paths-plugin skipping request as it is inside node_modules ./useMergeRef
2026-04-06T23:19:25.641Z next:jsconfig-paths-plugin skipping request as it is inside node_modules ./useTransformRef
2026-04-06T23:19:25.642Z next:jsconfig-paths-plugin skipping request as it is inside node_modules ./transformRef
2026-04-06T23:19:25.643Z next:jsconfig-paths-plugin skipping request as it is inside node_modules ./refToCallback
2026-04-06T23:19:25.644Z next:jsconfig-paths-plugin skipping request as it is inside node_modules ./hoc
2026-04-06T23:19:25.646Z next:jsconfig-paths-plugin skipping request as it is inside node_modules ./hook
2026-04-06T23:19:25.648Z next:jsconfig-paths-plugin skipping request as it is inside node_modules ./config
2026-04-06T23:19:25.648Z next:jsconfig-paths-plugin skipping request as it is inside node_modules ./medium
2026-04-06T23:19:25.650Z next:jsconfig-paths-plugin skipping request as it is inside node_modules ./renderProp
2026-04-06T23:19:25.652Z next:jsconfig-paths-plugin skipping request as it is inside node_modules ./exports
2026-04-06T23:19:25.654Z next:jsconfig-paths-plugin skipping request as it is inside node_modules ./formatDecimal.js
2026-04-06T23:19:25.713Z next:jsconfig-paths-plugin skipping request as it is inside node_modules ./formatRounded.js
2026-04-06T23:19:25.748Z next:jsconfig-paths-plugin skipping request as it is inside node_modules ./path.js
2026-04-06T23:19:25.779Z next:jsconfig-paths-plugin moduleName did not match any paths pattern dom-helpers/addClass
2026-04-06T23:19:25.779Z next:jsconfig-paths-plugin moduleName did not match any paths pattern dom-helpers/removeClass
2026-04-06T23:19:25.798Z next:jsconfig-paths-plugin skipping request as it is inside node_modules dom-helpers/addClass
2026-04-06T23:19:25.798Z next:jsconfig-paths-plugin skipping request as it is inside node_modules dom-helpers/removeClass
2026-04-06T23:19:26.027Z next:jsconfig-paths-plugin skipping request as it is inside node_modules ./path.js
2026-04-06T23:19:26.029Z next:jsconfig-paths-plugin moduleName did not match any paths pattern @babel/runtime/helpers/esm/objectWithoutPropertiesLoose
2026-04-06T23:19:26.029Z next:jsconfig-paths-plugin moduleName did not match any paths pattern @babel/runtime/helpers/esm/extends
2026-04-06T23:19:26.029Z next:jsconfig-paths-plugin moduleName did not match any paths pattern @babel/runtime/helpers/esm/inheritsLoose
2026-04-06T23:19:26.029Z next:jsconfig-paths-plugin moduleName did not match any paths pattern @babel/runtime/helpers/esm/assertThisInitialized
2026-04-06T23:19:26.049Z next:jsconfig-paths-plugin skipping request as it is inside node_modules @babel/runtime/helpers/esm/objectWithoutPropertiesLoose
2026-04-06T23:19:26.049Z next:jsconfig-paths-plugin skipping request as it is inside node_modules @babel/runtime/helpers/esm/extends
2026-04-06T23:19:26.049Z next:jsconfig-paths-plugin skipping request as it is inside node_modules @babel/runtime/helpers/esm/inheritsLoose
2026-04-06T23:19:26.049Z next:jsconfig-paths-plugin skipping request as it is inside node_modules @babel/runtime/helpers/esm/assertThisInitialized
2026-04-06T23:19:26.117Z next:jsconfig-paths-plugin skipping request as it is inside node_modules ./component
2026-04-06T23:19:26.117Z next:jsconfig-paths-plugin skipping request as it is inside node_modules ./constants
2026-04-06T23:19:26.117Z next:jsconfig-paths-plugin skipping request as it is inside node_modules ./utils
2026-04-06T23:19:26.178Z next:jsconfig-paths-plugin skipping request as it is inside node_modules ./component
2026-04-06T23:19:26.178Z next:jsconfig-paths-plugin skipping request as it is inside node_modules ./component
2026-04-06T23:19:26.179Z next:jsconfig-paths-plugin skipping request as it is inside node_modules ./component
2026-04-06T23:19:26.179Z next:jsconfig-paths-plugin skipping request as it is inside node_modules ./constants
2026-04-06T23:19:26.213Z next:jsconfig-paths-plugin skipping request as it is inside node_modules ./constants
2026-04-06T23:19:26.214Z next:jsconfig-paths-plugin skipping request as it is inside node_modules ./constants
2026-04-06T23:19:26.215Z next:jsconfig-paths-plugin skipping request as it is inside node_modules ./constants
2026-04-06T23:19:26.217Z next:jsconfig-paths-plugin skipping request as it is inside node_modules ./utils
2026-04-06T23:19:26.218Z next:jsconfig-paths-plugin skipping request as it is inside node_modules ./utils
2026-04-06T23:19:26.219Z next:jsconfig-paths-plugin skipping request as it is inside node_modules ./utils
2026-04-06T23:19:26.487Z next:jsconfig-paths-plugin skipping request as it is inside node_modules react
2026-04-06T23:19:26.551Z next:jsconfig-paths-plugin skipping request as it is inside node_modules @radix-ui/react-compose-refs
2026-04-06T23:19:26.551Z next:jsconfig-paths-plugin skipping request as it is inside node_modules react/jsx-runtime
2026-04-06T23:19:26.551Z next:jsconfig-paths-plugin skipping request as it is inside node_modules ./decompose.js
2026-04-06T23:19:26.572Z next:jsconfig-paths-plugin moduleName did not match any paths pattern internmap
2026-04-06T23:19:26.575Z next:jsconfig-paths-plugin skipping request as it is inside node_modules internmap
2026-04-06T23:19:26.640Z next:jsconfig-paths-plugin skipping request as it is inside node_modules ./component
2026-04-06T23:19:26.641Z next:jsconfig-paths-plugin skipping request as it is inside node_modules ./utils
2026-04-06T23:19:26.681Z next:jsconfig-paths-plugin skipping request as it is inside node_modules ./assignRef
2026-04-06T23:19:26.681Z next:jsconfig-paths-plugin skipping request as it is inside node_modules ./createRef
2026-04-06T23:19:26.683Z next:jsconfig-paths-plugin skipping request as it is inside node_modules ./assignRef
2026-04-06T23:19:26.683Z next:jsconfig-paths-plugin skipping request as it is inside node_modules ./createRef
2026-04-06T23:19:26.683Z next:jsconfig-paths-plugin skipping request as it is inside node_modules ./assignRef
2026-04-06T23:19:26.683Z next:jsconfig-paths-plugin skipping request as it is inside node_modules ./useRef
2026-04-06T23:19:26.683Z next:jsconfig-paths-plugin skipping request as it is inside node_modules ./hook
2026-04-06T23:19:26.683Z next:jsconfig-paths-plugin skipping request as it is inside node_modules ./assignRef
2026-04-06T23:19:26.683Z next:jsconfig-paths-plugin skipping request as it is inside node_modules ./useRef
2026-04-06T23:19:26.689Z next:jsconfig-paths-plugin skipping request as it is inside node_modules ./assignRef
2026-04-06T23:19:26.689Z next:jsconfig-paths-plugin skipping request as it is inside node_modules ./createRef
2026-04-06T23:19:26.689Z next:jsconfig-paths-plugin skipping request as it is inside node_modules ./assignRef
2026-04-06T23:19:26.689Z next:jsconfig-paths-plugin skipping request as it is inside node_modules ./createRef
2026-04-06T23:19:26.689Z next:jsconfig-paths-plugin skipping request as it is inside node_modules ./assignRef
2026-04-06T23:19:26.689Z next:jsconfig-paths-plugin skipping request as it is inside node_modules ./useRef
2026-04-06T23:19:26.689Z next:jsconfig-paths-plugin skipping request as it is inside node_modules ./hook
2026-04-06T23:19:26.689Z next:jsconfig-paths-plugin skipping request as it is inside node_modules ./assignRef
2026-04-06T23:19:26.689Z next:jsconfig-paths-plugin skipping request as it is inside node_modules ./useRef
2026-04-06T23:19:26.779Z next:jsconfig-paths-plugin skipping request as it is inside node_modules react
2026-04-06T23:19:26.779Z next:jsconfig-paths-plugin skipping request as it is inside node_modules tslib
2026-04-06T23:19:26.796Z next:jsconfig-paths-plugin skipping request as it is inside node_modules react
2026-04-06T23:19:26.796Z next:jsconfig-paths-plugin skipping request as it is inside node_modules ./env
2026-04-06T23:19:26.829Z next:jsconfig-paths-plugin skipping request as it is inside node_modules ./decompose.js
2026-04-06T23:19:26.843Z next:jsconfig-paths-plugin skipping request as it is inside node_modules ./env
2026-04-06T23:19:26.844Z next:jsconfig-paths-plugin skipping request as it is inside node_modules ./env
2026-04-06T23:19:26.844Z next:jsconfig-paths-plugin skipping request as it is inside node_modules ./env
2026-04-06T23:19:26.856Z next:jsconfig-paths-plugin skipping request as it is inside node_modules ./component
2026-04-06T23:19:26.856Z next:jsconfig-paths-plugin skipping request as it is inside node_modules ./singleton
2026-04-06T23:19:26.856Z next:jsconfig-paths-plugin skipping request as it is inside node_modules ./hook
2026-04-06T23:19:27.123Z next:jsconfig-paths-plugin skipping request as it is inside node_modules ./component
2026-04-06T23:19:27.123Z next:jsconfig-paths-plugin skipping request as it is inside node_modules ./component
2026-04-06T23:19:27.123Z next:jsconfig-paths-plugin skipping request as it is inside node_modules ./component
2026-04-06T23:19:27.126Z next:jsconfig-paths-plugin skipping request as it is inside node_modules ./singleton
2026-04-06T23:19:27.126Z next:jsconfig-paths-plugin skipping request as it is inside node_modules ./singleton
2026-04-06T23:19:27.126Z next:jsconfig-paths-plugin skipping request as it is inside node_modules ./singleton
2026-04-06T23:19:27.126Z next:jsconfig-paths-plugin skipping request as it is inside node_modules ./hook
2026-04-06T23:19:27.127Z next:jsconfig-paths-plugin skipping request as it is inside node_modules ./hook
2026-04-06T23:19:27.127Z next:jsconfig-paths-plugin skipping request as it is inside node_modules ./hook
2026-04-06T23:19:27.221Z next:jsconfig-paths-plugin skipping request as it is inside node_modules ./env
2026-04-06T23:19:27.310Z next:jsconfig-paths-plugin skipping request as it is inside node_modules ./setPrototypeOf.js
2026-04-06T23:19:27.337Z next:jsconfig-paths-plugin moduleName did not match any paths pattern @floating-ui/utils/dom
2026-04-06T23:19:27.337Z next:jsconfig-paths-plugin moduleName did not match any paths pattern @floating-ui/utils
2026-04-06T23:19:27.338Z next:jsconfig-paths-plugin skipping request as it is inside node_modules @floating-ui/utils/dom
2026-04-06T23:19:27.338Z next:jsconfig-paths-plugin skipping request as it is inside node_modules @floating-ui/utils
2026-04-06T23:19:27.392Z next:jsconfig-paths-plugin skipping request as it is inside node_modules ./component
2026-04-06T23:19:27.393Z next:jsconfig-paths-plugin skipping request as it is inside node_modules ./singleton
2026-04-06T23:19:27.419Z next:jsconfig-paths-plugin skipping request as it is inside node_modules ./hook
2026-04-06T23:19:27.558Z next:jsconfig-paths-plugin moduleName did not match any paths pattern @floating-ui/core
2026-04-06T23:19:27.560Z next:jsconfig-paths-plugin skipping request as it is inside node_modules @floating-ui/core
2026-04-06T23:19:27.746Z next:jsconfig-paths-plugin skipping request as it is inside node_modules ./setPrototypeOf.js
2026-04-06T23:19:27.767Z next:jsconfig-paths-plugin skipping request as it is inside node_modules tslib
2026-04-06T23:19:27.791Z next:jsconfig-paths-plugin skipping request as it is inside node_modules @radix-ui/react-compose-refs
2026-04-06T23:19:27.854Z next:jsconfig-paths-plugin skipping request as it is inside node_modules ./constants
2026-04-06T23:19:27.854Z next:jsconfig-paths-plugin skipping request as it is inside node_modules ./utils
2026-04-06T23:19:27.854Z next:jsconfig-paths-plugin skipping request as it is inside node_modules ./constants
2026-04-06T23:19:27.854Z next:jsconfig-paths-plugin skipping request as it is inside node_modules ./utils
2026-04-06T23:19:27.885Z next:jsconfig-paths-plugin skipping request as it is inside node_modules react
2026-04-06T23:19:27.886Z next:jsconfig-paths-plugin skipping request as it is inside node_modules react-style-singleton
2026-04-06T23:19:28.187Z next:jsconfig-paths-plugin skipping request as it is inside node_modules detect-node-es
2026-04-06T23:19:28.231Z next:jsconfig-paths-plugin skipping request as it is inside node_modules react/jsx-runtime
2026-04-06T23:19:28.231Z next:jsconfig-paths-plugin skipping request as it is inside node_modules next/dist/server/future/route-modules/app-page/vendored/ssr/react-jsx-runtime
2026-04-06T23:19:28.262Z next:jsconfig-paths-plugin skipping request as it is inside node_modules C:\Users\Ahmed Amin Bejoui\Desktop\ai-code-review-platform\apps\dashboard\node_modules\next/dist/server/future/route-modules/app-page/vendored/ssr/react-jsx-runtime
2026-04-06T23:19:28.454Z next:jsconfig-paths-plugin moduleName did not match any paths pattern d3-color
2026-04-06T23:19:28.495Z next:jsconfig-paths-plugin skipping request as it is inside node_modules d3-color
2026-04-06T23:19:28.518Z next:jsconfig-paths-plugin skipping request as it is inside node_modules ./hook
2026-04-06T23:19:28.518Z next:jsconfig-paths-plugin skipping request as it is inside node_modules ./singleton
2026-04-06T23:19:28.518Z next:jsconfig-paths-plugin skipping request as it is inside node_modules ./hook
2026-04-06T23:19:28.518Z next:jsconfig-paths-plugin skipping request as it is inside node_modules ./singleton
2026-04-06T23:19:28.532Z next:jsconfig-paths-plugin skipping request as it is inside node_modules react
2026-04-06T23:19:28.557Z next:jsconfig-paths-plugin skipping request as it is inside node_modules get-nonce
2026-04-06T23:19:28.608Z next:jsconfig-paths-plugin skipping request as it is inside node_modules react
2026-04-06T23:19:28.608Z next:jsconfig-paths-plugin skipping request as it is inside node_modules next/dist/server/future/route-modules/app-page/vendored/ssr/react
2026-04-06T23:19:28.608Z next:jsconfig-paths-plugin skipping request as it is inside node_modules react
2026-04-06T23:19:28.608Z next:jsconfig-paths-plugin skipping request as it is inside node_modules C:\Users\Ahmed Amin Bejoui\Desktop\ai-code-review-platform\apps\dashboard\node_modules\next/dist/server/future/route-modules/app-page/vendored/ssr/react
2026-04-06T23:19:28.609Z next:jsconfig-paths-plugin skipping request as it is inside node_modules next/dist/server/future/route-modules/app-page/vendored/ssr/react
2026-04-06T23:19:28.609Z next:jsconfig-paths-plugin skipping request as it is inside node_modules C:\Users\Ahmed Amin Bejoui\Desktop\ai-code-review-platform\apps\dashboard\node_modules\next/dist/server/future/route-modules/app-page/vendored/ssr/react
2026-04-06T23:19:28.810Z next:jsconfig-paths-plugin skipping request as it is inside node_modules react-style-singleton
2026-04-06T23:19:28.810Z next:jsconfig-paths-plugin skipping request as it is inside node_modules react
2026-04-06T23:19:28.810Z next:jsconfig-paths-plugin skipping request as it is inside node_modules next/dist/server/future/route-modules/app-page/vendored/ssr/react
2026-04-06T23:19:28.810Z next:jsconfig-paths-plugin skipping request as it is inside node_modules C:\Users\Ahmed Amin Bejoui\Desktop\ai-code-review-platform\apps\dashboard\node_modules\next/dist/server/future/route-modules/app-page/vendored/ssr/react
2026-04-06T23:19:28.815Z next:jsconfig-paths-plugin skipping request as it is inside node_modules ./hasClass
2026-04-06T23:19:29.101Z next:jsconfig-paths-plugin skipping request as it is inside node_modules ./hasClass
2026-04-06T23:19:29.101Z next:jsconfig-paths-plugin skipping request as it is inside node_modules ./hasClass
2026-04-06T23:19:29.101Z next:jsconfig-paths-plugin skipping request as it is inside node_modules ./hasClass
2026-04-06T23:19:29.228Z next:jsconfig-paths-plugin skipping request as it is inside node_modules react
2026-04-06T23:19:29.229Z next:jsconfig-paths-plugin skipping request as it is inside node_modules next/dist/server/future/route-modules/app-page/vendored/ssr/react
2026-04-06T23:19:29.229Z next:jsconfig-paths-plugin skipping request as it is inside node_modules C:\Users\Ahmed Amin Bejoui\Desktop\ai-code-review-platform\apps\dashboard\node_modules\next/dist/server/future/route-modules/app-page/vendored/ssr/react
2026-04-06T23:19:29.238Z next:jsconfig-paths-plugin skipping request as it is inside node_modules ./hasClass
2026-04-06T23:19:29.304Z next:jsconfig-paths-plugin skipping request as it is inside node_modules react
2026-04-06T23:19:29.304Z next:jsconfig-paths-plugin skipping request as it is inside node_modules next/dist/server/future/route-modules/app-page/vendored/ssr/react
2026-04-06T23:19:29.304Z next:jsconfig-paths-plugin skipping request as it is inside node_modules C:\Users\Ahmed Amin Bejoui\Desktop\ai-code-review-platform\apps\dashboard\node_modules\next/dist/server/future/route-modules/app-page/vendored/ssr/react
2026-04-06T23:19:29.438Z next:jsconfig-paths-plugin skipping request as it is inside node_modules @floating-ui/utils
2026-04-06T23:19:29.581Z next:jsconfig-paths-plugin skipping request as it is inside node_modules ./color.js
2026-04-06T23:19:29.581Z next:jsconfig-paths-plugin skipping request as it is inside node_modules ./lab.js
2026-04-06T23:19:29.582Z next:jsconfig-paths-plugin skipping request as it is inside node_modules ./cubehelix.js
2026-04-06T23:19:29.602Z next:jsconfig-paths-plugin skipping request as it is inside node_modules @floating-ui/utils
2026-04-06T23:19:29.620Z next:jsconfig-paths-plugin moduleName did not match any paths pattern detect-node-es
2026-04-06T23:19:29.621Z next:jsconfig-paths-plugin skipping request as it is inside node_modules detect-node-es
2026-04-06T23:19:29.622Z next:jsconfig-paths-plugin skipping request as it is inside node_modules ./color.js
2026-04-06T23:19:29.623Z next:jsconfig-paths-plugin skipping request as it is inside node_modules ./lab.js
2026-04-06T23:19:29.636Z next:jsconfig-paths-plugin skipping request as it is inside node_modules ./cubehelix.js
2026-04-06T23:19:29.671Z next:jsconfig-paths-plugin moduleName did not match any paths pattern get-nonce
2026-04-06T23:19:29.672Z next:jsconfig-paths-plugin skipping request as it is inside node_modules get-nonce
2026-04-06T23:19:29.713Z next:jsconfig-paths-plugin skipping request as it is inside node_modules ./define.js
2026-04-06T23:19:29.713Z next:jsconfig-paths-plugin skipping request as it is inside node_modules ./math.js
2026-04-06T23:19:29.715Z next:jsconfig-paths-plugin skipping request as it is inside node_modules ./define.js
2026-04-06T23:19:29.720Z next:jsconfig-paths-plugin skipping request as it is inside node_modules ./math.js
2026-04-06T23:19:31.927Z next:jsconfig-paths-plugin moduleName did not match any paths pattern next/dist/build/webpack/loaders/next-flight-loader/module-proxy
2026-04-06T23:19:31.928Z next:jsconfig-paths-plugin moduleName did not match any paths pattern next/dist/server/future/route-modules/app-route/module.compiled
2026-04-06T23:19:31.928Z next:jsconfig-paths-plugin moduleName did not match any paths pattern next/dist/server/future/route-kind
2026-04-06T23:19:31.928Z next:jsconfig-paths-plugin moduleName did not match any paths pattern next/dist/server/lib/patch-fetch
2026-04-06T23:19:31.928Z next:jsconfig-paths-plugin moduleName did not match any paths pattern next-metadata-route-loader
2026-04-06T23:19:31.930Z next:jsconfig-paths-plugin moduleName did not match any paths pattern next/dist/build/webpack/loaders/next-flight-loader/module-proxy
2026-04-06T23:19:31.931Z next:jsconfig-paths-plugin moduleName did not match any paths pattern next/dist/build/webpack/loaders/next-flight-loader/module-proxy
2026-04-06T23:19:31.931Z next:jsconfig-paths-plugin moduleName did not match any paths pattern next/dist/build/webpack/loaders/next-flight-loader/module-proxy
2026-04-06T23:19:31.932Z next:jsconfig-paths-plugin moduleName did not match any paths pattern next/dist/build/webpack/loaders/next-flight-loader/module-proxy
2026-04-06T23:19:31.933Z next:jsconfig-paths-plugin moduleName did not match any paths pattern next/dist/build/webpack/loaders/next-flight-loader/module-proxy
2026-04-06T23:19:31.933Z next:jsconfig-paths-plugin moduleName did not match any paths pattern next/dist/build/webpack/loaders/next-flight-loader/module-proxy
2026-04-06T23:19:31.933Z next:jsconfig-paths-plugin moduleName did not match any paths pattern next/dist/build/webpack/loaders/next-flight-loader/module-proxy
2026-04-06T23:19:31.933Z next:jsconfig-paths-plugin moduleName did not match any paths pattern next/dist/build/webpack/loaders/next-flight-loader/module-proxy
2026-04-06T23:19:31.934Z next:jsconfig-paths-plugin moduleName did not match any paths pattern next/dist/build/webpack/loaders/next-flight-loader/module-proxy
2026-04-06T23:19:31.934Z next:jsconfig-paths-plugin moduleName did not match any paths pattern next/dist/build/webpack/loaders/next-flight-loader/module-proxy
2026-04-06T23:19:31.942Z next:jsconfig-paths-plugin moduleName did not match any paths pattern next/dist/build/webpack/loaders/next-flight-loader/module-proxy
2026-04-06T23:19:31.942Z next:jsconfig-paths-plugin moduleName did not match any paths pattern next/dist/build/webpack/loaders/next-flight-loader/module-proxy
2026-04-06T23:19:31.943Z next:jsconfig-paths-plugin moduleName did not match any paths pattern react/jsx-runtime
2026-04-06T23:19:31.943Z next:jsconfig-paths-plugin skipping request as it is an absolute path C:\Users\Ahmed Amin Bejoui\Desktop\ai-code-review-platform\apps\dashboard\components\review\InlineCodeReview
2026-04-06T23:19:31.943Z next:jsconfig-paths-plugin moduleName did not match any paths pattern react/jsx-runtime
2026-04-06T23:19:31.944Z next:jsconfig-paths-plugin skipping request as it is an absolute path C:\Users\Ahmed Amin Bejoui\Desktop\ai-code-review-platform\apps\dashboard\components\reviewer\ReviewerDashboard
2026-04-06T23:19:31.944Z next:jsconfig-paths-plugin moduleName did not match any paths pattern next/dist/build/webpack/loaders/next-flight-loader/module-proxy
2026-04-06T23:19:31.947Z next:jsconfig-paths-plugin moduleName did not match any paths pattern next/dist/build/webpack/loaders/next-flight-loader/module-proxy
2026-04-06T23:19:31.948Z next:jsconfig-paths-plugin moduleName did not match any paths pattern next/dist/build/webpack/loaders/next-flight-loader/module-proxy
2026-04-06T23:19:31.949Z next:jsconfig-paths-plugin moduleName did not match any paths pattern next/dist/build/webpack/loaders/next-flight-loader/module-proxy
2026-04-06T23:19:31.949Z next:jsconfig-paths-plugin moduleName did not match any paths pattern next/dist/build/webpack/loaders/next-flight-loader/module-proxy
2026-04-06T23:19:32.037Z next:jsconfig-paths-plugin moduleName did not match any paths pattern react/jsx-runtime
2026-04-06T23:19:32.038Z next:jsconfig-paths-plugin skipping request as it is an absolute path C:\Users\Ahmed Amin Bejoui\Desktop\ai-code-review-platform\apps\dashboard\components\reviewer\ReviewQueue
2026-04-06T23:19:32.039Z next:jsconfig-paths-plugin moduleName did not match any paths pattern react/jsx-runtime
2026-04-06T23:19:32.042Z next:jsconfig-paths-plugin moduleName did not match any paths pattern __barrel_optimize__
2026-04-06T23:19:32.043Z next:jsconfig-paths-plugin skipping request as it is an absolute path C:\Users\Ahmed Amin Bejoui\Desktop\ai-code-review-platform\apps\dashboard\components\ui\severity-indicator
2026-04-06T23:19:32.043Z next:jsconfig-paths-plugin skipping request as it is an absolute path C:\Users\Ahmed Amin Bejoui\Desktop\ai-code-review-platform\apps\dashboard\components\security\SecurityIssueTable
2026-04-06T23:19:32.069Z next:jsconfig-paths-plugin skipping request as it is an absolute path C:\Users\Ahmed Amin Bejoui\Desktop\ai-code-review-platform\apps\dashboard\components\ui\card
2026-04-06T23:19:32.070Z next:jsconfig-paths-plugin moduleName did not match any paths pattern react/jsx-runtime
2026-04-06T23:19:32.092Z next:jsconfig-paths-plugin skipping request as it is an absolute path C:\Users\Ahmed Amin Bejoui\Desktop\ai-code-review-platform\apps\dashboard\components\dashboard\AdminOverview
2026-04-06T23:19:32.108Z next:jsconfig-paths-plugin moduleName did not match any paths pattern react/jsx-runtime
2026-04-06T23:19:32.108Z next:jsconfig-paths-plugin skipping request as it is an absolute path C:\Users\Ahmed Amin Bejoui\Desktop\ai-code-review-platform\apps\dashboard\components\dashboard\Integrations
2026-04-06T23:19:32.109Z next:jsconfig-paths-plugin moduleName did not match any paths pattern react/jsx-runtime
2026-04-06T23:19:32.109Z next:jsconfig-paths-plugin skipping request as it is an absolute path C:\Users\Ahmed Amin Bejoui\Desktop\ai-code-review-platform\apps\dashboard\components\dashboard\KnowledgeBase
2026-04-06T23:19:32.109Z next:jsconfig-paths-plugin moduleName did not match any paths pattern react/jsx-runtime
2026-04-06T23:19:32.110Z next:jsconfig-paths-plugin skipping request as it is an absolute path C:\Users\Ahmed Amin Bejoui\Desktop\ai-code-review-platform\apps\dashboard\components\dashboard\PoliciesRules
2026-04-06T23:19:32.143Z next:jsconfig-paths-plugin moduleName did not match any paths pattern react/jsx-runtime
2026-04-06T23:19:32.145Z next:jsconfig-paths-plugin skipping request as it is an absolute path C:\Users\Ahmed Amin Bejoui\Desktop\ai-code-review-platform\apps\dashboard\components\dashboard\Observability
2026-04-06T23:19:32.166Z next:jsconfig-paths-plugin moduleName did not match any paths pattern react/jsx-runtime
2026-04-06T23:19:32.166Z next:jsconfig-paths-plugin moduleName did not match any paths pattern next/link
2026-04-06T23:19:32.190Z next:jsconfig-paths-plugin skipping request as it is an absolute path C:\Users\Ahmed Amin Bejoui\Desktop\ai-code-review-platform\apps\dashboard\components\dashboard\UserManagement
2026-04-06T23:19:32.190Z next:jsconfig-paths-plugin skipping request as it is an absolute path C:\Users\Ahmed Amin Bejoui\Desktop\ai-code-review-platform\apps\dashboard\components\ui\button
2026-04-06T23:19:32.285Z next:jsconfig-paths-plugin moduleName did not match any paths pattern react/jsx-runtime
2026-04-06T23:19:32.285Z next:jsconfig-paths-plugin moduleName did not match any paths pattern react
2026-04-06T23:19:32.286Z next:jsconfig-paths-plugin moduleName did not match any paths pattern @radix-ui/react-slot
2026-04-06T23:19:32.286Z next:jsconfig-paths-plugin moduleName did not match any paths pattern class-variance-authority
2026-04-06T23:19:32.286Z next:jsconfig-paths-plugin skipping request as it is a relative path ./utils
2026-04-06T23:19:32.576Z next:jsconfig-paths-plugin moduleName did not match any paths pattern next/dist/build/webpack/loaders/next-flight-loader/module-proxy
2026-04-06T23:19:32.577Z next:jsconfig-paths-plugin moduleName did not match any paths pattern next/dist/build/webpack/loaders/next-flight-loader/module-proxy
2026-04-06T23:19:32.577Z next:jsconfig-paths-plugin moduleName did not match any paths pattern next/dist/build/webpack/loaders/next-flight-loader/module-proxy
2026-04-06T23:19:32.578Z next:jsconfig-paths-plugin moduleName did not match any paths pattern next/dist/build/webpack/loaders/next-flight-loader/module-proxy
2026-04-06T23:19:32.578Z next:jsconfig-paths-plugin moduleName did not match any paths pattern next/dist/build/webpack/loaders/next-flight-loader/module-proxy
2026-04-06T23:19:33.891Z next:jsconfig-paths-plugin skipping request as it is inside node_modules @swc/helpers/_/_interop_require_default
2026-04-06T23:19:33.899Z next:jsconfig-paths-plugin skipping request as it is inside node_modules react/jsx-runtime
2026-04-06T23:19:33.900Z next:jsconfig-paths-plugin skipping request as it is inside node_modules react
2026-04-06T23:19:33.900Z next:jsconfig-paths-plugin skipping request as it is inside node_modules ../shared/lib/utils
2026-04-06T23:19:33.901Z next:jsconfig-paths-plugin skipping request as it is inside node_modules ../shared/lib/constants
2026-04-06T23:19:33.901Z next:jsconfig-paths-plugin skipping request as it is inside node_modules ../server/get-page-files
2026-04-06T23:19:33.901Z next:jsconfig-paths-plugin skipping request as it is inside node_modules ../server/htmlescape
2026-04-06T23:19:33.934Z next:jsconfig-paths-plugin skipping request as it is inside node_modules ../lib/is-error
2026-04-06T23:19:33.934Z next:jsconfig-paths-plugin skipping request as it is inside node_modules ../shared/lib/html-context.shared-runtime
2026-04-06T23:19:33.934Z next:jsconfig-paths-plugin skipping request as it is inside node_modules ../shared/lib/encode-uri-path
2026-04-06T23:19:33.934Z next:jsconfig-paths-plugin skipping request as it is inside node_modules ../server/utils
2026-04-06T23:19:33.934Z next:jsconfig-paths-plugin skipping request as it is inside node_modules ../lib/pretty-bytes
2026-04-06T23:19:33.934Z next:jsconfig-paths-plugin skipping request as it is inside node_modules C:\Users\Ahmed Amin Bejoui\Desktop\ai-code-review-platform\apps\dashboard\node_modules\@swc\helpers\_/_interop_require_default
2026-04-06T23:19:34.030Z next:jsconfig-paths-plugin moduleName did not match any paths pattern clsx
2026-04-06T23:19:34.031Z next:jsconfig-paths-plugin moduleName did not match any paths pattern tailwind-merge
2026-04-06T23:19:34.706Z next:jsconfig-paths-plugin moduleName did not match any paths pattern next/dist/build/webpack/loaders/next-flight-loader/module-proxy
2026-04-06T23:19:35.474Z next:jsconfig-paths-plugin moduleName did not match any paths pattern next/dist/build/webpack/loaders/next-flight-loader/module-proxy
2026-04-06T23:19:35.890Z next:jsconfig-paths-plugin moduleName did not match any paths pattern next/dist/build/webpack/loaders/next-flight-loader/module-proxy
2026-04-06T23:19:35.947Z next:jsconfig-paths-plugin moduleName did not match any paths pattern next/dist/build/webpack/loaders/next-flight-loader/module-proxy
2026-04-06T23:19:36.032Z next:jsconfig-paths-plugin moduleName did not match any paths pattern next/dist/build/webpack/loaders/next-flight-loader/module-proxy
2026-04-06T23:19:36.198Z next:jsconfig-paths-plugin skipping request as it is inside node_modules ../server/get-page-files
2026-04-06T23:19:36.198Z next:jsconfig-paths-plugin skipping request as it is inside node_modules ../server/utils
2026-04-06T23:19:36.198Z next:jsconfig-paths-plugin skipping request as it is inside node_modules ../server/htmlescape
2026-04-06T23:19:36.198Z next:jsconfig-paths-plugin skipping request as it is inside node_modules react/jsx-runtime
2026-04-06T23:19:36.199Z next:jsconfig-paths-plugin skipping request as it is inside node_modules ../lib/pretty-bytes
2026-04-06T23:19:36.199Z next:jsconfig-paths-plugin skipping request as it is inside node_modules ../lib/is-error
2026-04-06T23:19:36.324Z next:jsconfig-paths-plugin skipping request as it is inside node_modules ../shared/lib/utils
2026-04-06T23:19:36.324Z next:jsconfig-paths-plugin skipping request as it is inside node_modules ../shared/lib/constants
2026-04-06T23:19:36.324Z next:jsconfig-paths-plugin skipping request as it is inside node_modules ../shared/lib/html-context.shared-runtime
2026-04-06T23:19:36.324Z next:jsconfig-paths-plugin skipping request as it is inside node_modules ../shared/lib/encode-uri-path
2026-04-06T23:19:36.389Z next:jsconfig-paths-plugin skipping request as it is inside node_modules react
2026-04-06T23:19:36.879Z next:jsconfig-paths-plugin moduleName did not match any paths pattern __barrel_optimize__
2026-04-06T23:19:36.879Z next:jsconfig-paths-plugin moduleName did not match any paths pattern __barrel_optimize__
2026-04-06T23:19:36.880Z next:jsconfig-paths-plugin moduleName did not match any paths pattern __barrel_optimize__
2026-04-06T23:19:36.915Z next:jsconfig-paths-plugin moduleName did not match any paths pattern __barrel_optimize__
2026-04-06T23:19:36.933Z next:jsconfig-paths-plugin moduleName did not match any paths pattern __barrel_optimize__
2026-04-06T23:19:36.950Z next:jsconfig-paths-plugin moduleName did not match any paths pattern next-metadata-route-loader
2026-04-06T23:19:36.999Z next:jsconfig-paths-plugin moduleName did not match any paths pattern next-metadata-route-loader
2026-04-06T23:19:37.000Z next:jsconfig-paths-plugin moduleName did not match any paths pattern next-metadata-route-loader
2026-04-06T23:19:37.037Z next:jsconfig-paths-plugin moduleName did not match any paths pattern next-metadata-route-loader
2026-04-06T23:19:37.038Z next:jsconfig-paths-plugin moduleName did not match any paths pattern next-metadata-route-loader
2026-04-06T23:19:37.227Z next:jsconfig-paths-plugin skipping request as it is inside node_modules @swc/helpers/_/_interop_require_default
2026-04-06T23:22:03.075Z next:build:webpack-build server compiler finished 297199ms
2026-04-06T23:22:03.076Z next:build:webpack-build starting edge-server compiler
2026-04-06T23:22:05.990Z next:build:webpack-build edge-server compiler finished 2914ms
2026-04-06T23:22:05.990Z next:build:webpack-build starting client compiler
2026-04-06T23:22:12.533Z next:jsconfig-paths-plugin skipping request as it is an absolute path C:\Users\Ahmed Amin Bejoui\Desktop\ai-code-review-platform\apps\dashboard\app\auth\role-redirect\page.tsx
2026-04-06T23:22:13.660Z next:jsconfig-paths-plugin skipping request as it is an absolute path C:\Users\Ahmed Amin Bejoui\Desktop\ai-code-review-platform\apps\dashboard\components\dashboard\AnalysesPageHeader
2026-04-06T23:22:16.554Z next:jsconfig-paths-plugin skipping request as it is an absolute path C:\Users\Ahmed Amin Bejoui\Desktop\ai-code-review-platform\apps\dashboard\components\ui\two-level-sidebar
2026-04-06T23:22:21.526Z next:jsconfig-paths-plugin moduleName did not match any paths pattern @clerk/nextjs
2026-04-06T23:22:23.453Z next:jsconfig-paths-plugin moduleName did not match any paths pattern @clerk/nextjs


Source path: C:\Users\Ahmed Amin Bejoui\Desktop\ai-code-review-platform\apps\dashboard\app\globals.css
Setting up new context...
Finding changed files: 142.126ms
Reading changed files: 3.580s
Sorting candidates: 100.759ms
Generate rules: 5.423s
Build stylesheet: 297.362ms
Potential classes:  18524
Active contexts:  1
JIT TOTAL: 12.817s


2026-04-06T23:22:45.311Z next:jsconfig-paths-plugin moduleName did not match any paths pattern @clerk/nextjs
2026-04-06T23:22:45.385Z next:jsconfig-paths-plugin skipping request as it is inside node_modules ./chunk-BUSYA2B4.js
2026-04-06T23:22:45.393Z next:jsconfig-paths-plugin skipping request as it is inside node_modules ./client-boundary/controlComponents
2026-04-06T23:22:45.394Z next:jsconfig-paths-plugin skipping request as it is inside node_modules ./client-boundary/uiComponents
2026-04-06T23:22:45.394Z next:jsconfig-paths-plugin skipping request as it is inside node_modules ./client-boundary/hooks
2026-04-06T23:22:45.394Z next:jsconfig-paths-plugin skipping request as it is inside node_modules #components
2026-04-06T23:22:46.006Z next:jsconfig-paths-plugin skipping request as it is inside node_modules ./client-boundary/ClerkProvider
2026-04-06T23:22:46.363Z next:jsconfig-paths-plugin skipping request as it is inside node_modules ../chunk-BUSYA2B4.js
2026-04-06T23:22:46.364Z next:jsconfig-paths-plugin skipping request as it is inside node_modules @clerk/clerk-react
2026-04-06T23:22:46.364Z next:jsconfig-paths-plugin skipping request as it is inside node_modules @clerk/clerk-react/internal
2026-04-06T23:22:46.365Z next:jsconfig-paths-plugin skipping request as it is inside node_modules react
2026-04-06T23:22:46.365Z next:jsconfig-paths-plugin skipping request as it is inside node_modules ./hooks/useEnforceRoutingProps
2026-04-06T23:22:46.365Z next:jsconfig-paths-plugin skipping request as it is inside node_modules next/dist/compiled/react
2026-04-06T23:22:46.365Z next:jsconfig-paths-plugin skipping request as it is inside node_modules C:\Users\Ahmed Amin Bejoui\Desktop\ai-code-review-platform\apps\dashboard\node_modules\next/dist/compiled/react
2026-04-06T23:22:46.426Z next:jsconfig-paths-plugin skipping request as it is inside node_modules @clerk/clerk-react/errors
2026-04-06T23:22:46.427Z next:jsconfig-paths-plugin skipping request as it is inside node_modules ./PromisifiedAuthProvider
2026-04-06T23:22:46.658Z next:jsconfig-paths-plugin skipping request as it is inside node_modules next/compat/router
2026-04-06T23:22:46.658Z next:jsconfig-paths-plugin skipping request as it is inside node_modules ../app-router/client/ClerkProvider
2026-04-06T23:22:46.680Z next:jsconfig-paths-plugin skipping request as it is inside node_modules ../pages/ClerkProvider
2026-04-06T23:22:46.681Z next:jsconfig-paths-plugin skipping request as it is inside node_modules C:\Users\Ahmed Amin Bejoui\Desktop\ai-code-review-platform\apps\dashboard\node_modules\next/compat/router
2026-04-06T23:22:46.854Z next:jsconfig-paths-plugin skipping request as it is inside node_modules ../../chunk-BUSYA2B4.js
2026-04-06T23:22:46.855Z next:jsconfig-paths-plugin skipping request as it is inside node_modules @clerk/clerk-react/internal
2026-04-06T23:22:46.856Z next:jsconfig-paths-plugin skipping request as it is inside node_modules ./useEnforceCatchAllRoute
2026-04-06T23:22:46.857Z next:jsconfig-paths-plugin skipping request as it is inside node_modules ./usePathnameWithoutCatchAll
2026-04-06T23:22:47.644Z next:jsconfig-paths-plugin skipping request as it is inside node_modules ../chunk-BUSYA2B4.js
2026-04-06T23:22:47.646Z next:jsconfig-paths-plugin skipping request as it is inside node_modules @clerk/clerk-react
2026-04-06T23:22:47.674Z next:jsconfig-paths-plugin skipping request as it is inside node_modules @clerk/clerk-react/internal
2026-04-06T23:22:47.674Z next:jsconfig-paths-plugin skipping request as it is inside node_modules next/router
2026-04-06T23:22:47.706Z next:jsconfig-paths-plugin skipping request as it is inside node_modules react
2026-04-06T23:22:47.706Z next:jsconfig-paths-plugin skipping request as it is inside node_modules ../client-boundary/hooks/useSafeLayoutEffect
2026-04-06T23:22:47.706Z next:jsconfig-paths-plugin skipping request as it is inside node_modules ../client-boundary/NextOptionsContext
2026-04-06T23:22:47.706Z next:jsconfig-paths-plugin skipping request as it is inside node_modules ../utils/clerk-js-script
2026-04-06T23:22:47.706Z next:jsconfig-paths-plugin skipping request as it is inside node_modules ../utils/invalidateNextRouterCache
2026-04-06T23:22:47.706Z next:jsconfig-paths-plugin skipping request as it is inside node_modules ../utils/mergeNextClerkPropsWithEnv
2026-04-06T23:22:47.706Z next:jsconfig-paths-plugin skipping request as it is inside node_modules ../utils/removeBasePath
2026-04-06T23:22:47.707Z next:jsconfig-paths-plugin skipping request as it is inside node_modules ../utils/router-telemetry
2026-04-06T23:22:47.707Z next:jsconfig-paths-plugin skipping request as it is inside node_modules C:\Users\Ahmed Amin Bejoui\Desktop\ai-code-review-platform\apps\dashboard\node_modules\next/router
2026-04-06T23:22:47.707Z next:jsconfig-paths-plugin skipping request as it is inside node_modules next/dist/compiled/react
2026-04-06T23:22:47.711Z next:jsconfig-paths-plugin skipping request as it is inside node_modules C:\Users\Ahmed Amin Bejoui\Desktop\ai-code-review-platform\apps\dashboard\node_modules\next/dist/compiled/react
2026-04-06T23:22:48.291Z next:jsconfig-paths-plugin skipping request as it is inside node_modules ../dist/client/compat/router
2026-04-06T23:22:48.292Z next:jsconfig-paths-plugin skipping request as it is inside node_modules @clerk/shared/utils
2026-04-06T23:22:48.292Z next:jsconfig-paths-plugin skipping request as it is inside node_modules react
2026-04-06T23:22:48.292Z next:jsconfig-paths-plugin skipping request as it is inside node_modules ../hooks
2026-04-06T23:22:48.292Z next:jsconfig-paths-plugin skipping request as it is inside node_modules ./usePagesRouter
2026-04-06T23:22:48.314Z next:jsconfig-paths-plugin skipping request as it is inside node_modules next/navigation
2026-04-06T23:22:48.315Z next:jsconfig-paths-plugin skipping request as it is inside node_modules next/dist/compiled/react
2026-04-06T23:22:48.318Z next:jsconfig-paths-plugin skipping request as it is inside node_modules C:\Users\Ahmed Amin Bejoui\Desktop\ai-code-review-platform\apps\dashboard\node_modules\next/navigation
2026-04-06T23:22:48.319Z next:jsconfig-paths-plugin skipping request as it is inside node_modules C:\Users\Ahmed Amin Bejoui\Desktop\ai-code-review-platform\apps\dashboard\node_modules\next/dist/compiled/react
2026-04-06T23:22:48.382Z next:jsconfig-paths-plugin skipping request as it is inside node_modules next/dist/api/router
2026-04-06T23:22:48.382Z next:jsconfig-paths-plugin skipping request as it is inside node_modules C:\Users\Ahmed Amin Bejoui\Desktop\ai-code-review-platform\apps\dashboard\node_modules\next/dist/api/router
2026-04-06T23:22:48.441Z next:jsconfig-paths-plugin skipping request as it is inside node_modules ../../chunk-BUSYA2B4.js
2026-04-06T23:22:48.442Z next:jsconfig-paths-plugin skipping request as it is inside node_modules @clerk/clerk-react
2026-04-06T23:22:48.442Z next:jsconfig-paths-plugin skipping request as it is inside node_modules @clerk/shared/browser
2026-04-06T23:22:48.442Z next:jsconfig-paths-plugin skipping request as it is inside node_modules @clerk/shared/logger
2026-04-06T23:22:48.442Z next:jsconfig-paths-plugin skipping request as it is inside node_modules next/dynamic
2026-04-06T23:22:48.442Z next:jsconfig-paths-plugin skipping request as it is inside node_modules next/navigation
2026-04-06T23:22:48.442Z next:jsconfig-paths-plugin skipping request as it is inside node_modules next/package.json
2026-04-06T23:22:48.443Z next:jsconfig-paths-plugin skipping request as it is inside node_modules react
2026-04-06T23:22:48.443Z next:jsconfig-paths-plugin skipping request as it is inside node_modules ../../client-boundary/hooks/useSafeLayoutEffect
2026-04-06T23:22:48.443Z next:jsconfig-paths-plugin skipping request as it is inside node_modules ../../client-boundary/NextOptionsContext
2026-04-06T23:22:48.443Z next:jsconfig-paths-plugin skipping request as it is inside node_modules ../../utils/clerk-js-script
2026-04-06T23:22:48.443Z next:jsconfig-paths-plugin skipping request as it is inside node_modules ../../utils/feature-flags
2026-04-06T23:22:48.444Z next:jsconfig-paths-plugin skipping request as it is inside node_modules ../../utils/mergeNextClerkPropsWithEnv
2026-04-06T23:22:48.444Z next:jsconfig-paths-plugin skipping request as it is inside node_modules ../../utils/router-telemetry
2026-04-06T23:22:48.445Z next:jsconfig-paths-plugin skipping request as it is inside node_modules ../../utils/sdk-versions
2026-04-06T23:22:48.445Z next:jsconfig-paths-plugin skipping request as it is inside node_modules ../keyless-actions
2026-04-06T23:22:48.445Z next:jsconfig-paths-plugin skipping request as it is inside node_modules ../server-actions
2026-04-06T23:22:48.445Z next:jsconfig-paths-plugin skipping request as it is inside node_modules ./useAwaitablePush
2026-04-06T23:22:48.446Z next:jsconfig-paths-plugin skipping request as it is inside node_modules ./useAwaitableReplace
2026-04-06T23:22:48.446Z next:jsconfig-paths-plugin skipping request as it is inside node_modules ./keyless-creator-reader.js
2026-04-06T23:22:48.446Z next:jsconfig-paths-plugin skipping request as it is inside node_modules ./keyless-creator-reader.js
2026-04-06T23:22:48.503Z next:jsconfig-paths-plugin skipping request as it is inside node_modules C:\Users\Ahmed Amin Bejoui\Desktop\ai-code-review-platform\apps\dashboard\node_modules\next/dynamic
2026-04-06T23:22:48.503Z next:jsconfig-paths-plugin skipping request as it is inside node_modules C:\Users\Ahmed Amin Bejoui\Desktop\ai-code-review-platform\apps\dashboard\node_modules\next/navigation
2026-04-06T23:22:48.504Z next:jsconfig-paths-plugin skipping request as it is inside node_modules C:\Users\Ahmed Amin Bejoui\Desktop\ai-code-review-platform\apps\dashboard\node_modules\next/package.json
2026-04-06T23:22:48.504Z next:jsconfig-paths-plugin skipping request as it is inside node_modules next/dist/compiled/react
2026-04-06T23:22:48.550Z next:jsconfig-paths-plugin skipping request as it is inside node_modules C:\Users\Ahmed Amin Bejoui\Desktop\ai-code-review-platform\apps\dashboard\node_modules\next/dist/compiled/react
2026-04-06T23:22:48.589Z next:jsconfig-paths-plugin skipping request as it is inside node_modules next/dist/api/navigation
2026-04-06T23:22:48.589Z next:jsconfig-paths-plugin skipping request as it is inside node_modules next/dist/api/navigation
2026-04-06T23:22:48.590Z next:jsconfig-paths-plugin skipping request as it is inside node_modules C:\Users\Ahmed Amin Bejoui\Desktop\ai-code-review-platform\apps\dashboard\node_modules\next/dist/api/navigation
2026-04-06T23:22:48.590Z next:jsconfig-paths-plugin skipping request as it is inside node_modules C:\Users\Ahmed Amin Bejoui\Desktop\ai-code-review-platform\apps\dashboard\node_modules\next/dist/api/navigation
2026-04-06T23:22:48.836Z next:jsconfig-paths-plugin skipping request as it is inside node_modules next/dist/api/app-dynamic
2026-04-06T23:22:48.836Z next:jsconfig-paths-plugin skipping request as it is inside node_modules C:\Users\Ahmed Amin Bejoui\Desktop\ai-code-review-platform\apps\dashboard\node_modules\next/dist/api/app-dynamic
2026-04-06T23:22:49.571Z next:jsconfig-paths-plugin skipping request as it is inside node_modules next/compat/router
2026-04-06T23:22:49.571Z next:jsconfig-paths-plugin skipping request as it is inside node_modules C:\Users\Ahmed Amin Bejoui\Desktop\ai-code-review-platform\apps\dashboard\node_modules\next/compat/router
2026-04-06T23:22:50.072Z next:jsconfig-paths-plugin skipping request as it is inside node_modules ../chunk-BUSYA2B4.js
2026-04-06T23:22:50.073Z next:jsconfig-paths-plugin skipping request as it is inside node_modules @clerk/clerk-react
2026-04-06T23:22:50.073Z next:jsconfig-paths-plugin skipping request as it is inside node_modules @clerk/clerk-react/internal
2026-04-06T23:22:50.074Z next:jsconfig-paths-plugin skipping request as it is inside node_modules next/script
2026-04-06T23:22:50.074Z next:jsconfig-paths-plugin skipping request as it is inside node_modules react
2026-04-06T23:22:50.075Z next:jsconfig-paths-plugin skipping request as it is inside node_modules ../client-boundary/NextOptionsContext
2026-04-06T23:22:50.075Z next:jsconfig-paths-plugin skipping request as it is inside node_modules @clerk/shared/underscore
2026-04-06T23:22:50.075Z next:jsconfig-paths-plugin skipping request as it is inside node_modules ../server/constants
2026-04-06T23:22:50.133Z next:jsconfig-paths-plugin skipping request as it is inside node_modules process
2026-04-06T23:22:50.133Z next:jsconfig-paths-plugin skipping request as it is inside node_modules @clerk/shared/utils
2026-04-06T23:22:50.134Z next:jsconfig-paths-plugin skipping request as it is inside node_modules ./sdk-versions
2026-04-06T23:22:50.134Z next:jsconfig-paths-plugin skipping request as it is inside node_modules @clerk/shared/telemetry
2026-04-06T23:22:50.134Z next:jsconfig-paths-plugin skipping request as it is inside node_modules ../client-boundary/hooks
2026-04-06T23:22:50.134Z next:jsconfig-paths-plugin skipping request as it is inside node_modules ../client-boundary/hooks/usePagesRouter
2026-04-06T23:22:50.134Z next:jsconfig-paths-plugin skipping request as it is inside node_modules next/package.json
2026-04-06T23:22:50.134Z next:jsconfig-paths-plugin skipping request as it is inside node_modules C:\Users\Ahmed Amin Bejoui\Desktop\ai-code-review-platform\apps\dashboard\node_modules\next/script
2026-04-06T23:22:50.134Z next:jsconfig-paths-plugin skipping request as it is inside node_modules next/dist/compiled/react
2026-04-06T23:22:50.134Z next:jsconfig-paths-plugin skipping request as it is inside node_modules C:\Users\Ahmed Amin Bejoui\Desktop\ai-code-review-platform\apps\dashboard\node_modules\next/package.json
2026-04-06T23:22:50.135Z next:jsconfig-paths-plugin skipping request as it is inside node_modules C:\Users\Ahmed Amin Bejoui\Desktop\ai-code-review-platform\apps\dashboard\node_modules\next/dist/compiled/react
2026-04-06T23:22:50.135Z next:jsconfig-paths-plugin skipping request as it is inside node_modules react
2026-04-06T23:22:50.135Z next:jsconfig-paths-plugin skipping request as it is inside node_modules ../../shared/lib/router-context.shared-runtime
2026-04-06T23:22:50.136Z next:jsconfig-paths-plugin skipping request as it is inside node_modules next/dist/compiled/react
2026-04-06T23:22:50.136Z next:jsconfig-paths-plugin skipping request as it is inside node_modules C:\Users\Ahmed Amin Bejoui\Desktop\ai-code-review-platform\apps\dashboard\node_modules\next/dist/compiled/react
2026-04-06T23:22:50.383Z next:jsconfig-paths-plugin skipping request as it is inside node_modules next/dist/client/app-call-server
2026-04-06T23:22:50.384Z next:jsconfig-paths-plugin skipping request as it is inside node_modules private-next-rsc-action-client-wrapper
2026-04-06T23:22:50.384Z next:jsconfig-paths-plugin skipping request as it is inside node_modules ./useInternalNavFun
2026-04-06T23:22:50.384Z next:jsconfig-paths-plugin skipping request as it is inside node_modules C:\Users\Ahmed Amin Bejoui\Desktop\ai-code-review-platform\apps\dashboard\node_modules\next/dist/client/app-call-server
2026-04-06T23:22:50.384Z next:jsconfig-paths-plugin skipping request as it is inside node_modules next/dist/build/webpack/loaders/next-flight-loader/action-client-wrapper
2026-04-06T23:22:50.384Z next:jsconfig-paths-plugin skipping request as it is inside node_modules C:\Users\Ahmed Amin Bejoui\Desktop\ai-code-review-platform\apps\dashboard\node_modules\next/dist/build/webpack/loaders/next-flight-loader/action-client-wrapper
2026-04-06T23:22:50.503Z next:jsconfig-paths-plugin skipping request as it is inside node_modules next/dist/api/script
2026-04-06T23:22:50.503Z next:jsconfig-paths-plugin skipping request as it is inside node_modules C:\Users\Ahmed Amin Bejoui\Desktop\ai-code-review-platform\apps\dashboard\node_modules\next/dist/api/script
2026-04-06T23:22:50.533Z next:jsconfig-paths-plugin skipping request as it is inside node_modules ../client/router
2026-04-06T23:22:50.710Z next:jsconfig-paths-plugin skipping request as it is inside node_modules ../shared/lib/app-dynamic
2026-04-06T23:22:50.765Z next:jsconfig-paths-plugin skipping request as it is inside node_modules ./logger-B9q7E6uE.mjs
2026-04-06T23:22:51.017Z next:jsconfig-paths-plugin skipping request as it is inside node_modules ../shared/lib/router/router
2026-04-06T23:22:51.038Z next:jsconfig-paths-plugin skipping request as it is inside node_modules ../lib/is-error
2026-04-06T23:22:51.039Z next:jsconfig-paths-plugin skipping request as it is inside node_modules ./with-router
2026-04-06T23:22:51.133Z next:jsconfig-paths-plugin skipping request as it is inside node_modules ../../utils/removeBasePath
2026-04-06T23:22:51.335Z next:jsconfig-paths-plugin skipping request as it is inside node_modules ../chunk-BUSYA2B4.js
2026-04-06T23:22:51.335Z next:jsconfig-paths-plugin skipping request as it is inside node_modules @clerk/shared/apiUrlFromPublishableKey
2026-04-06T23:22:51.336Z next:jsconfig-paths-plugin skipping request as it is inside node_modules @clerk/shared/underscore
2026-04-06T23:22:51.336Z next:jsconfig-paths-plugin skipping request as it is inside node_modules process
2026-04-06T23:22:51.337Z next:jsconfig-paths-plugin skipping request as it is inside node_modules ../client/script
2026-04-06T23:22:51.337Z next:jsconfig-paths-plugin skipping request as it is inside node_modules react/jsx-runtime
2026-04-06T23:22:51.337Z next:jsconfig-paths-plugin skipping request as it is inside node_modules ./lazy-dynamic/loadable
2026-04-06T23:22:51.337Z next:jsconfig-paths-plugin skipping request as it is inside node_modules next/dist/compiled/react/jsx-runtime
2026-04-06T23:22:51.337Z next:jsconfig-paths-plugin skipping request as it is inside node_modules C:\Users\Ahmed Amin Bejoui\Desktop\ai-code-review-platform\apps\dashboard\node_modules\next/dist/compiled/react/jsx-runtime
2026-04-06T23:22:51.601Z next:jsconfig-paths-plugin skipping request as it is inside node_modules ./router
2026-04-06T23:22:51.951Z next:jsconfig-paths-plugin skipping request as it is inside node_modules react-dom
2026-04-06T23:22:51.952Z next:jsconfig-paths-plugin skipping request as it is inside node_modules ./head-manager
2026-04-06T23:22:51.952Z next:jsconfig-paths-plugin skipping request as it is inside node_modules next/dist/compiled/react-dom
2026-04-06T23:22:51.952Z next:jsconfig-paths-plugin skipping request as it is inside node_modules C:\Users\Ahmed Amin Bejoui\Desktop\ai-code-review-platform\apps\dashboard\node_modules\next/dist/compiled/react-dom
2026-04-06T23:22:53.023Z next:jsconfig-paths-plugin skipping request as it is inside node_modules ./apiUrlFromPublishableKey-B2KkwQp6.mjs
2026-04-06T23:22:53.024Z next:jsconfig-paths-plugin skipping request as it is inside node_modules ../shared/lib/is-plain-object
2026-04-06T23:22:53.026Z next:jsconfig-paths-plugin skipping request as it is inside node_modules react/jsx-runtime
2026-04-06T23:22:53.026Z next:jsconfig-paths-plugin skipping request as it is inside node_modules react
2026-04-06T23:22:53.060Z next:jsconfig-paths-plugin skipping request as it is inside node_modules ./dynamic-bailout-to-csr
2026-04-06T23:22:53.062Z next:jsconfig-paths-plugin skipping request as it is inside node_modules ./preload-css
2026-04-06T23:22:53.063Z next:jsconfig-paths-plugin skipping request as it is inside node_modules @swc/helpers/_/_interop_require_default
2026-04-06T23:22:53.063Z next:jsconfig-paths-plugin skipping request as it is inside node_modules ./utils/remove-trailing-slash
2026-04-06T23:22:53.064Z next:jsconfig-paths-plugin skipping request as it is inside node_modules ../../../client/route-loader
2026-04-06T23:22:53.088Z next:jsconfig-paths-plugin skipping request as it is inside node_modules ../../../client/script
2026-04-06T23:22:53.088Z next:jsconfig-paths-plugin skipping request as it is inside node_modules ../../../lib/is-error
2026-04-06T23:22:53.088Z next:jsconfig-paths-plugin skipping request as it is inside node_modules ../page-path/denormalize-page-path
2026-04-06T23:22:53.088Z next:jsconfig-paths-plugin skipping request as it is inside node_modules ../i18n/normalize-locale-path
2026-04-06T23:22:53.104Z next:jsconfig-paths-plugin skipping request as it is inside node_modules ../mitt
2026-04-06T23:22:53.104Z next:jsconfig-paths-plugin skipping request as it is inside node_modules ../utils
2026-04-06T23:22:53.104Z next:jsconfig-paths-plugin skipping request as it is inside node_modules ./utils/is-dynamic
2026-04-06T23:22:53.120Z next:jsconfig-paths-plugin skipping request as it is inside node_modules ./utils/parse-relative-url
2026-04-06T23:22:53.121Z next:jsconfig-paths-plugin skipping request as it is inside node_modules ./utils/resolve-rewrites
2026-04-06T23:22:53.121Z next:jsconfig-paths-plugin skipping request as it is inside node_modules ./utils/route-matcher
2026-04-06T23:22:53.121Z next:jsconfig-paths-plugin skipping request as it is inside node_modules ./utils/route-regex
2026-04-06T23:22:53.121Z next:jsconfig-paths-plugin skipping request as it is inside node_modules ./utils/format-url
2026-04-06T23:22:53.121Z next:jsconfig-paths-plugin skipping request as it is inside node_modules ../../../client/detect-domain-locale
2026-04-06T23:22:53.122Z next:jsconfig-paths-plugin skipping request as it is inside node_modules ./utils/parse-path
2026-04-06T23:22:53.122Z next:jsconfig-paths-plugin skipping request as it is inside node_modules ../../../client/add-locale
2026-04-06T23:22:53.122Z next:jsconfig-paths-plugin skipping request as it is inside node_modules ../../../client/remove-locale
2026-04-06T23:22:53.122Z next:jsconfig-paths-plugin skipping request as it is inside node_modules ../../../client/remove-base-path
2026-04-06T23:22:53.122Z next:jsconfig-paths-plugin skipping request as it is inside node_modules ../../../client/add-base-path
2026-04-06T23:22:53.122Z next:jsconfig-paths-plugin skipping request as it is inside node_modules ../../../client/has-base-path
2026-04-06T23:22:53.122Z next:jsconfig-paths-plugin skipping request as it is inside node_modules ../../../client/resolve-href
2026-04-06T23:22:53.122Z next:jsconfig-paths-plugin skipping request as it is inside node_modules ../../../lib/is-api-route
2026-04-06T23:22:53.122Z next:jsconfig-paths-plugin skipping request as it is inside node_modules ./utils/get-next-pathname-info
2026-04-06T23:22:53.123Z next:jsconfig-paths-plugin skipping request as it is inside node_modules ./utils/format-next-pathname-info
2026-04-06T23:22:53.123Z next:jsconfig-paths-plugin skipping request as it is inside node_modules ./utils/compare-states
2026-04-06T23:22:53.123Z next:jsconfig-paths-plugin skipping request as it is inside node_modules ./utils/is-local-url
2026-04-06T23:22:53.123Z next:jsconfig-paths-plugin skipping request as it is inside node_modules ./utils/is-bot
2026-04-06T23:22:53.123Z next:jsconfig-paths-plugin skipping request as it is inside node_modules ./utils/omit
2026-04-06T23:22:53.124Z next:jsconfig-paths-plugin skipping request as it is inside node_modules ./utils/interpolate-as
2026-04-06T23:22:53.124Z next:jsconfig-paths-plugin skipping request as it is inside node_modules ./utils/handle-smooth-scroll
2026-04-06T23:22:53.124Z next:jsconfig-paths-plugin skipping request as it is inside node_modules ../../lib/bloom-filter
2026-04-06T23:22:53.125Z next:jsconfig-paths-plugin skipping request as it is inside node_modules next/dist/client/app-call-server
2026-04-06T23:22:53.125Z next:jsconfig-paths-plugin skipping request as it is inside node_modules react-server-dom-webpack/client
2026-04-06T23:22:53.162Z next:jsconfig-paths-plugin skipping request as it is inside node_modules next/dist/compiled/react/jsx-runtime
2026-04-06T23:22:53.163Z next:jsconfig-paths-plugin skipping request as it is inside node_modules next/dist/compiled/react
2026-04-06T23:22:53.163Z next:jsconfig-paths-plugin skipping request as it is inside node_modules C:\Users\Ahmed Amin Bejoui\Desktop\ai-code-review-platform\apps\dashboard\node_modules\@swc\helpers\_/_interop_require_default
2026-04-06T23:22:53.164Z next:jsconfig-paths-plugin skipping request as it is inside node_modules C:\Users\Ahmed Amin Bejoui\Desktop\ai-code-review-platform\apps\dashboard\node_modules\next/dist/client/app-call-server
2026-04-06T23:22:53.164Z next:jsconfig-paths-plugin skipping request as it is inside node_modules next/dist/compiled/react-server-dom-webpack/client
2026-04-06T23:22:53.164Z next:jsconfig-paths-plugin skipping request as it is inside node_modules C:\Users\Ahmed Amin Bejoui\Desktop\ai-code-review-platform\apps\dashboard\node_modules\next/dist/compiled/react/jsx-runtime
2026-04-06T23:22:53.164Z next:jsconfig-paths-plugin skipping request as it is inside node_modules C:\Users\Ahmed Amin Bejoui\Desktop\ai-code-review-platform\apps\dashboard\node_modules\next/dist/compiled/react
2026-04-06T23:22:53.165Z next:jsconfig-paths-plugin skipping request as it is inside node_modules C:\Users\Ahmed Amin Bejoui\Desktop\ai-code-review-platform\apps\dashboard\node_modules\next/dist/compiled/react-server-dom-webpack/client
2026-04-06T23:22:53.499Z next:jsconfig-paths-plugin skipping request as it is inside node_modules C:\Users\Ahmed Amin Bejoui\Desktop\ai-code-review-platform\apps\dashboard\node_modules\next\dist\build\polyfills\process.js
2026-04-06T23:22:53.500Z next:jsconfig-paths-plugin skipping request as it is inside node_modules C:\Users\Ahmed Amin Bejoui\Desktop\ai-code-review-platform\apps\dashboard\node_modules\next\dist\build\polyfills\process.js
2026-04-06T23:22:53.880Z next:jsconfig-paths-plugin skipping request as it is inside node_modules ../shared/lib/router/utils/get-asset-path-from-route
2026-04-06T23:22:53.881Z next:jsconfig-paths-plugin skipping request as it is inside node_modules ./trusted-types
2026-04-06T23:22:53.881Z next:jsconfig-paths-plugin skipping request as it is inside node_modules ./bailout-to-csr
2026-04-06T23:22:53.881Z next:jsconfig-paths-plugin skipping request as it is inside node_modules ../../../client/components/request-async-storage.external
2026-04-06T23:22:54.179Z next:jsconfig-paths-plugin skipping request as it is inside node_modules ../../i18n/normalize-locale-path
2026-04-06T23:22:54.179Z next:jsconfig-paths-plugin skipping request as it is inside node_modules ./remove-path-prefix
2026-04-06T23:22:54.179Z next:jsconfig-paths-plugin skipping request as it is inside node_modules ./path-has-prefix
2026-04-06T23:22:54.346Z next:jsconfig-paths-plugin skipping request as it is inside node_modules ../router/utils
2026-04-06T23:22:54.347Z next:jsconfig-paths-plugin skipping request as it is inside node_modules ./normalize-path-sep
2026-04-06T23:22:54.347Z next:jsconfig-paths-plugin skipping request as it is inside node_modules ./add-path-prefix
2026-04-06T23:22:54.347Z next:jsconfig-paths-plugin skipping request as it is inside node_modules ./add-path-suffix
2026-04-06T23:22:54.347Z next:jsconfig-paths-plugin skipping request as it is inside node_modules ./add-locale
2026-04-06T23:23:12.626Z next:build:webpack-build client compiler finished 66636ms
 ✓ Compiled successfully
   Skipping validation of types
   Skipping linting
Next.js build worker exited with code: 3221225794 and signal: null
Build failed: Command failed: npx next build --debug
[Mobile Build] Restoring replaced files...
[Mobile Build]   Restored: app\layout.tsx
[Mobile Build]   Restored: app\page.tsx
[Mobile Build]   Restored: app\dashboard\layout.tsx
[Mobile Build]   Restored: app\dashboard\admin\layout.tsx
[Mobile Build]   Restored: app\dashboard\page.tsx
[Mobile Build]   Restored: app\auth\page.tsx
[Mobile Build]   Restored: lib\auth.ts
[Mobile Build]   Restored: lib\backend-admin.ts
[Mobile Build]   Restored: lib\github.ts
[Mobile Build]   Restored: lib\clerk-runtime.ts
[Mobile Build] Restoring Next.js config...
[Mobile Build] Restoring middleware...
[Mobile Build] Restoring API routes...
[Mobile Build] Restoring dynamic route pages...
[Mobile Build] Cleaning up backup directory...
[Mobile Build] 
[Mobile Build] Mobile build failed!
